Verify	Set up job	﻿2026-10-09T14:06:38.5167449Z Current runner version: '2.337.0'
Verify	Set up job	2026-10-09T14:06:38.5189456Z ##[group]Runner Image Provisioner
Verify	Set up job	2026-10-09T14:06:38.5190190Z Hosted Compute Agent
Verify	Set up job	2026-10-09T14:06:38.5190653Z Version: 20261002.596
Verify	Set up job	2026-10-09T14:06:38.5191123Z Commit: c3d12f3313a95f25162a1503be624f3b0617f8c0
Verify	Set up job	2026-10-09T14:06:38.5191600Z Build Date: 2026-10-02T22:28:27Z
Verify	Set up job	2026-10-09T14:06:38.5192051Z Worker ID: {cb0b1c5c-9cd4-4d82-98ac-484d898ce8a2}
Verify	Set up job	2026-10-09T14:06:38.5192500Z Region: westus3
Verify	Set up job	2026-10-09T14:06:38.5192910Z Cloud: Azure
Verify	Set up job	2026-10-09T14:06:38.5193313Z ##[endgroup]
Verify	Set up job	2026-10-09T14:06:38.5194269Z ##[group]Operating System
Verify	Set up job	2026-10-09T14:06:38.5194714Z Ubuntu
Verify	Set up job	2026-10-09T14:06:38.5195051Z 24.04.5
Verify	Set up job	2026-10-09T14:06:38.5195408Z LTS
Verify	Set up job	2026-10-09T14:06:38.5196025Z ##[endgroup]
Verify	Set up job	2026-10-09T14:06:38.5196363Z ##[group]Runner Image
Verify	Set up job	2026-10-09T14:06:38.5196824Z Image: ubuntu-24.04
Verify	Set up job	2026-10-09T14:06:38.5197182Z Version: 20261004.327.1
Verify	Set up job	2026-10-09T14:06:38.5197876Z Included Software: https://github.com/actions/runner-images/blob/ubuntu24/20261004.327/images/ubuntu/Ubuntu2404-Readme.md
Verify	Set up job	2026-10-09T14:06:38.5199120Z Image Release: https://github.com/actions/runner-images/releases/tag/ubuntu24%2F20261004.327
Verify	Set up job	2026-10-09T14:06:38.5200091Z ##[endgroup]
Verify	Set up job	2026-10-09T14:06:38.5200777Z ##[group]GITHUB_TOKEN Permissions
Verify	Set up job	2026-10-09T14:06:38.5202418Z Contents: read
Verify	Set up job	2026-10-09T14:06:38.5202784Z Metadata: read
Verify	Set up job	2026-10-09T14:06:38.5203170Z ##[endgroup]
Verify	Set up job	2026-10-09T14:06:38.5204786Z Secret source: Actions
Verify	Set up job	2026-10-09T14:06:38.5205440Z Cache mode: write
Verify	Set up job	2026-10-09T14:06:38.5206394Z Prepare workflow directory
Verify	Set up job	2026-10-09T14:06:38.5445356Z Prepare all required actions
Verify	Set up job	2026-10-09T14:06:38.5481506Z Getting action download info
Verify	Set up job	2026-10-09T14:06:38.8766622Z Download action repository 'actions/checkout@v4' (SHA:11d5960a326750d5838078e36cf38b85af677262)
Verify	Set up job	2026-10-09T14:06:38.9990445Z Download action repository 'actions/setup-node@v4' (SHA:49933ea5288caeca8642d1e84afbd3f7d6820020)
Verify	Set up job	2026-10-09T14:06:39.1782023Z Complete job name: Verify
Verify	Check out repository	﻿2026-10-09T14:06:39.2351334Z ##[group]Run actions/checkout@v4
Verify	Check out repository	2026-10-09T14:06:39.2351825Z with:
Verify	Check out repository	2026-10-09T14:06:39.2352097Z   repository: koniz-dev/react-native-starter
Verify	Check out repository	2026-10-09T14:06:39.2354413Z   token: ***
Verify	Check out repository	2026-10-09T14:06:39.2354659Z   ssh-strict: true
Verify	Check out repository	2026-10-09T14:06:39.2354931Z   ssh-user: git
Verify	Check out repository	2026-10-09T14:06:39.2355187Z   persist-credentials: true
Verify	Check out repository	2026-10-09T14:06:39.2355471Z   clean: true
Verify	Check out repository	2026-10-09T14:06:39.2355986Z   sparse-checkout-cone-mode: true
Verify	Check out repository	2026-10-09T14:06:39.2356299Z   fetch-depth: 1
Verify	Check out repository	2026-10-09T14:06:39.2356547Z   fetch-tags: false
Verify	Check out repository	2026-10-09T14:06:39.2356816Z   show-progress: true
Verify	Check out repository	2026-10-09T14:06:39.2357086Z   lfs: false
Verify	Check out repository	2026-10-09T14:06:39.2357322Z   submodules: false
Verify	Check out repository	2026-10-09T14:06:39.2357594Z   set-safe-directory: true
Verify	Check out repository	2026-10-09T14:06:39.2357902Z   allow-unsafe-pr-checkout: false
Verify	Check out repository	2026-10-09T14:06:39.2358324Z ##[endgroup]
Verify	Check out repository	2026-10-09T14:06:39.3118858Z Syncing repository: koniz-dev/react-native-starter
Verify	Check out repository	2026-10-09T14:06:39.3120884Z ##[group]Getting Git version info
Verify	Check out repository	2026-10-09T14:06:39.3121699Z Working directory is '/home/runner/work/react-native-starter/react-native-starter'
Verify	Check out repository	2026-10-09T14:06:39.3122911Z [command]/usr/bin/git version
Verify	Check out repository	2026-10-09T14:06:39.3204126Z git version 2.55.0
Verify	Check out repository	2026-10-09T14:06:39.3222263Z ##[endgroup]
Verify	Check out repository	2026-10-09T14:06:39.3235829Z Temporarily overriding HOME='/home/runner/work/_temp/bb1c017b-ba98-4d66-8d8c-1ea2a910f9ab' before making global git config changes
Verify	Check out repository	2026-10-09T14:06:39.3236902Z Adding repository directory to the temporary git global config as a safe directory
Verify	Check out repository	2026-10-09T14:06:39.3240943Z [command]/usr/bin/git config --global --add safe.directory /home/runner/work/react-native-starter/react-native-starter
Verify	Check out repository	2026-10-09T14:06:39.3299575Z Deleting the contents of '/home/runner/work/react-native-starter/react-native-starter'
Verify	Check out repository	2026-10-09T14:06:39.3309268Z ##[group]Initializing the repository
Verify	Check out repository	2026-10-09T14:06:39.3310234Z [command]/usr/bin/git init /home/runner/work/react-native-starter/react-native-starter
Verify	Check out repository	2026-10-09T14:06:39.3429639Z hint: Using 'master' as the name for the initial branch. This default branch name
Verify	Check out repository	2026-10-09T14:06:39.3453130Z hint: will change to "main" in Git 3.0. To configure the initial branch name
Verify	Check out repository	2026-10-09T14:06:39.3454874Z hint: to use in all of your new repositories, which will suppress this warning,
Verify	Check out repository	2026-10-09T14:06:39.3455899Z hint: call:
Verify	Check out repository	2026-10-09T14:06:39.3456403Z hint:
Verify	Check out repository	2026-10-09T14:06:39.3457004Z hint: 	git config --global init.defaultBranch <name>
Verify	Check out repository	2026-10-09T14:06:39.3457721Z hint:
Verify	Check out repository	2026-10-09T14:06:39.3458365Z hint: Names commonly chosen instead of 'master' are 'main', 'trunk' and
Verify	Check out repository	2026-10-09T14:06:39.3459395Z hint: 'development'. The just-created branch can be renamed via this command:
Verify	Check out repository	2026-10-09T14:06:39.3460250Z hint:
Verify	Check out repository	2026-10-09T14:06:39.3460743Z hint: 	git branch -m <name>
Verify	Check out repository	2026-10-09T14:06:39.3461287Z hint:
Verify	Check out repository	2026-10-09T14:06:39.3462000Z hint: Disable this message with "git config set advice.defaultBranchName false"
Verify	Check out repository	2026-10-09T14:06:39.3463513Z Initialized empty Git repository in /home/runner/work/react-native-starter/react-native-starter/.git/
Verify	Check out repository	2026-10-09T14:06:39.3466031Z [command]/usr/bin/git remote add origin https://github.com/koniz-dev/react-native-starter
Verify	Check out repository	2026-10-09T14:06:39.3510512Z ##[endgroup]
Verify	Check out repository	2026-10-09T14:06:39.3511097Z ##[group]Disabling automatic garbage collection
Verify	Check out repository	2026-10-09T14:06:39.3511564Z [command]/usr/bin/git config --local gc.auto 0
Verify	Check out repository	2026-10-09T14:06:39.3553162Z ##[endgroup]
Verify	Check out repository	2026-10-09T14:06:39.3554020Z ##[group]Setting up auth
Verify	Check out repository	2026-10-09T14:06:39.3559516Z [command]/usr/bin/git config --local --name-only --get-regexp core\.sshCommand
Verify	Check out repository	2026-10-09T14:06:39.3609630Z [command]/usr/bin/git submodule foreach --recursive sh -c "git config --local --name-only --get-regexp 'core\.sshCommand' && git config --local --unset-all 'core.sshCommand' || :"
Verify	Check out repository	2026-10-09T14:06:39.3941016Z [command]/usr/bin/git config --local --name-only --get-regexp http\.https\:\/\/github\.com\/\.extraheader
Verify	Check out repository	2026-10-09T14:06:39.3974268Z [command]/usr/bin/git submodule foreach --recursive sh -c "git config --local --name-only --get-regexp 'http\.https\:\/\/github\.com\/\.extraheader' && git config --local --unset-all 'http.https://github.com/.extraheader' || :"
Verify	Check out repository	2026-10-09T14:06:39.4166867Z [command]/usr/bin/git config --local --name-only --get-regexp ^includeIf\.gitdir:
Verify	Check out repository	2026-10-09T14:06:39.4202279Z [command]/usr/bin/git submodule foreach --recursive git config --local --show-origin --name-only --get-regexp remote.origin.url
Verify	Check out repository	2026-10-09T14:06:39.4396069Z [command]/usr/bin/git config --local http.https://github.com/.extraheader AUTHORIZATION: basic ***
Verify	Check out repository	2026-10-09T14:06:39.4434172Z ##[endgroup]
Verify	Check out repository	2026-10-09T14:06:39.4435003Z ##[group]Fetching the repository
Verify	Check out repository	2026-10-09T14:06:39.4442527Z [command]/usr/bin/git -c protocol.version=2 fetch --no-tags --prune --no-recurse-submodules --depth=1 origin +3fc6bb0b30ed94b4845854c8da7729ddc2cd81ce:refs/remotes/origin/main
Verify	Check out repository	2026-10-09T14:06:41.4862419Z From https://github.com/koniz-dev/react-native-starter
Verify	Check out repository	2026-10-09T14:06:41.4864135Z  * [new ref]         3fc6bb0b30ed94b4845854c8da7729ddc2cd81ce -> origin/main
Verify	Check out repository	2026-10-09T14:06:41.4867275Z ##[endgroup]
Verify	Check out repository	2026-10-09T14:06:41.4868644Z ##[group]Determining the checkout info
Verify	Check out repository	2026-10-09T14:06:41.4870166Z ##[endgroup]
Verify	Check out repository	2026-10-09T14:06:41.4873309Z [command]/usr/bin/git sparse-checkout disable
Verify	Check out repository	2026-10-09T14:06:41.4920814Z [command]/usr/bin/git config --local --unset-all extensions.worktreeConfig
Verify	Check out repository	2026-10-09T14:06:41.4949185Z ##[group]Checking out the ref
Verify	Check out repository	2026-10-09T14:06:41.4951883Z [command]/usr/bin/git checkout --progress --force -B main refs/remotes/origin/main
Verify	Check out repository	2026-10-09T14:06:41.5597055Z Switched to a new branch 'main'
Verify	Check out repository	2026-10-09T14:06:41.5600775Z branch 'main' set up to track 'origin/main'.
Verify	Check out repository	2026-10-09T14:06:41.5611096Z ##[endgroup]
Verify	Check out repository	2026-10-09T14:06:41.5654944Z [command]/usr/bin/git log -1 --format=%H
Verify	Check out repository	2026-10-09T14:06:41.5678557Z 3fc6bb0b30ed94b4845854c8da7729ddc2cd81ce
Verify	Set up Node.js	﻿2026-10-09T14:06:41.5953916Z ##[group]Run actions/setup-node@v4
Verify	Set up Node.js	2026-10-09T14:06:41.5954768Z with:
Verify	Set up Node.js	2026-10-09T14:06:41.5955344Z   node-version-file: .nvmrc
Verify	Set up Node.js	2026-10-09T14:06:41.5956195Z   cache: npm
Verify	Set up Node.js	2026-10-09T14:06:41.5956758Z   always-auth: false
Verify	Set up Node.js	2026-10-09T14:06:41.5957385Z   check-latest: false
Verify	Set up Node.js	2026-10-09T14:06:41.5963946Z   token: ***
Verify	Set up Node.js	2026-10-09T14:06:41.5964496Z ##[endgroup]
Verify	Set up Node.js	2026-10-09T14:06:41.6871461Z Resolved .nvmrc as 24
Verify	Set up Node.js	2026-10-09T14:06:41.6911846Z Found in cache @ /opt/hostedtoolcache/node/24.21.0/x64
Verify	Set up Node.js	2026-10-09T14:06:41.6916574Z (node:2081) [DEP0040] DeprecationWarning: The `punycode` module is deprecated. Please use a userland alternative instead.
Verify	Set up Node.js	2026-10-09T14:06:41.6919383Z (Use `node --trace-deprecation ...` to show where the warning was created)
Verify	Set up Node.js	2026-10-09T14:06:41.6921316Z ##[group]Environment details
Verify	Set up Node.js	2026-10-09T14:06:42.0040600Z node: v24.21.0
Verify	Set up Node.js	2026-10-09T14:06:42.0041047Z npm: 11.19.0
Verify	Set up Node.js	2026-10-09T14:06:42.0041241Z yarn: 1.22.22
Verify	Set up Node.js	2026-10-09T14:06:42.0041839Z ##[endgroup]
Verify	Set up Node.js	2026-10-09T14:06:42.0134269Z [command]/opt/hostedtoolcache/node/24.21.0/x64/bin/npm config get cache
Verify	Set up Node.js	2026-10-09T14:06:42.0898807Z /home/runner/.npm
Verify	Set up Node.js	2026-10-09T14:06:42.3172282Z Cache hit for: node-cache-Linux-x64-npm-e6b0593b0a43cf8d31ef0fa786ee68f548fd603ddadd923e67e61af5b746dc74
Verify	Set up Node.js	2026-10-09T14:06:42.3244252Z (node:2081) [DEP0169] DeprecationWarning: `url.parse()` behavior is not standardized and prone to errors that have security implications. Use the WHATWG URL API instead. CVEs are not issued for `url.parse()` vulnerabilities.
Verify	Set up Node.js	2026-10-09T14:06:43.5474272Z Received 41943040 of 151726637 (27.6%), 40.0 MBs/sec
Verify	Set up Node.js	2026-10-09T14:06:44.4932698Z Received 151726637 of 151726637 (100.0%), 74.4 MBs/sec
Verify	Set up Node.js	2026-10-09T14:06:44.4956834Z Cache Size: ~145 MB (151726637 B)
Verify	Set up Node.js	2026-10-09T14:06:44.4958542Z [command]/usr/bin/tar -xf /home/runner/work/_temp/54797133-8984-4ed7-9c6d-d51283fba567/cache.tzst -P -C /home/runner/work/react-native-starter/react-native-starter --use-compress-program unzstd
Verify	Set up Node.js	2026-10-09T14:06:44.8123817Z Cache restored successfully
Verify	Set up Node.js	2026-10-09T14:06:44.8195540Z Cache restored from key: node-cache-Linux-x64-npm-e6b0593b0a43cf8d31ef0fa786ee68f548fd603ddadd923e67e61af5b746dc74
Verify	Install dependencies	﻿2026-10-09T14:06:44.8368995Z ##[group]Run npm ci
Verify	Install dependencies	2026-10-09T14:06:44.8369240Z ^[[36;1mnpm ci^[[0m
Verify	Install dependencies	2026-10-09T14:06:44.8612828Z shell: /usr/bin/bash -e {0}
Verify	Install dependencies	2026-10-09T14:06:44.8613129Z ##[endgroup]
Verify	Install dependencies	2026-10-09T14:06:47.9159735Z npm warn deprecated inflight@1.0.6: This module is not supported, and leaks memory. Do not use it. Check out lru-cache if you want a good and tested way to coalesce async requests by a key value, which is much more comprehensive and powerful.
Verify	Install dependencies	2026-10-09T14:06:48.0430916Z npm warn deprecated abab@2.0.6: Use your platform's native atob() and btoa() methods instead
Verify	Install dependencies	2026-10-09T14:06:48.0590033Z npm warn deprecated glob@7.2.3: Glob versions prior to v9 are no longer supported
Verify	Install dependencies	2026-10-09T14:06:48.0593326Z npm warn deprecated glob@7.2.3: Glob versions prior to v9 are no longer supported
Verify	Install dependencies	2026-10-09T14:06:48.0597257Z npm warn deprecated glob@7.2.3: Glob versions prior to v9 are no longer supported
Verify	Install dependencies	2026-10-09T14:06:48.0603272Z npm warn deprecated glob@7.2.3: Glob versions prior to v9 are no longer supported
Verify	Install dependencies	2026-10-09T14:06:48.2597746Z npm warn deprecated domexception@4.0.0: Use your platform's native DOMException instead
Verify	Install dependencies	2026-10-09T14:06:49.0854404Z npm warn deprecated uuid@7.0.3: uuid@10 and below is no longer supported.  For ESM codebases, update to uuid@latest.  For CommonJS codebases, use uuid@11 (but be aware this version will likely be deprecated in 2028).
Verify	Install dependencies	2026-10-09T14:06:55.7061350Z 
Verify	Install dependencies	2026-10-09T14:06:55.7062515Z added 1066 packages, and audited 1067 packages in 11s
Verify	Install dependencies	2026-10-09T14:06:55.7063217Z 
Verify	Install dependencies	2026-10-09T14:06:55.7063527Z 180 packages are looking for funding
Verify	Install dependencies	2026-10-09T14:06:55.7063965Z   run `npm fund` for details
Verify	Install dependencies	2026-10-09T14:06:55.8227654Z 
Verify	Install dependencies	2026-10-09T14:06:55.8228626Z 70 vulnerabilities (1 low, 15 moderate, 54 high)
Verify	Install dependencies	2026-10-09T14:06:55.8228938Z 
Verify	Install dependencies	2026-10-09T14:06:55.8229171Z To address issues that do not require attention, run:
Verify	Install dependencies	2026-10-09T14:06:55.8229581Z   npm audit fix
Verify	Install dependencies	2026-10-09T14:06:55.8229729Z 
Verify	Install dependencies	2026-10-09T14:06:55.8229938Z To address all issues (including breaking changes), run:
Verify	Install dependencies	2026-10-09T14:06:55.8230277Z   npm audit fix --force
Verify	Install dependencies	2026-10-09T14:06:55.8230465Z 
Verify	Install dependencies	2026-10-09T14:06:55.8230584Z Run `npm audit` for details.
Verify	Lint	﻿2026-10-09T14:06:55.9209412Z ##[group]Run npm run lint
Verify	Lint	2026-10-09T14:06:55.9209669Z ^[[36;1mnpm run lint^[[0m
Verify	Lint	2026-10-09T14:06:55.9268669Z shell: /usr/bin/bash -e {0}
Verify	Lint	2026-10-09T14:06:55.9268873Z ##[endgroup]
Verify	Lint	2026-10-09T14:06:56.0152111Z 
Verify	Lint	2026-10-09T14:06:56.0152943Z > react-native-starter@1.0.0 lint
Verify	Lint	2026-10-09T14:06:56.0153404Z > eslint . --max-warnings 0
Verify	Lint	2026-10-09T14:06:56.0153578Z 
Verify	Check formatting	﻿2026-10-09T14:07:01.2692785Z ##[group]Run npm run format:check
Verify	Check formatting	2026-10-09T14:07:01.2693010Z ^[[36;1mnpm run format:check^[[0m
Verify	Check formatting	2026-10-09T14:07:01.2749619Z shell: /usr/bin/bash -e {0}
Verify	Check formatting	2026-10-09T14:07:01.2749809Z ##[endgroup]
Verify	Check formatting	2026-10-09T14:07:01.3523548Z 
Verify	Check formatting	2026-10-09T14:07:01.3524326Z > react-native-starter@1.0.0 format:check
Verify	Check formatting	2026-10-09T14:07:01.3524677Z > prettier --check "**/*.{ts,tsx,js,jsx,json,md}"
Verify	Check formatting	2026-10-09T14:07:01.3524815Z 
Verify	Check formatting	2026-10-09T14:07:01.4166762Z Checking formatting...
Verify	Check formatting	2026-10-09T14:07:02.9994668Z All matched files use Prettier code style!
Verify	Type-check	﻿2026-10-09T14:07:03.0411256Z ##[group]Run npm run type-check
Verify	Type-check	2026-10-09T14:07:03.0411491Z ^[[36;1mnpm run type-check^[[0m
Verify	Type-check	2026-10-09T14:07:03.0467900Z shell: /usr/bin/bash -e {0}
Verify	Type-check	2026-10-09T14:07:03.0468079Z ##[endgroup]
Verify	Type-check	2026-10-09T14:07:03.1195806Z 
Verify	Type-check	2026-10-09T14:07:03.1196287Z > react-native-starter@1.0.0 type-check
Verify	Type-check	2026-10-09T14:07:03.1196601Z > tsc --noEmit
Verify	Type-check	2026-10-09T14:07:03.1196681Z 
Verify	Run Jest tests	﻿2026-10-09T14:07:05.1472685Z ##[group]Run npm run test:ci
Verify	Run Jest tests	2026-10-09T14:07:05.1472911Z ^[[36;1mnpm run test:ci^[[0m
Verify	Run Jest tests	2026-10-09T14:07:05.1527804Z shell: /usr/bin/bash -e {0}
Verify	Run Jest tests	2026-10-09T14:07:05.1527994Z ##[endgroup]
Verify	Run Jest tests	2026-10-09T14:07:05.2696192Z 
Verify	Run Jest tests	2026-10-09T14:07:05.2697056Z > react-native-starter@1.0.0 test:ci
Verify	Run Jest tests	2026-10-09T14:07:05.2697603Z > jest --coverage
Verify	Run Jest tests	2026-10-09T14:07:05.2697741Z 
Verify	Run Jest tests	2026-10-09T14:07:08.7557961Z PASS __tests__/shared/lib/logger.test.ts
Verify	Run Jest tests	2026-10-09T14:07:09.0605370Z PASS __tests__/shared/session/authService.test.ts
Verify	Run Jest tests	2026-10-09T14:07:09.2247229Z PASS __tests__/shared/config/env.test.ts
Verify	Run Jest tests	2026-10-09T14:07:09.4887385Z PASS __tests__/shared/http/api.test.ts
Verify	Run Jest tests	2026-10-09T14:07:09.5084525Z   ● Console
Verify	Run Jest tests	2026-10-09T14:07:09.5147538Z 
Verify	Run Jest tests	2026-10-09T14:07:09.5177048Z     console.warn
Verify	Run Jest tests	2026-10-09T14:07:09.5206982Z       API request failed: server (503)
Verify	Run Jest tests	2026-10-09T14:07:09.5270943Z 
Verify	Run Jest tests	2026-10-09T14:07:09.5287648Z     ^[[0m ^[[90m 129 |^[[39m     ^[[36mconst^[[39m args ^[[33m=^[[39m [message^[[33m,^[[39m ^[[33m...^[[39mdetails^[[33m.^[[39mfilter(item ^[[33m=>^[[39m item ^[[33m!==^[[39m undefined)]^[[33m;^[[39m
Verify	Run Jest tests	2026-10-09T14:07:09.5358400Z      ^[[90m 130 |^[[39m     ^[[36mif^[[39m (level ^[[33m===^[[39m ^[[32m'error'^[[39m) console^[[33m.^[[39merror(^[[33m...^[[39margs)^[[33m;^[[39m
Verify	Run Jest tests	2026-10-09T14:07:09.5417881Z     ^[[31m^[[1m>^[[22m^[[39m^[[90m 131 |^[[39m     ^[[36melse^[[39m ^[[36mif^[[39m (level ^[[33m===^[[39m ^[[32m'warn'^[[39m) console^[[33m.^[[39mwarn(^[[33m...^[[39margs)^[[33m;^[[39m
Verify	Run Jest tests	2026-10-09T14:07:09.5460180Z      ^[[90m     |^[[39m                                        ^[[31m^[[1m^^[[22m^[[39m
Verify	Run Jest tests	2026-10-09T14:07:09.5472749Z      ^[[90m 132 |^[[39m     ^[[36melse^[[39m ^[[36mif^[[39m (level ^[[33m===^[[39m ^[[32m'info'^[[39m) console^[[33m.^[[39minfo(^[[33m...^[[39margs)^[[33m;^[[39m
Verify	Run Jest tests	2026-10-09T14:07:09.5527654Z      ^[[90m 133 |^[[39m     ^[[36melse^[[39m console^[[33m.^[[39mdebug(^[[33m...^[[39margs)^[[33m;^[[39m
Verify	Run Jest tests	2026-10-09T14:07:09.5537040Z      ^[[90m 134 |^[[39m   }^[[33m;^[[39m^[[0m
Verify	Run Jest tests	2026-10-09T14:07:09.5537698Z 
Verify	Run Jest tests	2026-10-09T14:07:09.5538067Z       at warn (shared/lib/logger.ts:131:40)
Verify	Run Jest tests	2026-10-09T14:07:09.5538609Z       at Object.write [as warn] (shared/lib/logger.ts:142:33)
Verify	Run Jest tests	2026-10-09T14:07:09.5539204Z       at warn (shared/http/httpClient.ts:139:12)
Verify	Run Jest tests	2026-10-09T14:07:09.5539882Z       at asyncGeneratorStep (node_modules/@babel/runtime/helpers/asyncToGenerator.js:3:17)
Verify	Run Jest tests	2026-10-09T14:07:09.5540601Z       at _next (node_modules/@babel/runtime/helpers/asyncToGenerator.js:17:9)
Verify	Run Jest tests	2026-10-09T14:07:09.5541180Z       at node_modules/@babel/runtime/helpers/asyncToGenerator.js:22:7
Verify	Run Jest tests	2026-10-09T14:07:09.5541729Z       at node_modules/@babel/runtime/helpers/asyncToGenerator.js:14:12
Verify	Run Jest tests	2026-10-09T14:07:09.5542259Z       at apply (shared/http/httpClient.ts:145:4)
Verify	Run Jest tests	2026-10-09T14:07:09.5542810Z       at Axios.request (node_modules/axios/dist/browser/axios.cjs:5245:14)
Verify	Run Jest tests	2026-10-09T14:07:09.5543561Z 
Verify	Run Jest tests	2026-10-09T14:07:17.3140068Z PASS __tests__/shared/http/httpClient.test.ts (11.002 s)
Verify	Run Jest tests	2026-10-09T14:07:19.3288404Z PASS __tests__/shared/ui/ErrorBoundary.test.tsx (13.033 s)
Verify	Run Jest tests	2026-10-09T14:07:19.3497183Z   ● Console
Verify	Run Jest tests	2026-10-09T14:07:19.3506313Z 
Verify	Run Jest tests	2026-10-09T14:07:19.3506927Z     console.debug
Verify	Run Jest tests	2026-10-09T14:07:19.3517623Z       [analytics] screen /boom
Verify	Run Jest tests	2026-10-09T14:07:19.3518032Z 
Verify	Run Jest tests	2026-10-09T14:07:19.3518325Z       at debug (shared/lib/logger.ts:133:18)
Verify	Run Jest tests	2026-10-09T14:07:19.3518642Z 
Verify	Run Jest tests	2026-10-09T14:07:19.3519022Z     console.debug
Verify	Run Jest tests	2026-10-09T14:07:19.3519369Z       [analytics] screen /
Verify	Run Jest tests	2026-10-09T14:07:19.3519628Z 
Verify	Run Jest tests	2026-10-09T14:07:19.3519879Z       at debug (shared/lib/logger.ts:133:18)
Verify	Run Jest tests	2026-10-09T14:07:19.3520193Z 
Verify	Run Jest tests	2026-10-09T14:07:19.3520398Z     console.debug
Verify	Run Jest tests	2026-10-09T14:07:19.3520722Z       [analytics] screen /
Verify	Run Jest tests	2026-10-09T14:07:19.3520969Z 
Verify	Run Jest tests	2026-10-09T14:07:19.3521208Z       at debug (shared/lib/logger.ts:133:18)
Verify	Run Jest tests	2026-10-09T14:07:19.3521514Z 
Verify	Run Jest tests	2026-10-09T14:07:19.3521712Z     console.debug
Verify	Run Jest tests	2026-10-09T14:07:19.3522056Z       [analytics] screen /boom
Verify	Run Jest tests	2026-10-09T14:07:19.3522337Z 
Verify	Run Jest tests	2026-10-09T14:07:19.3522567Z       at debug (shared/lib/logger.ts:133:18)
Verify	Run Jest tests	2026-10-09T14:07:19.3522846Z 
Verify	Run Jest tests	2026-10-09T14:07:19.3523121Z     console.debug
Verify	Run Jest tests	2026-10-09T14:07:19.3523432Z       [analytics] screen /
Verify	Run Jest tests	2026-10-09T14:07:19.3524305Z 
Verify	Run Jest tests	2026-10-09T14:07:19.3524554Z       at debug (shared/lib/logger.ts:133:18)
Verify	Run Jest tests	2026-10-09T14:07:19.3558237Z 
Verify	Run Jest tests	2026-10-09T14:07:19.3564213Z     console.debug
Verify	Run Jest tests	2026-10-09T14:07:19.3564490Z       [analytics] screen /
Verify	Run Jest tests	2026-10-09T14:07:19.3564628Z 
Verify	Run Jest tests	2026-10-09T14:07:19.3564768Z       at debug (shared/lib/logger.ts:133:18)
Verify	Run Jest tests	2026-10-09T14:07:19.3564949Z 
Verify	Run Jest tests	2026-10-09T14:07:19.3565028Z     console.debug
Verify	Run Jest tests	2026-10-09T14:07:19.3565250Z       [analytics] screen /boom
Verify	Run Jest tests	2026-10-09T14:07:19.3565387Z 
Verify	Run Jest tests	2026-10-09T14:07:19.3565512Z       at debug (shared/lib/logger.ts:133:18)
Verify	Run Jest tests	2026-10-09T14:07:19.3565827Z 
Verify	Run Jest tests	2026-10-09T14:07:19.3565908Z     console.debug
Verify	Run Jest tests	2026-10-09T14:07:19.3566133Z       [analytics] screen /
Verify	Run Jest tests	2026-10-09T14:07:19.3566264Z 
Verify	Run Jest tests	2026-10-09T14:07:19.3566387Z       at debug (shared/lib/logger.ts:133:18)
Verify	Run Jest tests	2026-10-09T14:07:19.3566566Z 
Verify	Run Jest tests	2026-10-09T14:07:19.3566643Z     console.debug
Verify	Run Jest tests	2026-10-09T14:07:19.3566859Z       [analytics] screen /boom
Verify	Run Jest tests	2026-10-09T14:07:19.3567001Z 
Verify	Run Jest tests	2026-10-09T14:07:19.3567139Z       at debug (shared/lib/logger.ts:133:18)
Verify	Run Jest tests	2026-10-09T14:07:19.3567313Z 
Verify	Run Jest tests	2026-10-09T14:07:19.3567397Z     console.debug
Verify	Run Jest tests	2026-10-09T14:07:19.3567597Z       [analytics] screen /
Verify	Run Jest tests	2026-10-09T14:07:19.3567728Z 
Verify	Run Jest tests	2026-10-09T14:07:19.3567851Z       at debug (shared/lib/logger.ts:133:18)
Verify	Run Jest tests	2026-10-09T14:07:19.3568025Z 
Verify	Run Jest tests	2026-10-09T14:07:19.3568105Z     console.debug
Verify	Run Jest tests	2026-10-09T14:07:19.3568325Z       [analytics] screen /boom
Verify	Run Jest tests	2026-10-09T14:07:19.3568464Z 
Verify	Run Jest tests	2026-10-09T14:07:19.3568589Z       at debug (shared/lib/logger.ts:133:18)
Verify	Run Jest tests	2026-10-09T14:07:19.3568757Z 
Verify	Run Jest tests	2026-10-09T14:07:19.5647229Z PASS __tests__/shared/session/tokenStore.test.tsx (10.015 s)
Verify	Run Jest tests	2026-10-09T14:07:19.5726524Z   ● Console
Verify	Run Jest tests	2026-10-09T14:07:19.5735911Z 
Verify	Run Jest tests	2026-10-09T14:07:19.5762980Z     console.debug
Verify	Run Jest tests	2026-10-09T14:07:19.5763558Z       [analytics] screen /login
Verify	Run Jest tests	2026-10-09T14:07:19.5763829Z 
Verify	Run Jest tests	2026-10-09T14:07:19.5764041Z       at debug (shared/lib/logger.ts:133:18)
Verify	Run Jest tests	2026-10-09T14:07:19.5764352Z 
Verify	Run Jest tests	2026-10-09T14:07:19.5764517Z     console.debug
Verify	Run Jest tests	2026-10-09T14:07:19.5764852Z       [analytics] screen /
Verify	Run Jest tests	2026-10-09T14:07:19.5765070Z 
Verify	Run Jest tests	2026-10-09T14:07:19.5765279Z       at debug (shared/lib/logger.ts:133:18)
Verify	Run Jest tests	2026-10-09T14:07:19.5765536Z 
Verify	Run Jest tests	2026-10-09T14:07:19.5765861Z     console.debug
Verify	Run Jest tests	2026-10-09T14:07:19.5766164Z       [analytics] screen /login
Verify	Run Jest tests	2026-10-09T14:07:19.5766416Z 
Verify	Run Jest tests	2026-10-09T14:07:19.5766629Z       at debug (shared/lib/logger.ts:133:18)
Verify	Run Jest tests	2026-10-09T14:07:19.5766874Z 
Verify	Run Jest tests	2026-10-09T14:07:19.5767025Z     console.debug
Verify	Run Jest tests	2026-10-09T14:07:19.5767297Z       [analytics] screen /
Verify	Run Jest tests	2026-10-09T14:07:19.5767512Z 
Verify	Run Jest tests	2026-10-09T14:07:19.5767709Z       at debug (shared/lib/logger.ts:133:18)
Verify	Run Jest tests	2026-10-09T14:07:19.5767959Z 
Verify	Run Jest tests	2026-10-09T14:07:19.5768637Z     console.debug
Verify	Run Jest tests	2026-10-09T14:07:19.5768916Z       [analytics] screen /
Verify	Run Jest tests	2026-10-09T14:07:19.5769124Z 
Verify	Run Jest tests	2026-10-09T14:07:19.5769327Z       at debug (shared/lib/logger.ts:133:18)
Verify	Run Jest tests	2026-10-09T14:07:19.5769587Z 
Verify	Run Jest tests	2026-10-09T14:07:19.9153855Z PASS __tests__/features/auth/LoginScreen.test.tsx
Verify	Run Jest tests	2026-10-09T14:07:19.9271579Z   ● Console
Verify	Run Jest tests	2026-10-09T14:07:19.9298170Z 
Verify	Run Jest tests	2026-10-09T14:07:19.9326722Z     console.error
Verify	Run Jest tests	2026-10-09T14:07:19.9327303Z       An update to SessionProvider inside a test was not wrapped in act(...).
Verify	Run Jest tests	2026-10-09T14:07:19.9327589Z       
Verify	Run Jest tests	2026-10-09T14:07:19.9327834Z       When testing, code that causes React state updates should be wrapped into act(...):
Verify	Run Jest tests	2026-10-09T14:07:19.9328077Z       
Verify	Run Jest tests	2026-10-09T14:07:19.9328197Z       act(() => {
Verify	Run Jest tests	2026-10-09T14:07:19.9328357Z         /* fire events that update state */
Verify	Run Jest tests	2026-10-09T14:07:19.9328521Z       });
Verify	Run Jest tests	2026-10-09T14:07:19.9328658Z       /* assert on the output */
Verify	Run Jest tests	2026-10-09T14:07:19.9328804Z       
Verify	Run Jest tests	2026-10-09T14:07:19.9329157Z       This ensures that you're testing the behavior the user would see in the browser. Learn more at https://react.dev/link/wrap-tests-with-act
Verify	Run Jest tests	2026-10-09T14:07:19.9329490Z 
Verify	Run Jest tests	2026-10-09T14:07:19.9329906Z     ^[[0m ^[[90m 86 |^[[39m     readStoredSession()^[[33m.^[[39mthen(restored ^[[33m=>^[[39m {
Verify	Run Jest tests	2026-10-09T14:07:19.9330387Z      ^[[90m 87 |^[[39m       ^[[36mif^[[39m (^[[33m!^[[39mchangedRef^[[33m.^[[39mcurrent ^[[33m&&^[[39m isMountedRef^[[33m.^[[39mcurrent) {
Verify	Run Jest tests	2026-10-09T14:07:19.9331338Z     ^[[31m^[[1m>^[[22m^[[39m^[[90m 88 |^[[39m         setSession(restored)^[[33m;^[[39m
Verify	Run Jest tests	2026-10-09T14:07:19.9331596Z      ^[[90m    |^[[39m         ^[[31m^[[1m^^[[22m^[[39m
Verify	Run Jest tests	2026-10-09T14:07:19.9331782Z      ^[[90m 89 |^[[39m       }
Verify	Run Jest tests	2026-10-09T14:07:19.9331961Z      ^[[90m 90 |^[[39m     })^[[33m;^[[39m
Verify	Run Jest tests	2026-10-09T14:07:19.9332268Z      ^[[90m 91 |^[[39m     ^[[90m// The HTTP client has already cleared the stored session.^[[39m^[[0m
Verify	Run Jest tests	2026-10-09T14:07:19.9332453Z 
Verify	Run Jest tests	2026-10-09T14:07:19.9332631Z       at node_modules/react-test-renderer/cjs/react-test-renderer.development.js:14402:19
Verify	Run Jest tests	2026-10-09T14:07:19.9333044Z       at runWithFiberInDEV (node_modules/react-test-renderer/cjs/react-test-renderer.development.js:2315:13)
Verify	Run Jest tests	2026-10-09T14:07:19.9333516Z       at warnIfUpdatesNotWrappedWithActDEV (node_modules/react-test-renderer/cjs/react-test-renderer.development.js:14401:9)
Verify	Run Jest tests	2026-10-09T14:07:19.9333993Z       at scheduleUpdateOnFiber (node_modules/react-test-renderer/cjs/react-test-renderer.development.js:12086:9)
Verify	Run Jest tests	2026-10-09T14:07:19.9334493Z       at dispatchSetStateInternal (node_modules/react-test-renderer/cjs/react-test-renderer.development.js:6208:13)
Verify	Run Jest tests	2026-10-09T14:07:19.9334932Z       at dispatchSetState (node_modules/react-test-renderer/cjs/react-test-renderer.development.js:6165:7)
Verify	Run Jest tests	2026-10-09T14:07:19.9335272Z       at setSession (shared/session/SessionProvider.tsx:88:9)
Verify	Run Jest tests	2026-10-09T14:07:19.9335417Z 
Verify	Run Jest tests	2026-10-09T14:07:19.9335473Z     console.error
Verify	Run Jest tests	2026-10-09T14:07:19.9335789Z       An update to SessionProvider inside a test was not wrapped in act(...).
Verify	Run Jest tests	2026-10-09T14:07:19.9336010Z       
Verify	Run Jest tests	2026-10-09T14:07:19.9336246Z       When testing, code that causes React state updates should be wrapped into act(...):
Verify	Run Jest tests	2026-10-09T14:07:19.9336485Z       
Verify	Run Jest tests	2026-10-09T14:07:19.9336593Z       act(() => {
Verify	Run Jest tests	2026-10-09T14:07:19.9336739Z         /* fire events that update state */
Verify	Run Jest tests	2026-10-09T14:07:19.9336897Z       });
Verify	Run Jest tests	2026-10-09T14:07:19.9337024Z       /* assert on the output */
Verify	Run Jest tests	2026-10-09T14:07:19.9337173Z       
Verify	Run Jest tests	2026-10-09T14:07:19.9337512Z       This ensures that you're testing the behavior the user would see in the browser. Learn more at https://react.dev/link/wrap-tests-with-act
Verify	Run Jest tests	2026-10-09T14:07:19.9337797Z 
Verify	Run Jest tests	2026-10-09T14:07:19.9337978Z     ^[[0m ^[[90m 86 |^[[39m     readStoredSession()^[[33m.^[[39mthen(restored ^[[33m=>^[[39m {
Verify	Run Jest tests	2026-10-09T14:07:19.9338410Z      ^[[90m 87 |^[[39m       ^[[36mif^[[39m (^[[33m!^[[39mchangedRef^[[33m.^[[39mcurrent ^[[33m&&^[[39m isMountedRef^[[33m.^[[39mcurrent) {
Verify	Run Jest tests	2026-10-09T14:07:19.9338785Z     ^[[31m^[[1m>^[[22m^[[39m^[[90m 88 |^[[39m         setSession(restored)^[[33m;^[[39m
Verify	Run Jest tests	2026-10-09T14:07:19.9339039Z      ^[[90m    |^[[39m         ^[[31m^[[1m^^[[22m^[[39m
Verify	Run Jest tests	2026-10-09T14:07:19.9339391Z      ^[[90m 89 |^[[39m       }
Verify	Run Jest tests	2026-10-09T14:07:19.9339569Z      ^[[90m 90 |^[[39m     })^[[33m;^[[39m
Verify	Run Jest tests	2026-10-09T14:07:19.9340038Z      ^[[90m 91 |^[[39m     ^[[90m// The HTTP client has already cleared the stored session.^[[39m^[[0m
Verify	Run Jest tests	2026-10-09T14:07:19.9340782Z 
Verify	Run Jest tests	2026-10-09T14:07:19.9371015Z       at node_modules/react-test-renderer/cjs/react-test-renderer.development.js:14402:19
Verify	Run Jest tests	2026-10-09T14:07:19.9371927Z       at runWithFiberInDEV (node_modules/react-test-renderer/cjs/react-test-renderer.development.js:2315:13)
Verify	Run Jest tests	2026-10-09T14:07:19.9372642Z       at warnIfUpdatesNotWrappedWithActDEV (node_modules/react-test-renderer/cjs/react-test-renderer.development.js:14401:9)
Verify	Run Jest tests	2026-10-09T14:07:19.9373352Z       at scheduleUpdateOnFiber (node_modules/react-test-renderer/cjs/react-test-renderer.development.js:12086:9)
Verify	Run Jest tests	2026-10-09T14:07:19.9374036Z       at dispatchSetStateInternal (node_modules/react-test-renderer/cjs/react-test-renderer.development.js:6208:13)
Verify	Run Jest tests	2026-10-09T14:07:19.9374778Z       at dispatchSetState (node_modules/react-test-renderer/cjs/react-test-renderer.development.js:6165:7)
Verify	Run Jest tests	2026-10-09T14:07:19.9375342Z       at setSession (shared/session/SessionProvider.tsx:88:9)
Verify	Run Jest tests	2026-10-09T14:07:19.9375577Z 
Verify	Run Jest tests	2026-10-09T14:07:20.0737281Z PASS __tests__/shared/integrations/seams.test.ts
Verify	Run Jest tests	2026-10-09T14:07:20.2524300Z PASS __tests__/app/sessionRoutes.test.tsx
Verify	Run Jest tests	2026-10-09T14:07:20.2799724Z   ● Console
Verify	Run Jest tests	2026-10-09T14:07:20.2799956Z 
Verify	Run Jest tests	2026-10-09T14:07:20.2800057Z     console.debug
Verify	Run Jest tests	2026-10-09T14:07:20.2800255Z       [analytics] screen /profile
Verify	Run Jest tests	2026-10-09T14:07:20.2800384Z 
Verify	Run Jest tests	2026-10-09T14:07:20.2800477Z       at debug (shared/lib/logger.ts:133:18)
Verify	Run Jest tests	2026-10-09T14:07:20.2800601Z 
Verify	Run Jest tests	2026-10-09T14:07:20.2800661Z     console.debug
Verify	Run Jest tests	2026-10-09T14:07:20.2800808Z       [analytics] screen /profile
Verify	Run Jest tests	2026-10-09T14:07:20.2800918Z 
Verify	Run Jest tests	2026-10-09T14:07:20.2801005Z       at debug (shared/lib/logger.ts:133:18)
Verify	Run Jest tests	2026-10-09T14:07:20.2801128Z 
Verify	Run Jest tests	2026-10-09T14:07:20.2801190Z     console.debug
Verify	Run Jest tests	2026-10-09T14:07:20.2801373Z       [analytics] screen /
Verify	Run Jest tests	2026-10-09T14:07:20.2801470Z 
Verify	Run Jest tests	2026-10-09T14:07:20.2801559Z       at debug (shared/lib/logger.ts:133:18)
Verify	Run Jest tests	2026-10-09T14:07:20.2801680Z 
Verify	Run Jest tests	2026-10-09T14:07:20.2801739Z     console.debug
Verify	Run Jest tests	2026-10-09T14:07:20.2801889Z       [analytics] screen /login
Verify	Run Jest tests	2026-10-09T14:07:20.2801998Z 
Verify	Run Jest tests	2026-10-09T14:07:20.2802093Z       at debug (shared/lib/logger.ts:133:18)
Verify	Run Jest tests	2026-10-09T14:07:20.2802205Z 
Verify	Run Jest tests	2026-10-09T14:07:20.2802261Z     console.debug
Verify	Run Jest tests	2026-10-09T14:07:20.2802391Z       [analytics] screen /
Verify	Run Jest tests	2026-10-09T14:07:20.2802485Z 
Verify	Run Jest tests	2026-10-09T14:07:20.2802567Z       at debug (shared/lib/logger.ts:133:18)
Verify	Run Jest tests	2026-10-09T14:07:20.2802689Z 
Verify	Run Jest tests	2026-10-09T14:07:20.2802742Z     console.debug
Verify	Run Jest tests	2026-10-09T14:07:20.2802886Z       [analytics] screen /login
Verify	Run Jest tests	2026-10-09T14:07:20.2802989Z 
Verify	Run Jest tests	2026-10-09T14:07:20.2803075Z       at debug (shared/lib/logger.ts:133:18)
Verify	Run Jest tests	2026-10-09T14:07:20.2803187Z 
Verify	Run Jest tests	2026-10-09T14:07:20.2803241Z     console.debug
Verify	Run Jest tests	2026-10-09T14:07:20.2803374Z       [analytics] screen /
Verify	Run Jest tests	2026-10-09T14:07:20.2803486Z 
Verify	Run Jest tests	2026-10-09T14:07:20.2803570Z       at debug (shared/lib/logger.ts:133:18)
Verify	Run Jest tests	2026-10-09T14:07:20.2803683Z 
Verify	Run Jest tests	2026-10-09T14:07:20.2803734Z     console.debug
Verify	Run Jest tests	2026-10-09T14:07:20.2803877Z       [analytics] screen /profile
Verify	Run Jest tests	2026-10-09T14:07:20.2803975Z 
Verify	Run Jest tests	2026-10-09T14:07:20.2804053Z       at debug (shared/lib/logger.ts:133:18)
Verify	Run Jest tests	2026-10-09T14:07:20.2804178Z 
Verify	Run Jest tests	2026-10-09T14:07:20.2804232Z     console.debug
Verify	Run Jest tests	2026-10-09T14:07:20.2804369Z       [analytics] screen /
Verify	Run Jest tests	2026-10-09T14:07:20.2804460Z 
Verify	Run Jest tests	2026-10-09T14:07:20.2804542Z       at debug (shared/lib/logger.ts:133:18)
Verify	Run Jest tests	2026-10-09T14:07:20.2804650Z 
Verify	Run Jest tests	2026-10-09T14:07:20.2804701Z     console.debug
Verify	Run Jest tests	2026-10-09T14:07:20.2804844Z       [analytics] screen /profile
Verify	Run Jest tests	2026-10-09T14:07:20.2804938Z 
Verify	Run Jest tests	2026-10-09T14:07:20.2805013Z       at debug (shared/lib/logger.ts:133:18)
Verify	Run Jest tests	2026-10-09T14:07:20.2805122Z 
Verify	Run Jest tests	2026-10-09T14:07:20.2805174Z     console.debug
Verify	Run Jest tests	2026-10-09T14:07:20.2805299Z       [analytics] screen /
Verify	Run Jest tests	2026-10-09T14:07:20.2805383Z 
Verify	Run Jest tests	2026-10-09T14:07:20.2805460Z       at debug (shared/lib/logger.ts:133:18)
Verify	Run Jest tests	2026-10-09T14:07:20.2806177Z 
Verify	Run Jest tests	2026-10-09T14:07:20.2806232Z     console.debug
Verify	Run Jest tests	2026-10-09T14:07:20.2806365Z       [analytics] screen /profile
Verify	Run Jest tests	2026-10-09T14:07:20.2806460Z 
Verify	Run Jest tests	2026-10-09T14:07:20.2806532Z       at debug (shared/lib/logger.ts:133:18)
Verify	Run Jest tests	2026-10-09T14:07:20.2806642Z 
Verify	Run Jest tests	2026-10-09T14:07:20.2806693Z     console.debug
Verify	Run Jest tests	2026-10-09T14:07:20.2806820Z       [analytics] screen /
Verify	Run Jest tests	2026-10-09T14:07:20.2806904Z 
Verify	Run Jest tests	2026-10-09T14:07:20.2806979Z       at debug (shared/lib/logger.ts:133:18)
Verify	Run Jest tests	2026-10-09T14:07:20.2807085Z 
Verify	Run Jest tests	2026-10-09T14:07:20.2807138Z     console.debug
Verify	Run Jest tests	2026-10-09T14:07:20.2807272Z       [analytics] screen /profile
Verify	Run Jest tests	2026-10-09T14:07:20.2807370Z 
Verify	Run Jest tests	2026-10-09T14:07:20.2807444Z       at debug (shared/lib/logger.ts:133:18)
Verify	Run Jest tests	2026-10-09T14:07:20.2807554Z 
Verify	Run Jest tests	2026-10-09T14:07:20.2807605Z     console.debug
Verify	Run Jest tests	2026-10-09T14:07:20.2807732Z       [analytics] screen /
Verify	Run Jest tests	2026-10-09T14:07:20.2807824Z 
Verify	Run Jest tests	2026-10-09T14:07:20.2807903Z       at debug (shared/lib/logger.ts:133:18)
Verify	Run Jest tests	2026-10-09T14:07:20.2808016Z 
Verify	Run Jest tests	2026-10-09T14:07:20.2808076Z     console.debug
Verify	Run Jest tests	2026-10-09T14:07:20.2808204Z       [analytics] screen /
Verify	Run Jest tests	2026-10-09T14:07:20.2808291Z 
Verify	Run Jest tests	2026-10-09T14:07:20.2808363Z       at debug (shared/lib/logger.ts:133:18)
Verify	Run Jest tests	2026-10-09T14:07:20.2808469Z 
Verify	Run Jest tests	2026-10-09T14:07:20.2808520Z     console.debug
Verify	Run Jest tests	2026-10-09T14:07:20.2808655Z       [analytics] screen /profile
Verify	Run Jest tests	2026-10-09T14:07:20.2808888Z 
Verify	Run Jest tests	2026-10-09T14:07:20.2808960Z       at debug (shared/lib/logger.ts:133:18)
Verify	Run Jest tests	2026-10-09T14:07:20.2809068Z 
Verify	Run Jest tests	2026-10-09T14:07:20.2809120Z     console.debug
Verify	Run Jest tests	2026-10-09T14:07:20.2809244Z       [analytics] screen /
Verify	Run Jest tests	2026-10-09T14:07:20.2809331Z 
Verify	Run Jest tests	2026-10-09T14:07:20.2809406Z       at debug (shared/lib/logger.ts:133:18)
Verify	Run Jest tests	2026-10-09T14:07:20.2809513Z 
Verify	Run Jest tests	2026-10-09T14:07:20.2809565Z     console.debug
Verify	Run Jest tests	2026-10-09T14:07:20.2809701Z       [analytics] screen /profile
Verify	Run Jest tests	2026-10-09T14:07:20.2809800Z 
Verify	Run Jest tests	2026-10-09T14:07:20.2809873Z       at debug (shared/lib/logger.ts:133:18)
Verify	Run Jest tests	2026-10-09T14:07:20.2809980Z 
Verify	Run Jest tests	2026-10-09T14:07:20.3307181Z PASS __tests__/features/home/HomeScreen.test.tsx
Verify	Run Jest tests	2026-10-09T14:07:20.3718195Z PASS __tests__/app/appConfig.test.ts
Verify	Run Jest tests	2026-10-09T14:07:20.4452611Z PASS __tests__/shared/storage/storage.test.ts
Verify	Run Jest tests	2026-10-09T14:07:20.4627446Z PASS __tests__/features/demo-auth/dummyJsonAdapter.test.ts
Verify	Run Jest tests	2026-10-09T14:07:20.7299223Z PASS __tests__/features/demo-todos/TodosScreen.test.tsx
Verify	Run Jest tests	2026-10-09T14:07:20.7314481Z   ● Console
Verify	Run Jest tests	2026-10-09T14:07:20.7314878Z 
Verify	Run Jest tests	2026-10-09T14:07:20.7315182Z     console.warn
Verify	Run Jest tests	2026-10-09T14:07:20.7315894Z       API GET /todos failed: server (503)
Verify	Run Jest tests	2026-10-09T14:07:20.7316292Z 
Verify	Run Jest tests	2026-10-09T14:07:20.7317148Z     ^[[0m ^[[90m 129 |^[[39m     ^[[36mconst^[[39m args ^[[33m=^[[39m [message^[[33m,^[[39m ^[[33m...^[[39mdetails^[[33m.^[[39mfilter(item ^[[33m=>^[[39m item ^[[33m!==^[[39m undefined)]^[[33m;^[[39m
Verify	Run Jest tests	2026-10-09T14:07:20.7318282Z      ^[[90m 130 |^[[39m     ^[[36mif^[[39m (level ^[[33m===^[[39m ^[[32m'error'^[[39m) console^[[33m.^[[39merror(^[[33m...^[[39margs)^[[33m;^[[39m
Verify	Run Jest tests	2026-10-09T14:07:20.7319365Z     ^[[31m^[[1m>^[[22m^[[39m^[[90m 131 |^[[39m     ^[[36melse^[[39m ^[[36mif^[[39m (level ^[[33m===^[[39m ^[[32m'warn'^[[39m) console^[[33m.^[[39mwarn(^[[33m...^[[39margs)^[[33m;^[[39m
Verify	Run Jest tests	2026-10-09T14:07:20.7320250Z      ^[[90m     |^[[39m                                        ^[[31m^[[1m^^[[22m^[[39m
Verify	Run Jest tests	2026-10-09T14:07:20.7321104Z      ^[[90m 132 |^[[39m     ^[[36melse^[[39m ^[[36mif^[[39m (level ^[[33m===^[[39m ^[[32m'info'^[[39m) console^[[33m.^[[39minfo(^[[33m...^[[39margs)^[[33m;^[[39m
Verify	Run Jest tests	2026-10-09T14:07:20.7321971Z      ^[[90m 133 |^[[39m     ^[[36melse^[[39m console^[[33m.^[[39mdebug(^[[33m...^[[39margs)^[[33m;^[[39m
Verify	Run Jest tests	2026-10-09T14:07:20.7322584Z      ^[[90m 134 |^[[39m   }^[[33m;^[[39m^[[0m
Verify	Run Jest tests	2026-10-09T14:07:20.7322899Z 
Verify	Run Jest tests	2026-10-09T14:07:20.7323168Z       at warn (shared/lib/logger.ts:131:40)
Verify	Run Jest tests	2026-10-09T14:07:20.7323663Z       at Object.write [as warn] (shared/lib/logger.ts:142:33)
Verify	Run Jest tests	2026-10-09T14:07:20.7324197Z       at warn (shared/http/httpClient.ts:139:12)
Verify	Run Jest tests	2026-10-09T14:07:20.7324809Z       at asyncGeneratorStep (node_modules/@babel/runtime/helpers/asyncToGenerator.js:3:17)
Verify	Run Jest tests	2026-10-09T14:07:20.7325461Z       at _next (node_modules/@babel/runtime/helpers/asyncToGenerator.js:17:9)
Verify	Run Jest tests	2026-10-09T14:07:20.7326952Z       at node_modules/@babel/runtime/helpers/asyncToGenerator.js:22:7
Verify	Run Jest tests	2026-10-09T14:07:20.7327560Z       at node_modules/@babel/runtime/helpers/asyncToGenerator.js:14:12
Verify	Run Jest tests	2026-10-09T14:07:20.7328079Z       at apply (shared/http/httpClient.ts:145:4)
Verify	Run Jest tests	2026-10-09T14:07:20.7328622Z       at Axios.request (node_modules/axios/dist/browser/axios.cjs:5245:14)
Verify	Run Jest tests	2026-10-09T14:07:20.7329042Z 
Verify	Run Jest tests	2026-10-09T14:07:20.7667424Z PASS __tests__/shared/ui/theme.test.ts
Verify	Run Jest tests	2026-10-09T14:07:21.0176812Z PASS __tests__/shared/integrations/i18n.test.tsx
Verify	Run Jest tests	2026-10-09T14:07:21.0237230Z   ● Console
Verify	Run Jest tests	2026-10-09T14:07:21.0237668Z 
Verify	Run Jest tests	2026-10-09T14:07:21.0254455Z     console.debug
Verify	Run Jest tests	2026-10-09T14:07:21.0254788Z       [analytics] screen /
Verify	Run Jest tests	2026-10-09T14:07:21.0254945Z 
Verify	Run Jest tests	2026-10-09T14:07:21.0255098Z       at debug (shared/lib/logger.ts:133:18)
Verify	Run Jest tests	2026-10-09T14:07:21.0255344Z 
Verify	Run Jest tests	2026-10-09T14:07:21.0255430Z     console.debug
Verify	Run Jest tests	2026-10-09T14:07:21.0255852Z       [analytics] screen /login
Verify	Run Jest tests	2026-10-09T14:07:21.0256045Z 
Verify	Run Jest tests	2026-10-09T14:07:21.0256172Z       at debug (shared/lib/logger.ts:133:18)
Verify	Run Jest tests	2026-10-09T14:07:21.0256346Z 
Verify	Run Jest tests	2026-10-09T14:07:21.3058286Z PASS __tests__/app/tabBarTheme.test.tsx
Verify	Run Jest tests	2026-10-09T14:07:21.3124944Z   ● Console
Verify	Run Jest tests	2026-10-09T14:07:21.3125141Z 
Verify	Run Jest tests	2026-10-09T14:07:21.3125467Z     console.debug
Verify	Run Jest tests	2026-10-09T14:07:21.3125932Z       [analytics] screen /
Verify	Run Jest tests	2026-10-09T14:07:21.3126614Z 
Verify	Run Jest tests	2026-10-09T14:07:21.3126756Z       at debug (shared/lib/logger.ts:133:18)
Verify	Run Jest tests	2026-10-09T14:07:21.3126944Z 
Verify	Run Jest tests	2026-10-09T14:07:21.3127024Z     console.debug
Verify	Run Jest tests	2026-10-09T14:07:21.3127233Z       [analytics] screen /
Verify	Run Jest tests	2026-10-09T14:07:21.3127369Z 
Verify	Run Jest tests	2026-10-09T14:07:21.3127495Z       at debug (shared/lib/logger.ts:133:18)
Verify	Run Jest tests	2026-10-09T14:07:21.3127672Z 
Verify	Run Jest tests	2026-10-09T14:07:21.4475832Z PASS __tests__/shared/ui/LoadingScreen.test.tsx
Verify	Run Jest tests	2026-10-09T14:07:21.4527156Z PASS __tests__/app/initialRoute.test.tsx
Verify	Run Jest tests	2026-10-09T14:07:21.4577660Z   ● Console
Verify	Run Jest tests	2026-10-09T14:07:21.4582226Z 
Verify	Run Jest tests	2026-10-09T14:07:21.4582481Z     console.debug
Verify	Run Jest tests	2026-10-09T14:07:21.4582731Z       [analytics] screen /
Verify	Run Jest tests	2026-10-09T14:07:21.4582955Z 
Verify	Run Jest tests	2026-10-09T14:07:21.4583104Z       at debug (shared/lib/logger.ts:133:18)
Verify	Run Jest tests	2026-10-09T14:07:21.4583298Z 
Verify	Run Jest tests	2026-10-09T14:07:21.4583383Z     console.debug
Verify	Run Jest tests	2026-10-09T14:07:21.4583621Z       [analytics] screen /login
Verify	Run Jest tests	2026-10-09T14:07:21.4583770Z 
Verify	Run Jest tests	2026-10-09T14:07:21.4583897Z       at debug (shared/lib/logger.ts:133:18)
Verify	Run Jest tests	2026-10-09T14:07:21.4584116Z 
Verify	Run Jest tests	2026-10-09T14:07:21.4584203Z     console.debug
Verify	Run Jest tests	2026-10-09T14:07:21.4584419Z       [analytics] screen /login
Verify	Run Jest tests	2026-10-09T14:07:21.4584567Z 
Verify	Run Jest tests	2026-10-09T14:07:21.4584709Z       at debug (shared/lib/logger.ts:133:18)
Verify	Run Jest tests	2026-10-09T14:07:21.4584915Z 
Verify	Run Jest tests	2026-10-09T14:07:21.4584990Z     console.debug
Verify	Run Jest tests	2026-10-09T14:07:21.4585201Z       [analytics] screen /
Verify	Run Jest tests	2026-10-09T14:07:21.4585344Z 
Verify	Run Jest tests	2026-10-09T14:07:21.4585469Z       at debug (shared/lib/logger.ts:133:18)
Verify	Run Jest tests	2026-10-09T14:07:21.4585773Z 
Verify	Run Jest tests	2026-10-09T14:07:21.7119513Z PASS __tests__/features/demo-auth/DemoCredentialsHint.test.tsx
Verify	Run Jest tests	2026-10-09T14:07:21.8784215Z PASS __tests__/app/configError.test.tsx
Verify	Run Jest tests	2026-10-09T14:07:21.8796316Z   ● Console
Verify	Run Jest tests	2026-10-09T14:07:21.8796511Z 
Verify	Run Jest tests	2026-10-09T14:07:21.8796617Z     console.debug
Verify	Run Jest tests	2026-10-09T14:07:21.8796848Z       [analytics] screen /
Verify	Run Jest tests	2026-10-09T14:07:21.8797016Z 
Verify	Run Jest tests	2026-10-09T14:07:21.8797156Z       at debug (shared/lib/logger.ts:133:18)
Verify	Run Jest tests	2026-10-09T14:07:21.8797340Z 
Verify	Run Jest tests	2026-10-09T14:07:22.0136918Z PASS __tests__/app/statusBar.test.tsx
Verify	Run Jest tests	2026-10-09T14:07:22.0167145Z   ● Console
Verify	Run Jest tests	2026-10-09T14:07:22.0167818Z 
Verify	Run Jest tests	2026-10-09T14:07:22.0196766Z     console.debug
Verify	Run Jest tests	2026-10-09T14:07:22.0226659Z       [analytics] screen /
Verify	Run Jest tests	2026-10-09T14:07:22.0256096Z 
Verify	Run Jest tests	2026-10-09T14:07:22.0256936Z       at debug (shared/lib/logger.ts:133:18)
Verify	Run Jest tests	2026-10-09T14:07:22.0298941Z 
Verify	Run Jest tests	2026-10-09T14:07:22.0336995Z     console.debug
Verify	Run Jest tests	2026-10-09T14:07:22.0366853Z       [analytics] screen /
Verify	Run Jest tests	2026-10-09T14:07:22.0406303Z 
Verify	Run Jest tests	2026-10-09T14:07:22.0417395Z       at debug (shared/lib/logger.ts:133:18)
Verify	Run Jest tests	2026-10-09T14:07:22.0419705Z 
Verify	Run Jest tests	2026-10-09T14:07:22.1527796Z PASS __tests__/shared/lib/useFetch.test.tsx
Verify	Run Jest tests	2026-10-09T14:07:22.3803587Z PASS __tests__/shared/integrations/screenTracking.test.tsx
Verify	Run Jest tests	2026-10-09T14:07:22.3869378Z PASS __tests__/features/demo-showcase/ShowcaseScreen.test.tsx
Verify	Run Jest tests	2026-10-09T14:07:23.0200898Z -----------------------------------|---------|----------|---------|---------|-------------------
Verify	Run Jest tests	2026-10-09T14:07:23.0201680Z File                               | % Stmts | % Branch | % Funcs | % Lines | Uncovered Line #s 
Verify	Run Jest tests	2026-10-09T14:07:23.0202316Z -----------------------------------|---------|----------|---------|---------|-------------------
Verify	Run Jest tests	2026-10-09T14:07:23.0206107Z All files                          |   97.26 |    90.35 |   94.44 |   97.45 |                   
Verify	Run Jest tests	2026-10-09T14:07:23.0206626Z  app                               |     100 |      100 |   57.14 |     100 |                   
Verify	Run Jest tests	2026-10-09T14:07:23.0207123Z   _layout.tsx                      |     100 |      100 |   57.14 |     100 |                   
Verify	Run Jest tests	2026-10-09T14:07:23.0207631Z   showcase.tsx                     |       0 |        0 |       0 |       0 |                   
Verify	Run Jest tests	2026-10-09T14:07:23.0208159Z  app/(app)                         |    87.5 |       75 |     100 |     100 |                   
Verify	Run Jest tests	2026-10-09T14:07:23.0208629Z   _layout.tsx                      |    87.5 |       75 |     100 |     100 | 24                
Verify	Run Jest tests	2026-10-09T14:07:23.0209126Z   profile.tsx                      |       0 |        0 |       0 |       0 |                   
Verify	Run Jest tests	2026-10-09T14:07:23.0210022Z  app/(auth)                        |     100 |      100 |     100 |     100 |                   
Verify	Run Jest tests	2026-10-09T14:07:23.0210522Z   _layout.tsx                      |     100 |      100 |     100 |     100 |                   
Verify	Run Jest tests	2026-10-09T14:07:23.0211009Z   login.tsx                        |       0 |        0 |       0 |       0 |                   
Verify	Run Jest tests	2026-10-09T14:07:23.0211492Z  app/(tabs)                        |     100 |      100 |     100 |     100 |                   
Verify	Run Jest tests	2026-10-09T14:07:23.0211980Z   _layout.tsx                      |     100 |      100 |     100 |     100 |                   
Verify	Run Jest tests	2026-10-09T14:07:23.0212469Z   explore.tsx                      |       0 |        0 |       0 |       0 |                   
Verify	Run Jest tests	2026-10-09T14:07:23.0212946Z   index.tsx                        |       0 |        0 |       0 |       0 |                   
Verify	Run Jest tests	2026-10-09T14:07:23.0213476Z  features/auth/screens             |   95.55 |    79.16 |   83.33 |   95.45 |                   
Verify	Run Jest tests	2026-10-09T14:07:23.0218137Z   LoginScreen.tsx                  |    92.3 |       80 |      60 |    92.3 | 132-136           
Verify	Run Jest tests	2026-10-09T14:07:23.0218861Z   ProfileScreen.tsx                |     100 |    78.57 |     100 |     100 | 38,67-72          
Verify	Run Jest tests	2026-10-09T14:07:23.0219632Z  features/demo-auth                |     100 |    91.66 |     100 |     100 |                   
Verify	Run Jest tests	2026-10-09T14:07:23.0220196Z   DemoCredentialsHint.tsx          |     100 |      100 |     100 |     100 |                   
Verify	Run Jest tests	2026-10-09T14:07:23.0220740Z   dummyJsonAdapter.ts              |     100 |       90 |     100 |     100 | 31                
Verify	Run Jest tests	2026-10-09T14:07:23.0221305Z  features/demo-showcase/components |     100 |      100 |     100 |     100 |                   
Verify	Run Jest tests	2026-10-09T14:07:23.0221858Z   ExampleLinks.tsx                 |     100 |      100 |     100 |     100 |                   
Verify	Run Jest tests	2026-10-09T14:07:23.0222398Z  features/demo-showcase/screens    |   77.77 |      100 |      60 |   71.42 |                   
Verify	Run Jest tests	2026-10-09T14:07:23.0222930Z   ShowcaseScreen.tsx               |   77.77 |      100 |      60 |   71.42 | 133-137           
Verify	Run Jest tests	2026-10-09T14:07:23.0223430Z  features/demo-todos               |       0 |        0 |       0 |       0 |                   
Verify	Run Jest tests	2026-10-09T14:07:23.0223874Z   types.ts                         |       0 |        0 |       0 |       0 |                   
Verify	Run Jest tests	2026-10-09T14:07:23.0224357Z  features/demo-todos/api           |     100 |      100 |     100 |     100 |                   
Verify	Run Jest tests	2026-10-09T14:07:23.0224873Z   todosApi.ts                      |     100 |      100 |     100 |     100 |                   
Verify	Run Jest tests	2026-10-09T14:07:23.0225384Z  features/demo-todos/screens       |     100 |    95.83 |     100 |     100 |                   
Verify	Run Jest tests	2026-10-09T14:07:23.0226382Z   TodosScreen.tsx                  |     100 |    95.83 |     100 |     100 | 65                
Verify	Run Jest tests	2026-10-09T14:07:23.0226852Z  features/home/screens             |     100 |     87.5 |     100 |     100 |                   
Verify	Run Jest tests	2026-10-09T14:07:23.0227318Z   HomeScreen.tsx                   |     100 |     87.5 |     100 |     100 | 38                
Verify	Run Jest tests	2026-10-09T14:07:23.0227771Z  shared/config                     |     100 |    97.95 |     100 |     100 |                   
Verify	Run Jest tests	2026-10-09T14:07:23.0228196Z   env.ts                           |     100 |    97.95 |     100 |     100 | 128               
Verify	Run Jest tests	2026-10-09T14:07:23.0228634Z   featureFlags.ts                  |     100 |      100 |     100 |     100 |                   
Verify	Run Jest tests	2026-10-09T14:07:23.0229084Z  shared/http                       |   98.71 |    94.66 |     100 |   98.61 |                   
Verify	Run Jest tests	2026-10-09T14:07:23.0229512Z   api.ts                           |     100 |      100 |     100 |     100 |                   
Verify	Run Jest tests	2026-10-09T14:07:23.0229951Z   apiError.ts                      |   96.96 |    94.59 |     100 |   96.42 | 58                
Verify	Run Jest tests	2026-10-09T14:07:23.0230395Z   httpClient.ts                    |     100 |    94.73 |     100 |     100 | 89                
Verify	Run Jest tests	2026-10-09T14:07:23.0231036Z  shared/i18n                       |     100 |    83.33 |     100 |     100 |                   
Verify	Run Jest tests	2026-10-09T14:07:23.0231474Z   en.ts                            |     100 |      100 |     100 |     100 |                   
Verify	Run Jest tests	2026-10-09T14:07:23.0231883Z   index.ts                         |     100 |    83.33 |     100 |     100 | 38                
Verify	Run Jest tests	2026-10-09T14:07:23.0232335Z  shared/integrations               |   95.91 |       75 |   96.55 |   95.34 |                   
Verify	Run Jest tests	2026-10-09T14:07:23.0232808Z   analytics.ts                     |     100 |     87.5 |     100 |     100 | 25                
Verify	Run Jest tests	2026-10-09T14:07:23.0233264Z   errorReporter.ts                 |   81.81 |       40 |   83.33 |   77.77 | 41,57             
Verify	Run Jest tests	2026-10-09T14:07:23.0233731Z   featureFlags.ts                  |     100 |      100 |     100 |     100 |                   
Verify	Run Jest tests	2026-10-09T14:07:23.0234202Z   pushNotifications.ts             |     100 |      100 |     100 |     100 |                   
Verify	Run Jest tests	2026-10-09T14:07:23.0234669Z   seam.ts                          |     100 |      100 |     100 |     100 |                   
Verify	Run Jest tests	2026-10-09T14:07:23.0235061Z   setup.ts                         |     100 |      100 |     100 |     100 |                   
Verify	Run Jest tests	2026-10-09T14:07:23.0235463Z   updates.ts                       |     100 |      100 |     100 |     100 |                   
Verify	Run Jest tests	2026-10-09T14:07:23.0236087Z   useScreenTracking.ts             |     100 |      100 |     100 |     100 |                   
Verify	Run Jest tests	2026-10-09T14:07:23.0236524Z  shared/lib                        |   97.72 |    90.16 |   94.11 |   98.73 |                   
Verify	Run Jest tests	2026-10-09T14:07:23.0236945Z   logger.ts                        |   96.87 |    96.15 |   91.66 |   98.18 | 84                
Verify	Run Jest tests	2026-10-09T14:07:23.0237382Z   useFetch.ts                      |     100 |    55.55 |     100 |     100 | 48-61             
Verify	Run Jest tests	2026-10-09T14:07:23.0237805Z  shared/session                    |   97.45 |    88.63 |   95.83 |   97.36 |                   
Verify	Run Jest tests	2026-10-09T14:07:23.0238263Z   SessionProvider.tsx              |   97.91 |    81.81 |     100 |   97.82 | 146               
Verify	Run Jest tests	2026-10-09T14:07:23.0238742Z   authService.ts                   |   93.93 |    91.66 |   83.33 |   93.75 | 68,81             
Verify	Run Jest tests	2026-10-09T14:07:23.0239187Z   session.ts                       |     100 |      100 |     100 |     100 |                   
Verify	Run Jest tests	2026-10-09T14:07:23.0239620Z   tokenStore.ts                    |     100 |      100 |     100 |     100 |                   
Verify	Run Jest tests	2026-10-09T14:07:23.0240069Z  shared/storage                    |      92 |       80 |     100 |      92 |                   
Verify	Run Jest tests	2026-10-09T14:07:23.0240514Z   secureStorage.ts                 |      80 |       75 |     100 |      80 | 18,26             
Verify	Run Jest tests	2026-10-09T14:07:23.0241252Z   storage.ts                       |     100 |      100 |     100 |     100 |                   
Verify	Run Jest tests	2026-10-09T14:07:23.0241718Z  shared/ui                         |    97.5 |    83.33 |     100 |   97.36 |                   
Verify	Run Jest tests	2026-10-09T14:07:23.0242290Z   ConfigErrorScreen.tsx            |     100 |      100 |     100 |     100 |                   
Verify	Run Jest tests	2026-10-09T14:07:23.0242771Z   ErrorBoundary.tsx                |   96.15 |       75 |     100 |   95.83 | 26                
Verify	Run Jest tests	2026-10-09T14:07:23.0243232Z   LoadingScreen.tsx                |     100 |      100 |     100 |     100 |                   
Verify	Run Jest tests	2026-10-09T14:07:23.0243680Z   theme.ts                         |     100 |      100 |     100 |     100 |                   
Verify	Run Jest tests	2026-10-09T14:07:23.0244189Z -----------------------------------|---------|----------|---------|---------|-------------------
Verify	Run Jest tests	2026-10-09T14:07:23.0525302Z 
Verify	Run Jest tests	2026-10-09T14:07:23.0528210Z Test Suites: 26 passed, 26 total
Verify	Run Jest tests	2026-10-09T14:07:23.0528982Z Tests:       199 passed, 199 total
Verify	Run Jest tests	2026-10-09T14:07:23.0529524Z Snapshots:   0 total
Verify	Run Jest tests	2026-10-09T14:07:23.0529831Z Time:        17.295 s
Verify	Run Jest tests	2026-10-09T14:07:23.0530088Z Ran all test suites.
Verify	Expo Doctor	﻿2026-10-09T14:07:23.0726669Z ##[group]Run npx expo-doctor
Verify	Expo Doctor	2026-10-09T14:07:23.0726892Z ^[[36;1mnpx expo-doctor^[[0m
Verify	Expo Doctor	2026-10-09T14:07:23.0780535Z shell: /usr/bin/bash -e {0}
Verify	Expo Doctor	2026-10-09T14:07:23.0780697Z ##[endgroup]
Verify	Expo Doctor	2026-10-09T14:07:24.0625898Z Running 21 checks on your project...
Verify	Expo Doctor	2026-10-09T14:07:26.8587994Z 21/21 checks passed. No issues detected!
Verify	Export web build	﻿2026-10-09T14:07:26.8971276Z ##[group]Run npx expo export --platform web --output-dir dist
Verify	Export web build	2026-10-09T14:07:26.8971608Z ^[[36;1mnpx expo export --platform web --output-dir dist^[[0m
Verify	Export web build	2026-10-09T14:07:26.9029407Z shell: /usr/bin/bash -e {0}
Verify	Export web build	2026-10-09T14:07:26.9029600Z ##[endgroup]
Verify	Export web build	2026-10-09T14:07:27.6824489Z Starting Metro Bundler
Verify	Export web build	2026-10-09T14:07:27.6824739Z 
Verify	Export web build	2026-10-09T14:07:41.4389100Z Web Bundled 13488ms index.ts (1183 modules)
Verify	Export web build	2026-10-09T14:07:41.7242744Z 
Verify	Export web build	2026-10-09T14:07:41.7250359Z › Assets (19):
Verify	Export web build	2026-10-09T14:07:41.7307456Z node_modules/@expo/vector-icons/build/vendor/react-native-vector-icons/Fonts/MaterialCommunityIcons.6e435534bd35da5fef04168860a9b8fa.ttf (1.3MB)
Verify	Export web build	2026-10-09T14:07:41.7308468Z node_modules/expo-router/assets/arrow_down.017bc6ba3fc25503e5eb5e53826d48a8.png (9.5KB)
Verify	Export web build	2026-10-09T14:07:41.7309169Z node_modules/expo-router/assets/error.d1ea1496f9057eb392d5bbf3732a61b7.png (469B)
Verify	Export web build	2026-10-09T14:07:41.7309804Z node_modules/expo-router/assets/file.19eeb73b9593a38f8e9f418337fc7d10.png (138B)
Verify	Export web build	2026-10-09T14:07:41.7310347Z node_modules/expo-router/assets/forward.d8b800c443b8972542883e0b9de2bdc6.png (188B)
Verify	Export web build	2026-10-09T14:07:41.7310993Z node_modules/expo-router/assets/pkg.ab19f4cbc543357183a20571f68380a3.png (364B)
Verify	Export web build	2026-10-09T14:07:41.7311669Z node_modules/expo-router/assets/react-navigation/elements/back-icon-mask.0a328cd9c1afd0afe8e3b1ec5165b1b4.png (653B)
Verify	Export web build	2026-10-09T14:07:41.7312503Z node_modules/expo-router/assets/react-navigation/elements/back-icon.35ba0eaec5a4f5ed12ca16fabeae451d.png (207B)
Verify	Export web build	2026-10-09T14:07:41.7313391Z node_modules/expo-router/assets/react-navigation/elements/clear-icon.c94f6478e7ae0cdd9f15de1fcb9e5e55.png (4 variations | 425B)
Verify	Export web build	2026-10-09T14:07:41.7314366Z node_modules/expo-router/assets/react-navigation/elements/close-icon.808e1b1b9b53114ec2838071a7e6daa7.png (4 variations | 235B)
Verify	Export web build	2026-10-09T14:07:41.7315209Z node_modules/expo-router/assets/react-navigation/elements/search-icon.286d67d3f74808a60a78d3ebf1a5fb57.png (928B)
Verify	Export web build	2026-10-09T14:07:41.7316204Z node_modules/expo-router/assets/sitemap.412dd9275b6b48ad28f5e3d81bb1f626.png (465B)
Verify	Export web build	2026-10-09T14:07:41.7316795Z node_modules/expo-router/assets/unmatched.20e71bdf79e3a97bf55fd9e164041578.png (4.8KB)
Verify	Export web build	2026-10-09T14:07:41.7317158Z 
Verify	Export web build	2026-10-09T14:07:41.7317545Z › web bundles (1):
Verify	Export web build	2026-10-09T14:07:41.7349673Z _expo/static/js/web/index-14f4dd7c025af96aa8269c60165e53bc.js (2.3MB)
Verify	Export web build	2026-10-09T14:07:41.7350012Z 
Verify	Export web build	2026-10-09T14:07:41.7350307Z › Files (3):
Verify	Export web build	2026-10-09T14:07:41.7351036Z favicon.ico (15KB)
Verify	Export web build	2026-10-09T14:07:41.7352075Z index.html (1.2KB)
Verify	Export web build	2026-10-09T14:07:41.7352280Z metadata.json (49B)
Verify	Export web build	2026-10-09T14:07:41.7461838Z 
Verify	Export web build	2026-10-09T14:07:41.7467114Z Exported: dist
Verify	Post Set up Node.js	﻿2026-10-09T14:07:41.9072440Z Post job cleanup.
Verify	Post Set up Node.js	2026-10-09T14:07:42.0002003Z (node:2558) [DEP0040] DeprecationWarning: The `punycode` module is deprecated. Please use a userland alternative instead.
Verify	Post Set up Node.js	2026-10-09T14:07:42.0002578Z (Use `node --trace-deprecation ...` to show where the warning was created)
Verify	Post Set up Node.js	2026-10-09T14:07:42.0004743Z Cache hit occurred on the primary key node-cache-Linux-x64-npm-e6b0593b0a43cf8d31ef0fa786ee68f548fd603ddadd923e67e61af5b746dc74, not saving cache.
Verify	Post Check out repository	﻿2026-10-09T14:07:42.0142915Z Post job cleanup.
Verify	Post Check out repository	2026-10-09T14:07:42.0767045Z [command]/usr/bin/git version
Verify	Post Check out repository	2026-10-09T14:07:42.0806099Z git version 2.55.0
Verify	Post Check out repository	2026-10-09T14:07:42.0833466Z Temporarily overriding HOME='/home/runner/work/_temp/b857157b-fecf-419b-ba04-27c3b100eab9' before making global git config changes
Verify	Post Check out repository	2026-10-09T14:07:42.0834323Z Adding repository directory to the temporary git global config as a safe directory
Verify	Post Check out repository	2026-10-09T14:07:42.0838547Z [command]/usr/bin/git config --global --add safe.directory /home/runner/work/react-native-starter/react-native-starter
Verify	Post Check out repository	2026-10-09T14:07:42.0880495Z [command]/usr/bin/git config --local --name-only --get-regexp core\.sshCommand
Verify	Post Check out repository	2026-10-09T14:07:42.0917458Z [command]/usr/bin/git submodule foreach --recursive sh -c "git config --local --name-only --get-regexp 'core\.sshCommand' && git config --local --unset-all 'core.sshCommand' || :"
Verify	Post Check out repository	2026-10-09T14:07:42.1162957Z [command]/usr/bin/git config --local --name-only --get-regexp http\.https\:\/\/github\.com\/\.extraheader
Verify	Post Check out repository	2026-10-09T14:07:42.1207640Z http.https://github.com/.extraheader
Verify	Post Check out repository	2026-10-09T14:07:42.1212817Z [command]/usr/bin/git config --local --unset-all http.https://github.com/.extraheader
Verify	Post Check out repository	2026-10-09T14:07:42.1255509Z [command]/usr/bin/git submodule foreach --recursive sh -c "git config --local --name-only --get-regexp 'http\.https\:\/\/github\.com\/\.extraheader' && git config --local --unset-all 'http.https://github.com/.extraheader' || :"
Verify	Post Check out repository	2026-10-09T14:07:42.1471478Z [command]/usr/bin/git config --local --name-only --get-regexp ^includeIf\.gitdir:
Verify	Post Check out repository	2026-10-09T14:07:42.1505403Z [command]/usr/bin/git submodule foreach --recursive git config --local --show-origin --name-only --get-regexp remote.origin.url
Verify	Complete job	﻿2026-10-09T14:07:42.1841409Z Cleaning up orphan processes
Verify	Complete job	2026-10-09T14:07:42.2102663Z ##[warning]Node.js 20 is deprecated. The following actions target Node.js 20 but are being forced to run on Node.js 24: actions/checkout@v4, actions/setup-node@v4. For more information see: https://github.blog/changelog/2025-09-19-deprecation-of-node-20-on-github-actions-runners/
