react-native-starter@1.0.0 /Users/nguyenanhkiet/Playground/react-native-starter
+-- @expo/vector-icons@15.0.3
| `-- react@19.2.1 deduped
+-- @testing-library/react-native@13.3.3
| +-- react-test-renderer@19.2.1 deduped
| `-- react@19.2.1 deduped
+-- expo-font@14.0.9
| `-- react@19.2.1 deduped
+-- expo-linking@8.0.8
| `-- react@19.2.1 deduped
+-- expo-router@6.0.14
| +-- @expo/metro-runtime@6.1.2
| | `-- react@19.2.1 deduped
| +-- @radix-ui/react-slot@1.2.0
| | +-- @radix-ui/react-compose-refs@1.1.2
| | | `-- react@19.2.1 deduped
| | `-- react@19.2.1 deduped
| +-- @radix-ui/react-tabs@1.1.13
| | +-- @radix-ui/react-context@1.1.2
| | | `-- react@19.2.1 deduped
| | +-- @radix-ui/react-direction@1.1.1
| | | `-- react@19.2.1 deduped
| | +-- @radix-ui/react-id@1.1.1
| | | +-- @radix-ui/react-use-layout-effect@1.1.1
| | | | `-- react@19.2.1 deduped
| | | `-- react@19.2.1 deduped
| | +-- @radix-ui/react-presence@1.1.5
| | | `-- react@19.2.1 deduped
| | +-- @radix-ui/react-primitive@2.1.3
| | | +-- @radix-ui/react-slot@1.2.3
| | | | `-- react@19.2.1 deduped
| | | `-- react@19.2.1 deduped
| | +-- @radix-ui/react-roving-focus@1.1.11
| | | +-- @radix-ui/react-collection@1.1.7
| | | | +-- @radix-ui/react-slot@1.2.3
| | | | | `-- react@19.2.1 deduped
| | | | `-- react@19.2.1 deduped
| | | +-- @radix-ui/react-use-callback-ref@1.1.1
| | | | `-- react@19.2.1 deduped
| | | `-- react@19.2.1 deduped
| | +-- @radix-ui/react-use-controllable-state@1.2.2
| | | +-- @radix-ui/react-use-effect-event@0.0.2
| | | | `-- react@19.2.1 deduped
| | | `-- react@19.2.1 deduped
| | `-- react@19.2.1 deduped
| +-- @react-navigation/bottom-tabs@7.8.4
| | +-- @react-navigation/elements@2.8.1
| | | +-- react@19.2.1 deduped
| | | `-- use-sync-external-store@1.6.0
| | |   `-- react@19.2.1 deduped
| | `-- react@19.2.1 deduped
| +-- @react-navigation/native-stack@7.6.2
| | `-- react@19.2.1 deduped
| +-- @react-navigation/native@7.1.19
| | +-- @react-navigation/core@7.13.0
| | | `-- react@19.2.1 deduped
| | `-- react@19.2.1 deduped
| +-- react-native-is-edge-to-edge@1.2.1
| | `-- react@19.2.1 deduped
| +-- react-server-dom-webpack@19.0.0
| | `-- react@19.2.1 deduped
| +-- react@19.2.1 deduped
| +-- use-latest-callback@0.2.6
| | `-- react@19.2.1 deduped
| `-- vaul@1.1.2
|   +-- @radix-ui/react-dialog@1.1.15
|   | +-- @radix-ui/react-dismissable-layer@1.1.11
|   | | +-- @radix-ui/react-use-escape-keydown@1.1.1
|   | | | `-- react@19.2.1 deduped
|   | | `-- react@19.2.1 deduped
|   | +-- @radix-ui/react-focus-guards@1.1.3
|   | | `-- react@19.2.1 deduped
|   | +-- @radix-ui/react-focus-scope@1.1.7
|   | | `-- react@19.2.1 deduped
|   | +-- @radix-ui/react-portal@1.1.9
|   | | `-- react@19.2.1 deduped
|   | +-- @radix-ui/react-slot@1.2.3
|   | | `-- react@19.2.1 deduped
|   | +-- react-remove-scroll@2.7.1
|   | | +-- react-remove-scroll-bar@2.3.8
|   | | | `-- react@19.2.1 deduped
|   | | +-- react-style-singleton@2.2.3
|   | | | `-- react@19.2.1 deduped
|   | | +-- react@19.2.1 deduped
|   | | +-- use-callback-ref@1.3.3
|   | | | `-- react@19.2.1 deduped
|   | | `-- use-sidecar@1.1.3
|   | |   `-- react@19.2.1 deduped
|   | `-- react@19.2.1 deduped
|   `-- react@19.2.1 deduped
+-- expo@54.0.23
| +-- @expo/devtools@0.1.7
| | `-- react@19.2.1 deduped
| +-- expo-asset@12.0.9
| | `-- react@19.2.1 deduped
| +-- expo-keep-awake@15.0.7
| | `-- react@19.2.1 deduped
| +-- expo-modules-core@3.0.25
| | `-- react@19.2.1 deduped
| `-- react@19.2.1 deduped
+-- jest-expo@54.0.13
| `-- react-test-renderer@19.1.0
|   `-- react@19.2.1 deduped
+-- react-dom@19.2.1
| `-- react@19.2.1 deduped
+-- react-native-paper@5.14.5
| +-- @callstack/react-theme-provider@3.0.9
| | `-- react@19.2.1 deduped
| `-- react@19.2.1 deduped
+-- react-native-safe-area-context@5.6.2
| `-- react@19.2.1 deduped
+-- react-native-screens@4.16.0
| +-- react-freeze@1.0.4
| | `-- react@19.2.1 deduped
| `-- react@19.2.1 deduped
+-- react-native-web@0.21.2
| `-- react@19.2.1 deduped
+-- react-native@0.81.5
| +-- @react-native/virtualized-lists@0.81.5
| | `-- react@19.2.1 deduped
| `-- react@19.2.1 deduped
+-- react-test-renderer@19.2.1
| `-- react@19.2.1 deduped
`-- react@19.2.1

