 M .github/workflows/e2e-android.yml
 M AGENTS.md
 M LICENSE
 M README.md
 M __tests__/app/tabBarTheme.test.tsx
 D __tests__/features/demo-auth/DemoCredentialsHint.test.tsx
 D __tests__/features/demo-auth/dummyJsonAdapter.test.ts
 D __tests__/features/demo-showcase/ShowcaseScreen.test.tsx
 D __tests__/features/demo-todos/TodosScreen.test.tsx
 M __tests__/features/home/HomeScreen.test.tsx
 D __tests__/scripts/initProject.test.ts
 M __tests__/shared/integrations/i18n.test.tsx
 M app.config.ts
 M app/(tabs)/_layout.tsx
 D app/(tabs)/explore.tsx
 D app/showcase.tsx
 M docs/getting-started.md
 D docs/maintainers/README.md
 D docs/maintainers/dependency-review.md
 D docs/maintainers/issue-workflow.md
 D docs/maintainers/release-gate.md
 M docs/make-it-yours.md
 M docs/testing.md
 M features/auth/screens/LoginScreen.tsx
 D features/demo-auth/DemoCredentialsHint.tsx
 D features/demo-auth/dummyJsonAdapter.ts
 D features/demo-showcase/components/ExampleLinks.tsx
 D features/demo-showcase/screens/ShowcaseScreen.tsx
 D features/demo-todos/api/todosApi.ts
 D features/demo-todos/screens/TodosScreen.tsx
 D features/demo-todos/types.ts
 M features/home/screens/HomeScreen.tsx
 M package-lock.json
 M package.json
 M scripts/README.md
 D scripts/init-project.js
 D scripts/maintainer-files.json
 D scripts/maintainers/bootstrap-issue-labels.sh
 M shared/i18n/en.ts
 M shared/integrations/setup.ts
