Running on Medium_Phone_API_37.0
 > Flow Dark mode screenshots
Run subflows/open-app.yaml...
  Run flow when ${CLEAR_STATE == 'true'} is true...
  Run flow when false is true... SKIPPED
  Launch app "${APP_ID}"... COMPLETED
  Open ${APP_URL}... COMPLETED
  Repeat while id: tab-home is not visible (up to 10 times)...
    Assert that (Optional) id: tab-home is visible... COMPLETED
    Run flow when Platform is IOS and "Open in .*" is visible...
    Run flow when Platform is IOS and "Open in .*" is visible... SKIPPED
    Run flow when "Development servers" is visible...
    Run flow when "Development servers" is visible... SKIPPED
    Tap on (Optional) "Wait"... WARNED
    Tap on (Optional) "Continue"... WARNED
    Run flow when Platform is ANDROID and "Go home" is visible...
    Run flow when Platform is ANDROID and "Go home" is visible... SKIPPED
    Run flow when Platform is IOS and "Go home" is visible...
    Run flow when Platform is IOS and "Go home" is visible... SKIPPED
    Wait for animation to end... COMPLETED
  Repeat while id: tab-home is not visible (up to 10 times)... COMPLETED
  Assert that "Session" is visible... COMPLETED
Run subflows/open-app.yaml... COMPLETED
Take screenshot dark-home... COMPLETED
Tap on id: tab-explore... COMPLETED
Assert that "API Example" is visible... COMPLETED
Take screenshot dark-explore... COMPLETED
Tap on id: tab-home... COMPLETED
