$ npm run init-project -- --dry-run --name "Field Notes" --bundle-id com.fieldtrial.notes --owner "Field Notes Trial" --remove-demo
  strip __tests__/features/home/HomeScreen.test.tsx
  strip __tests__/shared/integrations/i18n.test.tsx
Dry run complete.
Dry run complete.

$ npm run init-project -- --name "Field Notes" --bundle-id com.fieldtrial.notes --owner "Field Notes Trial" --remove-demo

> react-native-starter@1.0.0 init-project
> node scripts/init-project.js --name Field Notes --bundle-id com.fieldtrial.notes --owner Field Notes Trial --remove-demo

Initializing the project...
  update app.config.ts: APP: name "RN Starter" -> "Field Notes", slug react-native-starter -> field-notes, scheme rnstarter -> fieldnotes, bundleId com.example.rnstarter -> com.fieldtrial.notes, version 1.0.0 -> 1.0.0
  update package.json: name -> field-notes, version -> 1.0.0, remove the init-project script
  update package-lock.json: name -> field-notes, version -> 1.0.0
  update LICENSE: copyright holder -> 2026 Field Notes Trial
  update README.md: title and intro, remove @init blocks
  update docs/getting-started.md: remove @init blocks
  update docs/make-it-yours.md: identity examples, remove @init blocks
  update scripts/README.md: remove @init blocks
  update docs/testing.md: identity examples
  update .github/workflows/e2e-android.yml: identity examples
  update AGENTS.md: remove the maintainer block
  delete docs/maintainers/: maintainer file
  delete scripts/maintainers/: maintainer file
  delete scripts/maintainer-files.json: maintainer file
  delete scripts/init-project.js: init-project itself
  delete __tests__/scripts/initProject.test.ts: init-project itself
  run remove-demo:
Removing the demo...
  delete features/demo-auth
  delete features/demo-todos
  delete features/demo-showcase
  delete app/(tabs)/explore.tsx
  delete app/showcase.tsx
  delete __tests__/features/demo-auth
  delete __tests__/features/demo-todos
  delete __tests__/features/demo-showcase
  strip app/(tabs)/_layout.tsx
  strip features/auth/screens/LoginScreen.tsx
  strip features/home/screens/HomeScreen.tsx
  strip shared/i18n/en.ts
  strip shared/integrations/setup.ts
  strip __tests__/app/tabBarTheme.test.tsx
  strip __tests__/features/home/HomeScreen.test.tsx
  strip __tests__/shared/integrations/i18n.test.tsx
app/(tabs)/_layout.tsx 223ms (unchanged)
features/auth/screens/LoginScreen.tsx 200ms
features/home/screens/HomeScreen.tsx 32ms
shared/i18n/en.ts 23ms (unchanged)
shared/integrations/setup.ts 11ms (unchanged)
__tests__/app/tabBarTheme.test.tsx 17ms (unchanged)
__tests__/features/home/HomeScreen.test.tsx 37ms
__tests__/shared/integrations/i18n.test.tsx 28ms (unchanged)
Done. Next: register your AuthAdapter in shared/integrations/setup.ts, then run npm run lint, npm run type-check, and npm run test:ci.
Done: this is now Field Notes. Next:
  1. Review the advisories in scripts/audit-allowlist.json and make them yours
     (docs/getting-started.md#dependency-advisories).
  2. Replace the images in assets/ and the palette in shared/ui/theme.ts
     (docs/make-it-yours.md).
  3. Run npm run lint, npm run type-check, and npm run test:ci, then commit.
[exit 0]
