Verify	Set up job	﻿2026-10-10T15:57:57.3003472Z Current runner version: '2.337.0'
Verify	Set up job	2026-10-10T15:57:57.3029046Z ##[group]Runner Image Provisioner
Verify	Set up job	2026-10-10T15:57:57.3029912Z Hosted Compute Agent
Verify	Set up job	2026-10-10T15:57:57.3030592Z Version: 20261002.596
Verify	Set up job	2026-10-10T15:57:57.3031290Z Commit: c3d12f3313a95f25162a1503be624f3b0617f8c0
Verify	Set up job	2026-10-10T15:57:57.3032319Z Build Date: 2026-10-02T22:28:27Z
Verify	Set up job	2026-10-10T15:57:57.3033098Z Worker ID: {e746fe5f-7822-491f-955b-78b24d8b3992}
Verify	Set up job	2026-10-10T15:57:57.3033809Z Region: canadaeast
Verify	Set up job	2026-10-10T15:57:57.3034403Z Cloud: Azure
Verify	Set up job	2026-10-10T15:57:57.3034997Z ##[endgroup]
Verify	Set up job	2026-10-10T15:57:57.3036449Z ##[group]Operating System
Verify	Set up job	2026-10-10T15:57:57.3037183Z Ubuntu
Verify	Set up job	2026-10-10T15:57:57.3037711Z 24.04.5
Verify	Set up job	2026-10-10T15:57:57.3038211Z LTS
Verify	Set up job	2026-10-10T15:57:57.3038821Z ##[endgroup]
Verify	Set up job	2026-10-10T15:57:57.3039413Z ##[group]Runner Image
Verify	Set up job	2026-10-10T15:57:57.3040107Z Image: ubuntu-24.04
Verify	Set up job	2026-10-10T15:57:57.3040697Z Version: 20261004.327.1
Verify	Set up job	2026-10-10T15:57:57.3042577Z Included Software: https://github.com/actions/runner-images/blob/ubuntu24/20261004.327/images/ubuntu/Ubuntu2404-Readme.md
Verify	Set up job	2026-10-10T15:57:57.3044335Z Image Release: https://github.com/actions/runner-images/releases/tag/ubuntu24%2F20261004.327
Verify	Set up job	2026-10-10T15:57:57.3045395Z ##[endgroup]
Verify	Set up job	2026-10-10T15:57:57.3046504Z ##[group]GITHUB_TOKEN Permissions
Verify	Set up job	2026-10-10T15:57:57.3048796Z Contents: read
Verify	Set up job	2026-10-10T15:57:57.3049432Z Metadata: read
Verify	Set up job	2026-10-10T15:57:57.3050065Z ##[endgroup]
Verify	Set up job	2026-10-10T15:57:57.3052955Z Secret source: Actions
Verify	Set up job	2026-10-10T15:57:57.3054069Z Cache mode: write
Verify	Set up job	2026-10-10T15:57:57.3054790Z Prepare workflow directory
Verify	Set up job	2026-10-10T15:57:57.3393414Z Prepare all required actions
Verify	Set up job	2026-10-10T15:57:57.3443626Z Getting action download info
Verify	Set up job	2026-10-10T15:57:57.6030441Z Download action repository 'actions/checkout@v4' (SHA:11d5960a326750d5838078e36cf38b85af677262)
Verify	Set up job	2026-10-10T15:57:57.6870209Z Download action repository 'actions/setup-node@v4' (SHA:49933ea5288caeca8642d1e84afbd3f7d6820020)
Verify	Set up job	2026-10-10T15:57:57.8761022Z Complete job name: Verify
Verify	Check out repository	﻿2026-10-10T15:57:57.9542334Z ##[group]Run actions/checkout@v4
Verify	Check out repository	2026-10-10T15:57:57.9543294Z with:
Verify	Check out repository	2026-10-10T15:57:57.9543782Z   repository: koniz-dev/react-native-starter
Verify	Check out repository	2026-10-10T15:57:57.9547541Z   token: ***
Verify	Check out repository	2026-10-10T15:57:57.9547976Z   ssh-strict: true
Verify	Check out repository	2026-10-10T15:57:57.9548411Z   ssh-user: git
Verify	Check out repository	2026-10-10T15:57:57.9548861Z   persist-credentials: true
Verify	Check out repository	2026-10-10T15:57:57.9549345Z   clean: true
Verify	Check out repository	2026-10-10T15:57:57.9549785Z   sparse-checkout-cone-mode: true
Verify	Check out repository	2026-10-10T15:57:57.9550296Z   fetch-depth: 1
Verify	Check out repository	2026-10-10T15:57:57.9550717Z   fetch-tags: false
Verify	Check out repository	2026-10-10T15:57:57.9551164Z   show-progress: true
Verify	Check out repository	2026-10-10T15:57:57.9551598Z   lfs: false
Verify	Check out repository	2026-10-10T15:57:57.9552011Z   submodules: false
Verify	Check out repository	2026-10-10T15:57:57.9552645Z   set-safe-directory: true
Verify	Check out repository	2026-10-10T15:57:57.9553152Z   allow-unsafe-pr-checkout: false
Verify	Check out repository	2026-10-10T15:57:57.9554050Z ##[endgroup]
Verify	Check out repository	2026-10-10T15:57:58.0566441Z Syncing repository: koniz-dev/react-native-starter
Verify	Check out repository	2026-10-10T15:57:58.0568624Z ##[group]Getting Git version info
Verify	Check out repository	2026-10-10T15:57:58.0570208Z Working directory is '/home/runner/work/react-native-starter/react-native-starter'
Verify	Check out repository	2026-10-10T15:57:58.0572086Z [command]/usr/bin/git version
Verify	Check out repository	2026-10-10T15:57:58.0658433Z git version 2.55.0
Verify	Check out repository	2026-10-10T15:57:58.0691262Z ##[endgroup]
Verify	Check out repository	2026-10-10T15:57:58.0698671Z Temporarily overriding HOME='/home/runner/work/_temp/eed62b0b-4087-4f09-8af1-5be40d34eef8' before making global git config changes
Verify	Check out repository	2026-10-10T15:57:58.0701007Z Adding repository directory to the temporary git global config as a safe directory
Verify	Check out repository	2026-10-10T15:57:58.0703680Z [command]/usr/bin/git config --global --add safe.directory /home/runner/work/react-native-starter/react-native-starter
Verify	Check out repository	2026-10-10T15:57:58.0756869Z Deleting the contents of '/home/runner/work/react-native-starter/react-native-starter'
Verify	Check out repository	2026-10-10T15:57:58.0761539Z ##[group]Initializing the repository
Verify	Check out repository	2026-10-10T15:57:58.0766259Z [command]/usr/bin/git init /home/runner/work/react-native-starter/react-native-starter
Verify	Check out repository	2026-10-10T15:57:58.0884180Z hint: Using 'master' as the name for the initial branch. This default branch name
Verify	Check out repository	2026-10-10T15:57:58.0886270Z hint: will change to "main" in Git 3.0. To configure the initial branch name
Verify	Check out repository	2026-10-10T15:57:58.0890211Z hint: to use in all of your new repositories, which will suppress this warning,
Verify	Check out repository	2026-10-10T15:57:58.0894610Z hint: call:
Verify	Check out repository	2026-10-10T15:57:58.0895816Z hint:
Verify	Check out repository	2026-10-10T15:57:58.0897128Z hint: 	git config --global init.defaultBranch <name>
Verify	Check out repository	2026-10-10T15:57:58.0898453Z hint:
Verify	Check out repository	2026-10-10T15:57:58.0899969Z hint: Names commonly chosen instead of 'master' are 'main', 'trunk' and
Verify	Check out repository	2026-10-10T15:57:58.0902323Z hint: 'development'. The just-created branch can be renamed via this command:
Verify	Check out repository	2026-10-10T15:57:58.0904105Z hint:
Verify	Check out repository	2026-10-10T15:57:58.0905240Z hint: 	git branch -m <name>
Verify	Check out repository	2026-10-10T15:57:58.0906409Z hint:
Verify	Check out repository	2026-10-10T15:57:58.0907775Z hint: Disable this message with "git config set advice.defaultBranchName false"
Verify	Check out repository	2026-10-10T15:57:58.0909184Z Initialized empty Git repository in /home/runner/work/react-native-starter/react-native-starter/.git/
Verify	Check out repository	2026-10-10T15:57:58.0912721Z [command]/usr/bin/git remote add origin https://github.com/koniz-dev/react-native-starter
Verify	Check out repository	2026-10-10T15:57:58.0953121Z ##[endgroup]
Verify	Check out repository	2026-10-10T15:57:58.0954321Z ##[group]Disabling automatic garbage collection
Verify	Check out repository	2026-10-10T15:57:58.0957013Z [command]/usr/bin/git config --local gc.auto 0
Verify	Check out repository	2026-10-10T15:57:58.0989293Z ##[endgroup]
Verify	Check out repository	2026-10-10T15:57:58.0990430Z ##[group]Setting up auth
Verify	Check out repository	2026-10-10T15:57:58.0996315Z [command]/usr/bin/git config --local --name-only --get-regexp core\.sshCommand
Verify	Check out repository	2026-10-10T15:57:58.1032425Z [command]/usr/bin/git submodule foreach --recursive sh -c "git config --local --name-only --get-regexp 'core\.sshCommand' && git config --local --unset-all 'core.sshCommand' || :"
Verify	Check out repository	2026-10-10T15:57:58.1392941Z [command]/usr/bin/git config --local --name-only --get-regexp http\.https\:\/\/github\.com\/\.extraheader
Verify	Check out repository	2026-10-10T15:57:58.1433592Z [command]/usr/bin/git submodule foreach --recursive sh -c "git config --local --name-only --get-regexp 'http\.https\:\/\/github\.com\/\.extraheader' && git config --local --unset-all 'http.https://github.com/.extraheader' || :"
Verify	Check out repository	2026-10-10T15:57:58.1666460Z [command]/usr/bin/git config --local --name-only --get-regexp ^includeIf\.gitdir:
Verify	Check out repository	2026-10-10T15:57:58.1703522Z [command]/usr/bin/git submodule foreach --recursive git config --local --show-origin --name-only --get-regexp remote.origin.url
Verify	Check out repository	2026-10-10T15:57:58.1928998Z [command]/usr/bin/git config --local http.https://github.com/.extraheader AUTHORIZATION: basic ***
Verify	Check out repository	2026-10-10T15:57:58.1973400Z ##[endgroup]
Verify	Check out repository	2026-10-10T15:57:58.1974844Z ##[group]Fetching the repository
Verify	Check out repository	2026-10-10T15:57:58.1985153Z [command]/usr/bin/git -c protocol.version=2 fetch --no-tags --prune --no-recurse-submodules --depth=1 origin +d29275d617542d2dcde3fdfde7a4f49d26be7f08:refs/remotes/origin/main
Verify	Check out repository	2026-10-10T15:57:58.6378986Z From https://github.com/koniz-dev/react-native-starter
Verify	Check out repository	2026-10-10T15:57:58.6380657Z  * [new ref]         d29275d617542d2dcde3fdfde7a4f49d26be7f08 -> origin/main
Verify	Check out repository	2026-10-10T15:57:58.6385092Z ##[endgroup]
Verify	Check out repository	2026-10-10T15:57:58.6385933Z ##[group]Determining the checkout info
Verify	Check out repository	2026-10-10T15:57:58.6387821Z ##[endgroup]
Verify	Check out repository	2026-10-10T15:57:58.6394064Z [command]/usr/bin/git sparse-checkout disable
Verify	Check out repository	2026-10-10T15:57:58.6447448Z [command]/usr/bin/git config --local --unset-all extensions.worktreeConfig
Verify	Check out repository	2026-10-10T15:57:58.6480112Z ##[group]Checking out the ref
Verify	Check out repository	2026-10-10T15:57:58.6485793Z [command]/usr/bin/git checkout --progress --force -B main refs/remotes/origin/main
Verify	Check out repository	2026-10-10T15:57:58.6681521Z Switched to a new branch 'main'
Verify	Check out repository	2026-10-10T15:57:58.6686833Z branch 'main' set up to track 'origin/main'.
Verify	Check out repository	2026-10-10T15:57:58.6694850Z ##[endgroup]
Verify	Check out repository	2026-10-10T15:57:58.6733660Z [command]/usr/bin/git log -1 --format=%H
Verify	Check out repository	2026-10-10T15:57:58.6760012Z d29275d617542d2dcde3fdfde7a4f49d26be7f08
Verify	Set up Node.js	﻿2026-10-10T15:57:58.7043993Z ##[group]Run actions/setup-node@v4
Verify	Set up Node.js	2026-10-10T15:57:58.7044579Z with:
Verify	Set up Node.js	2026-10-10T15:57:58.7045003Z   node-version-file: .nvmrc
Verify	Set up Node.js	2026-10-10T15:57:58.7045490Z   cache: npm
Verify	Set up Node.js	2026-10-10T15:57:58.7045902Z   always-auth: false
Verify	Set up Node.js	2026-10-10T15:57:58.7046351Z   check-latest: false
Verify	Set up Node.js	2026-10-10T15:57:58.7050151Z   token: ***
Verify	Set up Node.js	2026-10-10T15:57:58.7050581Z ##[endgroup]
Verify	Set up Node.js	2026-10-10T15:57:58.8386919Z Resolved .nvmrc as 24
Verify	Set up Node.js	2026-10-10T15:57:58.8442833Z Found in cache @ /opt/hostedtoolcache/node/24.21.0/x64
Verify	Set up Node.js	2026-10-10T15:57:58.8447439Z (node:2268) [DEP0040] DeprecationWarning: The `punycode` module is deprecated. Please use a userland alternative instead.
Verify	Set up Node.js	2026-10-10T15:57:58.8448700Z (Use `node --trace-deprecation ...` to show where the warning was created)
Verify	Set up Node.js	2026-10-10T15:57:58.8450320Z ##[group]Environment details
Verify	Set up Node.js	2026-10-10T15:57:59.2384096Z node: v24.21.0
Verify	Set up Node.js	2026-10-10T15:57:59.2385188Z npm: 11.19.0
Verify	Set up Node.js	2026-10-10T15:57:59.2385916Z yarn: 1.22.22
Verify	Set up Node.js	2026-10-10T15:57:59.2387375Z ##[endgroup]
Verify	Set up Node.js	2026-10-10T15:57:59.2428983Z [command]/opt/hostedtoolcache/node/24.21.0/x64/bin/npm config get cache
Verify	Set up Node.js	2026-10-10T15:57:59.3561082Z /home/runner/.npm
Verify	Set up Node.js	2026-10-10T15:57:59.4943128Z Cache hit for: node-cache-Linux-x64-npm-10f9dc59c99c82563481e37a50745bae137261a45ffc8c4ba105eb544b91396b
Verify	Set up Node.js	2026-10-10T15:57:59.5053054Z (node:2268) [DEP0169] DeprecationWarning: `url.parse()` behavior is not standardized and prone to errors that have security implications. Use the WHATWG URL API instead. CVEs are not issued for `url.parse()` vulnerabilities.
Verify	Set up Node.js	2026-10-10T15:58:00.6135748Z Received 134217728 of 156509062 (85.8%), 127.9 MBs/sec
Verify	Set up Node.js	2026-10-10T15:58:00.7282974Z Received 156509062 of 156509062 (100.0%), 133.7 MBs/sec
Verify	Set up Node.js	2026-10-10T15:58:00.7284208Z Cache Size: ~149 MB (156509062 B)
Verify	Set up Node.js	2026-10-10T15:58:00.7399109Z [command]/usr/bin/tar -xf /home/runner/work/_temp/4841bcd4-5661-41ff-a8d2-8d0a85e4d8fc/cache.tzst -P -C /home/runner/work/react-native-starter/react-native-starter --use-compress-program unzstd
Verify	Set up Node.js	2026-10-10T15:58:01.2604860Z Cache restored successfully
Verify	Set up Node.js	2026-10-10T15:58:01.2681931Z Cache restored from key: node-cache-Linux-x64-npm-10f9dc59c99c82563481e37a50745bae137261a45ffc8c4ba105eb544b91396b
Verify	Install dependencies	﻿2026-10-10T15:58:01.2852603Z ##[group]Run npm ci
Verify	Install dependencies	2026-10-10T15:58:01.2853040Z ^[[36;1mnpm ci^[[0m
Verify	Install dependencies	2026-10-10T15:58:01.3124002Z shell: /usr/bin/bash -e {0}
Verify	Install dependencies	2026-10-10T15:58:01.3124415Z ##[endgroup]
Verify	Install dependencies	2026-10-10T15:58:05.8983969Z npm warn deprecated inflight@1.0.6: This module is not supported, and leaks memory. Do not use it. Check out lru-cache if you want a good and tested way to coalesce async requests by a key value, which is much more comprehensive and powerful.
Verify	Install dependencies	2026-10-10T15:58:06.1476393Z npm warn deprecated abab@2.0.6: Use your platform's native atob() and btoa() methods instead
Verify	Install dependencies	2026-10-10T15:58:06.1778983Z npm warn deprecated glob@7.2.3: Glob versions prior to v9 are no longer supported
Verify	Install dependencies	2026-10-10T15:58:06.1792889Z npm warn deprecated glob@7.2.3: Glob versions prior to v9 are no longer supported
Verify	Install dependencies	2026-10-10T15:58:06.1797265Z npm warn deprecated glob@7.2.3: Glob versions prior to v9 are no longer supported
Verify	Install dependencies	2026-10-10T15:58:06.1814305Z npm warn deprecated glob@7.2.3: Glob versions prior to v9 are no longer supported
Verify	Install dependencies	2026-10-10T15:58:06.4964760Z npm warn deprecated domexception@4.0.0: Use your platform's native DOMException instead
Verify	Install dependencies	2026-10-10T15:58:07.4883647Z npm warn deprecated uuid@7.0.3: uuid@10 and below is no longer supported.  For ESM codebases, update to uuid@latest.  For CommonJS codebases, use uuid@11 (but be aware this version will likely be deprecated in 2028).
Verify	Install dependencies	2026-10-10T15:58:21.5921693Z 
Verify	Install dependencies	2026-10-10T15:58:21.5922957Z added 1067 packages, and audited 1068 packages in 20s
Verify	Install dependencies	2026-10-10T15:58:21.5923567Z 
Verify	Install dependencies	2026-10-10T15:58:21.5941278Z 180 packages are looking for funding
Verify	Install dependencies	2026-10-10T15:58:21.5942553Z   run `npm fund` for details
Verify	Install dependencies	2026-10-10T15:58:21.8156358Z 
Verify	Install dependencies	2026-10-10T15:58:21.8157272Z 65 vulnerabilities (16 moderate, 49 high)
Verify	Install dependencies	2026-10-10T15:58:21.8157935Z 
Verify	Install dependencies	2026-10-10T15:58:21.8158648Z To address all issues (including breaking changes), run:
Verify	Install dependencies	2026-10-10T15:58:21.8159537Z   npm audit fix --force
Verify	Install dependencies	2026-10-10T15:58:21.8163890Z 
Verify	Install dependencies	2026-10-10T15:58:21.8164360Z Run `npm audit` for details.
Verify	Lint	﻿2026-10-10T15:58:21.9214932Z ##[group]Run npm run lint
Verify	Lint	2026-10-10T15:58:21.9215257Z ^[[36;1mnpm run lint^[[0m
Verify	Lint	2026-10-10T15:58:21.9292426Z shell: /usr/bin/bash -e {0}
Verify	Lint	2026-10-10T15:58:21.9292978Z ##[endgroup]
Verify	Lint	2026-10-10T15:58:22.0312459Z 
Verify	Lint	2026-10-10T15:58:22.0313204Z > react-native-starter@1.0.0 lint
Verify	Lint	2026-10-10T15:58:22.0313908Z > eslint . --max-warnings 0
Verify	Lint	2026-10-10T15:58:22.0314245Z 
Verify	Check formatting	﻿2026-10-10T15:58:29.2476745Z ##[group]Run npm run format:check
Verify	Check formatting	2026-10-10T15:58:29.2477108Z ^[[36;1mnpm run format:check^[[0m
Verify	Check formatting	2026-10-10T15:58:29.2541275Z shell: /usr/bin/bash -e {0}
Verify	Check formatting	2026-10-10T15:58:29.2541559Z ##[endgroup]
Verify	Check formatting	2026-10-10T15:58:29.3566169Z 
Verify	Check formatting	2026-10-10T15:58:29.3566802Z > react-native-starter@1.0.0 format:check
Verify	Check formatting	2026-10-10T15:58:29.3567439Z > prettier --check "**/*.{ts,tsx,js,jsx,json,md}"
Verify	Check formatting	2026-10-10T15:58:29.3567719Z 
Verify	Check formatting	2026-10-10T15:58:29.4405680Z Checking formatting...
Verify	Check formatting	2026-10-10T15:58:31.1908669Z All matched files use Prettier code style!
Verify	Type-check	﻿2026-10-10T15:58:31.2269643Z ##[group]Run npm run type-check
Verify	Type-check	2026-10-10T15:58:31.2269987Z ^[[36;1mnpm run type-check^[[0m
Verify	Type-check	2026-10-10T15:58:31.2334409Z shell: /usr/bin/bash -e {0}
Verify	Type-check	2026-10-10T15:58:31.2334700Z ##[endgroup]
Verify	Type-check	2026-10-10T15:58:31.3364215Z 
Verify	Type-check	2026-10-10T15:58:31.3364823Z > react-native-starter@1.0.0 type-check
Verify	Type-check	2026-10-10T15:58:31.3365231Z > tsc --noEmit
Verify	Type-check	2026-10-10T15:58:31.3365380Z 
Verify	Run Jest tests	﻿2026-10-10T15:58:34.3515651Z ##[group]Run npm run test:ci
Verify	Run Jest tests	2026-10-10T15:58:34.3515981Z ^[[36;1mnpm run test:ci^[[0m
Verify	Run Jest tests	2026-10-10T15:58:34.3578114Z shell: /usr/bin/bash -e {0}
Verify	Run Jest tests	2026-10-10T15:58:34.3578393Z ##[endgroup]
Verify	Run Jest tests	2026-10-10T15:58:34.4657458Z 
Verify	Run Jest tests	2026-10-10T15:58:34.4658025Z > react-native-starter@1.0.0 test:ci
Verify	Run Jest tests	2026-10-10T15:58:34.4658434Z > jest --coverage
Verify	Run Jest tests	2026-10-10T15:58:34.4658590Z 
Verify	Run Jest tests	2026-10-10T15:58:39.2715079Z PASS __tests__/shared/lib/logger.test.ts
Verify	Run Jest tests	2026-10-10T15:58:47.3384683Z PASS __tests__/scripts/initProject.test.ts (11.903 s)
Verify	Run Jest tests	2026-10-10T15:58:47.8706603Z PASS __tests__/shared/session/authService.test.ts
Verify	Run Jest tests	2026-10-10T15:58:56.0337633Z PASS __tests__/shared/http/httpClient.test.ts (20.073 s)
Verify	Run Jest tests	2026-10-10T15:58:56.0593795Z PASS __tests__/shared/session/realBackendAdapter.test.ts (16.759 s)
Verify	Run Jest tests	2026-10-10T15:58:56.1071731Z   ● Console
Verify	Run Jest tests	2026-10-10T15:58:56.1072526Z 
Verify	Run Jest tests	2026-10-10T15:58:56.1123150Z     console.warn
Verify	Run Jest tests	2026-10-10T15:58:56.1277905Z       API POST /sessions failed: client (422)
Verify	Run Jest tests	2026-10-10T15:58:56.1292571Z 
Verify	Run Jest tests	2026-10-10T15:58:56.1334359Z     ^[[0m ^[[90m 129 |^[[39m     ^[[36mconst^[[39m args ^[[33m=^[[39m [message^[[33m,^[[39m ^[[33m...^[[39mdetails^[[33m.^[[39mfilter(item ^[[33m=>^[[39m item ^[[33m!==^[[39m undefined)]^[[33m;^[[39m
Verify	Run Jest tests	2026-10-10T15:58:56.1336544Z      ^[[90m 130 |^[[39m     ^[[36mif^[[39m (level ^[[33m===^[[39m ^[[32m'error'^[[39m) console^[[33m.^[[39merror(^[[33m...^[[39margs)^[[33m;^[[39m
Verify	Run Jest tests	2026-10-10T15:58:56.1338475Z     ^[[31m^[[1m>^[[22m^[[39m^[[90m 131 |^[[39m     ^[[36melse^[[39m ^[[36mif^[[39m (level ^[[33m===^[[39m ^[[32m'warn'^[[39m) console^[[33m.^[[39mwarn(^[[33m...^[[39margs)^[[33m;^[[39m
Verify	Run Jest tests	2026-10-10T15:58:56.1339919Z      ^[[90m     |^[[39m                                        ^[[31m^[[1m^^[[22m^[[39m
Verify	Run Jest tests	2026-10-10T15:58:56.1341375Z      ^[[90m 132 |^[[39m     ^[[36melse^[[39m ^[[36mif^[[39m (level ^[[33m===^[[39m ^[[32m'info'^[[39m) console^[[33m.^[[39minfo(^[[33m...^[[39margs)^[[33m;^[[39m
Verify	Run Jest tests	2026-10-10T15:58:56.1343179Z      ^[[90m 133 |^[[39m     ^[[36melse^[[39m console^[[33m.^[[39mdebug(^[[33m...^[[39margs)^[[33m;^[[39m
Verify	Run Jest tests	2026-10-10T15:58:56.1344118Z      ^[[90m 134 |^[[39m   }^[[33m;^[[39m^[[0m
Verify	Run Jest tests	2026-10-10T15:58:56.1344485Z 
Verify	Run Jest tests	2026-10-10T15:58:56.1344758Z       at warn (shared/lib/logger.ts:131:40)
Verify	Run Jest tests	2026-10-10T15:58:56.1345467Z       at Object.write [as warn] (shared/lib/logger.ts:142:33)
Verify	Run Jest tests	2026-10-10T15:58:56.1346193Z       at warn (shared/http/httpClient.ts:137:12)
Verify	Run Jest tests	2026-10-10T15:58:56.1347150Z       at asyncGeneratorStep (node_modules/@babel/runtime/helpers/asyncToGenerator.js:3:17)
Verify	Run Jest tests	2026-10-10T15:58:56.1348279Z       at _next (node_modules/@babel/runtime/helpers/asyncToGenerator.js:17:9)
Verify	Run Jest tests	2026-10-10T15:58:56.1349242Z       at node_modules/@babel/runtime/helpers/asyncToGenerator.js:22:7
Verify	Run Jest tests	2026-10-10T15:58:56.1350175Z       at node_modules/@babel/runtime/helpers/asyncToGenerator.js:14:12
Verify	Run Jest tests	2026-10-10T15:58:56.1350973Z       at apply (shared/http/httpClient.ts:143:4)
Verify	Run Jest tests	2026-10-10T15:58:56.1351792Z       at Axios.request (node_modules/axios/dist/browser/axios.cjs:5245:14)
Verify	Run Jest tests	2026-10-10T15:58:56.1353230Z 
Verify	Run Jest tests	2026-10-10T15:58:56.1353420Z     console.warn
Verify	Run Jest tests	2026-10-10T15:58:56.1354024Z       API POST /sessions/refresh failed: unauthorized (401)
Verify	Run Jest tests	2026-10-10T15:58:56.1354511Z 
Verify	Run Jest tests	2026-10-10T15:58:56.1355864Z     ^[[0m ^[[90m 129 |^[[39m     ^[[36mconst^[[39m args ^[[33m=^[[39m [message^[[33m,^[[39m ^[[33m...^[[39mdetails^[[33m.^[[39mfilter(item ^[[33m=>^[[39m item ^[[33m!==^[[39m undefined)]^[[33m;^[[39m
Verify	Run Jest tests	2026-10-10T15:58:56.1357918Z      ^[[90m 130 |^[[39m     ^[[36mif^[[39m (level ^[[33m===^[[39m ^[[32m'error'^[[39m) console^[[33m.^[[39merror(^[[33m...^[[39margs)^[[33m;^[[39m
Verify	Run Jest tests	2026-10-10T15:58:56.1359807Z     ^[[31m^[[1m>^[[22m^[[39m^[[90m 131 |^[[39m     ^[[36melse^[[39m ^[[36mif^[[39m (level ^[[33m===^[[39m ^[[32m'warn'^[[39m) console^[[33m.^[[39mwarn(^[[33m...^[[39margs)^[[33m;^[[39m
Verify	Run Jest tests	2026-10-10T15:58:56.1361231Z      ^[[90m     |^[[39m                                        ^[[31m^[[1m^^[[22m^[[39m
Verify	Run Jest tests	2026-10-10T15:58:56.1392958Z      ^[[90m 132 |^[[39m     ^[[36melse^[[39m ^[[36mif^[[39m (level ^[[33m===^[[39m ^[[32m'info'^[[39m) console^[[33m.^[[39minfo(^[[33m...^[[39margs)^[[33m;^[[39m
Verify	Run Jest tests	2026-10-10T15:58:56.1394350Z      ^[[90m 133 |^[[39m     ^[[36melse^[[39m console^[[33m.^[[39mdebug(^[[33m...^[[39margs)^[[33m;^[[39m
Verify	Run Jest tests	2026-10-10T15:58:56.1395636Z      ^[[90m 134 |^[[39m   }^[[33m;^[[39m^[[0m
Verify	Run Jest tests	2026-10-10T15:58:56.1395993Z 
Verify	Run Jest tests	2026-10-10T15:58:56.1396258Z       at warn (shared/lib/logger.ts:131:40)
Verify	Run Jest tests	2026-10-10T15:58:56.1397205Z       at Object.write [as warn] (shared/lib/logger.ts:142:33)
Verify	Run Jest tests	2026-10-10T15:58:56.1398028Z       at warn (shared/http/httpClient.ts:137:12)
Verify	Run Jest tests	2026-10-10T15:58:56.1398994Z       at asyncGeneratorStep (node_modules/@babel/runtime/helpers/asyncToGenerator.js:3:17)
Verify	Run Jest tests	2026-10-10T15:58:56.1400215Z       at _next (node_modules/@babel/runtime/helpers/asyncToGenerator.js:17:9)
Verify	Run Jest tests	2026-10-10T15:58:56.1401175Z       at node_modules/@babel/runtime/helpers/asyncToGenerator.js:22:7
Verify	Run Jest tests	2026-10-10T15:58:56.1402350Z       at node_modules/@babel/runtime/helpers/asyncToGenerator.js:14:12
Verify	Run Jest tests	2026-10-10T15:58:56.1403182Z       at apply (shared/http/httpClient.ts:143:4)
Verify	Run Jest tests	2026-10-10T15:58:56.1404041Z       at Axios.request (node_modules/axios/dist/browser/axios.cjs:5245:14)
Verify	Run Jest tests	2026-10-10T15:58:56.1404598Z 
Verify	Run Jest tests	2026-10-10T15:58:56.1404781Z     console.warn
Verify	Run Jest tests	2026-10-10T15:58:56.1405285Z       API GET /me failed: unauthorized (401)
Verify	Run Jest tests	2026-10-10T15:58:56.1405662Z 
Verify	Run Jest tests	2026-10-10T15:58:56.1406961Z     ^[[0m ^[[90m 129 |^[[39m     ^[[36mconst^[[39m args ^[[33m=^[[39m [message^[[33m,^[[39m ^[[33m...^[[39mdetails^[[33m.^[[39mfilter(item ^[[33m=>^[[39m item ^[[33m!==^[[39m undefined)]^[[33m;^[[39m
Verify	Run Jest tests	2026-10-10T15:58:56.1408953Z      ^[[90m 130 |^[[39m     ^[[36mif^[[39m (level ^[[33m===^[[39m ^[[32m'error'^[[39m) console^[[33m.^[[39merror(^[[33m...^[[39margs)^[[33m;^[[39m
Verify	Run Jest tests	2026-10-10T15:58:56.1410843Z     ^[[31m^[[1m>^[[22m^[[39m^[[90m 131 |^[[39m     ^[[36melse^[[39m ^[[36mif^[[39m (level ^[[33m===^[[39m ^[[32m'warn'^[[39m) console^[[33m.^[[39mwarn(^[[33m...^[[39margs)^[[33m;^[[39m
Verify	Run Jest tests	2026-10-10T15:58:56.1412505Z      ^[[90m     |^[[39m                                        ^[[31m^[[1m^^[[22m^[[39m
Verify	Run Jest tests	2026-10-10T15:58:56.1413990Z      ^[[90m 132 |^[[39m     ^[[36melse^[[39m ^[[36mif^[[39m (level ^[[33m===^[[39m ^[[32m'info'^[[39m) console^[[33m.^[[39minfo(^[[33m...^[[39margs)^[[33m;^[[39m
Verify	Run Jest tests	2026-10-10T15:58:56.1415583Z      ^[[90m 133 |^[[39m     ^[[36melse^[[39m console^[[33m.^[[39mdebug(^[[33m...^[[39margs)^[[33m;^[[39m
Verify	Run Jest tests	2026-10-10T15:58:56.1416529Z      ^[[90m 134 |^[[39m   }^[[33m;^[[39m^[[0m
Verify	Run Jest tests	2026-10-10T15:58:56.1416844Z 
Verify	Run Jest tests	2026-10-10T15:58:56.1417095Z       at warn (shared/lib/logger.ts:131:40)
Verify	Run Jest tests	2026-10-10T15:58:56.1417756Z       at Object.write [as warn] (shared/lib/logger.ts:142:33)
Verify	Run Jest tests	2026-10-10T15:58:56.1418424Z       at warn (shared/http/httpClient.ts:137:12)
Verify	Run Jest tests	2026-10-10T15:58:56.1419361Z       at asyncGeneratorStep (node_modules/@babel/runtime/helpers/asyncToGenerator.js:3:17)
Verify	Run Jest tests	2026-10-10T15:58:56.1420465Z       at _next (node_modules/@babel/runtime/helpers/asyncToGenerator.js:17:9)
Verify	Run Jest tests	2026-10-10T15:58:56.1421050Z 
Verify	Run Jest tests	2026-10-10T15:58:56.1421247Z     console.warn
Verify	Run Jest tests	2026-10-10T15:58:56.1421698Z       API DELETE /sessions failed: network
Verify	Run Jest tests	2026-10-10T15:58:56.1422032Z 
Verify	Run Jest tests	2026-10-10T15:58:56.1453938Z     ^[[0m ^[[90m 129 |^[[39m     ^[[36mconst^[[39m args ^[[33m=^[[39m [message^[[33m,^[[39m ^[[33m...^[[39mdetails^[[33m.^[[39mfilter(item ^[[33m=>^[[39m item ^[[33m!==^[[39m undefined)]^[[33m;^[[39m
Verify	Run Jest tests	2026-10-10T15:58:56.1456406Z      ^[[90m 130 |^[[39m     ^[[36mif^[[39m (level ^[[33m===^[[39m ^[[32m'error'^[[39m) console^[[33m.^[[39merror(^[[33m...^[[39margs)^[[33m;^[[39m
Verify	Run Jest tests	2026-10-10T15:58:56.1458258Z     ^[[31m^[[1m>^[[22m^[[39m^[[90m 131 |^[[39m     ^[[36melse^[[39m ^[[36mif^[[39m (level ^[[33m===^[[39m ^[[32m'warn'^[[39m) console^[[33m.^[[39mwarn(^[[33m...^[[39margs)^[[33m;^[[39m
Verify	Run Jest tests	2026-10-10T15:58:56.1459668Z      ^[[90m     |^[[39m                                        ^[[31m^[[1m^^[[22m^[[39m
Verify	Run Jest tests	2026-10-10T15:58:56.1461078Z      ^[[90m 132 |^[[39m     ^[[36melse^[[39m ^[[36mif^[[39m (level ^[[33m===^[[39m ^[[32m'info'^[[39m) console^[[33m.^[[39minfo(^[[33m...^[[39margs)^[[33m;^[[39m
Verify	Run Jest tests	2026-10-10T15:58:56.1462745Z      ^[[90m 133 |^[[39m     ^[[36melse^[[39m console^[[33m.^[[39mdebug(^[[33m...^[[39margs)^[[33m;^[[39m
Verify	Run Jest tests	2026-10-10T15:58:56.1463613Z      ^[[90m 134 |^[[39m   }^[[33m;^[[39m^[[0m
Verify	Run Jest tests	2026-10-10T15:58:56.1463970Z 
Verify	Run Jest tests	2026-10-10T15:58:56.1464239Z       at warn (shared/lib/logger.ts:131:40)
Verify	Run Jest tests	2026-10-10T15:58:56.1464982Z       at Object.write [as warn] (shared/lib/logger.ts:142:33)
Verify	Run Jest tests	2026-10-10T15:58:56.1466039Z       at warn (shared/http/httpClient.ts:137:12)
Verify	Run Jest tests	2026-10-10T15:58:56.1467058Z       at asyncGeneratorStep (node_modules/@babel/runtime/helpers/asyncToGenerator.js:3:17)
Verify	Run Jest tests	2026-10-10T15:58:56.1468239Z       at _next (node_modules/@babel/runtime/helpers/asyncToGenerator.js:17:9)
Verify	Run Jest tests	2026-10-10T15:58:56.1469156Z       at node_modules/@babel/runtime/helpers/asyncToGenerator.js:22:7
Verify	Run Jest tests	2026-10-10T15:58:56.1470159Z       at node_modules/@babel/runtime/helpers/asyncToGenerator.js:14:12
Verify	Run Jest tests	2026-10-10T15:58:56.1470961Z       at apply (shared/http/httpClient.ts:143:4)
Verify	Run Jest tests	2026-10-10T15:58:56.1471788Z       at Axios.request (node_modules/axios/dist/browser/axios.cjs:5245:14)
Verify	Run Jest tests	2026-10-10T15:58:56.1472590Z 
Verify	Run Jest tests	2026-10-10T15:58:56.1472769Z     console.warn
Verify	Run Jest tests	2026-10-10T15:58:56.1473541Z       Signing out on the auth backend failed { error: 'Network error: check your connection' }
Verify	Run Jest tests	2026-10-10T15:58:56.1474180Z 
Verify	Run Jest tests	2026-10-10T15:58:56.1475417Z     ^[[0m ^[[90m 129 |^[[39m     ^[[36mconst^[[39m args ^[[33m=^[[39m [message^[[33m,^[[39m ^[[33m...^[[39mdetails^[[33m.^[[39mfilter(item ^[[33m=>^[[39m item ^[[33m!==^[[39m undefined)]^[[33m;^[[39m
Verify	Run Jest tests	2026-10-10T15:58:56.1477351Z      ^[[90m 130 |^[[39m     ^[[36mif^[[39m (level ^[[33m===^[[39m ^[[32m'error'^[[39m) console^[[33m.^[[39merror(^[[33m...^[[39margs)^[[33m;^[[39m
Verify	Run Jest tests	2026-10-10T15:58:56.1479168Z     ^[[31m^[[1m>^[[22m^[[39m^[[90m 131 |^[[39m     ^[[36melse^[[39m ^[[36mif^[[39m (level ^[[33m===^[[39m ^[[32m'warn'^[[39m) console^[[33m.^[[39mwarn(^[[33m...^[[39margs)^[[33m;^[[39m
Verify	Run Jest tests	2026-10-10T15:58:56.1480588Z      ^[[90m     |^[[39m                                        ^[[31m^[[1m^^[[22m^[[39m
Verify	Run Jest tests	2026-10-10T15:58:56.1482004Z      ^[[90m 132 |^[[39m     ^[[36melse^[[39m ^[[36mif^[[39m (level ^[[33m===^[[39m ^[[32m'info'^[[39m) console^[[33m.^[[39minfo(^[[33m...^[[39margs)^[[33m;^[[39m
Verify	Run Jest tests	2026-10-10T15:58:56.1513925Z      ^[[90m 133 |^[[39m     ^[[36melse^[[39m console^[[33m.^[[39mdebug(^[[33m...^[[39margs)^[[33m;^[[39m
Verify	Run Jest tests	2026-10-10T15:58:56.1514860Z      ^[[90m 134 |^[[39m   }^[[33m;^[[39m^[[0m
Verify	Run Jest tests	2026-10-10T15:58:56.1515364Z 
Verify	Run Jest tests	2026-10-10T15:58:56.1515617Z       at warn (shared/lib/logger.ts:131:40)
Verify	Run Jest tests	2026-10-10T15:58:56.1516344Z       at Object.write [as warn] (shared/lib/logger.ts:142:33)
Verify	Run Jest tests	2026-10-10T15:58:56.1517121Z       at Object.warn (shared/session/authService.ts:148:14)
Verify	Run Jest tests	2026-10-10T15:58:56.1517797Z           at Generator.throw (<anonymous>)
Verify	Run Jest tests	2026-10-10T15:58:56.1518737Z       at asyncGeneratorStep (node_modules/@babel/runtime/helpers/asyncToGenerator.js:3:17)
Verify	Run Jest tests	2026-10-10T15:58:56.1519825Z       at _throw (node_modules/@babel/runtime/helpers/asyncToGenerator.js:20:9)
Verify	Run Jest tests	2026-10-10T15:58:56.1520368Z 
Verify	Run Jest tests	2026-10-10T15:58:56.2878933Z PASS __tests__/shared/config/env.test.ts
Verify	Run Jest tests	2026-10-10T15:58:56.5236456Z PASS __tests__/shared/http/api.test.ts
Verify	Run Jest tests	2026-10-10T15:58:56.5262798Z   ● Console
Verify	Run Jest tests	2026-10-10T15:58:56.5263337Z 
Verify	Run Jest tests	2026-10-10T15:58:56.5263703Z     console.warn
Verify	Run Jest tests	2026-10-10T15:58:56.5264419Z       API request failed: server (503)
Verify	Run Jest tests	2026-10-10T15:58:56.5265492Z 
Verify	Run Jest tests	2026-10-10T15:58:56.5266981Z     ^[[0m ^[[90m 129 |^[[39m     ^[[36mconst^[[39m args ^[[33m=^[[39m [message^[[33m,^[[39m ^[[33m...^[[39mdetails^[[33m.^[[39mfilter(item ^[[33m=>^[[39m item ^[[33m!==^[[39m undefined)]^[[33m;^[[39m
Verify	Run Jest tests	2026-10-10T15:58:56.5269069Z      ^[[90m 130 |^[[39m     ^[[36mif^[[39m (level ^[[33m===^[[39m ^[[32m'error'^[[39m) console^[[33m.^[[39merror(^[[33m...^[[39margs)^[[33m;^[[39m
Verify	Run Jest tests	2026-10-10T15:58:56.5271069Z     ^[[31m^[[1m>^[[22m^[[39m^[[90m 131 |^[[39m     ^[[36melse^[[39m ^[[36mif^[[39m (level ^[[33m===^[[39m ^[[32m'warn'^[[39m) console^[[33m.^[[39mwarn(^[[33m...^[[39margs)^[[33m;^[[39m
Verify	Run Jest tests	2026-10-10T15:58:56.5272872Z      ^[[90m     |^[[39m                                        ^[[31m^[[1m^^[[22m^[[39m
Verify	Run Jest tests	2026-10-10T15:58:56.5274437Z      ^[[90m 132 |^[[39m     ^[[36melse^[[39m ^[[36mif^[[39m (level ^[[33m===^[[39m ^[[32m'info'^[[39m) console^[[33m.^[[39minfo(^[[33m...^[[39margs)^[[33m;^[[39m
Verify	Run Jest tests	2026-10-10T15:58:56.5276135Z      ^[[90m 133 |^[[39m     ^[[36melse^[[39m console^[[33m.^[[39mdebug(^[[33m...^[[39margs)^[[33m;^[[39m
Verify	Run Jest tests	2026-10-10T15:58:56.5277435Z      ^[[90m 134 |^[[39m   }^[[33m;^[[39m^[[0m
Verify	Run Jest tests	2026-10-10T15:58:56.5280543Z 
Verify	Run Jest tests	2026-10-10T15:58:56.5281042Z       at warn (shared/lib/logger.ts:131:40)
Verify	Run Jest tests	2026-10-10T15:58:56.5282534Z       at Object.write [as warn] (shared/lib/logger.ts:142:33)
Verify	Run Jest tests	2026-10-10T15:58:56.5283552Z       at warn (shared/http/httpClient.ts:137:12)
Verify	Run Jest tests	2026-10-10T15:58:56.5284687Z       at asyncGeneratorStep (node_modules/@babel/runtime/helpers/asyncToGenerator.js:3:17)
Verify	Run Jest tests	2026-10-10T15:58:56.5285948Z       at _next (node_modules/@babel/runtime/helpers/asyncToGenerator.js:17:9)
Verify	Run Jest tests	2026-10-10T15:58:56.5287081Z       at node_modules/@babel/runtime/helpers/asyncToGenerator.js:22:7
Verify	Run Jest tests	2026-10-10T15:58:56.5288168Z       at node_modules/@babel/runtime/helpers/asyncToGenerator.js:14:12
Verify	Run Jest tests	2026-10-10T15:58:56.5289127Z       at apply (shared/http/httpClient.ts:143:4)
Verify	Run Jest tests	2026-10-10T15:58:56.5293743Z       at Axios.request (node_modules/axios/dist/browser/axios.cjs:5245:14)
Verify	Run Jest tests	2026-10-10T15:58:56.5294508Z 
Verify	Run Jest tests	2026-10-10T15:58:56.6273720Z PASS __tests__/shared/lib/useFetch.test.tsx
Verify	Run Jest tests	2026-10-10T15:58:59.5203585Z PASS __tests__/shared/ui/ErrorBoundary.test.tsx (11.604 s)
Verify	Run Jest tests	2026-10-10T15:58:59.5515114Z   ● Console
Verify	Run Jest tests	2026-10-10T15:58:59.5533320Z 
Verify	Run Jest tests	2026-10-10T15:58:59.5553562Z     console.debug
Verify	Run Jest tests	2026-10-10T15:58:59.5554093Z       [analytics] screen /boom
Verify	Run Jest tests	2026-10-10T15:58:59.5554585Z 
Verify	Run Jest tests	2026-10-10T15:58:59.5555043Z       at debug (shared/lib/logger.ts:133:18)
Verify	Run Jest tests	2026-10-10T15:58:59.5555416Z 
Verify	Run Jest tests	2026-10-10T15:58:59.5555575Z     console.debug
Verify	Run Jest tests	2026-10-10T15:58:59.5556157Z       [analytics] screen /
Verify	Run Jest tests	2026-10-10T15:58:59.5556451Z 
Verify	Run Jest tests	2026-10-10T15:58:59.5559301Z       at debug (shared/lib/logger.ts:133:18)
Verify	Run Jest tests	2026-10-10T15:58:59.5559683Z 
Verify	Run Jest tests	2026-10-10T15:58:59.5559847Z     console.debug
Verify	Run Jest tests	2026-10-10T15:58:59.5560233Z       [analytics] screen /
Verify	Run Jest tests	2026-10-10T15:58:59.5560503Z 
Verify	Run Jest tests	2026-10-10T15:58:59.5560735Z       at debug (shared/lib/logger.ts:133:18)
Verify	Run Jest tests	2026-10-10T15:58:59.5561076Z 
Verify	Run Jest tests	2026-10-10T15:58:59.5561237Z     console.debug
Verify	Run Jest tests	2026-10-10T15:58:59.5561660Z       [analytics] screen /boom
Verify	Run Jest tests	2026-10-10T15:58:59.5561941Z 
Verify	Run Jest tests	2026-10-10T15:58:59.5562553Z       at debug (shared/lib/logger.ts:133:18)
Verify	Run Jest tests	2026-10-10T15:58:59.5562910Z 
Verify	Run Jest tests	2026-10-10T15:58:59.5563252Z     console.debug
Verify	Run Jest tests	2026-10-10T15:58:59.5563665Z       [analytics] screen /
Verify	Run Jest tests	2026-10-10T15:58:59.5564060Z 
Verify	Run Jest tests	2026-10-10T15:58:59.5564319Z       at debug (shared/lib/logger.ts:133:18)
Verify	Run Jest tests	2026-10-10T15:58:59.5564661Z 
Verify	Run Jest tests	2026-10-10T15:58:59.5564815Z     console.debug
Verify	Run Jest tests	2026-10-10T15:58:59.5565173Z       [analytics] screen /
Verify	Run Jest tests	2026-10-10T15:58:59.5565507Z 
Verify	Run Jest tests	2026-10-10T15:58:59.5566111Z       at debug (shared/lib/logger.ts:133:18)
Verify	Run Jest tests	2026-10-10T15:58:59.5566452Z 
Verify	Run Jest tests	2026-10-10T15:58:59.5566605Z     console.debug
Verify	Run Jest tests	2026-10-10T15:58:59.5567022Z       [analytics] screen /boom
Verify	Run Jest tests	2026-10-10T15:58:59.5567305Z 
Verify	Run Jest tests	2026-10-10T15:58:59.5567538Z       at debug (shared/lib/logger.ts:133:18)
Verify	Run Jest tests	2026-10-10T15:58:59.5567873Z 
Verify	Run Jest tests	2026-10-10T15:58:59.5568151Z     console.debug
Verify	Run Jest tests	2026-10-10T15:58:59.5568529Z       [analytics] screen /
Verify	Run Jest tests	2026-10-10T15:58:59.5568868Z 
Verify	Run Jest tests	2026-10-10T15:58:59.5569314Z       at debug (shared/lib/logger.ts:133:18)
Verify	Run Jest tests	2026-10-10T15:58:59.5570097Z 
Verify	Run Jest tests	2026-10-10T15:58:59.5570252Z     console.debug
Verify	Run Jest tests	2026-10-10T15:58:59.5570687Z       [analytics] screen /boom
Verify	Run Jest tests	2026-10-10T15:58:59.5571160Z 
Verify	Run Jest tests	2026-10-10T15:58:59.5571429Z       at debug (shared/lib/logger.ts:133:18)
Verify	Run Jest tests	2026-10-10T15:58:59.5571801Z 
Verify	Run Jest tests	2026-10-10T15:58:59.5581200Z     console.debug
Verify	Run Jest tests	2026-10-10T15:58:59.5582011Z       [analytics] screen /
Verify	Run Jest tests	2026-10-10T15:58:59.5582599Z 
Verify	Run Jest tests	2026-10-10T15:58:59.5590353Z       at debug (shared/lib/logger.ts:133:18)
Verify	Run Jest tests	2026-10-10T15:58:59.5590880Z 
Verify	Run Jest tests	2026-10-10T15:58:59.5591272Z     console.debug
Verify	Run Jest tests	2026-10-10T15:58:59.5591721Z       [analytics] screen /boom
Verify	Run Jest tests	2026-10-10T15:58:59.5592028Z 
Verify	Run Jest tests	2026-10-10T15:58:59.5592680Z       at debug (shared/lib/logger.ts:133:18)
Verify	Run Jest tests	2026-10-10T15:58:59.5593322Z 
Verify	Run Jest tests	2026-10-10T15:58:59.8069446Z PASS __tests__/shared/session/tokenStore.test.tsx
Verify	Run Jest tests	2026-10-10T15:58:59.8253363Z   ● Console
Verify	Run Jest tests	2026-10-10T15:58:59.8272937Z 
Verify	Run Jest tests	2026-10-10T15:58:59.8273600Z     console.debug
Verify	Run Jest tests	2026-10-10T15:58:59.8274277Z       [analytics] screen /login
Verify	Run Jest tests	2026-10-10T15:58:59.8274843Z 
Verify	Run Jest tests	2026-10-10T15:58:59.8275310Z       at debug (shared/lib/logger.ts:133:18)
Verify	Run Jest tests	2026-10-10T15:58:59.8275897Z 
Verify	Run Jest tests	2026-10-10T15:58:59.8276238Z     console.debug
Verify	Run Jest tests	2026-10-10T15:58:59.8277286Z       [analytics] screen /
Verify	Run Jest tests	2026-10-10T15:58:59.8277776Z 
Verify	Run Jest tests	2026-10-10T15:58:59.8278192Z       at debug (shared/lib/logger.ts:133:18)
Verify	Run Jest tests	2026-10-10T15:58:59.8278754Z 
Verify	Run Jest tests	2026-10-10T15:58:59.8279095Z     console.debug
Verify	Run Jest tests	2026-10-10T15:58:59.8279726Z       [analytics] screen /login
Verify	Run Jest tests	2026-10-10T15:58:59.8280217Z 
Verify	Run Jest tests	2026-10-10T15:58:59.8280635Z       at debug (shared/lib/logger.ts:133:18)
Verify	Run Jest tests	2026-10-10T15:58:59.8281188Z 
Verify	Run Jest tests	2026-10-10T15:58:59.8281529Z     console.debug
Verify	Run Jest tests	2026-10-10T15:58:59.8282352Z       [analytics] screen /
Verify	Run Jest tests	2026-10-10T15:58:59.8282853Z 
Verify	Run Jest tests	2026-10-10T15:58:59.8283286Z       at debug (shared/lib/logger.ts:133:18)
Verify	Run Jest tests	2026-10-10T15:58:59.8283837Z 
Verify	Run Jest tests	2026-10-10T15:58:59.8284162Z     console.debug
Verify	Run Jest tests	2026-10-10T15:58:59.8284750Z       [analytics] screen /
Verify	Run Jest tests	2026-10-10T15:58:59.8285200Z 
Verify	Run Jest tests	2026-10-10T15:58:59.8285644Z       at debug (shared/lib/logger.ts:133:18)
Verify	Run Jest tests	2026-10-10T15:58:59.8286207Z 
Verify	Run Jest tests	2026-10-10T15:59:00.6347792Z PASS __tests__/features/auth/LoginScreen.test.tsx
Verify	Run Jest tests	2026-10-10T15:59:00.6377760Z   ● Console
Verify	Run Jest tests	2026-10-10T15:59:00.6398385Z 
Verify	Run Jest tests	2026-10-10T15:59:00.6398730Z     console.error
Verify	Run Jest tests	2026-10-10T15:59:00.6399475Z       An update to SessionProvider inside a test was not wrapped in act(...).
Verify	Run Jest tests	2026-10-10T15:59:00.6400194Z       
Verify	Run Jest tests	2026-10-10T15:59:00.6401079Z       When testing, code that causes React state updates should be wrapped into act(...):
Verify	Run Jest tests	2026-10-10T15:59:00.6402423Z       
Verify	Run Jest tests	2026-10-10T15:59:00.6403130Z       act(() => {
Verify	Run Jest tests	2026-10-10T15:59:00.6403655Z         /* fire events that update state */
Verify	Run Jest tests	2026-10-10T15:59:00.6404136Z       });
Verify	Run Jest tests	2026-10-10T15:59:00.6404541Z       /* assert on the output */
Verify	Run Jest tests	2026-10-10T15:59:00.6404969Z       
Verify	Run Jest tests	2026-10-10T15:59:00.6406064Z       This ensures that you're testing the behavior the user would see in the browser. Learn more at https://react.dev/link/wrap-tests-with-act
Verify	Run Jest tests	2026-10-10T15:59:00.6407005Z 
Verify	Run Jest tests	2026-10-10T15:59:00.6407691Z     ^[[0m ^[[90m 86 |^[[39m     readStoredSession()^[[33m.^[[39mthen(restored ^[[33m=>^[[39m {
Verify	Run Jest tests	2026-10-10T15:59:00.6409205Z      ^[[90m 87 |^[[39m       ^[[36mif^[[39m (^[[33m!^[[39mchangedRef^[[33m.^[[39mcurrent ^[[33m&&^[[39m isMountedRef^[[33m.^[[39mcurrent) {
Verify	Run Jest tests	2026-10-10T15:59:00.6410375Z     ^[[31m^[[1m>^[[22m^[[39m^[[90m 88 |^[[39m         setSession(restored)^[[33m;^[[39m
Verify	Run Jest tests	2026-10-10T15:59:00.6411127Z      ^[[90m    |^[[39m         ^[[31m^[[1m^^[[22m^[[39m
Verify	Run Jest tests	2026-10-10T15:59:00.6411661Z      ^[[90m 89 |^[[39m       }
Verify	Run Jest tests	2026-10-10T15:59:00.6412418Z      ^[[90m 90 |^[[39m     })^[[33m;^[[39m
Verify	Run Jest tests	2026-10-10T15:59:00.6413315Z      ^[[90m 91 |^[[39m     ^[[90m// The HTTP client has already cleared the stored session.^[[39m^[[0m
Verify	Run Jest tests	2026-10-10T15:59:00.6413877Z 
Verify	Run Jest tests	2026-10-10T15:59:00.6414441Z       at node_modules/react-test-renderer/cjs/react-test-renderer.development.js:14402:19
Verify	Run Jest tests	2026-10-10T15:59:00.6415758Z       at runWithFiberInDEV (node_modules/react-test-renderer/cjs/react-test-renderer.development.js:2315:13)
Verify	Run Jest tests	2026-10-10T15:59:00.6417413Z       at warnIfUpdatesNotWrappedWithActDEV (node_modules/react-test-renderer/cjs/react-test-renderer.development.js:14401:9)
Verify	Run Jest tests	2026-10-10T15:59:00.6419517Z       at scheduleUpdateOnFiber (node_modules/react-test-renderer/cjs/react-test-renderer.development.js:12086:9)
Verify	Run Jest tests	2026-10-10T15:59:00.6421049Z       at dispatchSetStateInternal (node_modules/react-test-renderer/cjs/react-test-renderer.development.js:6208:13)
Verify	Run Jest tests	2026-10-10T15:59:00.6422749Z       at dispatchSetState (node_modules/react-test-renderer/cjs/react-test-renderer.development.js:6165:7)
Verify	Run Jest tests	2026-10-10T15:59:00.6423767Z       at setSession (shared/session/SessionProvider.tsx:88:9)
Verify	Run Jest tests	2026-10-10T15:59:00.6424183Z 
Verify	Run Jest tests	2026-10-10T15:59:00.6424360Z     console.error
Verify	Run Jest tests	2026-10-10T15:59:00.6424993Z       An update to SessionProvider inside a test was not wrapped in act(...).
Verify	Run Jest tests	2026-10-10T15:59:00.6425653Z       
Verify	Run Jest tests	2026-10-10T15:59:00.6426330Z       When testing, code that causes React state updates should be wrapped into act(...):
Verify	Run Jest tests	2026-10-10T15:59:00.6427030Z       
Verify	Run Jest tests	2026-10-10T15:59:00.6427354Z       act(() => {
Verify	Run Jest tests	2026-10-10T15:59:00.6427839Z         /* fire events that update state */
Verify	Run Jest tests	2026-10-10T15:59:00.6428318Z       });
Verify	Run Jest tests	2026-10-10T15:59:00.6428703Z       /* assert on the output */
Verify	Run Jest tests	2026-10-10T15:59:00.6429431Z       
Verify	Run Jest tests	2026-10-10T15:59:00.6430470Z       This ensures that you're testing the behavior the user would see in the browser. Learn more at https://react.dev/link/wrap-tests-with-act
Verify	Run Jest tests	2026-10-10T15:59:00.6431369Z 
Verify	Run Jest tests	2026-10-10T15:59:00.6431974Z     ^[[0m ^[[90m 86 |^[[39m     readStoredSession()^[[33m.^[[39mthen(restored ^[[33m=>^[[39m {
Verify	Run Jest tests	2026-10-10T15:59:00.6434412Z      ^[[90m 87 |^[[39m       ^[[36mif^[[39m (^[[33m!^[[39mchangedRef^[[33m.^[[39mcurrent ^[[33m&&^[[39m isMountedRef^[[33m.^[[39mcurrent) {
Verify	Run Jest tests	2026-10-10T15:59:00.6435606Z     ^[[31m^[[1m>^[[22m^[[39m^[[90m 88 |^[[39m         setSession(restored)^[[33m;^[[39m
Verify	Run Jest tests	2026-10-10T15:59:00.6436396Z      ^[[90m    |^[[39m         ^[[31m^[[1m^^[[22m^[[39m
Verify	Run Jest tests	2026-10-10T15:59:00.6436954Z      ^[[90m 89 |^[[39m       }
Verify	Run Jest tests	2026-10-10T15:59:00.6437474Z      ^[[90m 90 |^[[39m     })^[[33m;^[[39m
Verify	Run Jest tests	2026-10-10T15:59:00.6438412Z      ^[[90m 91 |^[[39m     ^[[90m// The HTTP client has already cleared the stored session.^[[39m^[[0m
Verify	Run Jest tests	2026-10-10T15:59:00.6439019Z 
Verify	Run Jest tests	2026-10-10T15:59:00.6439603Z       at node_modules/react-test-renderer/cjs/react-test-renderer.development.js:14402:19
Verify	Run Jest tests	2026-10-10T15:59:00.6440904Z       at runWithFiberInDEV (node_modules/react-test-renderer/cjs/react-test-renderer.development.js:2315:13)
Verify	Run Jest tests	2026-10-10T15:59:00.6442751Z       at warnIfUpdatesNotWrappedWithActDEV (node_modules/react-test-renderer/cjs/react-test-renderer.development.js:14401:9)
Verify	Run Jest tests	2026-10-10T15:59:00.6444357Z       at scheduleUpdateOnFiber (node_modules/react-test-renderer/cjs/react-test-renderer.development.js:12086:9)
Verify	Run Jest tests	2026-10-10T15:59:00.6445854Z       at dispatchSetStateInternal (node_modules/react-test-renderer/cjs/react-test-renderer.development.js:6208:13)
Verify	Run Jest tests	2026-10-10T15:59:00.6447318Z       at dispatchSetState (node_modules/react-test-renderer/cjs/react-test-renderer.development.js:6165:7)
Verify	Run Jest tests	2026-10-10T15:59:00.6448359Z       at setSession (shared/session/SessionProvider.tsx:88:9)
Verify	Run Jest tests	2026-10-10T15:59:00.6448799Z 
Verify	Run Jest tests	2026-10-10T15:59:01.7879146Z PASS __tests__/features/home/HomeScreen.test.tsx
Verify	Run Jest tests	2026-10-10T15:59:02.0431941Z PASS __tests__/shared/integrations/seams.test.ts
Verify	Run Jest tests	2026-10-10T15:59:02.1683475Z PASS __tests__/app/sessionRoutes.test.tsx
Verify	Run Jest tests	2026-10-10T15:59:02.2253535Z   ● Console
Verify	Run Jest tests	2026-10-10T15:59:02.2292559Z 
Verify	Run Jest tests	2026-10-10T15:59:02.2322935Z     console.debug
Verify	Run Jest tests	2026-10-10T15:59:02.2346182Z       [analytics] screen /profile
Verify	Run Jest tests	2026-10-10T15:59:02.2362477Z 
Verify	Run Jest tests	2026-10-10T15:59:02.2393064Z       at debug (shared/lib/logger.ts:133:18)
Verify	Run Jest tests	2026-10-10T15:59:02.2430822Z 
Verify	Run Jest tests	2026-10-10T15:59:02.2442559Z     console.debug
Verify	Run Jest tests	2026-10-10T15:59:02.2452830Z       [analytics] screen /profile
Verify	Run Jest tests	2026-10-10T15:59:02.2474268Z 
Verify	Run Jest tests	2026-10-10T15:59:02.2474791Z       at debug (shared/lib/logger.ts:133:18)
Verify	Run Jest tests	2026-10-10T15:59:02.2475351Z 
Verify	Run Jest tests	2026-10-10T15:59:02.2475693Z     console.debug
Verify	Run Jest tests	2026-10-10T15:59:02.2476342Z       [analytics] screen /
Verify	Run Jest tests	2026-10-10T15:59:02.2476786Z 
Verify	Run Jest tests	2026-10-10T15:59:02.2477673Z       at debug (shared/lib/logger.ts:133:18)
Verify	Run Jest tests	2026-10-10T15:59:02.2478213Z 
Verify	Run Jest tests	2026-10-10T15:59:02.2478569Z     console.debug
Verify	Run Jest tests	2026-10-10T15:59:02.2479267Z       [analytics] screen /login
Verify	Run Jest tests	2026-10-10T15:59:02.2479836Z 
Verify	Run Jest tests	2026-10-10T15:59:02.2480312Z       at debug (shared/lib/logger.ts:133:18)
Verify	Run Jest tests	2026-10-10T15:59:02.2480906Z 
Verify	Run Jest tests	2026-10-10T15:59:02.2481249Z     console.debug
Verify	Run Jest tests	2026-10-10T15:59:02.2481825Z       [analytics] screen /
Verify	Run Jest tests	2026-10-10T15:59:02.2482543Z 
Verify	Run Jest tests	2026-10-10T15:59:02.2482973Z       at debug (shared/lib/logger.ts:133:18)
Verify	Run Jest tests	2026-10-10T15:59:02.2483526Z 
Verify	Run Jest tests	2026-10-10T15:59:02.2483873Z     console.debug
Verify	Run Jest tests	2026-10-10T15:59:02.2484534Z       [analytics] screen /login
Verify	Run Jest tests	2026-10-10T15:59:02.2485063Z 
Verify	Run Jest tests	2026-10-10T15:59:02.2485515Z       at debug (shared/lib/logger.ts:133:18)
Verify	Run Jest tests	2026-10-10T15:59:02.2486085Z 
Verify	Run Jest tests	2026-10-10T15:59:02.2486459Z     console.debug
Verify	Run Jest tests	2026-10-10T15:59:02.2487056Z       [analytics] screen /
Verify	Run Jest tests	2026-10-10T15:59:02.2488505Z 
Verify	Run Jest tests	2026-10-10T15:59:02.2489013Z       at debug (shared/lib/logger.ts:133:18)
Verify	Run Jest tests	2026-10-10T15:59:02.2489598Z 
Verify	Run Jest tests	2026-10-10T15:59:02.2489946Z     console.debug
Verify	Run Jest tests	2026-10-10T15:59:02.2490609Z       [analytics] screen /profile
Verify	Run Jest tests	2026-10-10T15:59:02.2491128Z 
Verify	Run Jest tests	2026-10-10T15:59:02.2491931Z       at debug (shared/lib/logger.ts:133:18)
Verify	Run Jest tests	2026-10-10T15:59:02.2498842Z 
Verify	Run Jest tests	2026-10-10T15:59:02.2499262Z     console.debug
Verify	Run Jest tests	2026-10-10T15:59:02.2499895Z       [analytics] screen /
Verify	Run Jest tests	2026-10-10T15:59:02.2500383Z 
Verify	Run Jest tests	2026-10-10T15:59:02.2500841Z       at debug (shared/lib/logger.ts:133:18)
Verify	Run Jest tests	2026-10-10T15:59:02.2501411Z 
Verify	Run Jest tests	2026-10-10T15:59:02.2501753Z     console.debug
Verify	Run Jest tests	2026-10-10T15:59:02.2502682Z       [analytics] screen /profile
Verify	Run Jest tests	2026-10-10T15:59:02.2503207Z 
Verify	Run Jest tests	2026-10-10T15:59:02.2503660Z       at debug (shared/lib/logger.ts:133:18)
Verify	Run Jest tests	2026-10-10T15:59:02.2504223Z 
Verify	Run Jest tests	2026-10-10T15:59:02.2504581Z     console.debug
Verify	Run Jest tests	2026-10-10T15:59:02.2505230Z       [analytics] screen /
Verify	Run Jest tests	2026-10-10T15:59:02.2505736Z 
Verify	Run Jest tests	2026-10-10T15:59:02.2506168Z       at debug (shared/lib/logger.ts:133:18)
Verify	Run Jest tests	2026-10-10T15:59:02.2506729Z 
Verify	Run Jest tests	2026-10-10T15:59:02.2507073Z     console.debug
Verify	Run Jest tests	2026-10-10T15:59:02.2507726Z       [analytics] screen /profile
Verify	Run Jest tests	2026-10-10T15:59:02.2508248Z 
Verify	Run Jest tests	2026-10-10T15:59:02.2508674Z       at debug (shared/lib/logger.ts:133:18)
Verify	Run Jest tests	2026-10-10T15:59:02.2509235Z 
Verify	Run Jest tests	2026-10-10T15:59:02.2509581Z     console.debug
Verify	Run Jest tests	2026-10-10T15:59:02.2510177Z       [analytics] screen /
Verify	Run Jest tests	2026-10-10T15:59:02.2510649Z 
Verify	Run Jest tests	2026-10-10T15:59:02.2511093Z       at debug (shared/lib/logger.ts:133:18)
Verify	Run Jest tests	2026-10-10T15:59:02.2511649Z 
Verify	Run Jest tests	2026-10-10T15:59:02.2512332Z     console.debug
Verify	Run Jest tests	2026-10-10T15:59:02.2513091Z       [analytics] screen /profile
Verify	Run Jest tests	2026-10-10T15:59:02.2513609Z 
Verify	Run Jest tests	2026-10-10T15:59:02.2514042Z       at debug (shared/lib/logger.ts:133:18)
Verify	Run Jest tests	2026-10-10T15:59:02.2514592Z 
Verify	Run Jest tests	2026-10-10T15:59:02.2515142Z     console.debug
Verify	Run Jest tests	2026-10-10T15:59:02.2515749Z       [analytics] screen /
Verify	Run Jest tests	2026-10-10T15:59:02.2516211Z 
Verify	Run Jest tests	2026-10-10T15:59:02.2516655Z       at debug (shared/lib/logger.ts:133:18)
Verify	Run Jest tests	2026-10-10T15:59:02.2517223Z 
Verify	Run Jest tests	2026-10-10T15:59:02.2517547Z     console.debug
Verify	Run Jest tests	2026-10-10T15:59:02.2518131Z       [analytics] screen /
Verify	Run Jest tests	2026-10-10T15:59:02.2518608Z 
Verify	Run Jest tests	2026-10-10T15:59:02.2519031Z       at debug (shared/lib/logger.ts:133:18)
Verify	Run Jest tests	2026-10-10T15:59:02.2519577Z 
Verify	Run Jest tests	2026-10-10T15:59:02.2519926Z     console.debug
Verify	Run Jest tests	2026-10-10T15:59:02.2520576Z       [analytics] screen /profile
Verify	Run Jest tests	2026-10-10T15:59:02.2521484Z 
Verify	Run Jest tests	2026-10-10T15:59:02.2521939Z       at debug (shared/lib/logger.ts:133:18)
Verify	Run Jest tests	2026-10-10T15:59:02.2522700Z 
Verify	Run Jest tests	2026-10-10T15:59:02.2523041Z     console.debug
Verify	Run Jest tests	2026-10-10T15:59:02.2523615Z       [analytics] screen /
Verify	Run Jest tests	2026-10-10T15:59:02.2524065Z 
Verify	Run Jest tests	2026-10-10T15:59:02.2524476Z       at debug (shared/lib/logger.ts:133:18)
Verify	Run Jest tests	2026-10-10T15:59:02.2524989Z 
Verify	Run Jest tests	2026-10-10T15:59:02.2525324Z     console.debug
Verify	Run Jest tests	2026-10-10T15:59:02.2525913Z       [analytics] screen /profile
Verify	Run Jest tests	2026-10-10T15:59:02.2526367Z 
Verify	Run Jest tests	2026-10-10T15:59:02.2526761Z       at debug (shared/lib/logger.ts:133:18)
Verify	Run Jest tests	2026-10-10T15:59:02.2527267Z 
Verify	Run Jest tests	2026-10-10T15:59:02.3876885Z PASS __tests__/app/appConfig.test.ts
Verify	Run Jest tests	2026-10-10T15:59:02.5393533Z PASS __tests__/shared/storage/storage.test.ts
Verify	Run Jest tests	2026-10-10T15:59:03.0487996Z PASS __tests__/features/demo-todos/TodosScreen.test.tsx
Verify	Run Jest tests	2026-10-10T15:59:03.0566716Z   ● Console
Verify	Run Jest tests	2026-10-10T15:59:03.0616347Z 
Verify	Run Jest tests	2026-10-10T15:59:03.0619171Z     console.warn
Verify	Run Jest tests	2026-10-10T15:59:03.0619984Z       API GET /todos failed: server (503)
Verify	Run Jest tests	2026-10-10T15:59:03.0620563Z 
Verify	Run Jest tests	2026-10-10T15:59:03.0622046Z     ^[[0m ^[[90m 129 |^[[39m     ^[[36mconst^[[39m args ^[[33m=^[[39m [message^[[33m,^[[39m ^[[33m...^[[39mdetails^[[33m.^[[39mfilter(item ^[[33m=>^[[39m item ^[[33m!==^[[39m undefined)]^[[33m;^[[39m
Verify	Run Jest tests	2026-10-10T15:59:03.0624455Z      ^[[90m 130 |^[[39m     ^[[36mif^[[39m (level ^[[33m===^[[39m ^[[32m'error'^[[39m) console^[[33m.^[[39merror(^[[33m...^[[39margs)^[[33m;^[[39m
Verify	Run Jest tests	2026-10-10T15:59:03.0626486Z     ^[[31m^[[1m>^[[22m^[[39m^[[90m 131 |^[[39m     ^[[36melse^[[39m ^[[36mif^[[39m (level ^[[33m===^[[39m ^[[32m'warn'^[[39m) console^[[33m.^[[39mwarn(^[[33m...^[[39margs)^[[33m;^[[39m
Verify	Run Jest tests	2026-10-10T15:59:03.0628103Z      ^[[90m     |^[[39m                                        ^[[31m^[[1m^^[[22m^[[39m
Verify	Run Jest tests	2026-10-10T15:59:03.0629745Z      ^[[90m 132 |^[[39m     ^[[36melse^[[39m ^[[36mif^[[39m (level ^[[33m===^[[39m ^[[32m'info'^[[39m) console^[[33m.^[[39minfo(^[[33m...^[[39margs)^[[33m;^[[39m
Verify	Run Jest tests	2026-10-10T15:59:03.0631421Z      ^[[90m 133 |^[[39m     ^[[36melse^[[39m console^[[33m.^[[39mdebug(^[[33m...^[[39margs)^[[33m;^[[39m
Verify	Run Jest tests	2026-10-10T15:59:03.0633229Z      ^[[90m 134 |^[[39m   }^[[33m;^[[39m^[[0m
Verify	Run Jest tests	2026-10-10T15:59:03.0633783Z 
Verify	Run Jest tests	2026-10-10T15:59:03.0634212Z       at warn (shared/lib/logger.ts:131:40)
Verify	Run Jest tests	2026-10-10T15:59:03.0635129Z       at Object.write [as warn] (shared/lib/logger.ts:142:33)
Verify	Run Jest tests	2026-10-10T15:59:03.0636070Z       at warn (shared/http/httpClient.ts:137:12)
Verify	Run Jest tests	2026-10-10T15:59:03.0637228Z       at asyncGeneratorStep (node_modules/@babel/runtime/helpers/asyncToGenerator.js:3:17)
Verify	Run Jest tests	2026-10-10T15:59:03.0638406Z       at _next (node_modules/@babel/runtime/helpers/asyncToGenerator.js:17:9)
Verify	Run Jest tests	2026-10-10T15:59:03.0639452Z       at node_modules/@babel/runtime/helpers/asyncToGenerator.js:22:7
Verify	Run Jest tests	2026-10-10T15:59:03.0640222Z       at node_modules/@babel/runtime/helpers/asyncToGenerator.js:14:12
Verify	Run Jest tests	2026-10-10T15:59:03.0640785Z       at apply (shared/http/httpClient.ts:143:4)
Verify	Run Jest tests	2026-10-10T15:59:03.0641383Z       at Axios.request (node_modules/axios/dist/browser/axios.cjs:5245:14)
Verify	Run Jest tests	2026-10-10T15:59:03.0641810Z 
Verify	Run Jest tests	2026-10-10T15:59:03.2033652Z PASS __tests__/features/demo-auth/dummyJsonAdapter.test.ts
Verify	Run Jest tests	2026-10-10T15:59:03.7893709Z PASS __tests__/shared/integrations/i18n.test.tsx
Verify	Run Jest tests	2026-10-10T15:59:03.7997460Z   ● Console
Verify	Run Jest tests	2026-10-10T15:59:03.8030699Z 
Verify	Run Jest tests	2026-10-10T15:59:03.8082710Z     console.debug
Verify	Run Jest tests	2026-10-10T15:59:03.8102683Z       [analytics] screen /
Verify	Run Jest tests	2026-10-10T15:59:03.8122544Z 
Verify	Run Jest tests	2026-10-10T15:59:03.8155123Z       at debug (shared/lib/logger.ts:133:18)
Verify	Run Jest tests	2026-10-10T15:59:03.8202464Z 
Verify	Run Jest tests	2026-10-10T15:59:03.8219211Z     console.debug
Verify	Run Jest tests	2026-10-10T15:59:03.8242901Z       [analytics] screen /login
Verify	Run Jest tests	2026-10-10T15:59:03.8272757Z 
Verify	Run Jest tests	2026-10-10T15:59:03.8283244Z       at debug (shared/lib/logger.ts:133:18)
Verify	Run Jest tests	2026-10-10T15:59:03.8283881Z 
Verify	Run Jest tests	2026-10-10T15:59:03.8284438Z PASS __tests__/shared/ui/theme.test.ts
Verify	Run Jest tests	2026-10-10T15:59:04.7566534Z PASS __tests__/app/initialRoute.test.tsx
Verify	Run Jest tests	2026-10-10T15:59:04.7676431Z   ● Console
Verify	Run Jest tests	2026-10-10T15:59:04.7684747Z 
Verify	Run Jest tests	2026-10-10T15:59:04.7685096Z     console.debug
Verify	Run Jest tests	2026-10-10T15:59:04.7685537Z       [analytics] screen /
Verify	Run Jest tests	2026-10-10T15:59:04.7685849Z 
Verify	Run Jest tests	2026-10-10T15:59:04.7686088Z       at debug (shared/lib/logger.ts:133:18)
Verify	Run Jest tests	2026-10-10T15:59:04.7686406Z 
Verify	Run Jest tests	2026-10-10T15:59:04.7686556Z     console.debug
Verify	Run Jest tests	2026-10-10T15:59:04.7686926Z       [analytics] screen /login
Verify	Run Jest tests	2026-10-10T15:59:04.7687176Z 
Verify	Run Jest tests	2026-10-10T15:59:04.7687392Z       at debug (shared/lib/logger.ts:133:18)
Verify	Run Jest tests	2026-10-10T15:59:04.7689213Z 
Verify	Run Jest tests	2026-10-10T15:59:04.7689398Z     console.debug
Verify	Run Jest tests	2026-10-10T15:59:04.7689855Z       [analytics] screen /login
Verify	Run Jest tests	2026-10-10T15:59:04.7690135Z 
Verify	Run Jest tests	2026-10-10T15:59:04.7690416Z       at debug (shared/lib/logger.ts:133:18)
Verify	Run Jest tests	2026-10-10T15:59:04.7690755Z 
Verify	Run Jest tests	2026-10-10T15:59:04.7690911Z     console.debug
Verify	Run Jest tests	2026-10-10T15:59:04.7691305Z       [analytics] screen /
Verify	Run Jest tests	2026-10-10T15:59:04.7691563Z 
Verify	Run Jest tests	2026-10-10T15:59:04.7691832Z       at debug (shared/lib/logger.ts:133:18)
Verify	Run Jest tests	2026-10-10T15:59:04.7695775Z 
Verify	Run Jest tests	2026-10-10T15:59:04.7753153Z PASS __tests__/app/tabBarTheme.test.tsx
Verify	Run Jest tests	2026-10-10T15:59:04.7833685Z   ● Console
Verify	Run Jest tests	2026-10-10T15:59:04.7862836Z 
Verify	Run Jest tests	2026-10-10T15:59:04.7882982Z     console.debug
Verify	Run Jest tests	2026-10-10T15:59:04.7883807Z       [analytics] screen /
Verify	Run Jest tests	2026-10-10T15:59:04.7912551Z 
Verify	Run Jest tests	2026-10-10T15:59:04.7942905Z       at debug (shared/lib/logger.ts:133:18)
Verify	Run Jest tests	2026-10-10T15:59:04.7972719Z 
Verify	Run Jest tests	2026-10-10T15:59:04.7973194Z     console.debug
Verify	Run Jest tests	2026-10-10T15:59:04.7984352Z       [analytics] screen /
Verify	Run Jest tests	2026-10-10T15:59:04.7984875Z 
Verify	Run Jest tests	2026-10-10T15:59:04.7985310Z       at debug (shared/lib/logger.ts:133:18)
Verify	Run Jest tests	2026-10-10T15:59:04.7985847Z 
Verify	Run Jest tests	2026-10-10T15:59:05.4814437Z PASS __tests__/shared/ui/LoadingScreen.test.tsx
Verify	Run Jest tests	2026-10-10T15:59:05.7023509Z PASS __tests__/shared/integrations/screenTracking.test.tsx
Verify	Run Jest tests	2026-10-10T15:59:06.0703694Z PASS __tests__/features/demo-auth/DemoCredentialsHint.test.tsx
Verify	Run Jest tests	2026-10-10T15:59:06.5516305Z PASS __tests__/app/statusBar.test.tsx
Verify	Run Jest tests	2026-10-10T15:59:06.5555694Z   ● Console
Verify	Run Jest tests	2026-10-10T15:59:06.5556251Z 
Verify	Run Jest tests	2026-10-10T15:59:06.5556755Z     console.debug
Verify	Run Jest tests	2026-10-10T15:59:06.5557356Z       [analytics] screen /
Verify	Run Jest tests	2026-10-10T15:59:06.5557923Z 
Verify	Run Jest tests	2026-10-10T15:59:06.5558343Z       at debug (shared/lib/logger.ts:133:18)
Verify	Run Jest tests	2026-10-10T15:59:06.5559738Z 
Verify	Run Jest tests	2026-10-10T15:59:06.5560068Z     console.debug
Verify	Run Jest tests	2026-10-10T15:59:06.5560608Z       [analytics] screen /
Verify	Run Jest tests	2026-10-10T15:59:06.5561041Z 
Verify	Run Jest tests	2026-10-10T15:59:06.5561434Z       at debug (shared/lib/logger.ts:133:18)
Verify	Run Jest tests	2026-10-10T15:59:06.5561956Z 
Verify	Run Jest tests	2026-10-10T15:59:06.7073512Z PASS __tests__/app/configError.test.tsx
Verify	Run Jest tests	2026-10-10T15:59:06.7102848Z   ● Console
Verify	Run Jest tests	2026-10-10T15:59:06.7113215Z 
Verify	Run Jest tests	2026-10-10T15:59:06.7113672Z     console.debug
Verify	Run Jest tests	2026-10-10T15:59:06.7114400Z       [analytics] screen /
Verify	Run Jest tests	2026-10-10T15:59:06.7114976Z 
Verify	Run Jest tests	2026-10-10T15:59:06.7115441Z       at debug (shared/lib/logger.ts:133:18)
Verify	Run Jest tests	2026-10-10T15:59:06.7116025Z 
Verify	Run Jest tests	2026-10-10T15:59:07.1543633Z PASS __tests__/features/demo-showcase/ShowcaseScreen.test.tsx
Verify	Run Jest tests	2026-10-10T15:59:07.7216400Z PASS __tests__/scripts/removeDemo.test.ts (11.061 s)
Verify	Run Jest tests	2026-10-10T15:59:08.7150800Z -----------------------------------|---------|----------|---------|---------|-------------------
Verify	Run Jest tests	2026-10-10T15:59:08.7151882Z File                               | % Stmts | % Branch | % Funcs | % Lines | Uncovered Line #s 
Verify	Run Jest tests	2026-10-10T15:59:08.7152799Z -----------------------------------|---------|----------|---------|---------|-------------------
Verify	Run Jest tests	2026-10-10T15:59:08.7161025Z All files                          |   97.51 |    91.46 |   95.04 |   97.69 |                   
Verify	Run Jest tests	2026-10-10T15:59:08.7161936Z  app                               |     100 |      100 |   57.14 |     100 |                   
Verify	Run Jest tests	2026-10-10T15:59:08.7163026Z   _layout.tsx                      |     100 |      100 |   57.14 |     100 |                   
Verify	Run Jest tests	2026-10-10T15:59:08.7163929Z   showcase.tsx                     |       0 |        0 |       0 |       0 |                   
Verify	Run Jest tests	2026-10-10T15:59:08.7164791Z  app/(app)                         |    87.5 |       75 |     100 |     100 |                   
Verify	Run Jest tests	2026-10-10T15:59:08.7165674Z   _layout.tsx                      |    87.5 |       75 |     100 |     100 | 24                
Verify	Run Jest tests	2026-10-10T15:59:08.7166548Z   profile.tsx                      |       0 |        0 |       0 |       0 |                   
Verify	Run Jest tests	2026-10-10T15:59:08.7167749Z  app/(auth)                        |     100 |      100 |     100 |     100 |                   
Verify	Run Jest tests	2026-10-10T15:59:08.7168613Z   _layout.tsx                      |     100 |      100 |     100 |     100 |                   
Verify	Run Jest tests	2026-10-10T15:59:08.7169474Z   login.tsx                        |       0 |        0 |       0 |       0 |                   
Verify	Run Jest tests	2026-10-10T15:59:08.7170328Z  app/(tabs)                        |     100 |      100 |     100 |     100 |                   
Verify	Run Jest tests	2026-10-10T15:59:08.7171183Z   _layout.tsx                      |     100 |      100 |     100 |     100 |                   
Verify	Run Jest tests	2026-10-10T15:59:08.7172046Z   explore.tsx                      |       0 |        0 |       0 |       0 |                   
Verify	Run Jest tests	2026-10-10T15:59:08.7173151Z   index.tsx                        |       0 |        0 |       0 |       0 |                   
Verify	Run Jest tests	2026-10-10T15:59:08.7174350Z  features/auth/screens             |   95.55 |    79.16 |   83.33 |   95.45 |                   
Verify	Run Jest tests	2026-10-10T15:59:08.7175337Z   LoginScreen.tsx                  |    92.3 |       80 |      60 |    92.3 | 132-136           
Verify	Run Jest tests	2026-10-10T15:59:08.7176251Z   ProfileScreen.tsx                |     100 |    78.57 |     100 |     100 | 38,67-72          
Verify	Run Jest tests	2026-10-10T15:59:08.7177179Z  features/demo-auth                |     100 |    91.66 |     100 |     100 |                   
Verify	Run Jest tests	2026-10-10T15:59:08.7178141Z   DemoCredentialsHint.tsx          |     100 |      100 |     100 |     100 |                   
Verify	Run Jest tests	2026-10-10T15:59:08.7179103Z   dummyJsonAdapter.ts              |     100 |       90 |     100 |     100 | 31                
Verify	Run Jest tests	2026-10-10T15:59:08.7180100Z  features/demo-showcase/components |     100 |      100 |     100 |     100 |                   
Verify	Run Jest tests	2026-10-10T15:59:08.7181082Z   ExampleLinks.tsx                 |     100 |      100 |     100 |     100 |                   
Verify	Run Jest tests	2026-10-10T15:59:08.7182244Z  features/demo-showcase/screens    |   77.77 |      100 |      60 |   71.42 |                   
Verify	Run Jest tests	2026-10-10T15:59:08.7183473Z   ShowcaseScreen.tsx               |   77.77 |      100 |      60 |   71.42 | 133-137           
Verify	Run Jest tests	2026-10-10T15:59:08.7184408Z  features/demo-todos               |       0 |        0 |       0 |       0 |                   
Verify	Run Jest tests	2026-10-10T15:59:08.7185267Z   types.ts                         |       0 |        0 |       0 |       0 |                   
Verify	Run Jest tests	2026-10-10T15:59:08.7186158Z  features/demo-todos/api           |     100 |      100 |     100 |     100 |                   
Verify	Run Jest tests	2026-10-10T15:59:08.7187109Z   todosApi.ts                      |     100 |      100 |     100 |     100 |                   
Verify	Run Jest tests	2026-10-10T15:59:08.7188122Z  features/demo-todos/screens       |     100 |    95.83 |     100 |     100 |                   
Verify	Run Jest tests	2026-10-10T15:59:08.7189089Z   TodosScreen.tsx                  |     100 |    95.83 |     100 |     100 | 65                
Verify	Run Jest tests	2026-10-10T15:59:08.7190027Z  features/home/screens             |     100 |     87.5 |     100 |     100 |                   
Verify	Run Jest tests	2026-10-10T15:59:08.7190964Z   HomeScreen.tsx                   |     100 |     87.5 |     100 |     100 | 38                
Verify	Run Jest tests	2026-10-10T15:59:08.7191857Z  shared/config                     |     100 |    97.95 |     100 |     100 |                   
Verify	Run Jest tests	2026-10-10T15:59:08.7192960Z   env.ts                           |     100 |    97.95 |     100 |     100 | 128               
Verify	Run Jest tests	2026-10-10T15:59:08.7193825Z   featureFlags.ts                  |     100 |      100 |     100 |     100 |                   
Verify	Run Jest tests	2026-10-10T15:59:08.7194712Z  shared/http                       |   98.78 |    95.18 |     100 |   98.66 |                   
Verify	Run Jest tests	2026-10-10T15:59:08.7195383Z   api.ts                           |     100 |      100 |     100 |     100 |                   
Verify	Run Jest tests	2026-10-10T15:59:08.7195882Z   apiError.ts                      |   97.29 |    95.55 |     100 |   96.77 | 66                
Verify	Run Jest tests	2026-10-10T15:59:08.7196399Z   httpClient.ts                    |     100 |    94.73 |     100 |     100 | 87                
Verify	Run Jest tests	2026-10-10T15:59:08.7196929Z  shared/i18n                       |     100 |    83.33 |     100 |     100 |                   
Verify	Run Jest tests	2026-10-10T15:59:08.7197413Z   en.ts                            |     100 |      100 |     100 |     100 |                   
Verify	Run Jest tests	2026-10-10T15:59:08.7197879Z   index.ts                         |     100 |    83.33 |     100 |     100 | 38                
Verify	Run Jest tests	2026-10-10T15:59:08.7198398Z  shared/integrations               |   95.91 |       75 |   96.55 |   95.34 |                   
Verify	Run Jest tests	2026-10-10T15:59:08.7198933Z   analytics.ts                     |     100 |     87.5 |     100 |     100 | 25                
Verify	Run Jest tests	2026-10-10T15:59:08.7199466Z   errorReporter.ts                 |   81.81 |       40 |   83.33 |   77.77 | 41,57             
Verify	Run Jest tests	2026-10-10T15:59:08.7199988Z   featureFlags.ts                  |     100 |      100 |     100 |     100 |                   
Verify	Run Jest tests	2026-10-10T15:59:08.7200728Z   pushNotifications.ts             |     100 |      100 |     100 |     100 |                   
Verify	Run Jest tests	2026-10-10T15:59:08.7201257Z   seam.ts                          |     100 |      100 |     100 |     100 |                   
Verify	Run Jest tests	2026-10-10T15:59:08.7201727Z   setup.ts                         |     100 |      100 |     100 |     100 |                   
Verify	Run Jest tests	2026-10-10T15:59:08.7202402Z   updates.ts                       |     100 |      100 |     100 |     100 |                   
Verify	Run Jest tests	2026-10-10T15:59:08.7202932Z   useScreenTracking.ts             |     100 |      100 |     100 |     100 |                   
Verify	Run Jest tests	2026-10-10T15:59:08.7203449Z  shared/lib                        |   98.01 |    95.38 |   95.23 |   98.86 |                   
Verify	Run Jest tests	2026-10-10T15:59:08.7203935Z   logger.ts                        |   96.87 |    96.15 |   91.66 |   98.18 | 84                
Verify	Run Jest tests	2026-10-10T15:59:08.7204426Z   useFetch.ts                      |     100 |     92.3 |     100 |     100 | 83                
Verify	Run Jest tests	2026-10-10T15:59:08.7204933Z  shared/session                    |   98.34 |    88.63 |   97.91 |   98.29 |                   
Verify	Run Jest tests	2026-10-10T15:59:08.7205473Z   SessionProvider.tsx              |   97.91 |    81.81 |     100 |   97.82 | 146               
Verify	Run Jest tests	2026-10-10T15:59:08.7206145Z   authService.ts                   |   97.22 |    91.66 |   91.66 |   97.14 | 77                
Verify	Run Jest tests	2026-10-10T15:59:08.7206646Z   session.ts                       |     100 |      100 |     100 |     100 |                   
Verify	Run Jest tests	2026-10-10T15:59:08.7207136Z   tokenStore.ts                    |     100 |      100 |     100 |     100 |                   
Verify	Run Jest tests	2026-10-10T15:59:08.7207634Z  shared/storage                    |      92 |       80 |     100 |      92 |                   
Verify	Run Jest tests	2026-10-10T15:59:08.7208137Z   secureStorage.ts                 |      80 |       75 |     100 |      80 | 18,26             
Verify	Run Jest tests	2026-10-10T15:59:08.7208626Z   storage.ts                       |     100 |      100 |     100 |     100 |                   
Verify	Run Jest tests	2026-10-10T15:59:08.7209108Z  shared/ui                         |    97.5 |    83.33 |     100 |   97.36 |                   
Verify	Run Jest tests	2026-10-10T15:59:08.7209615Z   ConfigErrorScreen.tsx            |     100 |      100 |     100 |     100 |                   
Verify	Run Jest tests	2026-10-10T15:59:08.7210159Z   ErrorBoundary.tsx                |   96.15 |       75 |     100 |   95.83 | 26                
Verify	Run Jest tests	2026-10-10T15:59:08.7210676Z   LoadingScreen.tsx                |     100 |      100 |     100 |     100 |                   
Verify	Run Jest tests	2026-10-10T15:59:08.7211169Z   theme.ts                         |     100 |      100 |     100 |     100 |                   
Verify	Run Jest tests	2026-10-10T15:59:08.7211720Z -----------------------------------|---------|----------|---------|---------|-------------------
Verify	Run Jest tests	2026-10-10T15:59:08.7684648Z 
Verify	Run Jest tests	2026-10-10T15:59:08.7688081Z Test Suites: 29 passed, 29 total
Verify	Run Jest tests	2026-10-10T15:59:08.7688849Z Tests:       251 passed, 251 total
Verify	Run Jest tests	2026-10-10T15:59:08.7689781Z Snapshots:   0 total
Verify	Run Jest tests	2026-10-10T15:59:08.7690218Z Time:        33.579 s
Verify	Run Jest tests	2026-10-10T15:59:08.7690665Z Ran all test suites.
Verify	Expo Doctor	﻿2026-10-10T15:59:08.7908331Z ##[group]Run npx expo-doctor
Verify	Expo Doctor	2026-10-10T15:59:08.7908875Z ^[[36;1mnpx expo-doctor^[[0m
Verify	Expo Doctor	2026-10-10T15:59:08.7998446Z shell: /usr/bin/bash -e {0}
Verify	Expo Doctor	2026-10-10T15:59:08.7998725Z ##[endgroup]
Verify	Expo Doctor	2026-10-10T15:59:10.2385992Z Running 21 checks on your project...
Verify	Expo Doctor	2026-10-10T15:59:14.1961625Z 21/21 checks passed. No issues detected!
Verify	Audit production dependencies (reviewed allowlist)	﻿2026-10-10T15:59:14.2332869Z ##[group]Run npm run audit:check
Verify	Audit production dependencies (reviewed allowlist)	2026-10-10T15:59:14.2333229Z ^[[36;1mnpm run audit:check^[[0m
Verify	Audit production dependencies (reviewed allowlist)	2026-10-10T15:59:14.2395110Z shell: /usr/bin/bash -e {0}
Verify	Audit production dependencies (reviewed allowlist)	2026-10-10T15:59:14.2395386Z ##[endgroup]
Verify	Audit production dependencies (reviewed allowlist)	2026-10-10T15:59:14.3398237Z 
Verify	Audit production dependencies (reviewed allowlist)	2026-10-10T15:59:14.3398838Z > react-native-starter@1.0.0 audit:check
Verify	Audit production dependencies (reviewed allowlist)	2026-10-10T15:59:14.3399427Z > node scripts/check-audit.js
Verify	Audit production dependencies (reviewed allowlist)	2026-10-10T15:59:14.3399651Z 
Verify	Audit production dependencies (reviewed allowlist)	2026-10-10T15:59:18.3879560Z high     braces GHSA-vfj7-8cjw-p6xm: allowlisted until 2027-01-09 (https://github.com/advisories/GHSA-vfj7-8cjw-p6xm)
Verify	Audit production dependencies (reviewed allowlist)	2026-10-10T15:59:18.3881463Z high     node-forge GHSA-86w9-cpqp-85rv: allowlisted until 2027-01-09 (https://github.com/advisories/GHSA-86w9-cpqp-85rv)
Verify	Audit production dependencies (reviewed allowlist)	2026-10-10T15:59:18.3883521Z moderate decode-uri-component GHSA-vcc3-ghjq-m6fr: reported (not gated)
Verify	Audit production dependencies (reviewed allowlist)	2026-10-10T15:59:18.3884528Z moderate sprintf-js GHSA-hp3w-g68c-fv3c: reported (not gated)
Verify	Audit production dependencies (reviewed allowlist)	2026-10-10T15:59:18.3885479Z moderate uuid GHSA-w5hq-g745-h8pq: reported (not gated)
Verify	Audit production dependencies (reviewed allowlist)	2026-10-10T15:59:18.3886555Z npm audit --omit=dev: 5 advisories (records: 0 critical, 45 high, 16 moderate, 0 low).
Verify	Audit production dependencies (reviewed allowlist)	2026-10-10T15:59:18.3887606Z No unreviewed high or critical advisories.
Verify	Export web build	﻿2026-10-10T15:59:18.4014129Z ##[group]Run npx expo export --platform web --output-dir dist
Verify	Export web build	2026-10-10T15:59:18.4014598Z ^[[36;1mnpx expo export --platform web --output-dir dist^[[0m
Verify	Export web build	2026-10-10T15:59:18.4077582Z shell: /usr/bin/bash -e {0}
Verify	Export web build	2026-10-10T15:59:18.4077858Z ##[endgroup]
Verify	Export web build	2026-10-10T15:59:19.5621125Z Starting Metro Bundler
Verify	Export web build	2026-10-10T15:59:19.5621433Z 
Verify	Export web build	2026-10-10T15:59:37.8439295Z Web Bundled 17993ms index.ts (1183 modules)
Verify	Export web build	2026-10-10T15:59:38.2179102Z 
Verify	Export web build	2026-10-10T15:59:38.2181599Z › Assets (19):
Verify	Export web build	2026-10-10T15:59:38.2250765Z node_modules/@expo/vector-icons/build/vendor/react-native-vector-icons/Fonts/MaterialCommunityIcons.6e435534bd35da5fef04168860a9b8fa.ttf (1.3MB)
Verify	Export web build	2026-10-10T15:59:38.2252800Z node_modules/expo-router/assets/arrow_down.017bc6ba3fc25503e5eb5e53826d48a8.png (9.5KB)
Verify	Export web build	2026-10-10T15:59:38.2254296Z node_modules/expo-router/assets/error.d1ea1496f9057eb392d5bbf3732a61b7.png (469B)
Verify	Export web build	2026-10-10T15:59:38.2255650Z node_modules/expo-router/assets/file.19eeb73b9593a38f8e9f418337fc7d10.png (138B)
Verify	Export web build	2026-10-10T15:59:38.2256998Z node_modules/expo-router/assets/forward.d8b800c443b8972542883e0b9de2bdc6.png (188B)
Verify	Export web build	2026-10-10T15:59:38.2258529Z node_modules/expo-router/assets/pkg.ab19f4cbc543357183a20571f68380a3.png (364B)
Verify	Export web build	2026-10-10T15:59:38.2260261Z node_modules/expo-router/assets/react-navigation/elements/back-icon-mask.0a328cd9c1afd0afe8e3b1ec5165b1b4.png (653B)
Verify	Export web build	2026-10-10T15:59:38.2261494Z node_modules/expo-router/assets/react-navigation/elements/back-icon.35ba0eaec5a4f5ed12ca16fabeae451d.png (207B)
Verify	Export web build	2026-10-10T15:59:38.2273380Z node_modules/expo-router/assets/react-navigation/elements/clear-icon.c94f6478e7ae0cdd9f15de1fcb9e5e55.png (4 variations | 425B)
Verify	Export web build	2026-10-10T15:59:38.2275335Z node_modules/expo-router/assets/react-navigation/elements/close-icon.808e1b1b9b53114ec2838071a7e6daa7.png (4 variations | 235B)
Verify	Export web build	2026-10-10T15:59:38.2277084Z node_modules/expo-router/assets/react-navigation/elements/search-icon.286d67d3f74808a60a78d3ebf1a5fb57.png (928B)
Verify	Export web build	2026-10-10T15:59:38.2278490Z node_modules/expo-router/assets/sitemap.412dd9275b6b48ad28f5e3d81bb1f626.png (465B)
Verify	Export web build	2026-10-10T15:59:38.2279784Z node_modules/expo-router/assets/unmatched.20e71bdf79e3a97bf55fd9e164041578.png (4.8KB)
Verify	Export web build	2026-10-10T15:59:38.2280429Z 
Verify	Export web build	2026-10-10T15:59:38.2280792Z › web bundles (1):
Verify	Export web build	2026-10-10T15:59:38.2308770Z _expo/static/js/web/index-e79d08adafa41d54c82f69bc0650575c.js (2.3MB)
Verify	Export web build	2026-10-10T15:59:38.2309374Z 
Verify	Export web build	2026-10-10T15:59:38.2309744Z › Files (3):
Verify	Export web build	2026-10-10T15:59:38.2310611Z favicon.ico (15KB)
Verify	Export web build	2026-10-10T15:59:38.2311028Z index.html (1.2KB)
Verify	Export web build	2026-10-10T15:59:38.2311534Z metadata.json (49B)
Verify	Export web build	2026-10-10T15:59:38.2410806Z 
Verify	Export web build	2026-10-10T15:59:38.2413699Z Exported: dist
Verify	Check docs (snippets compile, paths and scripts exist)	﻿2026-10-10T15:59:38.4059179Z ##[group]Run npm install --no-save zustand@5 @reduxjs/toolkit@2 react-redux@9 jotai@3 @tanstack/react-query@5
Verify	Check docs (snippets compile, paths and scripts exist)	2026-10-10T15:59:38.4059995Z ^[[36;1mnpm install --no-save zustand@5 @reduxjs/toolkit@2 react-redux@9 jotai@3 @tanstack/react-query@5^[[0m
Verify	Check docs (snippets compile, paths and scripts exist)	2026-10-10T15:59:38.4060500Z ^[[36;1mnpm run docs:check^[[0m
Verify	Check docs (snippets compile, paths and scripts exist)	2026-10-10T15:59:38.4122703Z shell: /usr/bin/bash -e {0}
Verify	Check docs (snippets compile, paths and scripts exist)	2026-10-10T15:59:38.4122983Z ##[endgroup]
Verify	Check docs (snippets compile, paths and scripts exist)	2026-10-10T15:59:42.3006986Z 
Verify	Check docs (snippets compile, paths and scripts exist)	2026-10-10T15:59:42.3007721Z added 14 packages, and audited 1082 packages in 4s
Verify	Check docs (snippets compile, paths and scripts exist)	2026-10-10T15:59:42.3008200Z 
Verify	Check docs (snippets compile, paths and scripts exist)	2026-10-10T15:59:42.3009097Z 183 packages are looking for funding
Verify	Check docs (snippets compile, paths and scripts exist)	2026-10-10T15:59:42.3009843Z   run `npm fund` for details
Verify	Check docs (snippets compile, paths and scripts exist)	2026-10-10T15:59:42.4783902Z 
Verify	Check docs (snippets compile, paths and scripts exist)	2026-10-10T15:59:42.4784676Z 65 vulnerabilities (16 moderate, 49 high)
Verify	Check docs (snippets compile, paths and scripts exist)	2026-10-10T15:59:42.4785126Z 
Verify	Check docs (snippets compile, paths and scripts exist)	2026-10-10T15:59:42.4785432Z To address all issues (including breaking changes), run:
Verify	Check docs (snippets compile, paths and scripts exist)	2026-10-10T15:59:42.4786368Z   npm audit fix --force
Verify	Check docs (snippets compile, paths and scripts exist)	2026-10-10T15:59:42.4786562Z 
Verify	Check docs (snippets compile, paths and scripts exist)	2026-10-10T15:59:42.4786721Z Run `npm audit` for details.
Verify	Check docs (snippets compile, paths and scripts exist)	2026-10-10T15:59:42.6065916Z 
Verify	Check docs (snippets compile, paths and scripts exist)	2026-10-10T15:59:42.6066510Z > react-native-starter@1.0.0 docs:check
Verify	Check docs (snippets compile, paths and scripts exist)	2026-10-10T15:59:42.6067171Z > node scripts/check-docs.js
Verify	Check docs (snippets compile, paths and scripts exist)	2026-10-10T15:59:42.6067492Z 
Verify	Check docs (snippets compile, paths and scripts exist)	2026-10-10T15:59:44.9796243Z Checked 22 files: 40 TypeScript snippets compiled with tsc.
Verify	Check docs (snippets compile, paths and scripts exist)	2026-10-10T15:59:44.9797100Z No problems.
Verify	Post Set up Node.js	﻿2026-10-10T15:59:44.9995940Z Post job cleanup.
Verify	Post Set up Node.js	2026-10-10T15:59:45.1219437Z (node:3236) [DEP0040] DeprecationWarning: The `punycode` module is deprecated. Please use a userland alternative instead.
Verify	Post Set up Node.js	2026-10-10T15:59:45.1220436Z (Use `node --trace-deprecation ...` to show where the warning was created)
Verify	Post Set up Node.js	2026-10-10T15:59:45.1223683Z Cache hit occurred on the primary key node-cache-Linux-x64-npm-10f9dc59c99c82563481e37a50745bae137261a45ffc8c4ba105eb544b91396b, not saving cache.
Verify	Post Check out repository	﻿2026-10-10T15:59:45.1365248Z Post job cleanup.
Verify	Post Check out repository	2026-10-10T15:59:45.2223064Z [command]/usr/bin/git version
Verify	Post Check out repository	2026-10-10T15:59:45.2264739Z git version 2.55.0
Verify	Post Check out repository	2026-10-10T15:59:45.2308611Z Temporarily overriding HOME='/home/runner/work/_temp/523d62e9-ea60-412a-ae94-f41f8fdd9bc9' before making global git config changes
Verify	Post Check out repository	2026-10-10T15:59:45.2310210Z Adding repository directory to the temporary git global config as a safe directory
Verify	Post Check out repository	2026-10-10T15:59:45.2314728Z [command]/usr/bin/git config --global --add safe.directory /home/runner/work/react-native-starter/react-native-starter
Verify	Post Check out repository	2026-10-10T15:59:45.2353883Z [command]/usr/bin/git config --local --name-only --get-regexp core\.sshCommand
Verify	Post Check out repository	2026-10-10T15:59:45.2390342Z [command]/usr/bin/git submodule foreach --recursive sh -c "git config --local --name-only --get-regexp 'core\.sshCommand' && git config --local --unset-all 'core.sshCommand' || :"
Verify	Post Check out repository	2026-10-10T15:59:45.2637312Z [command]/usr/bin/git config --local --name-only --get-regexp http\.https\:\/\/github\.com\/\.extraheader
Verify	Post Check out repository	2026-10-10T15:59:45.2666130Z http.https://github.com/.extraheader
Verify	Post Check out repository	2026-10-10T15:59:45.2678665Z [command]/usr/bin/git config --local --unset-all http.https://github.com/.extraheader
Verify	Post Check out repository	2026-10-10T15:59:45.2721995Z [command]/usr/bin/git submodule foreach --recursive sh -c "git config --local --name-only --get-regexp 'http\.https\:\/\/github\.com\/\.extraheader' && git config --local --unset-all 'http.https://github.com/.extraheader' || :"
Verify	Post Check out repository	2026-10-10T15:59:45.2981560Z [command]/usr/bin/git config --local --name-only --get-regexp ^includeIf\.gitdir:
Verify	Post Check out repository	2026-10-10T15:59:45.3023248Z [command]/usr/bin/git submodule foreach --recursive git config --local --show-origin --name-only --get-regexp remote.origin.url
Verify	Complete job	﻿2026-10-10T15:59:45.3429639Z Cleaning up orphan processes
Verify	Complete job	2026-10-10T15:59:45.3861428Z ##[warning]Node.js 20 is deprecated. The following actions target Node.js 20 but are being forced to run on Node.js 24: actions/checkout@v4, actions/setup-node@v4. For more information see: https://github.blog/changelog/2025-09-19-deprecation-of-node-20-on-github-actions-runners/
