# package.json dependency changes
-    "lint": "eslint .",
-    "lint:fix": "eslint . --fix",
+    "lint": "eslint . --max-warnings 0",
+    "lint:fix": "eslint . --fix --max-warnings 0",
-    "@types/react": "~19.2.4",
-    "react-native-vector-icons": "^10.3.0",
+    "@types/react": "~19.2.4",
-    "babel-plugin-syntax-hermes-parser": "0.36.0",
-    "hermes-parser": "0.36.0",

# npm ci from the updated lockfile (exit status 0)
npm warn install-scripts 1 package has install scripts not yet covered by allowScripts:
npm warn install-scripts   fsevents@2.3.3 (install: (install scripts present))
npm warn install-scripts
npm warn install-scripts Run `npm install-scripts ls` to review, or `npm install-scripts approve <pkg>` to allow.

# npx expo install --check
Dependencies are up to date

# npm ls (hermes-parser now comes only from the packages that need it)
react-native-starter@1.0.0 /Users/nguyenanhkiet/Playground/react-native-starter
├── @types/react@19.2.18
├─┬ eslint-plugin-react-hooks@7.0.1
│ └── hermes-parser@0.25.1
├─┬ expo-router@57.0.25
│ ├─┬ @radix-ui/react-slot@1.4.0
│ │ ├─┬ @radix-ui/react-compose-refs@1.1.5
│ │ │ └── @types/react@19.2.18 deduped
│ │ └── @types/react@19.2.18 deduped
│ ├─┬ @radix-ui/react-tabs@1.1.13
│ │ ├─┬ @radix-ui/react-context@1.1.2
│ │ │ └── @types/react@19.2.18 deduped
│ │ ├─┬ @radix-ui/react-direction@1.1.1
│ │ │ └── @types/react@19.2.18 deduped
│ │ ├─┬ @radix-ui/react-id@1.1.1
│ │ │ ├─┬ @radix-ui/react-use-layout-effect@1.1.1
│ │ │ │ └── @types/react@19.2.18 deduped
│ │ │ └── @types/react@19.2.18 deduped
│ │ ├─┬ @radix-ui/react-presence@1.1.5
│ │ │ ├─┬ @radix-ui/react-compose-refs@1.1.2
│ │ │ │ └── @types/react@19.2.18 deduped
│ │ │ └── @types/react@19.2.18 deduped
│ │ ├─┬ @radix-ui/react-primitive@2.1.3
│ │ │ ├─┬ @radix-ui/react-slot@1.2.3
│ │ │ │ └── @types/react@19.2.18 deduped
│ │ │ └── @types/react@19.2.18 deduped
│ │ ├─┬ @radix-ui/react-roving-focus@1.1.11
│ │ │ ├─┬ @radix-ui/react-collection@1.1.7
│ │ │ │ ├─┬ @radix-ui/react-slot@1.2.3
│ │ │ │ │ └── @types/react@19.2.18 deduped
