Verify	Set up job	﻿2026-10-08T17:33:28.6179547Z Current runner version: '2.337.0'
Verify	Set up job	2026-10-08T17:33:28.6197900Z ##[group]Runner Image Provisioner
Verify	Set up job	2026-10-08T17:33:28.6198504Z Hosted Compute Agent
Verify	Set up job	2026-10-08T17:33:28.6198859Z Version: 20261002.596
Verify	Set up job	2026-10-08T17:33:28.6199260Z Commit: c3d12f3313a95f25162a1503be624f3b0617f8c0
Verify	Set up job	2026-10-08T17:33:28.6199713Z Build Date: 2026-10-02T22:28:27Z
Verify	Set up job	2026-10-08T17:33:28.6200102Z Worker ID: {52e0818a-ae45-420a-a897-58f36aa7dda7}
Verify	Set up job	2026-10-08T17:33:28.6200496Z Region: westus2
Verify	Set up job	2026-10-08T17:33:28.6201123Z Cloud: Azure
Verify	Set up job	2026-10-08T17:33:28.6201478Z ##[endgroup]
Verify	Set up job	2026-10-08T17:33:28.6202323Z ##[group]Operating System
Verify	Set up job	2026-10-08T17:33:28.6202679Z Ubuntu
Verify	Set up job	2026-10-08T17:33:28.6202977Z 24.04.5
Verify	Set up job	2026-10-08T17:33:28.6203324Z LTS
Verify	Set up job	2026-10-08T17:33:28.6203654Z ##[endgroup]
Verify	Set up job	2026-10-08T17:33:28.6203998Z ##[group]Runner Image
Verify	Set up job	2026-10-08T17:33:28.6204372Z Image: ubuntu-24.04
Verify	Set up job	2026-10-08T17:33:28.6204702Z Version: 20261004.327.1
Verify	Set up job	2026-10-08T17:33:28.6205324Z Included Software: https://github.com/actions/runner-images/blob/ubuntu24/20261004.327/images/ubuntu/Ubuntu2404-Readme.md
Verify	Set up job	2026-10-08T17:33:28.6206635Z Image Release: https://github.com/actions/runner-images/releases/tag/ubuntu24%2F20261004.327
Verify	Set up job	2026-10-08T17:33:28.6207183Z ##[endgroup]
Verify	Set up job	2026-10-08T17:33:28.6207856Z ##[group]GITHUB_TOKEN Permissions
Verify	Set up job	2026-10-08T17:33:28.6209164Z Contents: read
Verify	Set up job	2026-10-08T17:33:28.6209502Z Metadata: read
Verify	Set up job	2026-10-08T17:33:28.6209914Z ##[endgroup]
Verify	Set up job	2026-10-08T17:33:28.6211416Z Secret source: Actions
Verify	Set up job	2026-10-08T17:33:28.6211988Z Cache mode: write
Verify	Set up job	2026-10-08T17:33:28.6212560Z Prepare workflow directory
Verify	Set up job	2026-10-08T17:33:28.6407510Z Prepare all required actions
Verify	Set up job	2026-10-08T17:33:28.6438051Z Getting action download info
Verify	Set up job	2026-10-08T17:33:28.9904418Z Download action repository 'actions/checkout@v4' (SHA:11d5960a326750d5838078e36cf38b85af677262)
Verify	Set up job	2026-10-08T17:33:29.0973477Z Download action repository 'actions/setup-node@v4' (SHA:49933ea5288caeca8642d1e84afbd3f7d6820020)
Verify	Set up job	2026-10-08T17:33:29.3106672Z Complete job name: Verify
Verify	Check out repository	﻿2026-10-08T17:33:29.3545778Z ##[group]Run actions/checkout@v4
Verify	Check out repository	2026-10-08T17:33:29.3546245Z with:
Verify	Check out repository	2026-10-08T17:33:29.3546526Z   repository: koniz-dev/react-native-starter
Verify	Check out repository	2026-10-08T17:33:29.3548653Z   token: ***
Verify	Check out repository	2026-10-08T17:33:29.3548883Z   ssh-strict: true
Verify	Check out repository	2026-10-08T17:33:29.3549114Z   ssh-user: git
Verify	Check out repository	2026-10-08T17:33:29.3549353Z   persist-credentials: true
Verify	Check out repository	2026-10-08T17:33:29.3549612Z   clean: true
Verify	Check out repository	2026-10-08T17:33:29.3549851Z   sparse-checkout-cone-mode: true
Verify	Check out repository	2026-10-08T17:33:29.3550131Z   fetch-depth: 1
Verify	Check out repository	2026-10-08T17:33:29.3550360Z   fetch-tags: false
Verify	Check out repository	2026-10-08T17:33:29.3550598Z   show-progress: true
Verify	Check out repository	2026-10-08T17:33:29.3551072Z   lfs: false
Verify	Check out repository	2026-10-08T17:33:29.3551323Z   submodules: false
Verify	Check out repository	2026-10-08T17:33:29.3551573Z   set-safe-directory: true
Verify	Check out repository	2026-10-08T17:33:29.3551844Z   allow-unsafe-pr-checkout: false
Verify	Check out repository	2026-10-08T17:33:29.3552218Z ##[endgroup]
Verify	Check out repository	2026-10-08T17:33:29.4222081Z Syncing repository: koniz-dev/react-native-starter
Verify	Check out repository	2026-10-08T17:33:29.4223562Z ##[group]Getting Git version info
Verify	Check out repository	2026-10-08T17:33:29.4224229Z Working directory is '/home/runner/work/react-native-starter/react-native-starter'
Verify	Check out repository	2026-10-08T17:33:29.4225243Z [command]/usr/bin/git version
Verify	Check out repository	2026-10-08T17:33:29.4296480Z git version 2.55.0
Verify	Check out repository	2026-10-08T17:33:29.4308734Z ##[endgroup]
Verify	Check out repository	2026-10-08T17:33:29.4318504Z Temporarily overriding HOME='/home/runner/work/_temp/88b26826-2175-4efd-b5fa-367a9475b46b' before making global git config changes
Verify	Check out repository	2026-10-08T17:33:29.4319689Z Adding repository directory to the temporary git global config as a safe directory
Verify	Check out repository	2026-10-08T17:33:29.4321663Z [command]/usr/bin/git config --global --add safe.directory /home/runner/work/react-native-starter/react-native-starter
Verify	Check out repository	2026-10-08T17:33:29.4365901Z Deleting the contents of '/home/runner/work/react-native-starter/react-native-starter'
Verify	Check out repository	2026-10-08T17:33:29.4368542Z ##[group]Initializing the repository
Verify	Check out repository	2026-10-08T17:33:29.4371648Z [command]/usr/bin/git init /home/runner/work/react-native-starter/react-native-starter
Verify	Check out repository	2026-10-08T17:33:29.4493173Z hint: Using 'master' as the name for the initial branch. This default branch name
Verify	Check out repository	2026-10-08T17:33:29.4494606Z hint: will change to "main" in Git 3.0. To configure the initial branch name
Verify	Check out repository	2026-10-08T17:33:29.4495539Z hint: to use in all of your new repositories, which will suppress this warning,
Verify	Check out repository	2026-10-08T17:33:29.4496427Z hint: call:
Verify	Check out repository	2026-10-08T17:33:29.4496751Z hint:
Verify	Check out repository	2026-10-08T17:33:29.4497139Z hint: 	git config --global init.defaultBranch <name>
Verify	Check out repository	2026-10-08T17:33:29.4497561Z hint:
Verify	Check out repository	2026-10-08T17:33:29.4497969Z hint: Names commonly chosen instead of 'master' are 'main', 'trunk' and
Verify	Check out repository	2026-10-08T17:33:29.4498557Z hint: 'development'. The just-created branch can be renamed via this command:
Verify	Check out repository	2026-10-08T17:33:29.4499040Z hint:
Verify	Check out repository	2026-10-08T17:33:29.4499368Z hint: 	git branch -m <name>
Verify	Check out repository	2026-10-08T17:33:29.4499722Z hint:
Verify	Check out repository	2026-10-08T17:33:29.4500315Z hint: Disable this message with "git config set advice.defaultBranchName false"
Verify	Check out repository	2026-10-08T17:33:29.4507932Z Initialized empty Git repository in /home/runner/work/react-native-starter/react-native-starter/.git/
Verify	Check out repository	2026-10-08T17:33:29.4510206Z [command]/usr/bin/git remote add origin https://github.com/koniz-dev/react-native-starter
Verify	Check out repository	2026-10-08T17:33:29.4551753Z ##[endgroup]
Verify	Check out repository	2026-10-08T17:33:29.4552384Z ##[group]Disabling automatic garbage collection
Verify	Check out repository	2026-10-08T17:33:29.4555114Z [command]/usr/bin/git config --local gc.auto 0
Verify	Check out repository	2026-10-08T17:33:29.4584369Z ##[endgroup]
Verify	Check out repository	2026-10-08T17:33:29.4584996Z ##[group]Setting up auth
Verify	Check out repository	2026-10-08T17:33:29.4589127Z [command]/usr/bin/git config --local --name-only --get-regexp core\.sshCommand
Verify	Check out repository	2026-10-08T17:33:29.4616760Z [command]/usr/bin/git submodule foreach --recursive sh -c "git config --local --name-only --get-regexp 'core\.sshCommand' && git config --local --unset-all 'core.sshCommand' || :"
Verify	Check out repository	2026-10-08T17:33:29.4917186Z [command]/usr/bin/git config --local --name-only --get-regexp http\.https\:\/\/github\.com\/\.extraheader
Verify	Check out repository	2026-10-08T17:33:29.4944348Z [command]/usr/bin/git submodule foreach --recursive sh -c "git config --local --name-only --get-regexp 'http\.https\:\/\/github\.com\/\.extraheader' && git config --local --unset-all 'http.https://github.com/.extraheader' || :"
Verify	Check out repository	2026-10-08T17:33:29.5109290Z [command]/usr/bin/git config --local --name-only --get-regexp ^includeIf\.gitdir:
Verify	Check out repository	2026-10-08T17:33:29.5135657Z [command]/usr/bin/git submodule foreach --recursive git config --local --show-origin --name-only --get-regexp remote.origin.url
Verify	Check out repository	2026-10-08T17:33:29.5304078Z [command]/usr/bin/git config --local http.https://github.com/.extraheader AUTHORIZATION: basic ***
Verify	Check out repository	2026-10-08T17:33:29.5337112Z ##[endgroup]
Verify	Check out repository	2026-10-08T17:33:29.5337722Z ##[group]Fetching the repository
Verify	Check out repository	2026-10-08T17:33:29.5343658Z [command]/usr/bin/git -c protocol.version=2 fetch --no-tags --prune --no-recurse-submodules --depth=1 origin +a7208f59a2d9f4f127468037bf800236b59cff2f:refs/remotes/origin/main
Verify	Check out repository	2026-10-08T17:33:30.9592480Z From https://github.com/koniz-dev/react-native-starter
Verify	Check out repository	2026-10-08T17:33:30.9593445Z  * [new ref]         a7208f59a2d9f4f127468037bf800236b59cff2f -> origin/main
Verify	Check out repository	2026-10-08T17:33:30.9595830Z ##[endgroup]
Verify	Check out repository	2026-10-08T17:33:30.9596568Z ##[group]Determining the checkout info
Verify	Check out repository	2026-10-08T17:33:30.9597386Z ##[endgroup]
Verify	Check out repository	2026-10-08T17:33:30.9599813Z [command]/usr/bin/git sparse-checkout disable
Verify	Check out repository	2026-10-08T17:33:30.9810892Z [command]/usr/bin/git config --local --unset-all extensions.worktreeConfig
Verify	Check out repository	2026-10-08T17:33:30.9840273Z ##[group]Checking out the ref
Verify	Check out repository	2026-10-08T17:33:30.9843085Z [command]/usr/bin/git checkout --progress --force -B main refs/remotes/origin/main
Verify	Check out repository	2026-10-08T17:33:31.0418167Z Switched to a new branch 'main'
Verify	Check out repository	2026-10-08T17:33:31.0420823Z branch 'main' set up to track 'origin/main'.
Verify	Check out repository	2026-10-08T17:33:31.0428824Z ##[endgroup]
Verify	Check out repository	2026-10-08T17:33:31.0466557Z [command]/usr/bin/git log -1 --format=%H
Verify	Check out repository	2026-10-08T17:33:31.0486874Z a7208f59a2d9f4f127468037bf800236b59cff2f
Verify	Set up Node.js	﻿2026-10-08T17:33:31.0674825Z ##[group]Run actions/setup-node@v4
Verify	Set up Node.js	2026-10-08T17:33:31.0675062Z with:
Verify	Set up Node.js	2026-10-08T17:33:31.0675214Z   node-version-file: .nvmrc
Verify	Set up Node.js	2026-10-08T17:33:31.0675376Z   cache: npm
Verify	Set up Node.js	2026-10-08T17:33:31.0675513Z   always-auth: false
Verify	Set up Node.js	2026-10-08T17:33:31.0675673Z   check-latest: false
Verify	Set up Node.js	2026-10-08T17:33:31.0677350Z   token: ***
Verify	Set up Node.js	2026-10-08T17:33:31.0677500Z ##[endgroup]
Verify	Set up Node.js	2026-10-08T17:33:31.1498228Z Resolved .nvmrc as 24
Verify	Set up Node.js	2026-10-08T17:33:31.1534525Z Found in cache @ /opt/hostedtoolcache/node/24.21.0/x64
Verify	Set up Node.js	2026-10-08T17:33:31.1537493Z (node:2099) [DEP0040] DeprecationWarning: The `punycode` module is deprecated. Please use a userland alternative instead.
Verify	Set up Node.js	2026-10-08T17:33:31.1538130Z (Use `node --trace-deprecation ...` to show where the warning was created)
Verify	Set up Node.js	2026-10-08T17:33:31.1539088Z ##[group]Environment details
Verify	Set up Node.js	2026-10-08T17:33:31.4670815Z node: v24.21.0
Verify	Set up Node.js	2026-10-08T17:33:31.4671147Z npm: 11.19.0
Verify	Set up Node.js	2026-10-08T17:33:31.4671329Z yarn: 1.22.22
Verify	Set up Node.js	2026-10-08T17:33:31.4672168Z ##[endgroup]
Verify	Set up Node.js	2026-10-08T17:33:31.4721581Z [command]/opt/hostedtoolcache/node/24.21.0/x64/bin/npm config get cache
Verify	Set up Node.js	2026-10-08T17:33:31.7073529Z /home/runner/.npm
Verify	Set up Node.js	2026-10-08T17:33:31.9729944Z npm cache is not found
Verify	Install dependencies	﻿2026-10-08T17:33:31.9835444Z ##[group]Run npm ci
Verify	Install dependencies	2026-10-08T17:33:31.9835654Z ^[[36;1mnpm ci^[[0m
Verify	Install dependencies	2026-10-08T17:33:32.0055240Z shell: /usr/bin/bash -e {0}
Verify	Install dependencies	2026-10-08T17:33:32.0055416Z ##[endgroup]
Verify	Install dependencies	2026-10-08T17:33:35.0319549Z npm warn deprecated uuid@7.0.3: uuid@10 and below is no longer supported.  For ESM codebases, update to uuid@latest.  For CommonJS codebases, use uuid@11 (but be aware this version will likely be deprecated in 2028).
Verify	Install dependencies	2026-10-08T17:33:35.2514356Z npm warn deprecated inflight@1.0.6: This module is not supported, and leaks memory. Do not use it. Check out lru-cache if you want a good and tested way to coalesce async requests by a key value, which is much more comprehensive and powerful.
Verify	Install dependencies	2026-10-08T17:33:35.7507832Z npm warn deprecated domexception@4.0.0: Use your platform's native DOMException instead
Verify	Install dependencies	2026-10-08T17:33:36.1353081Z npm warn deprecated abab@2.0.6: Use your platform's native atob() and btoa() methods instead
Verify	Install dependencies	2026-10-08T17:33:37.0166293Z npm warn deprecated glob@7.2.3: Glob versions prior to v9 are no longer supported
Verify	Install dependencies	2026-10-08T17:33:37.1695560Z npm warn deprecated glob@7.2.3: Glob versions prior to v9 are no longer supported
Verify	Install dependencies	2026-10-08T17:33:37.1696695Z npm warn deprecated glob@7.2.3: Glob versions prior to v9 are no longer supported
Verify	Install dependencies	2026-10-08T17:33:37.3874511Z npm warn deprecated glob@7.2.3: Glob versions prior to v9 are no longer supported
Verify	Install dependencies	2026-10-08T17:33:46.5081772Z 
Verify	Install dependencies	2026-10-08T17:33:46.5082685Z added 1066 packages, and audited 1067 packages in 14s
Verify	Install dependencies	2026-10-08T17:33:46.5083034Z 
Verify	Install dependencies	2026-10-08T17:33:46.5083182Z 180 packages are looking for funding
Verify	Install dependencies	2026-10-08T17:33:46.5083461Z   run `npm fund` for details
Verify	Install dependencies	2026-10-08T17:33:46.6122964Z 
Verify	Install dependencies	2026-10-08T17:33:46.6123772Z 70 vulnerabilities (1 low, 15 moderate, 54 high)
Verify	Install dependencies	2026-10-08T17:33:46.6124074Z 
Verify	Install dependencies	2026-10-08T17:33:46.6124292Z To address issues that do not require attention, run:
Verify	Install dependencies	2026-10-08T17:33:46.6124591Z   npm audit fix
Verify	Install dependencies	2026-10-08T17:33:46.6124700Z 
Verify	Install dependencies	2026-10-08T17:33:46.6124894Z To address all issues (including breaking changes), run:
Verify	Install dependencies	2026-10-08T17:33:46.6125190Z   npm audit fix --force
Verify	Install dependencies	2026-10-08T17:33:46.6125361Z 
Verify	Install dependencies	2026-10-08T17:33:46.6125464Z Run `npm audit` for details.
Verify	Lint	﻿2026-10-08T17:33:46.6790905Z ##[group]Run npm run lint
Verify	Lint	2026-10-08T17:33:46.6791148Z ^[[36;1mnpm run lint^[[0m
Verify	Lint	2026-10-08T17:33:46.6853315Z shell: /usr/bin/bash -e {0}
Verify	Lint	2026-10-08T17:33:46.6853474Z ##[endgroup]
Verify	Lint	2026-10-08T17:33:46.7512208Z 
Verify	Lint	2026-10-08T17:33:46.7512855Z > react-native-starter@1.0.0 lint
Verify	Lint	2026-10-08T17:33:46.7513147Z > eslint . --max-warnings 0
Verify	Lint	2026-10-08T17:33:46.7513242Z 
Verify	Check formatting	﻿2026-10-08T17:33:50.6801850Z ##[group]Run npm run format:check
Verify	Check formatting	2026-10-08T17:33:50.6802055Z ^[[36;1mnpm run format:check^[[0m
Verify	Check formatting	2026-10-08T17:33:50.6852989Z shell: /usr/bin/bash -e {0}
Verify	Check formatting	2026-10-08T17:33:50.6853130Z ##[endgroup]
Verify	Check formatting	2026-10-08T17:33:50.7588578Z 
Verify	Check formatting	2026-10-08T17:33:50.7589275Z > react-native-starter@1.0.0 format:check
Verify	Check formatting	2026-10-08T17:33:50.7589609Z > prettier --check "**/*.{ts,tsx,js,jsx,json,md}"
Verify	Check formatting	2026-10-08T17:33:50.7589745Z 
Verify	Check formatting	2026-10-08T17:33:50.8130861Z Checking formatting...
Verify	Check formatting	2026-10-08T17:33:52.0479859Z All matched files use Prettier code style!
Verify	Type-check	﻿2026-10-08T17:33:52.0855084Z ##[group]Run npm run type-check
Verify	Type-check	2026-10-08T17:33:52.0855413Z ^[[36;1mnpm run type-check^[[0m
Verify	Type-check	2026-10-08T17:33:52.0906886Z shell: /usr/bin/bash -e {0}
Verify	Type-check	2026-10-08T17:33:52.0907029Z ##[endgroup]
Verify	Type-check	2026-10-08T17:33:52.1539100Z 
Verify	Type-check	2026-10-08T17:33:52.1539751Z > react-native-starter@1.0.0 type-check
Verify	Type-check	2026-10-08T17:33:52.1540031Z > tsc --noEmit
Verify	Type-check	2026-10-08T17:33:52.1540110Z 
Verify	Run Jest tests	﻿2026-10-08T17:33:53.8628791Z ##[group]Run npm run test:ci
Verify	Run Jest tests	2026-10-08T17:33:53.8628971Z ^[[36;1mnpm run test:ci^[[0m
Verify	Run Jest tests	2026-10-08T17:33:53.8679669Z shell: /usr/bin/bash -e {0}
Verify	Run Jest tests	2026-10-08T17:33:53.8679815Z ##[endgroup]
Verify	Run Jest tests	2026-10-08T17:33:53.9324867Z 
Verify	Run Jest tests	2026-10-08T17:33:53.9325597Z > react-native-starter@1.0.0 test:ci
Verify	Run Jest tests	2026-10-08T17:33:53.9326013Z > jest
Verify	Run Jest tests	2026-10-08T17:33:53.9326111Z 
Verify	Run Jest tests	2026-10-08T17:33:56.8326787Z PASS __tests__/utils/logger.test.ts
Verify	Run Jest tests	2026-10-08T17:33:56.8417693Z PASS __tests__/config/env.test.ts
Verify	Run Jest tests	2026-10-08T17:33:56.9792139Z PASS __tests__/services/httpClient.test.ts
Verify	Run Jest tests	2026-10-08T17:34:05.6981262Z PASS __tests__/components/ErrorBoundary.test.tsx (8.854 s)
Verify	Run Jest tests	2026-10-08T17:34:05.7211147Z   ● Console
Verify	Run Jest tests	2026-10-08T17:34:05.7253550Z 
Verify	Run Jest tests	2026-10-08T17:34:05.7280442Z     console.debug
Verify	Run Jest tests	2026-10-08T17:34:05.7311822Z       [analytics] screen /boom
Verify	Run Jest tests	2026-10-08T17:34:05.7355034Z 
Verify	Run Jest tests	2026-10-08T17:34:05.7376689Z       at debug (utils/logger.ts:133:18)
Verify	Run Jest tests	2026-10-08T17:34:05.7401236Z 
Verify	Run Jest tests	2026-10-08T17:34:05.7429743Z     console.debug
Verify	Run Jest tests	2026-10-08T17:34:05.7440171Z       [analytics] screen /
Verify	Run Jest tests	2026-10-08T17:34:05.7440917Z 
Verify	Run Jest tests	2026-10-08T17:34:05.7441313Z       at debug (utils/logger.ts:133:18)
Verify	Run Jest tests	2026-10-08T17:34:05.7441627Z 
Verify	Run Jest tests	2026-10-08T17:34:05.7441840Z     console.debug
Verify	Run Jest tests	2026-10-08T17:34:05.7442156Z       [analytics] screen /
Verify	Run Jest tests	2026-10-08T17:34:05.7442406Z 
Verify	Run Jest tests	2026-10-08T17:34:05.7442736Z       at debug (utils/logger.ts:133:18)
Verify	Run Jest tests	2026-10-08T17:34:05.7443064Z 
Verify	Run Jest tests	2026-10-08T17:34:05.7447547Z     console.debug
Verify	Run Jest tests	2026-10-08T17:34:05.7447969Z       [analytics] screen /boom
Verify	Run Jest tests	2026-10-08T17:34:05.7448256Z 
Verify	Run Jest tests	2026-10-08T17:34:05.7448495Z       at debug (utils/logger.ts:133:18)
Verify	Run Jest tests	2026-10-08T17:34:05.7449033Z 
Verify	Run Jest tests	2026-10-08T17:34:05.7449238Z     console.debug
Verify	Run Jest tests	2026-10-08T17:34:05.7449586Z       [analytics] screen /
Verify	Run Jest tests	2026-10-08T17:34:05.7449832Z 
Verify	Run Jest tests	2026-10-08T17:34:05.7450095Z       at debug (utils/logger.ts:133:18)
Verify	Run Jest tests	2026-10-08T17:34:05.7450376Z 
Verify	Run Jest tests	2026-10-08T17:34:05.7450578Z     console.debug
Verify	Run Jest tests	2026-10-08T17:34:05.7451045Z       [analytics] screen /
Verify	Run Jest tests	2026-10-08T17:34:05.7451296Z 
Verify	Run Jest tests	2026-10-08T17:34:05.7451553Z       at debug (utils/logger.ts:133:18)
Verify	Run Jest tests	2026-10-08T17:34:05.7451878Z 
Verify	Run Jest tests	2026-10-08T17:34:05.7452099Z     console.debug
Verify	Run Jest tests	2026-10-08T17:34:05.7452441Z       [analytics] screen /boom
Verify	Run Jest tests	2026-10-08T17:34:05.7452706Z 
Verify	Run Jest tests	2026-10-08T17:34:05.7452919Z       at debug (utils/logger.ts:133:18)
Verify	Run Jest tests	2026-10-08T17:34:05.7453185Z 
Verify	Run Jest tests	2026-10-08T17:34:05.7453380Z     console.debug
Verify	Run Jest tests	2026-10-08T17:34:05.7453679Z       [analytics] screen /
Verify	Run Jest tests	2026-10-08T17:34:05.7453919Z 
Verify	Run Jest tests	2026-10-08T17:34:05.7454265Z       at debug (utils/logger.ts:133:18)
Verify	Run Jest tests	2026-10-08T17:34:05.7460344Z 
Verify	Run Jest tests	2026-10-08T17:34:05.7460969Z     console.debug
Verify	Run Jest tests	2026-10-08T17:34:05.7461390Z       [analytics] screen /boom
Verify	Run Jest tests	2026-10-08T17:34:05.7481991Z 
Verify	Run Jest tests	2026-10-08T17:34:05.7482439Z       at debug (utils/logger.ts:133:18)
Verify	Run Jest tests	2026-10-08T17:34:05.7482760Z 
Verify	Run Jest tests	2026-10-08T17:34:05.7482967Z     console.debug
Verify	Run Jest tests	2026-10-08T17:34:05.7483437Z       [analytics] screen /
Verify	Run Jest tests	2026-10-08T17:34:05.7483749Z 
Verify	Run Jest tests	2026-10-08T17:34:05.7514022Z       at debug (utils/logger.ts:133:18)
Verify	Run Jest tests	2026-10-08T17:34:05.7514491Z 
Verify	Run Jest tests	2026-10-08T17:34:05.7514722Z     console.debug
Verify	Run Jest tests	2026-10-08T17:34:05.7515414Z       [analytics] screen /boom
Verify	Run Jest tests	2026-10-08T17:34:05.7515680Z 
Verify	Run Jest tests	2026-10-08T17:34:05.7515920Z       at debug (utils/logger.ts:133:18)
Verify	Run Jest tests	2026-10-08T17:34:05.7516229Z 
Verify	Run Jest tests	2026-10-08T17:34:05.8352530Z PASS __tests__/services/tokenStore.test.tsx (8.845 s)
Verify	Run Jest tests	2026-10-08T17:34:05.8420326Z   ● Console
Verify	Run Jest tests	2026-10-08T17:34:05.8451116Z 
Verify	Run Jest tests	2026-10-08T17:34:05.8452076Z     console.debug
Verify	Run Jest tests	2026-10-08T17:34:05.8461581Z       [analytics] screen /login
Verify	Run Jest tests	2026-10-08T17:34:05.8462060Z 
Verify	Run Jest tests	2026-10-08T17:34:05.8462401Z       at debug (utils/logger.ts:133:18)
Verify	Run Jest tests	2026-10-08T17:34:05.8462750Z 
Verify	Run Jest tests	2026-10-08T17:34:05.8462976Z     console.debug
Verify	Run Jest tests	2026-10-08T17:34:05.8463824Z       [analytics] screen /
Verify	Run Jest tests	2026-10-08T17:34:05.8464106Z 
Verify	Run Jest tests	2026-10-08T17:34:05.8464365Z       at debug (utils/logger.ts:133:18)
Verify	Run Jest tests	2026-10-08T17:34:05.8464661Z 
Verify	Run Jest tests	2026-10-08T17:34:05.8464877Z     console.debug
Verify	Run Jest tests	2026-10-08T17:34:05.8465223Z       [analytics] screen /login
Verify	Run Jest tests	2026-10-08T17:34:05.8465501Z 
Verify	Run Jest tests	2026-10-08T17:34:05.8465741Z       at debug (utils/logger.ts:133:18)
Verify	Run Jest tests	2026-10-08T17:34:05.8466333Z 
Verify	Run Jest tests	2026-10-08T17:34:05.8466548Z     console.debug
Verify	Run Jest tests	2026-10-08T17:34:05.8466874Z       [analytics] screen /
Verify	Run Jest tests	2026-10-08T17:34:05.8467143Z 
Verify	Run Jest tests	2026-10-08T17:34:05.8467375Z       at debug (utils/logger.ts:133:18)
Verify	Run Jest tests	2026-10-08T17:34:05.8467670Z 
Verify	Run Jest tests	2026-10-08T17:34:05.8467876Z     console.debug
Verify	Run Jest tests	2026-10-08T17:34:05.8468198Z       [analytics] screen /
Verify	Run Jest tests	2026-10-08T17:34:05.8468454Z 
Verify	Run Jest tests	2026-10-08T17:34:05.8468700Z       at debug (utils/logger.ts:133:18)
Verify	Run Jest tests	2026-10-08T17:34:05.8468987Z 
Verify	Run Jest tests	2026-10-08T17:34:05.9921807Z PASS __tests__/services/api.test.ts
Verify	Run Jest tests	2026-10-08T17:34:06.0014783Z   ● Console
Verify	Run Jest tests	2026-10-08T17:34:06.0015302Z 
Verify	Run Jest tests	2026-10-08T17:34:06.0015714Z     console.warn
Verify	Run Jest tests	2026-10-08T17:34:06.0016119Z       API request failed: server (503)
Verify	Run Jest tests	2026-10-08T17:34:06.0016419Z 
Verify	Run Jest tests	2026-10-08T17:34:06.0017215Z     ^[[0m ^[[90m 129 |^[[39m     ^[[36mconst^[[39m args ^[[33m=^[[39m [message^[[33m,^[[39m ^[[33m...^[[39mdetails^[[33m.^[[39mfilter(item ^[[33m=>^[[39m item ^[[33m!==^[[39m undefined)]^[[33m;^[[39m
Verify	Run Jest tests	2026-10-08T17:34:06.0018288Z      ^[[90m 130 |^[[39m     ^[[36mif^[[39m (level ^[[33m===^[[39m ^[[32m'error'^[[39m) console^[[33m.^[[39merror(^[[33m...^[[39margs)^[[33m;^[[39m
Verify	Run Jest tests	2026-10-08T17:34:06.0019292Z     ^[[31m^[[1m>^[[22m^[[39m^[[90m 131 |^[[39m     ^[[36melse^[[39m ^[[36mif^[[39m (level ^[[33m===^[[39m ^[[32m'warn'^[[39m) console^[[33m.^[[39mwarn(^[[33m...^[[39margs)^[[33m;^[[39m
Verify	Run Jest tests	2026-10-08T17:34:06.0020092Z      ^[[90m     |^[[39m                                        ^[[31m^[[1m^^[[22m^[[39m
Verify	Run Jest tests	2026-10-08T17:34:06.0021028Z      ^[[90m 132 |^[[39m     ^[[36melse^[[39m ^[[36mif^[[39m (level ^[[33m===^[[39m ^[[32m'info'^[[39m) console^[[33m.^[[39minfo(^[[33m...^[[39margs)^[[33m;^[[39m
Verify	Run Jest tests	2026-10-08T17:34:06.0021848Z      ^[[90m 133 |^[[39m     ^[[36melse^[[39m console^[[33m.^[[39mdebug(^[[33m...^[[39margs)^[[33m;^[[39m
Verify	Run Jest tests	2026-10-08T17:34:06.0022388Z      ^[[90m 134 |^[[39m   }^[[33m;^[[39m^[[0m
Verify	Run Jest tests	2026-10-08T17:34:06.0022663Z 
Verify	Run Jest tests	2026-10-08T17:34:06.0022895Z       at warn (utils/logger.ts:131:40)
Verify	Run Jest tests	2026-10-08T17:34:06.0023325Z       at Object.write [as warn] (utils/logger.ts:142:33)
Verify	Run Jest tests	2026-10-08T17:34:06.0023765Z       at warn (services/httpClient.ts:136:12)
Verify	Run Jest tests	2026-10-08T17:34:06.0024341Z       at asyncGeneratorStep (node_modules/@babel/runtime/helpers/asyncToGenerator.js:3:17)
Verify	Run Jest tests	2026-10-08T17:34:06.0024974Z       at _next (node_modules/@babel/runtime/helpers/asyncToGenerator.js:17:9)
Verify	Run Jest tests	2026-10-08T17:34:06.0025565Z       at node_modules/@babel/runtime/helpers/asyncToGenerator.js:22:7
Verify	Run Jest tests	2026-10-08T17:34:06.0026105Z       at node_modules/@babel/runtime/helpers/asyncToGenerator.js:14:12
Verify	Run Jest tests	2026-10-08T17:34:06.0026586Z       at apply (services/httpClient.ts:142:4)
Verify	Run Jest tests	2026-10-08T17:34:06.0027073Z       at Axios.request (node_modules/axios/dist/browser/axios.cjs:5245:14)
Verify	Run Jest tests	2026-10-08T17:34:06.0027472Z 
Verify	Run Jest tests	2026-10-08T17:34:06.4274686Z PASS __tests__/components/LoginScreen.test.tsx
Verify	Run Jest tests	2026-10-08T17:34:06.4305691Z   ● Console
Verify	Run Jest tests	2026-10-08T17:34:06.4306060Z 
Verify	Run Jest tests	2026-10-08T17:34:06.4306413Z     console.error
Verify	Run Jest tests	2026-10-08T17:34:06.4307033Z       An update to SessionProvider inside a test was not wrapped in act(...).
Verify	Run Jest tests	2026-10-08T17:34:06.4307543Z       
Verify	Run Jest tests	2026-10-08T17:34:06.4308101Z       When testing, code that causes React state updates should be wrapped into act(...):
Verify	Run Jest tests	2026-10-08T17:34:06.4308627Z       
Verify	Run Jest tests	2026-10-08T17:34:06.4308948Z       act(() => {
Verify	Run Jest tests	2026-10-08T17:34:06.4309331Z         /* fire events that update state */
Verify	Run Jest tests	2026-10-08T17:34:06.4309707Z       });
Verify	Run Jest tests	2026-10-08T17:34:06.4310059Z       /* assert on the output */
Verify	Run Jest tests	2026-10-08T17:34:06.4310432Z       
Verify	Run Jest tests	2026-10-08T17:34:06.4311333Z       This ensures that you're testing the behavior the user would see in the browser. Learn more at https://react.dev/link/wrap-tests-with-act
Verify	Run Jest tests	2026-10-08T17:34:06.4311996Z 
Verify	Run Jest tests	2026-10-08T17:34:06.4312509Z     ^[[0m ^[[90m 86 |^[[39m     readStoredSession()^[[33m.^[[39mthen(restored ^[[33m=>^[[39m {
Verify	Run Jest tests	2026-10-08T17:34:06.4313923Z      ^[[90m 87 |^[[39m       ^[[36mif^[[39m (^[[33m!^[[39mchangedRef^[[33m.^[[39mcurrent ^[[33m&&^[[39m isMountedRef^[[33m.^[[39mcurrent) {
Verify	Run Jest tests	2026-10-08T17:34:06.4314682Z     ^[[31m^[[1m>^[[22m^[[39m^[[90m 88 |^[[39m         setSession(restored)^[[33m;^[[39m
Verify	Run Jest tests	2026-10-08T17:34:06.4315244Z      ^[[90m    |^[[39m         ^[[31m^[[1m^^[[22m^[[39m
Verify	Run Jest tests	2026-10-08T17:34:06.4315950Z      ^[[90m 89 |^[[39m       }
Verify	Run Jest tests	2026-10-08T17:34:06.4316373Z      ^[[90m 90 |^[[39m     })^[[33m;^[[39m
Verify	Run Jest tests	2026-10-08T17:34:06.4317011Z      ^[[90m 91 |^[[39m     ^[[90m// The HTTP client has already cleared the stored session.^[[39m^[[0m
Verify	Run Jest tests	2026-10-08T17:34:06.4317469Z 
Verify	Run Jest tests	2026-10-08T17:34:06.4317930Z       at node_modules/react-test-renderer/cjs/react-test-renderer.development.js:14402:19
Verify	Run Jest tests	2026-10-08T17:34:06.4318805Z       at runWithFiberInDEV (node_modules/react-test-renderer/cjs/react-test-renderer.development.js:2315:13)
Verify	Run Jest tests	2026-10-08T17:34:06.4319816Z       at warnIfUpdatesNotWrappedWithActDEV (node_modules/react-test-renderer/cjs/react-test-renderer.development.js:14401:9)
Verify	Run Jest tests	2026-10-08T17:34:06.4320931Z       at scheduleUpdateOnFiber (node_modules/react-test-renderer/cjs/react-test-renderer.development.js:12086:9)
Verify	Run Jest tests	2026-10-08T17:34:06.4321839Z       at dispatchSetStateInternal (node_modules/react-test-renderer/cjs/react-test-renderer.development.js:6208:13)
Verify	Run Jest tests	2026-10-08T17:34:06.4322790Z       at dispatchSetState (node_modules/react-test-renderer/cjs/react-test-renderer.development.js:6165:7)
Verify	Run Jest tests	2026-10-08T17:34:06.4323509Z       at setSession (providers/SessionProvider.tsx:88:9)
Verify	Run Jest tests	2026-10-08T17:34:06.4323854Z 
Verify	Run Jest tests	2026-10-08T17:34:06.4324090Z     console.error
Verify	Run Jest tests	2026-10-08T17:34:06.4324580Z       An update to SessionProvider inside a test was not wrapped in act(...).
Verify	Run Jest tests	2026-10-08T17:34:06.4325085Z       
Verify	Run Jest tests	2026-10-08T17:34:06.4325584Z       When testing, code that causes React state updates should be wrapped into act(...):
Verify	Run Jest tests	2026-10-08T17:34:06.4326111Z       
Verify	Run Jest tests	2026-10-08T17:34:06.4326424Z       act(() => {
Verify	Run Jest tests	2026-10-08T17:34:06.4326810Z         /* fire events that update state */
Verify	Run Jest tests	2026-10-08T17:34:06.4327206Z       });
Verify	Run Jest tests	2026-10-08T17:34:06.4327554Z       /* assert on the output */
Verify	Run Jest tests	2026-10-08T17:34:06.4327911Z       
Verify	Run Jest tests	2026-10-08T17:34:06.4328603Z       This ensures that you're testing the behavior the user would see in the browser. Learn more at https://react.dev/link/wrap-tests-with-act
Verify	Run Jest tests	2026-10-08T17:34:06.4329225Z 
Verify	Run Jest tests	2026-10-08T17:34:06.4329698Z     ^[[0m ^[[90m 86 |^[[39m     readStoredSession()^[[33m.^[[39mthen(restored ^[[33m=>^[[39m {
Verify	Run Jest tests	2026-10-08T17:34:06.4330557Z      ^[[90m 87 |^[[39m       ^[[36mif^[[39m (^[[33m!^[[39mchangedRef^[[33m.^[[39mcurrent ^[[33m&&^[[39m isMountedRef^[[33m.^[[39mcurrent) {
Verify	Run Jest tests	2026-10-08T17:34:06.4331551Z     ^[[31m^[[1m>^[[22m^[[39m^[[90m 88 |^[[39m         setSession(restored)^[[33m;^[[39m
Verify	Run Jest tests	2026-10-08T17:34:06.4332099Z      ^[[90m    |^[[39m         ^[[31m^[[1m^^[[22m^[[39m
Verify	Run Jest tests	2026-10-08T17:34:06.4332515Z      ^[[90m 89 |^[[39m       }
Verify	Run Jest tests	2026-10-08T17:34:06.4332934Z      ^[[90m 90 |^[[39m     })^[[33m;^[[39m
Verify	Run Jest tests	2026-10-08T17:34:06.4333548Z      ^[[90m 91 |^[[39m     ^[[90m// The HTTP client has already cleared the stored session.^[[39m^[[0m
Verify	Run Jest tests	2026-10-08T17:34:06.4334001Z 
Verify	Run Jest tests	2026-10-08T17:34:06.4334653Z       at node_modules/react-test-renderer/cjs/react-test-renderer.development.js:14402:19
Verify	Run Jest tests	2026-10-08T17:34:06.4344144Z       at runWithFiberInDEV (node_modules/react-test-renderer/cjs/react-test-renderer.development.js:2315:13)
Verify	Run Jest tests	2026-10-08T17:34:06.4345173Z       at warnIfUpdatesNotWrappedWithActDEV (node_modules/react-test-renderer/cjs/react-test-renderer.development.js:14401:9)
Verify	Run Jest tests	2026-10-08T17:34:06.4346150Z       at scheduleUpdateOnFiber (node_modules/react-test-renderer/cjs/react-test-renderer.development.js:12086:9)
Verify	Run Jest tests	2026-10-08T17:34:06.4347062Z       at dispatchSetStateInternal (node_modules/react-test-renderer/cjs/react-test-renderer.development.js:6208:13)
Verify	Run Jest tests	2026-10-08T17:34:06.4347959Z       at dispatchSetState (node_modules/react-test-renderer/cjs/react-test-renderer.development.js:6165:7)
Verify	Run Jest tests	2026-10-08T17:34:06.4348646Z       at setSession (providers/SessionProvider.tsx:88:9)
Verify	Run Jest tests	2026-10-08T17:34:06.4349316Z 
Verify	Run Jest tests	2026-10-08T17:34:06.4713644Z PASS __tests__/navigation/sessionRoutes.test.tsx (9.62 s)
Verify	Run Jest tests	2026-10-08T17:34:06.4982141Z   ● Console
Verify	Run Jest tests	2026-10-08T17:34:06.4982357Z 
Verify	Run Jest tests	2026-10-08T17:34:06.4982452Z     console.debug
Verify	Run Jest tests	2026-10-08T17:34:06.4982705Z       [analytics] screen /profile
Verify	Run Jest tests	2026-10-08T17:34:06.4982884Z 
Verify	Run Jest tests	2026-10-08T17:34:06.4983477Z       at debug (utils/logger.ts:133:18)
Verify	Run Jest tests	2026-10-08T17:34:06.4983646Z 
Verify	Run Jest tests	2026-10-08T17:34:06.4983723Z     console.debug
Verify	Run Jest tests	2026-10-08T17:34:06.4983930Z       [analytics] screen /profile
Verify	Run Jest tests	2026-10-08T17:34:06.4984077Z 
Verify	Run Jest tests	2026-10-08T17:34:06.4984185Z       at debug (utils/logger.ts:133:18)
Verify	Run Jest tests	2026-10-08T17:34:06.4984343Z 
Verify	Run Jest tests	2026-10-08T17:34:06.4984420Z     console.debug
Verify	Run Jest tests	2026-10-08T17:34:06.4984607Z       [analytics] screen /
Verify	Run Jest tests	2026-10-08T17:34:06.4984735Z 
Verify	Run Jest tests	2026-10-08T17:34:06.4984842Z       at debug (utils/logger.ts:133:18)
Verify	Run Jest tests	2026-10-08T17:34:06.4985002Z 
Verify	Run Jest tests	2026-10-08T17:34:06.4985080Z     console.debug
Verify	Run Jest tests	2026-10-08T17:34:06.4985282Z       [analytics] screen /login
Verify	Run Jest tests	2026-10-08T17:34:06.4985451Z 
Verify	Run Jest tests	2026-10-08T17:34:06.4985552Z       at debug (utils/logger.ts:133:18)
Verify	Run Jest tests	2026-10-08T17:34:06.4985824Z 
Verify	Run Jest tests	2026-10-08T17:34:06.4985900Z     console.debug
Verify	Run Jest tests	2026-10-08T17:34:06.4986077Z       [analytics] screen /
Verify	Run Jest tests	2026-10-08T17:34:06.4986200Z 
Verify	Run Jest tests	2026-10-08T17:34:06.4986303Z       at debug (utils/logger.ts:133:18)
Verify	Run Jest tests	2026-10-08T17:34:06.4986448Z 
Verify	Run Jest tests	2026-10-08T17:34:06.4986528Z     console.debug
Verify	Run Jest tests	2026-10-08T17:34:06.4986719Z       [analytics] screen /login
Verify	Run Jest tests	2026-10-08T17:34:06.4986853Z 
Verify	Run Jest tests	2026-10-08T17:34:06.4986954Z       at debug (utils/logger.ts:133:18)
Verify	Run Jest tests	2026-10-08T17:34:06.4987101Z 
Verify	Run Jest tests	2026-10-08T17:34:06.4987175Z     console.debug
Verify	Run Jest tests	2026-10-08T17:34:06.4987356Z       [analytics] screen /
Verify	Run Jest tests	2026-10-08T17:34:06.4987510Z 
Verify	Run Jest tests	2026-10-08T17:34:06.4987611Z       at debug (utils/logger.ts:133:18)
Verify	Run Jest tests	2026-10-08T17:34:06.4987765Z 
Verify	Run Jest tests	2026-10-08T17:34:06.4987839Z     console.debug
Verify	Run Jest tests	2026-10-08T17:34:06.4988040Z       [analytics] screen /profile
Verify	Run Jest tests	2026-10-08T17:34:06.4988182Z 
Verify	Run Jest tests	2026-10-08T17:34:06.4988289Z       at debug (utils/logger.ts:133:18)
Verify	Run Jest tests	2026-10-08T17:34:06.4988447Z 
Verify	Run Jest tests	2026-10-08T17:34:06.4988519Z     console.debug
Verify	Run Jest tests	2026-10-08T17:34:06.4988697Z       [analytics] screen /
Verify	Run Jest tests	2026-10-08T17:34:06.4988891Z 
Verify	Run Jest tests	2026-10-08T17:34:06.4988989Z       at debug (utils/logger.ts:133:18)
Verify	Run Jest tests	2026-10-08T17:34:06.4989136Z 
Verify	Run Jest tests	2026-10-08T17:34:06.4989210Z     console.debug
Verify	Run Jest tests	2026-10-08T17:34:06.4989408Z       [analytics] screen /profile
Verify	Run Jest tests	2026-10-08T17:34:06.4989552Z 
Verify	Run Jest tests	2026-10-08T17:34:06.4989657Z       at debug (utils/logger.ts:133:18)
Verify	Run Jest tests	2026-10-08T17:34:06.4989806Z 
Verify	Run Jest tests	2026-10-08T17:34:06.4989874Z     console.debug
Verify	Run Jest tests	2026-10-08T17:34:06.4990054Z       [analytics] screen /
Verify	Run Jest tests	2026-10-08T17:34:06.4990170Z 
Verify	Run Jest tests	2026-10-08T17:34:06.4990268Z       at debug (utils/logger.ts:133:18)
Verify	Run Jest tests	2026-10-08T17:34:06.4990413Z 
Verify	Run Jest tests	2026-10-08T17:34:06.4990485Z     console.debug
Verify	Run Jest tests	2026-10-08T17:34:06.4990831Z       [analytics] screen /profile
Verify	Run Jest tests	2026-10-08T17:34:06.4990966Z 
Verify	Run Jest tests	2026-10-08T17:34:06.4991065Z       at debug (utils/logger.ts:133:18)
Verify	Run Jest tests	2026-10-08T17:34:06.4991213Z 
Verify	Run Jest tests	2026-10-08T17:34:06.4991288Z     console.debug
Verify	Run Jest tests	2026-10-08T17:34:06.4991466Z       [analytics] screen /
Verify	Run Jest tests	2026-10-08T17:34:06.4991585Z 
Verify	Run Jest tests	2026-10-08T17:34:06.4991689Z       at debug (utils/logger.ts:133:18)
Verify	Run Jest tests	2026-10-08T17:34:06.4991830Z 
Verify	Run Jest tests	2026-10-08T17:34:06.4991896Z     console.debug
Verify	Run Jest tests	2026-10-08T17:34:06.4992094Z       [analytics] screen /profile
Verify	Run Jest tests	2026-10-08T17:34:06.4992227Z 
Verify	Run Jest tests	2026-10-08T17:34:06.4992330Z       at debug (utils/logger.ts:133:18)
Verify	Run Jest tests	2026-10-08T17:34:06.4992481Z 
Verify	Run Jest tests	2026-10-08T17:34:06.4992550Z     console.debug
Verify	Run Jest tests	2026-10-08T17:34:06.4993060Z       [analytics] screen /
Verify	Run Jest tests	2026-10-08T17:34:06.5015161Z 
Verify	Run Jest tests	2026-10-08T17:34:06.5015373Z       at debug (utils/logger.ts:133:18)
Verify	Run Jest tests	2026-10-08T17:34:06.5015571Z 
Verify	Run Jest tests	2026-10-08T17:34:06.5015654Z     console.debug
Verify	Run Jest tests	2026-10-08T17:34:06.5015866Z       [analytics] screen /
Verify	Run Jest tests	2026-10-08T17:34:06.5016001Z 
Verify	Run Jest tests	2026-10-08T17:34:06.5016120Z       at debug (utils/logger.ts:133:18)
Verify	Run Jest tests	2026-10-08T17:34:06.5016285Z 
Verify	Run Jest tests	2026-10-08T17:34:06.5016366Z     console.debug
Verify	Run Jest tests	2026-10-08T17:34:06.5016588Z       [analytics] screen /profile
Verify	Run Jest tests	2026-10-08T17:34:06.5017028Z 
Verify	Run Jest tests	2026-10-08T17:34:06.5017137Z       at debug (utils/logger.ts:133:18)
Verify	Run Jest tests	2026-10-08T17:34:06.5017305Z 
Verify	Run Jest tests	2026-10-08T17:34:06.5017385Z     console.debug
Verify	Run Jest tests	2026-10-08T17:34:06.5017578Z       [analytics] screen /
Verify	Run Jest tests	2026-10-08T17:34:06.5017707Z 
Verify	Run Jest tests	2026-10-08T17:34:06.5017820Z       at debug (utils/logger.ts:133:18)
Verify	Run Jest tests	2026-10-08T17:34:06.5017985Z 
Verify	Run Jest tests	2026-10-08T17:34:06.5018180Z     console.debug
Verify	Run Jest tests	2026-10-08T17:34:06.5018393Z       [analytics] screen /profile
Verify	Run Jest tests	2026-10-08T17:34:06.5018547Z 
Verify	Run Jest tests	2026-10-08T17:34:06.5018657Z       at debug (utils/logger.ts:133:18)
Verify	Run Jest tests	2026-10-08T17:34:06.5018805Z 
Verify	Run Jest tests	2026-10-08T17:34:06.5181862Z PASS __tests__/services/auth.test.ts
Verify	Run Jest tests	2026-10-08T17:34:06.5925080Z PASS __tests__/config/appConfig.test.ts
Verify	Run Jest tests	2026-10-08T17:34:06.6089525Z PASS __tests__/integrations/seams.test.ts
Verify	Run Jest tests	2026-10-08T17:34:06.8087321Z PASS __tests__/components/HomeScreen.test.tsx
Verify	Run Jest tests	2026-10-08T17:34:07.0221808Z PASS __tests__/navigation/tabBarTheme.test.tsx
Verify	Run Jest tests	2026-10-08T17:34:07.0254273Z   ● Console
Verify	Run Jest tests	2026-10-08T17:34:07.0273053Z 
Verify	Run Jest tests	2026-10-08T17:34:07.0273566Z     console.debug
Verify	Run Jest tests	2026-10-08T17:34:07.0273987Z       [analytics] screen /
Verify	Run Jest tests	2026-10-08T17:34:07.0274269Z 
Verify	Run Jest tests	2026-10-08T17:34:07.0274515Z       at debug (utils/logger.ts:133:18)
Verify	Run Jest tests	2026-10-08T17:34:07.0274816Z 
Verify	Run Jest tests	2026-10-08T17:34:07.0275019Z     console.debug
Verify	Run Jest tests	2026-10-08T17:34:07.0275343Z       [analytics] screen /
Verify	Run Jest tests	2026-10-08T17:34:07.0275598Z 
Verify	Run Jest tests	2026-10-08T17:34:07.0275860Z       at debug (utils/logger.ts:133:18)
Verify	Run Jest tests	2026-10-08T17:34:07.0276145Z 
Verify	Run Jest tests	2026-10-08T17:34:07.1141874Z PASS __tests__/constants/theme.test.ts
Verify	Run Jest tests	2026-10-08T17:34:07.1516323Z PASS __tests__/integrations/i18n.test.tsx
Verify	Run Jest tests	2026-10-08T17:34:07.1539006Z   ● Console
Verify	Run Jest tests	2026-10-08T17:34:07.1539394Z 
Verify	Run Jest tests	2026-10-08T17:34:07.1555477Z     console.debug
Verify	Run Jest tests	2026-10-08T17:34:07.1555899Z       [analytics] screen /
Verify	Run Jest tests	2026-10-08T17:34:07.1556177Z 
Verify	Run Jest tests	2026-10-08T17:34:07.1556426Z       at debug (utils/logger.ts:133:18)
Verify	Run Jest tests	2026-10-08T17:34:07.1556703Z 
Verify	Run Jest tests	2026-10-08T17:34:07.1556901Z     console.debug
Verify	Run Jest tests	2026-10-08T17:34:07.1557225Z       [analytics] screen /login
Verify	Run Jest tests	2026-10-08T17:34:07.1557525Z 
Verify	Run Jest tests	2026-10-08T17:34:07.1557751Z       at debug (utils/logger.ts:133:18)
Verify	Run Jest tests	2026-10-08T17:34:07.1558027Z 
Verify	Run Jest tests	2026-10-08T17:34:07.5731991Z PASS __tests__/navigation/configError.test.tsx
Verify	Run Jest tests	2026-10-08T17:34:07.5762042Z   ● Console
Verify	Run Jest tests	2026-10-08T17:34:07.5791031Z 
Verify	Run Jest tests	2026-10-08T17:34:07.5797623Z     console.debug
Verify	Run Jest tests	2026-10-08T17:34:07.5798181Z       [analytics] screen /
Verify	Run Jest tests	2026-10-08T17:34:07.5798502Z 
Verify	Run Jest tests	2026-10-08T17:34:07.5798698Z       at debug (utils/logger.ts:133:18)
Verify	Run Jest tests	2026-10-08T17:34:07.5798936Z 
Verify	Run Jest tests	2026-10-08T17:34:07.6192944Z PASS __tests__/navigation/initialRoute.test.tsx
Verify	Run Jest tests	2026-10-08T17:34:07.6247233Z   ● Console
Verify	Run Jest tests	2026-10-08T17:34:07.6273943Z 
Verify	Run Jest tests	2026-10-08T17:34:07.6301678Z     console.debug
Verify	Run Jest tests	2026-10-08T17:34:07.6311647Z       [analytics] screen /
Verify	Run Jest tests	2026-10-08T17:34:07.6315287Z 
Verify	Run Jest tests	2026-10-08T17:34:07.6315608Z       at debug (utils/logger.ts:133:18)
Verify	Run Jest tests	2026-10-08T17:34:07.6315933Z 
Verify	Run Jest tests	2026-10-08T17:34:07.6316142Z     console.debug
Verify	Run Jest tests	2026-10-08T17:34:07.6316473Z       [analytics] screen /login
Verify	Run Jest tests	2026-10-08T17:34:07.6316740Z 
Verify	Run Jest tests	2026-10-08T17:34:07.6317015Z       at debug (utils/logger.ts:133:18)
Verify	Run Jest tests	2026-10-08T17:34:07.6317283Z 
Verify	Run Jest tests	2026-10-08T17:34:07.6317481Z     console.debug
Verify	Run Jest tests	2026-10-08T17:34:07.6317809Z       [analytics] screen /login
Verify	Run Jest tests	2026-10-08T17:34:07.6318067Z 
Verify	Run Jest tests	2026-10-08T17:34:07.6318287Z       at debug (utils/logger.ts:133:18)
Verify	Run Jest tests	2026-10-08T17:34:07.6318568Z 
Verify	Run Jest tests	2026-10-08T17:34:07.6318763Z     console.debug
Verify	Run Jest tests	2026-10-08T17:34:07.6319091Z       [analytics] screen /
Verify	Run Jest tests	2026-10-08T17:34:07.6319332Z 
Verify	Run Jest tests	2026-10-08T17:34:07.6319557Z       at debug (utils/logger.ts:133:18)
Verify	Run Jest tests	2026-10-08T17:34:07.6319817Z 
Verify	Run Jest tests	2026-10-08T17:34:07.6394398Z PASS __tests__/navigation/statusBar.test.tsx
Verify	Run Jest tests	2026-10-08T17:34:07.6429968Z   ● Console
Verify	Run Jest tests	2026-10-08T17:34:07.6466538Z 
Verify	Run Jest tests	2026-10-08T17:34:07.6491529Z     console.debug
Verify	Run Jest tests	2026-10-08T17:34:07.6494716Z       [analytics] screen /
Verify	Run Jest tests	2026-10-08T17:34:07.6494958Z 
Verify	Run Jest tests	2026-10-08T17:34:07.6495216Z       at debug (utils/logger.ts:133:18)
Verify	Run Jest tests	2026-10-08T17:34:07.6495512Z 
Verify	Run Jest tests	2026-10-08T17:34:07.6495711Z     console.debug
Verify	Run Jest tests	2026-10-08T17:34:07.6496020Z       [analytics] screen /
Verify	Run Jest tests	2026-10-08T17:34:07.6496745Z 
Verify	Run Jest tests	2026-10-08T17:34:07.6496983Z       at debug (utils/logger.ts:133:18)
Verify	Run Jest tests	2026-10-08T17:34:07.6497249Z 
Verify	Run Jest tests	2026-10-08T17:34:07.7362349Z PASS __tests__/services/storage.test.ts
Verify	Run Jest tests	2026-10-08T17:34:07.7422251Z   ● Console
Verify	Run Jest tests	2026-10-08T17:34:07.7451715Z 
Verify	Run Jest tests	2026-10-08T17:34:07.7452424Z     console.error
Verify	Run Jest tests	2026-10-08T17:34:07.7453196Z       Error retrieving bad-json SyntaxError: Expected property name or '}' in JSON at position 1 (line 1 column 2)
Verify	Run Jest tests	2026-10-08T17:34:07.7511291Z           at JSON.parse (<anonymous>)
Verify	Run Jest tests	2026-10-08T17:34:07.7531389Z           at parse (/home/runner/work/react-native-starter/react-native-starter/services/storage.ts:33:38)
Verify	Run Jest tests	2026-10-08T17:34:07.7541400Z           at Generator.next (<anonymous>)
Verify	Run Jest tests	2026-10-08T17:34:07.7581700Z           at asyncGeneratorStep (/home/runner/work/react-native-starter/react-native-starter/node_modules/@babel/runtime/helpers/asyncToGenerator.js:3:17)
Verify	Run Jest tests	2026-10-08T17:34:07.7591472Z           at _next (/home/runner/work/react-native-starter/react-native-starter/node_modules/@babel/runtime/helpers/asyncToGenerator.js:17:9)
Verify	Run Jest tests	2026-10-08T17:34:07.7611389Z           at processTicksAndRejections (node:internal/process/task_queues:104:5)
Verify	Run Jest tests	2026-10-08T17:34:07.7631313Z 
Verify	Run Jest tests	2026-10-08T17:34:07.7632302Z     ^[[0m ^[[90m 128 |^[[39m     ^[[36mif^[[39m (^[[33mLEVEL_ORDER^[[39m[level] ^[[33m<^[[39m ^[[33mLEVEL_ORDER^[[39m[minLevel]) ^[[36mreturn^[[39m^[[33m;^[[39m
Verify	Run Jest tests	2026-10-08T17:34:07.7633443Z      ^[[90m 129 |^[[39m     ^[[36mconst^[[39m args ^[[33m=^[[39m [message^[[33m,^[[39m ^[[33m...^[[39mdetails^[[33m.^[[39mfilter(item ^[[33m=>^[[39m item ^[[33m!==^[[39m undefined)]^[[33m;^[[39m
Verify	Run Jest tests	2026-10-08T17:34:07.7634454Z     ^[[31m^[[1m>^[[22m^[[39m^[[90m 130 |^[[39m     ^[[36mif^[[39m (level ^[[33m===^[[39m ^[[32m'error'^[[39m) console^[[33m.^[[39merror(^[[33m...^[[39margs)^[[33m;^[[39m
Verify	Run Jest tests	2026-10-08T17:34:07.7635140Z      ^[[90m     |^[[39m                                    ^[[31m^[[1m^^[[22m^[[39m
Verify	Run Jest tests	2026-10-08T17:34:07.7635884Z      ^[[90m 131 |^[[39m     ^[[36melse^[[39m ^[[36mif^[[39m (level ^[[33m===^[[39m ^[[32m'warn'^[[39m) console^[[33m.^[[39mwarn(^[[33m...^[[39margs)^[[33m;^[[39m
Verify	Run Jest tests	2026-10-08T17:34:07.7636783Z      ^[[90m 132 |^[[39m     ^[[36melse^[[39m ^[[36mif^[[39m (level ^[[33m===^[[39m ^[[32m'info'^[[39m) console^[[33m.^[[39minfo(^[[33m...^[[39margs)^[[33m;^[[39m
Verify	Run Jest tests	2026-10-08T17:34:07.7637547Z      ^[[90m 133 |^[[39m     ^[[36melse^[[39m console^[[33m.^[[39mdebug(^[[33m...^[[39margs)^[[33m;^[[39m^[[0m
Verify	Run Jest tests	2026-10-08T17:34:07.7637907Z 
Verify	Run Jest tests	2026-10-08T17:34:07.7638112Z       at error (utils/logger.ts:130:36)
Verify	Run Jest tests	2026-10-08T17:34:07.7638460Z       at Object.write (utils/logger.ts:154:7)
Verify	Run Jest tests	2026-10-08T17:34:07.7638814Z       at error (services/storage.ts:35:12)
Verify	Run Jest tests	2026-10-08T17:34:07.7639311Z       at asyncGeneratorStep (node_modules/@babel/runtime/helpers/asyncToGenerator.js:3:17)
Verify	Run Jest tests	2026-10-08T17:34:07.7639904Z       at _next (node_modules/@babel/runtime/helpers/asyncToGenerator.js:17:9)
Verify	Run Jest tests	2026-10-08T17:34:07.7640222Z 
Verify	Run Jest tests	2026-10-08T17:34:07.7640373Z     console.info
Verify	Run Jest tests	2026-10-08T17:34:07.7641174Z       [error-reporter] exception: SyntaxError: Expected property name or '}' in JSON at position 1 (line 1 column 2) (Error retrieving bad-json)
Verify	Run Jest tests	2026-10-08T17:34:07.7641764Z 
Verify	Run Jest tests	2026-10-08T17:34:07.7642064Z       at Object.info [as captureException] (integrations/errorReporter.ts:51:13)
Verify	Run Jest tests	2026-10-08T17:34:07.7642400Z 
Verify	Run Jest tests	2026-10-08T17:34:07.8325895Z PASS __tests__/components/LoadingScreen.test.tsx
Verify	Run Jest tests	2026-10-08T17:34:07.9002049Z PASS __tests__/hooks/useFetch.test.tsx
Verify	Run Jest tests	2026-10-08T17:34:08.0159140Z PASS __tests__/integrations/screenTracking.test.tsx
Verify	Run Jest tests	2026-10-08T17:34:08.1159300Z 
Verify	Run Jest tests	2026-10-08T17:34:08.1160964Z Test Suites: 22 passed, 22 total
Verify	Run Jest tests	2026-10-08T17:34:08.1161331Z Tests:       178 passed, 178 total
Verify	Run Jest tests	2026-10-08T17:34:08.1161573Z Snapshots:   0 total
Verify	Run Jest tests	2026-10-08T17:34:08.1161778Z Time:        13.752 s
Verify	Run Jest tests	2026-10-08T17:34:08.1161989Z Ran all test suites.
Verify	Expo Doctor	﻿2026-10-08T17:34:08.1639222Z ##[group]Run npx expo-doctor
Verify	Expo Doctor	2026-10-08T17:34:08.1639415Z ^[[36;1mnpx expo-doctor^[[0m
Verify	Expo Doctor	2026-10-08T17:34:08.1689422Z shell: /usr/bin/bash -e {0}
Verify	Expo Doctor	2026-10-08T17:34:08.1689576Z ##[endgroup]
Verify	Expo Doctor	2026-10-08T17:34:08.7669628Z npm warn exec The following package was not found and will be installed: expo-doctor@1.20.4
Verify	Expo Doctor	2026-10-08T17:34:09.3166858Z Running 21 checks on your project...
Verify	Expo Doctor	2026-10-08T17:34:11.6984337Z 21/21 checks passed. No issues detected!
Verify	Export web build	﻿2026-10-08T17:34:11.7528655Z ##[group]Run npx expo export --platform web --output-dir dist
Verify	Export web build	2026-10-08T17:34:11.7529023Z ^[[36;1mnpx expo export --platform web --output-dir dist^[[0m
Verify	Export web build	2026-10-08T17:34:11.7579851Z shell: /usr/bin/bash -e {0}
Verify	Export web build	2026-10-08T17:34:11.7580013Z ##[endgroup]
Verify	Export web build	2026-10-08T17:34:12.4143119Z Starting Metro Bundler
Verify	Export web build	2026-10-08T17:34:12.4143386Z 
Verify	Export web build	2026-10-08T17:34:23.8131712Z Web Bundled 11232ms index.ts (1173 modules)
Verify	Export web build	2026-10-08T17:34:24.0811574Z 
Verify	Export web build	2026-10-08T17:34:24.0816881Z › Assets (19):
Verify	Export web build	2026-10-08T17:34:24.0863738Z node_modules/@expo/vector-icons/build/vendor/react-native-vector-icons/Fonts/MaterialCommunityIcons.6e435534bd35da5fef04168860a9b8fa.ttf (1.3MB)
Verify	Export web build	2026-10-08T17:34:24.0864621Z node_modules/expo-router/assets/arrow_down.017bc6ba3fc25503e5eb5e53826d48a8.png (9.5KB)
Verify	Export web build	2026-10-08T17:34:24.0865240Z node_modules/expo-router/assets/error.d1ea1496f9057eb392d5bbf3732a61b7.png (469B)
Verify	Export web build	2026-10-08T17:34:24.0865870Z node_modules/expo-router/assets/file.19eeb73b9593a38f8e9f418337fc7d10.png (138B)
Verify	Export web build	2026-10-08T17:34:24.0866472Z node_modules/expo-router/assets/forward.d8b800c443b8972542883e0b9de2bdc6.png (188B)
Verify	Export web build	2026-10-08T17:34:24.0867056Z node_modules/expo-router/assets/pkg.ab19f4cbc543357183a20571f68380a3.png (364B)
Verify	Export web build	2026-10-08T17:34:24.0867728Z node_modules/expo-router/assets/react-navigation/elements/back-icon-mask.0a328cd9c1afd0afe8e3b1ec5165b1b4.png (653B)
Verify	Export web build	2026-10-08T17:34:24.0868520Z node_modules/expo-router/assets/react-navigation/elements/back-icon.35ba0eaec5a4f5ed12ca16fabeae451d.png (207B)
Verify	Export web build	2026-10-08T17:34:24.0869383Z node_modules/expo-router/assets/react-navigation/elements/clear-icon.c94f6478e7ae0cdd9f15de1fcb9e5e55.png (4 variations | 425B)
Verify	Export web build	2026-10-08T17:34:24.0870310Z node_modules/expo-router/assets/react-navigation/elements/close-icon.808e1b1b9b53114ec2838071a7e6daa7.png (4 variations | 235B)
Verify	Export web build	2026-10-08T17:34:24.0871254Z node_modules/expo-router/assets/react-navigation/elements/search-icon.286d67d3f74808a60a78d3ebf1a5fb57.png (928B)
Verify	Export web build	2026-10-08T17:34:24.0871911Z node_modules/expo-router/assets/sitemap.412dd9275b6b48ad28f5e3d81bb1f626.png (465B)
Verify	Export web build	2026-10-08T17:34:24.0872487Z node_modules/expo-router/assets/unmatched.20e71bdf79e3a97bf55fd9e164041578.png (4.8KB)
Verify	Export web build	2026-10-08T17:34:24.0877894Z 
Verify	Export web build	2026-10-08T17:34:24.0878364Z › web bundles (1):
Verify	Export web build	2026-10-08T17:34:24.0896984Z _expo/static/js/web/index-73d6f74e1d70e460e3c0f7af048a3129.js (2.3MB)
Verify	Export web build	2026-10-08T17:34:24.0897245Z 
Verify	Export web build	2026-10-08T17:34:24.0897431Z › Files (3):
Verify	Export web build	2026-10-08T17:34:24.0897950Z favicon.ico (15KB)
Verify	Export web build	2026-10-08T17:34:24.0898182Z index.html (1.2KB)
Verify	Export web build	2026-10-08T17:34:24.0898320Z metadata.json (49B)
Verify	Export web build	2026-10-08T17:34:24.0953819Z 
Verify	Export web build	2026-10-08T17:34:24.0956384Z Exported: dist
Verify	Post Set up Node.js	﻿2026-10-08T17:34:24.2323132Z Post job cleanup.
Verify	Post Set up Node.js	2026-10-08T17:34:24.3083653Z (node:2538) [DEP0040] DeprecationWarning: The `punycode` module is deprecated. Please use a userland alternative instead.
Verify	Post Set up Node.js	2026-10-08T17:34:24.3084205Z (Use `node --trace-deprecation ...` to show where the warning was created)
Verify	Post Set up Node.js	2026-10-08T17:34:24.3219637Z [command]/usr/bin/tar --posix -cf cache.tzst --exclude cache.tzst -P -C /home/runner/work/react-native-starter/react-native-starter --files-from manifest.txt --use-compress-program zstdmt
Verify	Post Set up Node.js	2026-10-08T17:34:24.8816781Z (node:2538) [DEP0169] DeprecationWarning: `url.parse()` behavior is not standardized and prone to errors that have security implications. Use the WHATWG URL API instead. CVEs are not issued for `url.parse()` vulnerabilities.
Verify	Post Set up Node.js	2026-10-08T17:34:25.8743862Z Sent 0 of 151726637 (0.0%), 0.0 MBs/sec
Verify	Post Set up Node.js	2026-10-08T17:34:26.8752143Z Sent 84617773 of 151726637 (55.8%), 40.3 MBs/sec
Verify	Post Set up Node.js	2026-10-08T17:34:26.9983265Z Sent 151726637 of 151726637 (100.0%), 68.0 MBs/sec
Verify	Post Set up Node.js	2026-10-08T17:34:27.3413605Z Cache saved with the key: node-cache-Linux-x64-npm-e6b0593b0a43cf8d31ef0fa786ee68f548fd603ddadd923e67e61af5b746dc74
Verify	Post Check out repository	﻿2026-10-08T17:34:27.3570442Z Post job cleanup.
Verify	Post Check out repository	2026-10-08T17:34:27.4119967Z [command]/usr/bin/git version
Verify	Post Check out repository	2026-10-08T17:34:27.4150519Z git version 2.55.0
Verify	Post Check out repository	2026-10-08T17:34:27.4204591Z Temporarily overriding HOME='/home/runner/work/_temp/8b93fc8e-a6b4-490f-a82b-9a1d6e4babe1' before making global git config changes
Verify	Post Check out repository	2026-10-08T17:34:27.4205452Z Adding repository directory to the temporary git global config as a safe directory
Verify	Post Check out repository	2026-10-08T17:34:27.4207930Z [command]/usr/bin/git config --global --add safe.directory /home/runner/work/react-native-starter/react-native-starter
Verify	Post Check out repository	2026-10-08T17:34:27.4260191Z [command]/usr/bin/git config --local --name-only --get-regexp core\.sshCommand
Verify	Post Check out repository	2026-10-08T17:34:27.4284976Z [command]/usr/bin/git submodule foreach --recursive sh -c "git config --local --name-only --get-regexp 'core\.sshCommand' && git config --local --unset-all 'core.sshCommand' || :"
Verify	Post Check out repository	2026-10-08T17:34:27.4491803Z [command]/usr/bin/git config --local --name-only --get-regexp http\.https\:\/\/github\.com\/\.extraheader
Verify	Post Check out repository	2026-10-08T17:34:27.4506441Z http.https://github.com/.extraheader
Verify	Post Check out repository	2026-10-08T17:34:27.4514863Z [command]/usr/bin/git config --local --unset-all http.https://github.com/.extraheader
Verify	Post Check out repository	2026-10-08T17:34:27.4544791Z [command]/usr/bin/git submodule foreach --recursive sh -c "git config --local --name-only --get-regexp 'http\.https\:\/\/github\.com\/\.extraheader' && git config --local --unset-all 'http.https://github.com/.extraheader' || :"
Verify	Post Check out repository	2026-10-08T17:34:27.4737372Z [command]/usr/bin/git config --local --name-only --get-regexp ^includeIf\.gitdir:
Verify	Post Check out repository	2026-10-08T17:34:27.4768422Z [command]/usr/bin/git submodule foreach --recursive git config --local --show-origin --name-only --get-regexp remote.origin.url
Verify	Complete job	﻿2026-10-08T17:34:27.5046900Z Cleaning up orphan processes
Verify	Complete job	2026-10-08T17:34:27.5266144Z ##[warning]Node.js 20 is deprecated. The following actions target Node.js 20 but are being forced to run on Node.js 24: actions/checkout@v4, actions/setup-node@v4. For more information see: https://github.blog/changelog/2025-09-19-deprecation-of-node-20-on-github-actions-runners/
