# scratch copy of the working tree (no .git, no node_modules), node_modules from npm ci
$ npm run remove-demo

> react-native-starter@1.0.0 remove-demo
> node scripts/remove-demo.js

Removing the demo...
  delete features/demo-auth
  delete features/demo-todos
  delete features/demo-showcase
  delete app/(tabs)/explore.tsx
  delete app/showcase.tsx
  delete __tests__/features/demo-auth
  delete __tests__/features/demo-showcase
  strip app/(tabs)/_layout.tsx
  strip features/auth/screens/LoginScreen.tsx
  strip features/home/screens/HomeScreen.tsx
  strip shared/i18n/en.ts
  strip shared/integrations/setup.ts
  strip __tests__/app/tabBarTheme.test.tsx
  strip __tests__/features/home/HomeScreen.test.tsx
  strip __tests__/shared/integrations/i18n.test.tsx
app/(tabs)/_layout.tsx 75ms (unchanged)
features/auth/screens/LoginScreen.tsx 37ms
features/home/screens/HomeScreen.tsx 15ms
shared/i18n/en.ts 11ms (unchanged)
shared/integrations/setup.ts 3ms (unchanged)
__tests__/app/tabBarTheme.test.tsx 18ms (unchanged)
__tests__/features/home/HomeScreen.test.tsx 23ms
__tests__/shared/integrations/i18n.test.tsx 14ms (unchanged)
Done. Next: register your AuthAdapter in shared/integrations/setup.ts, then run npm run lint, npm run type-check, and npm run test:ci.
exit status: 0
