Running on iPhone 16 Pro - iOS 18.6 - 71C5E776-C93D-467E-A1B2-4EFB92B9E588
 > Flow Dark mode screenshots
Run subflows/open-app.yaml...
  Run flow when ${CLEAR_STATE == 'true'} is true...
  Run flow when false is true... SKIPPED
  Launch app "${APP_ID}"... COMPLETED
  Open ${APP_URL}... COMPLETED
  Repeat while id: tab-home is not visible (up to 10 times)...
    Assert that (Optional) id: tab-home is visible... WARNED
    Tap on (Optional) "Wait"... WARNED
    Tap on (Optional) "Continue"... WARNED
    Run flow when Platform is ANDROID and "Go home" is visible...
    Run flow when Platform is ANDROID and "Go home" is visible... SKIPPED
    Wait for animation to end... COMPLETED
  Repeat while id: tab-home is not visible (up to 10 times)... COMPLETED
  Assert that "Session" is visible... COMPLETED
Run subflows/open-app.yaml... COMPLETED
Take screenshot dark-home... COMPLETED
Tap on id: tab-explore... COMPLETED
Assert that "API Example" is visible... COMPLETED
Take screenshot dark-explore... COMPLETED
Tap on id: tab-home... COMPLETED
