Verify	Set up job	﻿2026-10-10T11:03:47.9321882Z Current runner version: '2.337.0'
Verify	Set up job	2026-10-10T11:03:47.9357104Z ##[group]Runner Image Provisioner
Verify	Set up job	2026-10-10T11:03:47.9358507Z Hosted Compute Agent
Verify	Set up job	2026-10-10T11:03:47.9359872Z Version: 20261002.596
Verify	Set up job	2026-10-10T11:03:47.9361164Z Commit: c3d12f3313a95f25162a1503be624f3b0617f8c0
Verify	Set up job	2026-10-10T11:03:47.9362488Z Build Date: 2026-10-02T22:28:27Z
Verify	Set up job	2026-10-10T11:03:47.9363819Z Worker ID: {cbacdea6-ca28-46f6-8e6c-d538bef5d1fb}
Verify	Set up job	2026-10-10T11:03:47.9365256Z Region: eastus2
Verify	Set up job	2026-10-10T11:03:47.9366299Z Cloud: Azure
Verify	Set up job	2026-10-10T11:03:47.9367462Z ##[endgroup]
Verify	Set up job	2026-10-10T11:03:47.9370111Z ##[group]Operating System
Verify	Set up job	2026-10-10T11:03:47.9371182Z Ubuntu
Verify	Set up job	2026-10-10T11:03:47.9372320Z 24.04.5
Verify	Set up job	2026-10-10T11:03:47.9373273Z LTS
Verify	Set up job	2026-10-10T11:03:47.9374238Z ##[endgroup]
Verify	Set up job	2026-10-10T11:03:47.9375293Z ##[group]Runner Image
Verify	Set up job	2026-10-10T11:03:47.9376349Z Image: ubuntu-24.04
Verify	Set up job	2026-10-10T11:03:47.9377969Z Version: 20261004.327.1
Verify	Set up job	2026-10-10T11:03:47.9380312Z Included Software: https://github.com/actions/runner-images/blob/ubuntu24/20261004.327/images/ubuntu/Ubuntu2404-Readme.md
Verify	Set up job	2026-10-10T11:03:47.9383559Z Image Release: https://github.com/actions/runner-images/releases/tag/ubuntu24%2F20261004.327
Verify	Set up job	2026-10-10T11:03:47.9385360Z ##[endgroup]
Verify	Set up job	2026-10-10T11:03:47.9387481Z ##[group]GITHUB_TOKEN Permissions
Verify	Set up job	2026-10-10T11:03:47.9390601Z Contents: read
Verify	Set up job	2026-10-10T11:03:47.9391885Z Metadata: read
Verify	Set up job	2026-10-10T11:03:47.9392853Z ##[endgroup]
Verify	Set up job	2026-10-10T11:03:47.9396052Z Secret source: Actions
Verify	Set up job	2026-10-10T11:03:47.9397837Z Cache mode: write
Verify	Set up job	2026-10-10T11:03:47.9399522Z Prepare workflow directory
Verify	Set up job	2026-10-10T11:03:47.9862864Z Prepare all required actions
Verify	Set up job	2026-10-10T11:03:47.9922970Z Getting action download info
Verify	Set up job	2026-10-10T11:03:48.1764390Z Download action repository 'actions/checkout@v4' (SHA:11d5960a326750d5838078e36cf38b85af677262)
Verify	Set up job	2026-10-10T11:03:48.2895858Z Download action repository 'actions/setup-node@v4' (SHA:49933ea5288caeca8642d1e84afbd3f7d6820020)
Verify	Set up job	2026-10-10T11:03:48.5186586Z Complete job name: Verify
Verify	Check out repository	﻿2026-10-10T11:03:48.5981119Z ##[group]Run actions/checkout@v4
Verify	Check out repository	2026-10-10T11:03:48.5982035Z with:
Verify	Check out repository	2026-10-10T11:03:48.5982524Z   repository: koniz-dev/react-native-starter
Verify	Check out repository	2026-10-10T11:03:48.5986689Z   token: ***
Verify	Check out repository	2026-10-10T11:03:48.5987123Z   ssh-strict: true
Verify	Check out repository	2026-10-10T11:03:48.5987560Z   ssh-user: git
Verify	Check out repository	2026-10-10T11:03:48.5988002Z   persist-credentials: true
Verify	Check out repository	2026-10-10T11:03:48.5988489Z   clean: true
Verify	Check out repository	2026-10-10T11:03:48.5989170Z   sparse-checkout-cone-mode: true
Verify	Check out repository	2026-10-10T11:03:48.5989703Z   fetch-depth: 1
Verify	Check out repository	2026-10-10T11:03:48.5990128Z   fetch-tags: false
Verify	Check out repository	2026-10-10T11:03:48.5990571Z   show-progress: true
Verify	Check out repository	2026-10-10T11:03:48.5991006Z   lfs: false
Verify	Check out repository	2026-10-10T11:03:48.5991403Z   submodules: false
Verify	Check out repository	2026-10-10T11:03:48.5991847Z   set-safe-directory: true
Verify	Check out repository	2026-10-10T11:03:48.5992348Z   allow-unsafe-pr-checkout: false
Verify	Check out repository	2026-10-10T11:03:48.5993173Z ##[endgroup]
Verify	Check out repository	2026-10-10T11:03:48.7036227Z Syncing repository: koniz-dev/react-native-starter
Verify	Check out repository	2026-10-10T11:03:48.7038844Z ##[group]Getting Git version info
Verify	Check out repository	2026-10-10T11:03:48.7040526Z Working directory is '/home/runner/work/react-native-starter/react-native-starter'
Verify	Check out repository	2026-10-10T11:03:48.7042539Z [command]/usr/bin/git version
Verify	Check out repository	2026-10-10T11:03:48.7111300Z git version 2.55.0
Verify	Check out repository	2026-10-10T11:03:48.7132887Z ##[endgroup]
Verify	Check out repository	2026-10-10T11:03:48.7154352Z Temporarily overriding HOME='/home/runner/work/_temp/72af268a-24d0-43a7-acfb-cc558dd517bc' before making global git config changes
Verify	Check out repository	2026-10-10T11:03:48.7156759Z Adding repository directory to the temporary git global config as a safe directory
Verify	Check out repository	2026-10-10T11:03:48.7159598Z [command]/usr/bin/git config --global --add safe.directory /home/runner/work/react-native-starter/react-native-starter
Verify	Check out repository	2026-10-10T11:03:48.7220527Z Deleting the contents of '/home/runner/work/react-native-starter/react-native-starter'
Verify	Check out repository	2026-10-10T11:03:48.7225959Z ##[group]Initializing the repository
Verify	Check out repository	2026-10-10T11:03:48.7230012Z [command]/usr/bin/git init /home/runner/work/react-native-starter/react-native-starter
Verify	Check out repository	2026-10-10T11:03:48.7358774Z hint: Using 'master' as the name for the initial branch. This default branch name
Verify	Check out repository	2026-10-10T11:03:48.7361028Z hint: will change to "main" in Git 3.0. To configure the initial branch name
Verify	Check out repository	2026-10-10T11:03:48.7362697Z hint: to use in all of your new repositories, which will suppress this warning,
Verify	Check out repository	2026-10-10T11:03:48.7363986Z hint: call:
Verify	Check out repository	2026-10-10T11:03:48.7364692Z hint:
Verify	Check out repository	2026-10-10T11:03:48.7365527Z hint: 	git config --global init.defaultBranch <name>
Verify	Check out repository	2026-10-10T11:03:48.7366506Z hint:
Verify	Check out repository	2026-10-10T11:03:48.7367285Z hint: Names commonly chosen instead of 'master' are 'main', 'trunk' and
Verify	Check out repository	2026-10-10T11:03:48.7368258Z hint: 'development'. The just-created branch can be renamed via this command:
Verify	Check out repository	2026-10-10T11:03:48.7369405Z hint:
Verify	Check out repository	2026-10-10T11:03:48.7369843Z hint: 	git branch -m <name>
Verify	Check out repository	2026-10-10T11:03:48.7370333Z hint:
Verify	Check out repository	2026-10-10T11:03:48.7370963Z hint: Disable this message with "git config set advice.defaultBranchName false"
Verify	Check out repository	2026-10-10T11:03:48.7372150Z Initialized empty Git repository in /home/runner/work/react-native-starter/react-native-starter/.git/
Verify	Check out repository	2026-10-10T11:03:48.7385810Z [command]/usr/bin/git remote add origin https://github.com/koniz-dev/react-native-starter
Verify	Check out repository	2026-10-10T11:03:48.7433645Z ##[endgroup]
Verify	Check out repository	2026-10-10T11:03:48.7434444Z ##[group]Disabling automatic garbage collection
Verify	Check out repository	2026-10-10T11:03:48.7436765Z [command]/usr/bin/git config --local gc.auto 0
Verify	Check out repository	2026-10-10T11:03:48.7477583Z ##[endgroup]
Verify	Check out repository	2026-10-10T11:03:48.7478361Z ##[group]Setting up auth
Verify	Check out repository	2026-10-10T11:03:48.7479644Z [command]/usr/bin/git config --local --name-only --get-regexp core\.sshCommand
Verify	Check out repository	2026-10-10T11:03:48.7508912Z [command]/usr/bin/git submodule foreach --recursive sh -c "git config --local --name-only --get-regexp 'core\.sshCommand' && git config --local --unset-all 'core.sshCommand' || :"
Verify	Check out repository	2026-10-10T11:03:48.7952146Z [command]/usr/bin/git config --local --name-only --get-regexp http\.https\:\/\/github\.com\/\.extraheader
Verify	Check out repository	2026-10-10T11:03:48.7987575Z [command]/usr/bin/git submodule foreach --recursive sh -c "git config --local --name-only --get-regexp 'http\.https\:\/\/github\.com\/\.extraheader' && git config --local --unset-all 'http.https://github.com/.extraheader' || :"
Verify	Check out repository	2026-10-10T11:03:48.8211154Z [command]/usr/bin/git config --local --name-only --get-regexp ^includeIf\.gitdir:
Verify	Check out repository	2026-10-10T11:03:48.8248359Z [command]/usr/bin/git submodule foreach --recursive git config --local --show-origin --name-only --get-regexp remote.origin.url
Verify	Check out repository	2026-10-10T11:03:48.8473738Z [command]/usr/bin/git config --local http.https://github.com/.extraheader AUTHORIZATION: basic ***
Verify	Check out repository	2026-10-10T11:03:48.8513820Z ##[endgroup]
Verify	Check out repository	2026-10-10T11:03:48.8523182Z ##[group]Fetching the repository
Verify	Check out repository	2026-10-10T11:03:48.8525009Z [command]/usr/bin/git -c protocol.version=2 fetch --no-tags --prune --no-recurse-submodules --depth=1 origin +07db8e3dc1f95d2671edcd4d1d8d34cc0cfb0223:refs/remotes/origin/main
Verify	Check out repository	2026-10-10T11:03:49.1492409Z From https://github.com/koniz-dev/react-native-starter
Verify	Check out repository	2026-10-10T11:03:49.1493606Z  * [new ref]         07db8e3dc1f95d2671edcd4d1d8d34cc0cfb0223 -> origin/main
Verify	Check out repository	2026-10-10T11:03:49.1498196Z ##[endgroup]
Verify	Check out repository	2026-10-10T11:03:49.1499185Z ##[group]Determining the checkout info
Verify	Check out repository	2026-10-10T11:03:49.1501361Z ##[endgroup]
Verify	Check out repository	2026-10-10T11:03:49.1507037Z [command]/usr/bin/git sparse-checkout disable
Verify	Check out repository	2026-10-10T11:03:49.1561837Z [command]/usr/bin/git config --local --unset-all extensions.worktreeConfig
Verify	Check out repository	2026-10-10T11:03:49.1598409Z ##[group]Checking out the ref
Verify	Check out repository	2026-10-10T11:03:49.1599716Z [command]/usr/bin/git checkout --progress --force -B main refs/remotes/origin/main
Verify	Check out repository	2026-10-10T11:03:49.1765716Z Switched to a new branch 'main'
Verify	Check out repository	2026-10-10T11:03:49.1772668Z branch 'main' set up to track 'origin/main'.
Verify	Check out repository	2026-10-10T11:03:49.1779248Z ##[endgroup]
Verify	Check out repository	2026-10-10T11:03:49.1823121Z [command]/usr/bin/git log -1 --format=%H
Verify	Check out repository	2026-10-10T11:03:49.1849891Z 07db8e3dc1f95d2671edcd4d1d8d34cc0cfb0223
Verify	Set up Node.js	﻿2026-10-10T11:03:49.2135191Z ##[group]Run actions/setup-node@v4
Verify	Set up Node.js	2026-10-10T11:03:49.2135818Z with:
Verify	Set up Node.js	2026-10-10T11:03:49.2136429Z   node-version-file: .nvmrc
Verify	Set up Node.js	2026-10-10T11:03:49.2136931Z   cache: npm
Verify	Set up Node.js	2026-10-10T11:03:49.2137369Z   always-auth: false
Verify	Set up Node.js	2026-10-10T11:03:49.2137842Z   check-latest: false
Verify	Set up Node.js	2026-10-10T11:03:49.2142240Z   token: ***
Verify	Set up Node.js	2026-10-10T11:03:49.2142676Z ##[endgroup]
Verify	Set up Node.js	2026-10-10T11:03:49.3492940Z Resolved .nvmrc as 24
Verify	Set up Node.js	2026-10-10T11:03:49.3551621Z Found in cache @ /opt/hostedtoolcache/node/24.21.0/x64
Verify	Set up Node.js	2026-10-10T11:03:49.3555304Z (node:2301) [DEP0040] DeprecationWarning: The `punycode` module is deprecated. Please use a userland alternative instead.
Verify	Set up Node.js	2026-10-10T11:03:49.3556797Z (Use `node --trace-deprecation ...` to show where the warning was created)
Verify	Set up Node.js	2026-10-10T11:03:49.3558431Z ##[group]Environment details
Verify	Set up Node.js	2026-10-10T11:03:49.7930251Z node: v24.21.0
Verify	Set up Node.js	2026-10-10T11:03:49.7930822Z npm: 11.19.0
Verify	Set up Node.js	2026-10-10T11:03:49.7931122Z yarn: 1.22.22
Verify	Set up Node.js	2026-10-10T11:03:49.7931970Z ##[endgroup]
Verify	Set up Node.js	2026-10-10T11:03:49.7977598Z [command]/opt/hostedtoolcache/node/24.21.0/x64/bin/npm config get cache
Verify	Set up Node.js	2026-10-10T11:03:49.9089763Z /home/runner/.npm
Verify	Set up Node.js	2026-10-10T11:03:49.9926176Z Cache hit for: node-cache-Linux-x64-npm-10f9dc59c99c82563481e37a50745bae137261a45ffc8c4ba105eb544b91396b
Verify	Set up Node.js	2026-10-10T11:03:50.0035129Z (node:2301) [DEP0169] DeprecationWarning: `url.parse()` behavior is not standardized and prone to errors that have security implications. Use the WHATWG URL API instead. CVEs are not issued for `url.parse()` vulnerabilities.
Verify	Set up Node.js	2026-10-10T11:03:50.7619732Z Received 156509062 of 156509062 (100.0%), 210.8 MBs/sec
Verify	Set up Node.js	2026-10-10T11:03:50.7622436Z Cache Size: ~149 MB (156509062 B)
Verify	Set up Node.js	2026-10-10T11:03:50.7658436Z [command]/usr/bin/tar -xf /home/runner/work/_temp/c8117056-2894-4c52-9f3a-efceec99e991/cache.tzst -P -C /home/runner/work/react-native-starter/react-native-starter --use-compress-program unzstd
Verify	Set up Node.js	2026-10-10T11:03:51.2851165Z Cache restored successfully
Verify	Set up Node.js	2026-10-10T11:03:51.2925540Z Cache restored from key: node-cache-Linux-x64-npm-10f9dc59c99c82563481e37a50745bae137261a45ffc8c4ba105eb544b91396b
Verify	Install dependencies	﻿2026-10-10T11:03:51.3138201Z ##[group]Run npm ci
Verify	Install dependencies	2026-10-10T11:03:51.3138578Z ^[[36;1mnpm ci^[[0m
Verify	Install dependencies	2026-10-10T11:03:51.3425418Z shell: /usr/bin/bash -e {0}
Verify	Install dependencies	2026-10-10T11:03:51.3425803Z ##[endgroup]
Verify	Install dependencies	2026-10-10T11:03:55.9796080Z npm warn deprecated inflight@1.0.6: This module is not supported, and leaks memory. Do not use it. Check out lru-cache if you want a good and tested way to coalesce async requests by a key value, which is much more comprehensive and powerful.
Verify	Install dependencies	2026-10-10T11:03:56.2597144Z npm warn deprecated abab@2.0.6: Use your platform's native atob() and btoa() methods instead
Verify	Install dependencies	2026-10-10T11:03:56.3002428Z npm warn deprecated glob@7.2.3: Glob versions prior to v9 are no longer supported
Verify	Install dependencies	2026-10-10T11:03:56.3019929Z npm warn deprecated glob@7.2.3: Glob versions prior to v9 are no longer supported
Verify	Install dependencies	2026-10-10T11:03:56.3023996Z npm warn deprecated glob@7.2.3: Glob versions prior to v9 are no longer supported
Verify	Install dependencies	2026-10-10T11:03:56.3064554Z npm warn deprecated glob@7.2.3: Glob versions prior to v9 are no longer supported
Verify	Install dependencies	2026-10-10T11:03:56.6194174Z npm warn deprecated domexception@4.0.0: Use your platform's native DOMException instead
Verify	Install dependencies	2026-10-10T11:03:57.7633198Z npm warn deprecated uuid@7.0.3: uuid@10 and below is no longer supported.  For ESM codebases, update to uuid@latest.  For CommonJS codebases, use uuid@11 (but be aware this version will likely be deprecated in 2028).
Verify	Install dependencies	2026-10-10T11:04:11.3326714Z 
Verify	Install dependencies	2026-10-10T11:04:11.3327613Z added 1067 packages, and audited 1068 packages in 20s
Verify	Install dependencies	2026-10-10T11:04:11.3328290Z 
Verify	Install dependencies	2026-10-10T11:04:11.3328621Z 180 packages are looking for funding
Verify	Install dependencies	2026-10-10T11:04:11.3329811Z   run `npm fund` for details
Verify	Install dependencies	2026-10-10T11:04:11.5104402Z 
Verify	Install dependencies	2026-10-10T11:04:11.5105275Z 65 vulnerabilities (16 moderate, 49 high)
Verify	Install dependencies	2026-10-10T11:04:11.5105905Z 
Verify	Install dependencies	2026-10-10T11:04:11.5106518Z To address all issues (including breaking changes), run:
Verify	Install dependencies	2026-10-10T11:04:11.5107401Z   npm audit fix --force
Verify	Install dependencies	2026-10-10T11:04:11.5107782Z 
Verify	Install dependencies	2026-10-10T11:04:11.5108129Z Run `npm audit` for details.
Verify	Lint	﻿2026-10-10T11:04:11.6131505Z ##[group]Run npm run lint
Verify	Lint	2026-10-10T11:04:11.6131988Z ^[[36;1mnpm run lint^[[0m
Verify	Lint	2026-10-10T11:04:11.6199471Z shell: /usr/bin/bash -e {0}
Verify	Lint	2026-10-10T11:04:11.6199781Z ##[endgroup]
Verify	Lint	2026-10-10T11:04:11.7209835Z 
Verify	Lint	2026-10-10T11:04:11.7210987Z > react-native-starter@1.0.0 lint
Verify	Lint	2026-10-10T11:04:11.7211740Z > eslint . --max-warnings 0
Verify	Lint	2026-10-10T11:04:11.7212101Z 
Verify	Check formatting	﻿2026-10-10T11:04:18.7599664Z ##[group]Run npm run format:check
Verify	Check formatting	2026-10-10T11:04:18.7600046Z ^[[36;1mnpm run format:check^[[0m
Verify	Check formatting	2026-10-10T11:04:18.7662486Z shell: /usr/bin/bash -e {0}
Verify	Check formatting	2026-10-10T11:04:18.7662774Z ##[endgroup]
Verify	Check formatting	2026-10-10T11:04:18.8847571Z 
Verify	Check formatting	2026-10-10T11:04:18.8848274Z > react-native-starter@1.0.0 format:check
Verify	Check formatting	2026-10-10T11:04:18.8849120Z > prettier --check "**/*.{ts,tsx,js,jsx,json,md}"
Verify	Check formatting	2026-10-10T11:04:18.8849474Z 
Verify	Check formatting	2026-10-10T11:04:19.0025775Z Checking formatting...
Verify	Check formatting	2026-10-10T11:04:20.6046525Z All matched files use Prettier code style!
Verify	Type-check	﻿2026-10-10T11:04:20.6357645Z ##[group]Run npm run type-check
Verify	Type-check	2026-10-10T11:04:20.6358008Z ^[[36;1mnpm run type-check^[[0m
Verify	Type-check	2026-10-10T11:04:20.6421106Z shell: /usr/bin/bash -e {0}
Verify	Type-check	2026-10-10T11:04:20.6421399Z ##[endgroup]
Verify	Type-check	2026-10-10T11:04:20.7429377Z 
Verify	Type-check	2026-10-10T11:04:20.7429880Z > react-native-starter@1.0.0 type-check
Verify	Type-check	2026-10-10T11:04:20.7430451Z > tsc --noEmit
Verify	Type-check	2026-10-10T11:04:20.7430622Z 
Verify	Run Jest tests	﻿2026-10-10T11:04:23.6203177Z ##[group]Run npm run test:ci
Verify	Run Jest tests	2026-10-10T11:04:23.6203520Z ^[[36;1mnpm run test:ci^[[0m
Verify	Run Jest tests	2026-10-10T11:04:23.6265341Z shell: /usr/bin/bash -e {0}
Verify	Run Jest tests	2026-10-10T11:04:23.6265630Z ##[endgroup]
Verify	Run Jest tests	2026-10-10T11:04:23.7286428Z 
Verify	Run Jest tests	2026-10-10T11:04:23.7286810Z > react-native-starter@1.0.0 test:ci
Verify	Run Jest tests	2026-10-10T11:04:23.7287217Z > jest --coverage
Verify	Run Jest tests	2026-10-10T11:04:23.7287392Z 
Verify	Run Jest tests	2026-10-10T11:04:28.4592865Z PASS __tests__/shared/lib/logger.test.ts
Verify	Run Jest tests	2026-10-10T11:04:28.8163345Z PASS __tests__/shared/session/authService.test.ts
Verify	Run Jest tests	2026-10-10T11:04:29.0700980Z PASS __tests__/shared/config/env.test.ts
Verify	Run Jest tests	2026-10-10T11:04:30.3520492Z PASS __tests__/shared/lib/useFetch.test.tsx
Verify	Run Jest tests	2026-10-10T11:04:30.6950379Z PASS __tests__/shared/http/api.test.ts
Verify	Run Jest tests	2026-10-10T11:04:30.7370365Z   ● Console
Verify	Run Jest tests	2026-10-10T11:04:30.7429404Z 
Verify	Run Jest tests	2026-10-10T11:04:30.7483367Z     console.warn
Verify	Run Jest tests	2026-10-10T11:04:30.7483955Z       API request failed: server (503)
Verify	Run Jest tests	2026-10-10T11:04:30.7484312Z 
Verify	Run Jest tests	2026-10-10T11:04:30.7485779Z     ^[[0m ^[[90m 129 |^[[39m     ^[[36mconst^[[39m args ^[[33m=^[[39m [message^[[33m,^[[39m ^[[33m...^[[39mdetails^[[33m.^[[39mfilter(item ^[[33m=>^[[39m item ^[[33m!==^[[39m undefined)]^[[33m;^[[39m
Verify	Run Jest tests	2026-10-10T11:04:30.7487743Z      ^[[90m 130 |^[[39m     ^[[36mif^[[39m (level ^[[33m===^[[39m ^[[32m'error'^[[39m) console^[[33m.^[[39merror(^[[33m...^[[39margs)^[[33m;^[[39m
Verify	Run Jest tests	2026-10-10T11:04:30.7489846Z     ^[[31m^[[1m>^[[22m^[[39m^[[90m 131 |^[[39m     ^[[36melse^[[39m ^[[36mif^[[39m (level ^[[33m===^[[39m ^[[32m'warn'^[[39m) console^[[33m.^[[39mwarn(^[[33m...^[[39margs)^[[33m;^[[39m
Verify	Run Jest tests	2026-10-10T11:04:30.7491193Z      ^[[90m     |^[[39m                                        ^[[31m^[[1m^^[[22m^[[39m
Verify	Run Jest tests	2026-10-10T11:04:30.7492202Z      ^[[90m 132 |^[[39m     ^[[36melse^[[39m ^[[36mif^[[39m (level ^[[33m===^[[39m ^[[32m'info'^[[39m) console^[[33m.^[[39minfo(^[[33m...^[[39margs)^[[33m;^[[39m
Verify	Run Jest tests	2026-10-10T11:04:30.7493012Z      ^[[90m 133 |^[[39m     ^[[36melse^[[39m console^[[33m.^[[39mdebug(^[[33m...^[[39margs)^[[33m;^[[39m
Verify	Run Jest tests	2026-10-10T11:04:30.7493488Z      ^[[90m 134 |^[[39m   }^[[33m;^[[39m^[[0m
Verify	Run Jest tests	2026-10-10T11:04:30.7493690Z 
Verify	Run Jest tests	2026-10-10T11:04:30.7493836Z       at warn (shared/lib/logger.ts:131:40)
Verify	Run Jest tests	2026-10-10T11:04:30.7494242Z       at Object.write [as warn] (shared/lib/logger.ts:142:33)
Verify	Run Jest tests	2026-10-10T11:04:30.7494638Z       at warn (shared/http/httpClient.ts:139:12)
Verify	Run Jest tests	2026-10-10T11:04:30.7495173Z       at asyncGeneratorStep (node_modules/@babel/runtime/helpers/asyncToGenerator.js:3:17)
Verify	Run Jest tests	2026-10-10T11:04:30.7495796Z       at _next (node_modules/@babel/runtime/helpers/asyncToGenerator.js:17:9)
Verify	Run Jest tests	2026-10-10T11:04:30.7496320Z       at node_modules/@babel/runtime/helpers/asyncToGenerator.js:22:7
Verify	Run Jest tests	2026-10-10T11:04:30.7496810Z       at node_modules/@babel/runtime/helpers/asyncToGenerator.js:14:12
Verify	Run Jest tests	2026-10-10T11:04:30.7497246Z       at apply (shared/http/httpClient.ts:145:4)
Verify	Run Jest tests	2026-10-10T11:04:30.7497720Z       at Axios.request (node_modules/axios/dist/browser/axios.cjs:5245:14)
Verify	Run Jest tests	2026-10-10T11:04:30.7498016Z 
Verify	Run Jest tests	2026-10-10T11:04:39.9875664Z PASS __tests__/shared/http/httpClient.test.ts (14.762 s)
Verify	Run Jest tests	2026-10-10T11:04:42.5057285Z PASS __tests__/shared/ui/ErrorBoundary.test.tsx (17.187 s)
Verify	Run Jest tests	2026-10-10T11:04:42.5456721Z   ● Console
Verify	Run Jest tests	2026-10-10T11:04:42.5479609Z 
Verify	Run Jest tests	2026-10-10T11:04:42.5486364Z     console.debug
Verify	Run Jest tests	2026-10-10T11:04:42.5487033Z       [analytics] screen /boom
Verify	Run Jest tests	2026-10-10T11:04:42.5487467Z 
Verify	Run Jest tests	2026-10-10T11:04:42.5487869Z       at debug (shared/lib/logger.ts:133:18)
Verify	Run Jest tests	2026-10-10T11:04:42.5488364Z 
Verify	Run Jest tests	2026-10-10T11:04:42.5488634Z     console.debug
Verify	Run Jest tests	2026-10-10T11:04:42.5489410Z       [analytics] screen /
Verify	Run Jest tests	2026-10-10T11:04:42.5489806Z 
Verify	Run Jest tests	2026-10-10T11:04:42.5490182Z       at debug (shared/lib/logger.ts:133:18)
Verify	Run Jest tests	2026-10-10T11:04:42.5490715Z 
Verify	Run Jest tests	2026-10-10T11:04:42.5491004Z     console.debug
Verify	Run Jest tests	2026-10-10T11:04:42.5491762Z       [analytics] screen /
Verify	Run Jest tests	2026-10-10T11:04:42.5517396Z 
Verify	Run Jest tests	2026-10-10T11:04:42.5517981Z       at debug (shared/lib/logger.ts:133:18)
Verify	Run Jest tests	2026-10-10T11:04:42.5518531Z 
Verify	Run Jest tests	2026-10-10T11:04:42.5541096Z     console.debug
Verify	Run Jest tests	2026-10-10T11:04:42.5541850Z       [analytics] screen /boom
Verify	Run Jest tests	2026-10-10T11:04:42.5542957Z 
Verify	Run Jest tests	2026-10-10T11:04:42.5543418Z       at debug (shared/lib/logger.ts:133:18)
Verify	Run Jest tests	2026-10-10T11:04:42.5543924Z 
Verify	Run Jest tests	2026-10-10T11:04:42.5544704Z     console.debug
Verify	Run Jest tests	2026-10-10T11:04:42.5545226Z       [analytics] screen /
Verify	Run Jest tests	2026-10-10T11:04:42.5545620Z 
Verify	Run Jest tests	2026-10-10T11:04:42.5545996Z       at debug (shared/lib/logger.ts:133:18)
Verify	Run Jest tests	2026-10-10T11:04:42.5546488Z 
Verify	Run Jest tests	2026-10-10T11:04:42.5546769Z     console.debug
Verify	Run Jest tests	2026-10-10T11:04:42.5547303Z       [analytics] screen /
Verify	Run Jest tests	2026-10-10T11:04:42.5547685Z 
Verify	Run Jest tests	2026-10-10T11:04:42.5548052Z       at debug (shared/lib/logger.ts:133:18)
Verify	Run Jest tests	2026-10-10T11:04:42.5548520Z 
Verify	Run Jest tests	2026-10-10T11:04:42.5548796Z     console.debug
Verify	Run Jest tests	2026-10-10T11:04:42.5549963Z       [analytics] screen /boom
Verify	Run Jest tests	2026-10-10T11:04:42.5550566Z 
Verify	Run Jest tests	2026-10-10T11:04:42.5551034Z       at debug (shared/lib/logger.ts:133:18)
Verify	Run Jest tests	2026-10-10T11:04:42.5551622Z 
Verify	Run Jest tests	2026-10-10T11:04:42.5551989Z     console.debug
Verify	Run Jest tests	2026-10-10T11:04:42.5552579Z       [analytics] screen /
Verify	Run Jest tests	2026-10-10T11:04:42.5553062Z 
Verify	Run Jest tests	2026-10-10T11:04:42.5553508Z       at debug (shared/lib/logger.ts:133:18)
Verify	Run Jest tests	2026-10-10T11:04:42.5554073Z 
Verify	Run Jest tests	2026-10-10T11:04:42.5554423Z     console.debug
Verify	Run Jest tests	2026-10-10T11:04:42.5555382Z       [analytics] screen /boom
Verify	Run Jest tests	2026-10-10T11:04:42.5555922Z 
Verify	Run Jest tests	2026-10-10T11:04:42.5556409Z       at debug (shared/lib/logger.ts:133:18)
Verify	Run Jest tests	2026-10-10T11:04:42.5557062Z 
Verify	Run Jest tests	2026-10-10T11:04:42.5557437Z     console.debug
Verify	Run Jest tests	2026-10-10T11:04:42.5558062Z       [analytics] screen /
Verify	Run Jest tests	2026-10-10T11:04:42.5558530Z 
Verify	Run Jest tests	2026-10-10T11:04:42.5566547Z       at debug (shared/lib/logger.ts:133:18)
Verify	Run Jest tests	2026-10-10T11:04:42.5589341Z 
Verify	Run Jest tests	2026-10-10T11:04:42.5629525Z     console.debug
Verify	Run Jest tests	2026-10-10T11:04:42.5661775Z       [analytics] screen /boom
Verify	Run Jest tests	2026-10-10T11:04:42.5685196Z 
Verify	Run Jest tests	2026-10-10T11:04:42.5685802Z       at debug (shared/lib/logger.ts:133:18)
Verify	Run Jest tests	2026-10-10T11:04:42.5686478Z 
Verify	Run Jest tests	2026-10-10T11:04:42.9433920Z PASS __tests__/shared/session/tokenStore.test.tsx (12.175 s)
Verify	Run Jest tests	2026-10-10T11:04:42.9559541Z   ● Console
Verify	Run Jest tests	2026-10-10T11:04:42.9575908Z 
Verify	Run Jest tests	2026-10-10T11:04:42.9642121Z     console.debug
Verify	Run Jest tests	2026-10-10T11:04:42.9644560Z       [analytics] screen /login
Verify	Run Jest tests	2026-10-10T11:04:42.9645164Z 
Verify	Run Jest tests	2026-10-10T11:04:42.9645645Z       at debug (shared/lib/logger.ts:133:18)
Verify	Run Jest tests	2026-10-10T11:04:42.9646199Z 
Verify	Run Jest tests	2026-10-10T11:04:42.9646544Z     console.debug
Verify	Run Jest tests	2026-10-10T11:04:42.9647102Z       [analytics] screen /
Verify	Run Jest tests	2026-10-10T11:04:42.9669467Z 
Verify	Run Jest tests	2026-10-10T11:04:42.9689937Z       at debug (shared/lib/logger.ts:133:18)
Verify	Run Jest tests	2026-10-10T11:04:42.9690652Z 
Verify	Run Jest tests	2026-10-10T11:04:42.9691066Z     console.debug
Verify	Run Jest tests	2026-10-10T11:04:42.9691792Z       [analytics] screen /login
Verify	Run Jest tests	2026-10-10T11:04:42.9692351Z 
Verify	Run Jest tests	2026-10-10T11:04:42.9692839Z       at debug (shared/lib/logger.ts:133:18)
Verify	Run Jest tests	2026-10-10T11:04:42.9693479Z 
Verify	Run Jest tests	2026-10-10T11:04:42.9693859Z     console.debug
Verify	Run Jest tests	2026-10-10T11:04:42.9694543Z       [analytics] screen /
Verify	Run Jest tests	2026-10-10T11:04:42.9695062Z 
Verify	Run Jest tests	2026-10-10T11:04:42.9695540Z       at debug (shared/lib/logger.ts:133:18)
Verify	Run Jest tests	2026-10-10T11:04:42.9696166Z 
Verify	Run Jest tests	2026-10-10T11:04:42.9696541Z     console.debug
Verify	Run Jest tests	2026-10-10T11:04:42.9697188Z       [analytics] screen /
Verify	Run Jest tests	2026-10-10T11:04:42.9697724Z 
Verify	Run Jest tests	2026-10-10T11:04:42.9698190Z       at debug (shared/lib/logger.ts:133:18)
Verify	Run Jest tests	2026-10-10T11:04:42.9699753Z 
Verify	Run Jest tests	2026-10-10T11:04:43.3396718Z PASS __tests__/features/auth/LoginScreen.test.tsx
Verify	Run Jest tests	2026-10-10T11:04:43.3456084Z   ● Console
Verify	Run Jest tests	2026-10-10T11:04:43.3480599Z 
Verify	Run Jest tests	2026-10-10T11:04:43.3481155Z     console.error
Verify	Run Jest tests	2026-10-10T11:04:43.3482225Z       An update to SessionProvider inside a test was not wrapped in act(...).
Verify	Run Jest tests	2026-10-10T11:04:43.3484520Z       
Verify	Run Jest tests	2026-10-10T11:04:43.3485528Z       When testing, code that causes React state updates should be wrapped into act(...):
Verify	Run Jest tests	2026-10-10T11:04:43.3486566Z       
Verify	Run Jest tests	2026-10-10T11:04:43.3487148Z       act(() => {
Verify	Run Jest tests	2026-10-10T11:04:43.3487890Z         /* fire events that update state */
Verify	Run Jest tests	2026-10-10T11:04:43.3488648Z       });
Verify	Run Jest tests	2026-10-10T11:04:43.3489610Z       /* assert on the output */
Verify	Run Jest tests	2026-10-10T11:04:43.3490311Z       
Verify	Run Jest tests	2026-10-10T11:04:43.3491714Z       This ensures that you're testing the behavior the user would see in the browser. Learn more at https://react.dev/link/wrap-tests-with-act
Verify	Run Jest tests	2026-10-10T11:04:43.3492983Z 
Verify	Run Jest tests	2026-10-10T11:04:43.3493891Z     ^[[0m ^[[90m 86 |^[[39m     readStoredSession()^[[33m.^[[39mthen(restored ^[[33m=>^[[39m {
Verify	Run Jest tests	2026-10-10T11:04:43.3496241Z      ^[[90m 87 |^[[39m       ^[[36mif^[[39m (^[[33m!^[[39mchangedRef^[[33m.^[[39mcurrent ^[[33m&&^[[39m isMountedRef^[[33m.^[[39mcurrent) {
Verify	Run Jest tests	2026-10-10T11:04:43.3497883Z     ^[[31m^[[1m>^[[22m^[[39m^[[90m 88 |^[[39m         setSession(restored)^[[33m;^[[39m
Verify	Run Jest tests	2026-10-10T11:04:43.3499249Z      ^[[90m    |^[[39m         ^[[31m^[[1m^^[[22m^[[39m
Verify	Run Jest tests	2026-10-10T11:04:43.3500196Z      ^[[90m 89 |^[[39m       }
Verify	Run Jest tests	2026-10-10T11:04:43.3501021Z      ^[[90m 90 |^[[39m     })^[[33m;^[[39m
Verify	Run Jest tests	2026-10-10T11:04:43.3502309Z      ^[[90m 91 |^[[39m     ^[[90m// The HTTP client has already cleared the stored session.^[[39m^[[0m
Verify	Run Jest tests	2026-10-10T11:04:43.3503164Z 
Verify	Run Jest tests	2026-10-10T11:04:43.3504009Z       at node_modules/react-test-renderer/cjs/react-test-renderer.development.js:14402:19
Verify	Run Jest tests	2026-10-10T11:04:43.3505746Z       at runWithFiberInDEV (node_modules/react-test-renderer/cjs/react-test-renderer.development.js:2315:13)
Verify	Run Jest tests	2026-10-10T11:04:43.3507774Z       at warnIfUpdatesNotWrappedWithActDEV (node_modules/react-test-renderer/cjs/react-test-renderer.development.js:14401:9)
Verify	Run Jest tests	2026-10-10T11:04:43.3510132Z       at scheduleUpdateOnFiber (node_modules/react-test-renderer/cjs/react-test-renderer.development.js:12086:9)
Verify	Run Jest tests	2026-10-10T11:04:43.3512129Z       at dispatchSetStateInternal (node_modules/react-test-renderer/cjs/react-test-renderer.development.js:6208:13)
Verify	Run Jest tests	2026-10-10T11:04:43.3514139Z       at dispatchSetState (node_modules/react-test-renderer/cjs/react-test-renderer.development.js:6165:7)
Verify	Run Jest tests	2026-10-10T11:04:43.3515596Z       at setSession (shared/session/SessionProvider.tsx:88:9)
Verify	Run Jest tests	2026-10-10T11:04:43.3516291Z 
Verify	Run Jest tests	2026-10-10T11:04:43.3516659Z     console.error
Verify	Run Jest tests	2026-10-10T11:04:43.3517602Z       An update to SessionProvider inside a test was not wrapped in act(...).
Verify	Run Jest tests	2026-10-10T11:04:43.3518573Z       
Verify	Run Jest tests	2026-10-10T11:04:43.3519855Z       When testing, code that causes React state updates should be wrapped into act(...):
Verify	Run Jest tests	2026-10-10T11:04:43.3520939Z       
Verify	Run Jest tests	2026-10-10T11:04:43.3521526Z       act(() => {
Verify	Run Jest tests	2026-10-10T11:04:43.3522283Z         /* fire events that update state */
Verify	Run Jest tests	2026-10-10T11:04:43.3523052Z       });
Verify	Run Jest tests	2026-10-10T11:04:43.3553970Z       /* assert on the output */
Verify	Run Jest tests	2026-10-10T11:04:43.3554812Z       
Verify	Run Jest tests	2026-10-10T11:04:43.3556256Z       This ensures that you're testing the behavior the user would see in the browser. Learn more at https://react.dev/link/wrap-tests-with-act
Verify	Run Jest tests	2026-10-10T11:04:43.3557511Z 
Verify	Run Jest tests	2026-10-10T11:04:43.3558402Z     ^[[0m ^[[90m 86 |^[[39m     readStoredSession()^[[33m.^[[39mthen(restored ^[[33m=>^[[39m {
Verify	Run Jest tests	2026-10-10T11:04:43.3560556Z      ^[[90m 87 |^[[39m       ^[[36mif^[[39m (^[[33m!^[[39mchangedRef^[[33m.^[[39mcurrent ^[[33m&&^[[39m isMountedRef^[[33m.^[[39mcurrent) {
Verify	Run Jest tests	2026-10-10T11:04:43.3562156Z     ^[[31m^[[1m>^[[22m^[[39m^[[90m 88 |^[[39m         setSession(restored)^[[33m;^[[39m
Verify	Run Jest tests	2026-10-10T11:04:43.3563543Z      ^[[90m    |^[[39m         ^[[31m^[[1m^^[[22m^[[39m
Verify	Run Jest tests	2026-10-10T11:04:43.3564247Z      ^[[90m 89 |^[[39m       }
Verify	Run Jest tests	2026-10-10T11:04:43.3564871Z      ^[[90m 90 |^[[39m     })^[[33m;^[[39m
Verify	Run Jest tests	2026-10-10T11:04:43.3566327Z      ^[[90m 91 |^[[39m     ^[[90m// The HTTP client has already cleared the stored session.^[[39m^[[0m
Verify	Run Jest tests	2026-10-10T11:04:43.3566995Z 
Verify	Run Jest tests	2026-10-10T11:04:43.3567619Z       at node_modules/react-test-renderer/cjs/react-test-renderer.development.js:14402:19
Verify	Run Jest tests	2026-10-10T11:04:43.3569711Z       at runWithFiberInDEV (node_modules/react-test-renderer/cjs/react-test-renderer.development.js:2315:13)
Verify	Run Jest tests	2026-10-10T11:04:43.3571528Z       at warnIfUpdatesNotWrappedWithActDEV (node_modules/react-test-renderer/cjs/react-test-renderer.development.js:14401:9)
Verify	Run Jest tests	2026-10-10T11:04:43.3573323Z       at scheduleUpdateOnFiber (node_modules/react-test-renderer/cjs/react-test-renderer.development.js:12086:9)
Verify	Run Jest tests	2026-10-10T11:04:43.3575033Z       at dispatchSetStateInternal (node_modules/react-test-renderer/cjs/react-test-renderer.development.js:6208:13)
Verify	Run Jest tests	2026-10-10T11:04:43.3576669Z       at dispatchSetState (node_modules/react-test-renderer/cjs/react-test-renderer.development.js:6165:7)
Verify	Run Jest tests	2026-10-10T11:04:43.3577856Z       at setSession (shared/session/SessionProvider.tsx:88:9)
Verify	Run Jest tests	2026-10-10T11:04:43.3578287Z 
Verify	Run Jest tests	2026-10-10T11:04:43.5779303Z PASS __tests__/shared/integrations/seams.test.ts
Verify	Run Jest tests	2026-10-10T11:04:43.8216571Z PASS __tests__/app/sessionRoutes.test.tsx
Verify	Run Jest tests	2026-10-10T11:04:43.8710397Z   ● Console
Verify	Run Jest tests	2026-10-10T11:04:43.8719412Z 
Verify	Run Jest tests	2026-10-10T11:04:43.8740440Z     console.debug
Verify	Run Jest tests	2026-10-10T11:04:43.8749688Z       [analytics] screen /profile
Verify	Run Jest tests	2026-10-10T11:04:43.8754870Z 
Verify	Run Jest tests	2026-10-10T11:04:43.8755422Z       at debug (shared/lib/logger.ts:133:18)
Verify	Run Jest tests	2026-10-10T11:04:43.8756019Z 
Verify	Run Jest tests	2026-10-10T11:04:43.8756398Z     console.debug
Verify	Run Jest tests	2026-10-10T11:04:43.8757083Z       [analytics] screen /profile
Verify	Run Jest tests	2026-10-10T11:04:43.8757609Z 
Verify	Run Jest tests	2026-10-10T11:04:43.8758078Z       at debug (shared/lib/logger.ts:133:18)
Verify	Run Jest tests	2026-10-10T11:04:43.8758699Z 
Verify	Run Jest tests	2026-10-10T11:04:43.8759342Z     console.debug
Verify	Run Jest tests	2026-10-10T11:04:43.8760001Z       [analytics] screen /
Verify	Run Jest tests	2026-10-10T11:04:43.8760518Z 
Verify	Run Jest tests	2026-10-10T11:04:43.8761027Z       at debug (shared/lib/logger.ts:133:18)
Verify	Run Jest tests	2026-10-10T11:04:43.8761709Z 
Verify	Run Jest tests	2026-10-10T11:04:43.8762169Z     console.debug
Verify	Run Jest tests	2026-10-10T11:04:43.8762907Z       [analytics] screen /login
Verify	Run Jest tests	2026-10-10T11:04:43.8763519Z 
Verify	Run Jest tests	2026-10-10T11:04:43.8764020Z       at debug (shared/lib/logger.ts:133:18)
Verify	Run Jest tests	2026-10-10T11:04:43.8764629Z 
Verify	Run Jest tests	2026-10-10T11:04:43.8765040Z     console.debug
Verify	Run Jest tests	2026-10-10T11:04:43.8765725Z       [analytics] screen /
Verify	Run Jest tests	2026-10-10T11:04:43.8766297Z 
Verify	Run Jest tests	2026-10-10T11:04:43.8766804Z       at debug (shared/lib/logger.ts:133:18)
Verify	Run Jest tests	2026-10-10T11:04:43.8767454Z 
Verify	Run Jest tests	2026-10-10T11:04:43.8767879Z     console.debug
Verify	Run Jest tests	2026-10-10T11:04:43.8768580Z       [analytics] screen /login
Verify	Run Jest tests	2026-10-10T11:04:43.8769355Z 
Verify	Run Jest tests	2026-10-10T11:04:43.8769866Z       at debug (shared/lib/logger.ts:133:18)
Verify	Run Jest tests	2026-10-10T11:04:43.8770531Z 
Verify	Run Jest tests	2026-10-10T11:04:43.8770950Z     console.debug
Verify	Run Jest tests	2026-10-10T11:04:43.8771639Z       [analytics] screen /
Verify	Run Jest tests	2026-10-10T11:04:43.8772187Z 
Verify	Run Jest tests	2026-10-10T11:04:43.8772701Z       at debug (shared/lib/logger.ts:133:18)
Verify	Run Jest tests	2026-10-10T11:04:43.8773502Z 
Verify	Run Jest tests	2026-10-10T11:04:43.8773908Z     console.debug
Verify	Run Jest tests	2026-10-10T11:04:43.8774663Z       [analytics] screen /profile
Verify	Run Jest tests	2026-10-10T11:04:43.8775261Z 
Verify	Run Jest tests	2026-10-10T11:04:43.8775781Z       at debug (shared/lib/logger.ts:133:18)
Verify	Run Jest tests	2026-10-10T11:04:43.8776416Z 
Verify	Run Jest tests	2026-10-10T11:04:43.8776809Z     console.debug
Verify	Run Jest tests	2026-10-10T11:04:43.8777433Z       [analytics] screen /
Verify	Run Jest tests	2026-10-10T11:04:43.8777962Z 
Verify	Run Jest tests	2026-10-10T11:04:43.8778406Z       at debug (shared/lib/logger.ts:133:18)
Verify	Run Jest tests	2026-10-10T11:04:43.8779211Z 
Verify	Run Jest tests	2026-10-10T11:04:43.8779561Z     console.debug
Verify	Run Jest tests	2026-10-10T11:04:43.8780166Z       [analytics] screen /profile
Verify	Run Jest tests	2026-10-10T11:04:43.8780650Z 
Verify	Run Jest tests	2026-10-10T11:04:43.8781060Z       at debug (shared/lib/logger.ts:133:18)
Verify	Run Jest tests	2026-10-10T11:04:43.8781561Z 
Verify	Run Jest tests	2026-10-10T11:04:43.8781881Z     console.debug
Verify	Run Jest tests	2026-10-10T11:04:43.8782405Z       [analytics] screen /
Verify	Run Jest tests	2026-10-10T11:04:43.8782838Z 
Verify	Run Jest tests	2026-10-10T11:04:43.8783234Z       at debug (shared/lib/logger.ts:133:18)
Verify	Run Jest tests	2026-10-10T11:04:43.8783742Z 
Verify	Run Jest tests	2026-10-10T11:04:43.8784057Z     console.debug
Verify	Run Jest tests	2026-10-10T11:04:43.8784636Z       [analytics] screen /profile
Verify	Run Jest tests	2026-10-10T11:04:43.8785506Z 
Verify	Run Jest tests	2026-10-10T11:04:43.8785917Z       at debug (shared/lib/logger.ts:133:18)
Verify	Run Jest tests	2026-10-10T11:04:43.8786442Z 
Verify	Run Jest tests	2026-10-10T11:04:43.8786774Z     console.debug
Verify	Run Jest tests	2026-10-10T11:04:43.8787313Z       [analytics] screen /
Verify	Run Jest tests	2026-10-10T11:04:43.8787759Z 
Verify	Run Jest tests	2026-10-10T11:04:43.8788152Z       at debug (shared/lib/logger.ts:133:18)
Verify	Run Jest tests	2026-10-10T11:04:43.8788663Z 
Verify	Run Jest tests	2026-10-10T11:04:43.8789192Z     console.debug
Verify	Run Jest tests	2026-10-10T11:04:43.8789998Z       [analytics] screen /profile
Verify	Run Jest tests	2026-10-10T11:04:43.8790548Z 
Verify	Run Jest tests	2026-10-10T11:04:43.8791025Z       at debug (shared/lib/logger.ts:133:18)
Verify	Run Jest tests	2026-10-10T11:04:43.8791615Z 
Verify	Run Jest tests	2026-10-10T11:04:43.8792001Z     console.debug
Verify	Run Jest tests	2026-10-10T11:04:43.8792621Z       [analytics] screen /
Verify	Run Jest tests	2026-10-10T11:04:43.8793141Z 
Verify	Run Jest tests	2026-10-10T11:04:43.8793590Z       at debug (shared/lib/logger.ts:133:18)
Verify	Run Jest tests	2026-10-10T11:04:43.8794187Z 
Verify	Run Jest tests	2026-10-10T11:04:43.8794558Z     console.debug
Verify	Run Jest tests	2026-10-10T11:04:43.8795186Z       [analytics] screen /
Verify	Run Jest tests	2026-10-10T11:04:43.8795682Z 
Verify	Run Jest tests	2026-10-10T11:04:43.8796144Z       at debug (shared/lib/logger.ts:133:18)
Verify	Run Jest tests	2026-10-10T11:04:43.8796742Z 
Verify	Run Jest tests	2026-10-10T11:04:43.8797122Z     console.debug
Verify	Run Jest tests	2026-10-10T11:04:43.8798206Z       [analytics] screen /profile
Verify	Run Jest tests	2026-10-10T11:04:43.8798817Z 
Verify	Run Jest tests	2026-10-10T11:04:43.8799571Z       at debug (shared/lib/logger.ts:133:18)
Verify	Run Jest tests	2026-10-10T11:04:43.8800200Z 
Verify	Run Jest tests	2026-10-10T11:04:43.8800611Z     console.debug
Verify	Run Jest tests	2026-10-10T11:04:43.8801307Z       [analytics] screen /
Verify	Run Jest tests	2026-10-10T11:04:43.8801882Z 
Verify	Run Jest tests	2026-10-10T11:04:43.8802356Z       at debug (shared/lib/logger.ts:133:18)
Verify	Run Jest tests	2026-10-10T11:04:43.8802987Z 
Verify	Run Jest tests	2026-10-10T11:04:43.8803398Z     console.debug
Verify	Run Jest tests	2026-10-10T11:04:43.8804167Z       [analytics] screen /profile
Verify	Run Jest tests	2026-10-10T11:04:43.8804735Z 
Verify	Run Jest tests	2026-10-10T11:04:43.8805220Z       at debug (shared/lib/logger.ts:133:18)
Verify	Run Jest tests	2026-10-10T11:04:43.8805837Z 
Verify	Run Jest tests	2026-10-10T11:04:43.8839521Z PASS __tests__/features/home/HomeScreen.test.tsx
Verify	Run Jest tests	2026-10-10T11:04:44.0512223Z PASS __tests__/app/appConfig.test.ts
Verify	Run Jest tests	2026-10-10T11:04:44.0850399Z PASS __tests__/shared/storage/storage.test.ts
Verify	Run Jest tests	2026-10-10T11:04:44.2067010Z PASS __tests__/features/demo-auth/dummyJsonAdapter.test.ts
Verify	Run Jest tests	2026-10-10T11:04:44.4530821Z PASS __tests__/features/demo-todos/TodosScreen.test.tsx
Verify	Run Jest tests	2026-10-10T11:04:44.4550160Z   ● Console
Verify	Run Jest tests	2026-10-10T11:04:44.4630188Z 
Verify	Run Jest tests	2026-10-10T11:04:44.4630942Z     console.warn
Verify	Run Jest tests	2026-10-10T11:04:44.4631519Z       API GET /todos failed: server (503)
Verify	Run Jest tests	2026-10-10T11:04:44.4631918Z 
Verify	Run Jest tests	2026-10-10T11:04:44.4633043Z     ^[[0m ^[[90m 129 |^[[39m     ^[[36mconst^[[39m args ^[[33m=^[[39m [message^[[33m,^[[39m ^[[33m...^[[39mdetails^[[33m.^[[39mfilter(item ^[[33m=>^[[39m item ^[[33m!==^[[39m undefined)]^[[33m;^[[39m
Verify	Run Jest tests	2026-10-10T11:04:44.4634127Z      ^[[90m 130 |^[[39m     ^[[36mif^[[39m (level ^[[33m===^[[39m ^[[32m'error'^[[39m) console^[[33m.^[[39merror(^[[33m...^[[39margs)^[[33m;^[[39m
Verify	Run Jest tests	2026-10-10T11:04:44.4635790Z     ^[[31m^[[1m>^[[22m^[[39m^[[90m 131 |^[[39m     ^[[36melse^[[39m ^[[36mif^[[39m (level ^[[33m===^[[39m ^[[32m'warn'^[[39m) console^[[33m.^[[39mwarn(^[[33m...^[[39margs)^[[33m;^[[39m
Verify	Run Jest tests	2026-10-10T11:04:44.4637177Z      ^[[90m     |^[[39m                                        ^[[31m^[[1m^^[[22m^[[39m
Verify	Run Jest tests	2026-10-10T11:04:44.4639376Z      ^[[90m 132 |^[[39m     ^[[36melse^[[39m ^[[36mif^[[39m (level ^[[33m===^[[39m ^[[32m'info'^[[39m) console^[[33m.^[[39minfo(^[[33m...^[[39margs)^[[33m;^[[39m
Verify	Run Jest tests	2026-10-10T11:04:44.4641088Z      ^[[90m 133 |^[[39m     ^[[36melse^[[39m console^[[33m.^[[39mdebug(^[[33m...^[[39margs)^[[33m;^[[39m
Verify	Run Jest tests	2026-10-10T11:04:44.4642156Z      ^[[90m 134 |^[[39m   }^[[33m;^[[39m^[[0m
Verify	Run Jest tests	2026-10-10T11:04:44.4642649Z 
Verify	Run Jest tests	2026-10-10T11:04:44.4643025Z       at warn (shared/lib/logger.ts:131:40)
Verify	Run Jest tests	2026-10-10T11:04:44.4643857Z       at Object.write [as warn] (shared/lib/logger.ts:142:33)
Verify	Run Jest tests	2026-10-10T11:04:44.4644686Z       at warn (shared/http/httpClient.ts:139:12)
Verify	Run Jest tests	2026-10-10T11:04:44.4645720Z       at asyncGeneratorStep (node_modules/@babel/runtime/helpers/asyncToGenerator.js:3:17)
Verify	Run Jest tests	2026-10-10T11:04:44.4646903Z       at _next (node_modules/@babel/runtime/helpers/asyncToGenerator.js:17:9)
Verify	Run Jest tests	2026-10-10T11:04:44.4647948Z       at node_modules/@babel/runtime/helpers/asyncToGenerator.js:22:7
Verify	Run Jest tests	2026-10-10T11:04:44.4649233Z       at node_modules/@babel/runtime/helpers/asyncToGenerator.js:14:12
Verify	Run Jest tests	2026-10-10T11:04:44.4650813Z       at apply (shared/http/httpClient.ts:145:4)
Verify	Run Jest tests	2026-10-10T11:04:44.4651807Z       at Axios.request (node_modules/axios/dist/browser/axios.cjs:5245:14)
Verify	Run Jest tests	2026-10-10T11:04:44.4652507Z 
Verify	Run Jest tests	2026-10-10T11:04:44.6340148Z PASS __tests__/shared/ui/theme.test.ts
Verify	Run Jest tests	2026-10-10T11:04:45.0510322Z PASS __tests__/shared/integrations/i18n.test.tsx
Verify	Run Jest tests	2026-10-10T11:04:45.0569957Z   ● Console
Verify	Run Jest tests	2026-10-10T11:04:45.0579640Z 
Verify	Run Jest tests	2026-10-10T11:04:45.0587959Z     console.debug
Verify	Run Jest tests	2026-10-10T11:04:45.0588677Z       [analytics] screen /
Verify	Run Jest tests	2026-10-10T11:04:45.0589567Z 
Verify	Run Jest tests	2026-10-10T11:04:45.0590114Z       at debug (shared/lib/logger.ts:133:18)
Verify	Run Jest tests	2026-10-10T11:04:45.0590802Z 
Verify	Run Jest tests	2026-10-10T11:04:45.0591191Z     console.debug
Verify	Run Jest tests	2026-10-10T11:04:45.0591955Z       [analytics] screen /login
Verify	Run Jest tests	2026-10-10T11:04:45.0592481Z 
Verify	Run Jest tests	2026-10-10T11:04:45.0592924Z       at debug (shared/lib/logger.ts:133:18)
Verify	Run Jest tests	2026-10-10T11:04:45.0593528Z 
Verify	Run Jest tests	2026-10-10T11:04:45.4091632Z PASS __tests__/app/tabBarTheme.test.tsx
Verify	Run Jest tests	2026-10-10T11:04:45.4180376Z   ● Console
Verify	Run Jest tests	2026-10-10T11:04:45.4180781Z 
Verify	Run Jest tests	2026-10-10T11:04:45.4181579Z     console.debug
Verify	Run Jest tests	2026-10-10T11:04:45.4182204Z       [analytics] screen /
Verify	Run Jest tests	2026-10-10T11:04:45.4182643Z 
Verify	Run Jest tests	2026-10-10T11:04:45.4183044Z       at debug (shared/lib/logger.ts:133:18)
Verify	Run Jest tests	2026-10-10T11:04:45.4183540Z 
Verify	Run Jest tests	2026-10-10T11:04:45.4183874Z     console.debug
Verify	Run Jest tests	2026-10-10T11:04:45.4184444Z       [analytics] screen /
Verify	Run Jest tests	2026-10-10T11:04:45.4184845Z 
Verify	Run Jest tests	2026-10-10T11:04:45.4185222Z       at debug (shared/lib/logger.ts:133:18)
Verify	Run Jest tests	2026-10-10T11:04:45.4185706Z 
Verify	Run Jest tests	2026-10-10T11:04:45.7060007Z PASS __tests__/shared/ui/LoadingScreen.test.tsx
Verify	Run Jest tests	2026-10-10T11:04:45.9558580Z PASS __tests__/app/initialRoute.test.tsx
Verify	Run Jest tests	2026-10-10T11:04:45.9689961Z   ● Console
Verify	Run Jest tests	2026-10-10T11:04:45.9690486Z 
Verify	Run Jest tests	2026-10-10T11:04:45.9692868Z     console.debug
Verify	Run Jest tests	2026-10-10T11:04:45.9693367Z       [analytics] screen /
Verify	Run Jest tests	2026-10-10T11:04:45.9693627Z 
Verify	Run Jest tests	2026-10-10T11:04:45.9693902Z       at debug (shared/lib/logger.ts:133:18)
Verify	Run Jest tests	2026-10-10T11:04:45.9694236Z 
Verify	Run Jest tests	2026-10-10T11:04:45.9694406Z     console.debug
Verify	Run Jest tests	2026-10-10T11:04:45.9694776Z       [analytics] screen /login
Verify	Run Jest tests	2026-10-10T11:04:45.9695034Z 
Verify	Run Jest tests	2026-10-10T11:04:45.9695247Z       at debug (shared/lib/logger.ts:133:18)
Verify	Run Jest tests	2026-10-10T11:04:45.9695542Z 
Verify	Run Jest tests	2026-10-10T11:04:45.9695673Z     console.debug
Verify	Run Jest tests	2026-10-10T11:04:45.9696098Z       [analytics] screen /login
Verify	Run Jest tests	2026-10-10T11:04:45.9696384Z 
Verify	Run Jest tests	2026-10-10T11:04:45.9696642Z       at debug (shared/lib/logger.ts:133:18)
Verify	Run Jest tests	2026-10-10T11:04:45.9704307Z 
Verify	Run Jest tests	2026-10-10T11:04:45.9704536Z     console.debug
Verify	Run Jest tests	2026-10-10T11:04:45.9704986Z       [analytics] screen /
Verify	Run Jest tests	2026-10-10T11:04:45.9705288Z 
Verify	Run Jest tests	2026-10-10T11:04:45.9705549Z       at debug (shared/lib/logger.ts:133:18)
Verify	Run Jest tests	2026-10-10T11:04:45.9705930Z 
Verify	Run Jest tests	2026-10-10T11:04:46.0086371Z PASS __tests__/features/demo-auth/DemoCredentialsHint.test.tsx
Verify	Run Jest tests	2026-10-10T11:04:46.4213464Z PASS __tests__/app/statusBar.test.tsx
Verify	Run Jest tests	2026-10-10T11:04:46.4350224Z   ● Console
Verify	Run Jest tests	2026-10-10T11:04:46.4350736Z 
Verify	Run Jest tests	2026-10-10T11:04:46.4351206Z     console.debug
Verify	Run Jest tests	2026-10-10T11:04:46.4351814Z       [analytics] screen /
Verify	Run Jest tests	2026-10-10T11:04:46.4352342Z 
Verify	Run Jest tests	2026-10-10T11:04:46.4352784Z       at debug (shared/lib/logger.ts:133:18)
Verify	Run Jest tests	2026-10-10T11:04:46.4353364Z 
Verify	Run Jest tests	2026-10-10T11:04:46.4353681Z     console.debug
Verify	Run Jest tests	2026-10-10T11:04:46.4354267Z       [analytics] screen /
Verify	Run Jest tests	2026-10-10T11:04:46.4354728Z 
Verify	Run Jest tests	2026-10-10T11:04:46.4355149Z       at debug (shared/lib/logger.ts:133:18)
Verify	Run Jest tests	2026-10-10T11:04:46.4355702Z 
Verify	Run Jest tests	2026-10-10T11:04:46.7680169Z PASS __tests__/app/configError.test.tsx
Verify	Run Jest tests	2026-10-10T11:04:46.7710113Z   ● Console
Verify	Run Jest tests	2026-10-10T11:04:46.7729612Z 
Verify	Run Jest tests	2026-10-10T11:04:46.7730135Z     console.debug
Verify	Run Jest tests	2026-10-10T11:04:46.7730949Z       [analytics] screen /
Verify	Run Jest tests	2026-10-10T11:04:46.7731502Z 
Verify	Run Jest tests	2026-10-10T11:04:46.7731906Z       at debug (shared/lib/logger.ts:133:18)
Verify	Run Jest tests	2026-10-10T11:04:46.7732377Z 
Verify	Run Jest tests	2026-10-10T11:04:46.8532578Z PASS __tests__/shared/integrations/screenTracking.test.tsx
Verify	Run Jest tests	2026-10-10T11:04:46.9798252Z PASS __tests__/features/demo-showcase/ShowcaseScreen.test.tsx
Verify	Run Jest tests	2026-10-10T11:04:47.8832845Z -----------------------------------|---------|----------|---------|---------|-------------------
Verify	Run Jest tests	2026-10-10T11:04:47.8833999Z File                               | % Stmts | % Branch | % Funcs | % Lines | Uncovered Line #s 
Verify	Run Jest tests	2026-10-10T11:04:47.8834685Z -----------------------------------|---------|----------|---------|---------|-------------------
Verify	Run Jest tests	2026-10-10T11:04:47.8841661Z All files                          |   97.31 |    91.28 |   94.55 |   97.49 |                   
Verify	Run Jest tests	2026-10-10T11:04:47.8842706Z  app                               |     100 |      100 |   57.14 |     100 |                   
Verify	Run Jest tests	2026-10-10T11:04:47.8848285Z   _layout.tsx                      |     100 |      100 |   57.14 |     100 |                   
Verify	Run Jest tests	2026-10-10T11:04:47.8849552Z   showcase.tsx                     |       0 |        0 |       0 |       0 |                   
Verify	Run Jest tests	2026-10-10T11:04:47.8850543Z  app/(app)                         |    87.5 |       75 |     100 |     100 |                   
Verify	Run Jest tests	2026-10-10T11:04:47.8851498Z   _layout.tsx                      |    87.5 |       75 |     100 |     100 | 24                
Verify	Run Jest tests	2026-10-10T11:04:47.8852476Z   profile.tsx                      |       0 |        0 |       0 |       0 |                   
Verify	Run Jest tests	2026-10-10T11:04:47.8853776Z  app/(auth)                        |     100 |      100 |     100 |     100 |                   
Verify	Run Jest tests	2026-10-10T11:04:47.8854769Z   _layout.tsx                      |     100 |      100 |     100 |     100 |                   
Verify	Run Jest tests	2026-10-10T11:04:47.8855770Z   login.tsx                        |       0 |        0 |       0 |       0 |                   
Verify	Run Jest tests	2026-10-10T11:04:47.8856720Z  app/(tabs)                        |     100 |      100 |     100 |     100 |                   
Verify	Run Jest tests	2026-10-10T11:04:47.8857703Z   _layout.tsx                      |     100 |      100 |     100 |     100 |                   
Verify	Run Jest tests	2026-10-10T11:04:47.8858701Z   explore.tsx                      |       0 |        0 |       0 |       0 |                   
Verify	Run Jest tests	2026-10-10T11:04:47.8859935Z   index.tsx                        |       0 |        0 |       0 |       0 |                   
Verify	Run Jest tests	2026-10-10T11:04:47.8860999Z  features/auth/screens             |   95.55 |    79.16 |   83.33 |   95.45 |                   
Verify	Run Jest tests	2026-10-10T11:04:47.8862103Z   LoginScreen.tsx                  |    92.3 |       80 |      60 |    92.3 | 132-136           
Verify	Run Jest tests	2026-10-10T11:04:47.8863209Z   ProfileScreen.tsx                |     100 |    78.57 |     100 |     100 | 38,67-72          
Verify	Run Jest tests	2026-10-10T11:04:47.8864310Z  features/demo-auth                |     100 |    91.66 |     100 |     100 |                   
Verify	Run Jest tests	2026-10-10T11:04:47.8865441Z   DemoCredentialsHint.tsx          |     100 |      100 |     100 |     100 |                   
Verify	Run Jest tests	2026-10-10T11:04:47.8866592Z   dummyJsonAdapter.ts              |     100 |       90 |     100 |     100 | 31                
Verify	Run Jest tests	2026-10-10T11:04:47.8867750Z  features/demo-showcase/components |     100 |      100 |     100 |     100 |                   
Verify	Run Jest tests	2026-10-10T11:04:47.8869199Z   ExampleLinks.tsx                 |     100 |      100 |     100 |     100 |                   
Verify	Run Jest tests	2026-10-10T11:04:47.8870440Z  features/demo-showcase/screens    |   77.77 |      100 |      60 |   71.42 |                   
Verify	Run Jest tests	2026-10-10T11:04:47.8871615Z   ShowcaseScreen.tsx               |   77.77 |      100 |      60 |   71.42 | 133-137           
Verify	Run Jest tests	2026-10-10T11:04:47.8872666Z  features/demo-todos               |       0 |        0 |       0 |       0 |                   
Verify	Run Jest tests	2026-10-10T11:04:47.8873647Z   types.ts                         |       0 |        0 |       0 |       0 |                   
Verify	Run Jest tests	2026-10-10T11:04:47.8874647Z  features/demo-todos/api           |     100 |      100 |     100 |     100 |                   
Verify	Run Jest tests	2026-10-10T11:04:47.8875710Z   todosApi.ts                      |     100 |      100 |     100 |     100 |                   
Verify	Run Jest tests	2026-10-10T11:04:47.8876782Z  features/demo-todos/screens       |     100 |    95.83 |     100 |     100 |                   
Verify	Run Jest tests	2026-10-10T11:04:47.8877873Z   TodosScreen.tsx                  |     100 |    95.83 |     100 |     100 | 65                
Verify	Run Jest tests	2026-10-10T11:04:47.8879740Z  features/home/screens             |     100 |     87.5 |     100 |     100 |                   
Verify	Run Jest tests	2026-10-10T11:04:47.8880843Z   HomeScreen.tsx                   |     100 |     87.5 |     100 |     100 | 38                
Verify	Run Jest tests	2026-10-10T11:04:47.8881883Z  shared/config                     |     100 |    97.95 |     100 |     100 |                   
Verify	Run Jest tests	2026-10-10T11:04:47.8882862Z   env.ts                           |     100 |    97.95 |     100 |     100 | 128               
Verify	Run Jest tests	2026-10-10T11:04:47.8883844Z   featureFlags.ts                  |     100 |      100 |     100 |     100 |                   
Verify	Run Jest tests	2026-10-10T11:04:47.8884813Z  shared/http                       |   98.71 |    94.66 |     100 |   98.61 |                   
Verify	Run Jest tests	2026-10-10T11:04:47.8885803Z   api.ts                           |     100 |      100 |     100 |     100 |                   
Verify	Run Jest tests	2026-10-10T11:04:47.8886789Z   apiError.ts                      |   96.96 |    94.59 |     100 |   96.42 | 58                
Verify	Run Jest tests	2026-10-10T11:04:47.8887812Z   httpClient.ts                    |     100 |    94.73 |     100 |     100 | 89                
Verify	Run Jest tests	2026-10-10T11:04:47.8889384Z  shared/i18n                       |     100 |    83.33 |     100 |     100 |                   
Verify	Run Jest tests	2026-10-10T11:04:47.8890373Z   en.ts                            |     100 |      100 |     100 |     100 |                   
Verify	Run Jest tests	2026-10-10T11:04:47.8891265Z   index.ts                         |     100 |    83.33 |     100 |     100 | 38                
Verify	Run Jest tests	2026-10-10T11:04:47.8892172Z  shared/integrations               |   95.91 |       75 |   96.55 |   95.34 |                   
Verify	Run Jest tests	2026-10-10T11:04:47.8893212Z   analytics.ts                     |     100 |     87.5 |     100 |     100 | 25                
Verify	Run Jest tests	2026-10-10T11:04:47.8894252Z   errorReporter.ts                 |   81.81 |       40 |   83.33 |   77.77 | 41,57             
Verify	Run Jest tests	2026-10-10T11:04:47.8895304Z   featureFlags.ts                  |     100 |      100 |     100 |     100 |                   
Verify	Run Jest tests	2026-10-10T11:04:47.8896374Z   pushNotifications.ts             |     100 |      100 |     100 |     100 |                   
Verify	Run Jest tests	2026-10-10T11:04:47.8897428Z   seam.ts                          |     100 |      100 |     100 |     100 |                   
Verify	Run Jest tests	2026-10-10T11:04:47.8898359Z   setup.ts                         |     100 |      100 |     100 |     100 |                   
Verify	Run Jest tests	2026-10-10T11:04:47.8899612Z   updates.ts                       |     100 |      100 |     100 |     100 |                   
Verify	Run Jest tests	2026-10-10T11:04:47.8900676Z   useScreenTracking.ts             |     100 |      100 |     100 |     100 |                   
Verify	Run Jest tests	2026-10-10T11:04:47.8901746Z  shared/lib                        |   98.01 |    95.38 |   95.23 |   98.86 |                   
Verify	Run Jest tests	2026-10-10T11:04:47.8902768Z   logger.ts                        |   96.87 |    96.15 |   91.66 |   98.18 | 84                
Verify	Run Jest tests	2026-10-10T11:04:47.8903787Z   useFetch.ts                      |     100 |     92.3 |     100 |     100 | 83                
Verify	Run Jest tests	2026-10-10T11:04:47.8904909Z  shared/session                    |   97.45 |    88.63 |   95.83 |   97.36 |                   
Verify	Run Jest tests	2026-10-10T11:04:47.8906008Z   SessionProvider.tsx              |   97.91 |    81.81 |     100 |   97.82 | 146               
Verify	Run Jest tests	2026-10-10T11:04:47.8907133Z   authService.ts                   |   93.93 |    91.66 |   83.33 |   93.75 | 68,81             
Verify	Run Jest tests	2026-10-10T11:04:47.8908164Z   session.ts                       |     100 |      100 |     100 |     100 |                   
Verify	Run Jest tests	2026-10-10T11:04:47.8909432Z   tokenStore.ts                    |     100 |      100 |     100 |     100 |                   
Verify	Run Jest tests	2026-10-10T11:04:47.8910457Z  shared/storage                    |      92 |       80 |     100 |      92 |                   
Verify	Run Jest tests	2026-10-10T11:04:47.8911501Z   secureStorage.ts                 |      80 |       75 |     100 |      80 | 18,26             
Verify	Run Jest tests	2026-10-10T11:04:47.8912514Z   storage.ts                       |     100 |      100 |     100 |     100 |                   
Verify	Run Jest tests	2026-10-10T11:04:47.8913546Z  shared/ui                         |    97.5 |    83.33 |     100 |   97.36 |                   
Verify	Run Jest tests	2026-10-10T11:04:47.8915076Z   ConfigErrorScreen.tsx            |     100 |      100 |     100 |     100 |                   
Verify	Run Jest tests	2026-10-10T11:04:47.8916226Z   ErrorBoundary.tsx                |   96.15 |       75 |     100 |   95.83 | 26                
Verify	Run Jest tests	2026-10-10T11:04:47.8917331Z   LoadingScreen.tsx                |     100 |      100 |     100 |     100 |                   
Verify	Run Jest tests	2026-10-10T11:04:47.8918352Z   theme.ts                         |     100 |      100 |     100 |     100 |                   
Verify	Run Jest tests	2026-10-10T11:04:47.8919723Z -----------------------------------|---------|----------|---------|---------|-------------------
Verify	Run Jest tests	2026-10-10T11:04:47.9369737Z 
Verify	Run Jest tests	2026-10-10T11:04:47.9373236Z Test Suites: 26 passed, 26 total
Verify	Run Jest tests	2026-10-10T11:04:47.9373900Z Tests:       205 passed, 205 total
Verify	Run Jest tests	2026-10-10T11:04:47.9374262Z Snapshots:   0 total
Verify	Run Jest tests	2026-10-10T11:04:47.9374557Z Time:        23.497 s
Verify	Run Jest tests	2026-10-10T11:04:47.9374844Z Ran all test suites.
Verify	Expo Doctor	﻿2026-10-10T11:04:47.9577635Z ##[group]Run npx expo-doctor
Verify	Expo Doctor	2026-10-10T11:04:47.9577979Z ^[[36;1mnpx expo-doctor^[[0m
Verify	Expo Doctor	2026-10-10T11:04:47.9641013Z shell: /usr/bin/bash -e {0}
Verify	Expo Doctor	2026-10-10T11:04:47.9641290Z ##[endgroup]
Verify	Expo Doctor	2026-10-10T11:04:49.4455315Z Running 21 checks on your project...
Verify	Expo Doctor	2026-10-10T11:04:53.4201976Z 21/21 checks passed. No issues detected!
Verify	Audit production dependencies (reviewed allowlist)	﻿2026-10-10T11:04:53.4584848Z ##[group]Run npm run audit:check
Verify	Audit production dependencies (reviewed allowlist)	2026-10-10T11:04:53.4585194Z ^[[36;1mnpm run audit:check^[[0m
Verify	Audit production dependencies (reviewed allowlist)	2026-10-10T11:04:53.4646855Z shell: /usr/bin/bash -e {0}
Verify	Audit production dependencies (reviewed allowlist)	2026-10-10T11:04:53.4647140Z ##[endgroup]
Verify	Audit production dependencies (reviewed allowlist)	2026-10-10T11:04:53.5626424Z 
Verify	Audit production dependencies (reviewed allowlist)	2026-10-10T11:04:53.5627078Z > react-native-starter@1.0.0 audit:check
Verify	Audit production dependencies (reviewed allowlist)	2026-10-10T11:04:53.5627622Z > node scripts/check-audit.js
Verify	Audit production dependencies (reviewed allowlist)	2026-10-10T11:04:53.5627848Z 
Verify	Audit production dependencies (reviewed allowlist)	2026-10-10T11:04:57.8324779Z high     braces GHSA-vfj7-8cjw-p6xm: allowlisted until 2027-01-09 (https://github.com/advisories/GHSA-vfj7-8cjw-p6xm)
Verify	Audit production dependencies (reviewed allowlist)	2026-10-10T11:04:57.8327038Z high     node-forge GHSA-86w9-cpqp-85rv: allowlisted until 2027-01-09 (https://github.com/advisories/GHSA-86w9-cpqp-85rv)
Verify	Audit production dependencies (reviewed allowlist)	2026-10-10T11:04:57.8328456Z moderate decode-uri-component GHSA-vcc3-ghjq-m6fr: reported (not gated)
Verify	Audit production dependencies (reviewed allowlist)	2026-10-10T11:04:57.8329748Z moderate sprintf-js GHSA-hp3w-g68c-fv3c: reported (not gated)
Verify	Audit production dependencies (reviewed allowlist)	2026-10-10T11:04:57.8330669Z moderate uuid GHSA-w5hq-g745-h8pq: reported (not gated)
Verify	Audit production dependencies (reviewed allowlist)	2026-10-10T11:04:57.8331798Z npm audit --omit=dev: 5 advisories (records: 0 critical, 45 high, 16 moderate, 0 low).
Verify	Audit production dependencies (reviewed allowlist)	2026-10-10T11:04:57.8332955Z No unreviewed high or critical advisories.
Verify	Export web build	﻿2026-10-10T11:04:57.8477990Z ##[group]Run npx expo export --platform web --output-dir dist
Verify	Export web build	2026-10-10T11:04:57.8478829Z ^[[36;1mnpx expo export --platform web --output-dir dist^[[0m
Verify	Export web build	2026-10-10T11:04:57.8569377Z shell: /usr/bin/bash -e {0}
Verify	Export web build	2026-10-10T11:04:57.8569866Z ##[endgroup]
Verify	Export web build	2026-10-10T11:04:58.9802304Z Starting Metro Bundler
Verify	Export web build	2026-10-10T11:04:58.9802704Z 
Verify	Export web build	2026-10-10T11:05:17.5946618Z Web Bundled 18334ms index.ts (1183 modules)
Verify	Export web build	2026-10-10T11:05:17.9598226Z 
Verify	Export web build	2026-10-10T11:05:17.9605276Z › Assets (19):
Verify	Export web build	2026-10-10T11:05:17.9689950Z node_modules/@expo/vector-icons/build/vendor/react-native-vector-icons/Fonts/MaterialCommunityIcons.6e435534bd35da5fef04168860a9b8fa.ttf (1.3MB)
Verify	Export web build	2026-10-10T11:05:17.9691984Z node_modules/expo-router/assets/arrow_down.017bc6ba3fc25503e5eb5e53826d48a8.png (9.5KB)
Verify	Export web build	2026-10-10T11:05:17.9693408Z node_modules/expo-router/assets/error.d1ea1496f9057eb392d5bbf3732a61b7.png (469B)
Verify	Export web build	2026-10-10T11:05:17.9694718Z node_modules/expo-router/assets/file.19eeb73b9593a38f8e9f418337fc7d10.png (138B)
Verify	Export web build	2026-10-10T11:05:17.9696057Z node_modules/expo-router/assets/forward.d8b800c443b8972542883e0b9de2bdc6.png (188B)
Verify	Export web build	2026-10-10T11:05:17.9697411Z node_modules/expo-router/assets/pkg.ab19f4cbc543357183a20571f68380a3.png (364B)
Verify	Export web build	2026-10-10T11:05:17.9700070Z node_modules/expo-router/assets/react-navigation/elements/back-icon-mask.0a328cd9c1afd0afe8e3b1ec5165b1b4.png (653B)
Verify	Export web build	2026-10-10T11:05:17.9701933Z node_modules/expo-router/assets/react-navigation/elements/back-icon.35ba0eaec5a4f5ed12ca16fabeae451d.png (207B)
Verify	Export web build	2026-10-10T11:05:17.9703767Z node_modules/expo-router/assets/react-navigation/elements/clear-icon.c94f6478e7ae0cdd9f15de1fcb9e5e55.png (4 variations | 425B)
Verify	Export web build	2026-10-10T11:05:17.9706395Z node_modules/expo-router/assets/react-navigation/elements/close-icon.808e1b1b9b53114ec2838071a7e6daa7.png (4 variations | 235B)
Verify	Export web build	2026-10-10T11:05:17.9708208Z node_modules/expo-router/assets/react-navigation/elements/search-icon.286d67d3f74808a60a78d3ebf1a5fb57.png (928B)
Verify	Export web build	2026-10-10T11:05:17.9709949Z node_modules/expo-router/assets/sitemap.412dd9275b6b48ad28f5e3d81bb1f626.png (465B)
Verify	Export web build	2026-10-10T11:05:17.9711147Z node_modules/expo-router/assets/unmatched.20e71bdf79e3a97bf55fd9e164041578.png (4.8KB)
Verify	Export web build	2026-10-10T11:05:17.9711769Z 
Verify	Export web build	2026-10-10T11:05:17.9712137Z › web bundles (1):
Verify	Export web build	2026-10-10T11:05:17.9738536Z _expo/static/js/web/index-63dbf8f09ff9b5edb74f09c5ca97fa56.js (2.3MB)
Verify	Export web build	2026-10-10T11:05:17.9739332Z 
Verify	Export web build	2026-10-10T11:05:17.9739629Z › Files (3):
Verify	Export web build	2026-10-10T11:05:17.9740306Z favicon.ico (15KB)
Verify	Export web build	2026-10-10T11:05:17.9740714Z index.html (1.2KB)
Verify	Export web build	2026-10-10T11:05:17.9741107Z metadata.json (49B)
Verify	Export web build	2026-10-10T11:05:17.9839550Z 
Verify	Export web build	2026-10-10T11:05:17.9842394Z Exported: dist
Verify	Check docs (snippets compile, paths and scripts exist)	﻿2026-10-10T11:05:18.1446665Z ##[group]Run npm install --no-save zustand@5 @reduxjs/toolkit@2 react-redux@9 jotai@3 @tanstack/react-query@5
Verify	Check docs (snippets compile, paths and scripts exist)	2026-10-10T11:05:18.1447491Z ^[[36;1mnpm install --no-save zustand@5 @reduxjs/toolkit@2 react-redux@9 jotai@3 @tanstack/react-query@5^[[0m
Verify	Check docs (snippets compile, paths and scripts exist)	2026-10-10T11:05:18.1447987Z ^[[36;1mnpm run docs:check^[[0m
Verify	Check docs (snippets compile, paths and scripts exist)	2026-10-10T11:05:18.1510858Z shell: /usr/bin/bash -e {0}
Verify	Check docs (snippets compile, paths and scripts exist)	2026-10-10T11:05:18.1511132Z ##[endgroup]
Verify	Check docs (snippets compile, paths and scripts exist)	2026-10-10T11:05:21.5378104Z 
Verify	Check docs (snippets compile, paths and scripts exist)	2026-10-10T11:05:21.5379241Z added 14 packages, and audited 1082 packages in 3s
Verify	Check docs (snippets compile, paths and scripts exist)	2026-10-10T11:05:21.5380075Z 
Verify	Check docs (snippets compile, paths and scripts exist)	2026-10-10T11:05:21.5380432Z 183 packages are looking for funding
Verify	Check docs (snippets compile, paths and scripts exist)	2026-10-10T11:05:21.5396719Z   run `npm fund` for details
Verify	Check docs (snippets compile, paths and scripts exist)	2026-10-10T11:05:21.7272935Z 
Verify	Check docs (snippets compile, paths and scripts exist)	2026-10-10T11:05:21.7273703Z 65 vulnerabilities (16 moderate, 49 high)
Verify	Check docs (snippets compile, paths and scripts exist)	2026-10-10T11:05:21.7274183Z 
Verify	Check docs (snippets compile, paths and scripts exist)	2026-10-10T11:05:21.7274632Z To address all issues (including breaking changes), run:
Verify	Check docs (snippets compile, paths and scripts exist)	2026-10-10T11:05:21.7275318Z   npm audit fix --force
Verify	Check docs (snippets compile, paths and scripts exist)	2026-10-10T11:05:21.7275658Z 
Verify	Check docs (snippets compile, paths and scripts exist)	2026-10-10T11:05:21.7275885Z Run `npm audit` for details.
Verify	Check docs (snippets compile, paths and scripts exist)	2026-10-10T11:05:21.8514065Z 
Verify	Check docs (snippets compile, paths and scripts exist)	2026-10-10T11:05:21.8514756Z > react-native-starter@1.0.0 docs:check
Verify	Check docs (snippets compile, paths and scripts exist)	2026-10-10T11:05:21.8515440Z > node scripts/check-docs.js
Verify	Check docs (snippets compile, paths and scripts exist)	2026-10-10T11:05:21.8515787Z 
Verify	Check docs (snippets compile, paths and scripts exist)	2026-10-10T11:05:24.1518737Z Checked 22 files: 37 TypeScript snippets compiled with tsc.
Verify	Check docs (snippets compile, paths and scripts exist)	2026-10-10T11:05:24.1520433Z No problems.
Verify	Post Set up Node.js	﻿2026-10-10T11:05:24.1729549Z Post job cleanup.
Verify	Post Set up Node.js	2026-10-10T11:05:24.2921154Z (node:2874) [DEP0040] DeprecationWarning: The `punycode` module is deprecated. Please use a userland alternative instead.
Verify	Post Set up Node.js	2026-10-10T11:05:24.2922336Z (Use `node --trace-deprecation ...` to show where the warning was created)
Verify	Post Set up Node.js	2026-10-10T11:05:24.2924649Z Cache hit occurred on the primary key node-cache-Linux-x64-npm-10f9dc59c99c82563481e37a50745bae137261a45ffc8c4ba105eb544b91396b, not saving cache.
Verify	Post Check out repository	﻿2026-10-10T11:05:24.3067075Z Post job cleanup.
Verify	Post Check out repository	2026-10-10T11:05:24.3913927Z [command]/usr/bin/git version
Verify	Post Check out repository	2026-10-10T11:05:24.3951859Z git version 2.55.0
Verify	Post Check out repository	2026-10-10T11:05:24.3991947Z Temporarily overriding HOME='/home/runner/work/_temp/b29e9a94-b340-4816-9dda-7e9d2ce4027e' before making global git config changes
Verify	Post Check out repository	2026-10-10T11:05:24.3993643Z Adding repository directory to the temporary git global config as a safe directory
Verify	Post Check out repository	2026-10-10T11:05:24.3998005Z [command]/usr/bin/git config --global --add safe.directory /home/runner/work/react-native-starter/react-native-starter
Verify	Post Check out repository	2026-10-10T11:05:24.4036832Z [command]/usr/bin/git config --local --name-only --get-regexp core\.sshCommand
Verify	Post Check out repository	2026-10-10T11:05:24.4071695Z [command]/usr/bin/git submodule foreach --recursive sh -c "git config --local --name-only --get-regexp 'core\.sshCommand' && git config --local --unset-all 'core.sshCommand' || :"
Verify	Post Check out repository	2026-10-10T11:05:24.4314710Z [command]/usr/bin/git config --local --name-only --get-regexp http\.https\:\/\/github\.com\/\.extraheader
Verify	Post Check out repository	2026-10-10T11:05:24.4341583Z http.https://github.com/.extraheader
Verify	Post Check out repository	2026-10-10T11:05:24.4364527Z [command]/usr/bin/git config --local --unset-all http.https://github.com/.extraheader
Verify	Post Check out repository	2026-10-10T11:05:24.4404069Z [command]/usr/bin/git submodule foreach --recursive sh -c "git config --local --name-only --get-regexp 'http\.https\:\/\/github\.com\/\.extraheader' && git config --local --unset-all 'http.https://github.com/.extraheader' || :"
Verify	Post Check out repository	2026-10-10T11:05:24.4650622Z [command]/usr/bin/git config --local --name-only --get-regexp ^includeIf\.gitdir:
Verify	Post Check out repository	2026-10-10T11:05:24.4685304Z [command]/usr/bin/git submodule foreach --recursive git config --local --show-origin --name-only --get-regexp remote.origin.url
Verify	Complete job	﻿2026-10-10T11:05:24.5102568Z Cleaning up orphan processes
Verify	Complete job	2026-10-10T11:05:24.5429361Z ##[warning]Node.js 20 is deprecated. The following actions target Node.js 20 but are being forced to run on Node.js 24: actions/checkout@v4, actions/setup-node@v4. For more information see: https://github.blog/changelog/2025-09-19-deprecation-of-node-20-on-github-actions-runners/
