Verify	Set up job	﻿2026-10-09T13:37:34.0951086Z Current runner version: '2.337.0'
Verify	Set up job	2026-10-09T13:37:34.0976880Z ##[group]Runner Image Provisioner
Verify	Set up job	2026-10-09T13:37:34.0977870Z Hosted Compute Agent
Verify	Set up job	2026-10-09T13:37:34.0978497Z Version: 20261002.596
Verify	Set up job	2026-10-09T13:37:34.0979135Z Commit: c3d12f3313a95f25162a1503be624f3b0617f8c0
Verify	Set up job	2026-10-09T13:37:34.0980055Z Build Date: 2026-10-02T22:28:27Z
Verify	Set up job	2026-10-09T13:37:34.0980775Z Worker ID: {a18d823d-7ea8-4f5c-80fe-3d9a8fb3402b}
Verify	Set up job	2026-10-09T13:37:34.0981648Z Region: northcentralus
Verify	Set up job	2026-10-09T13:37:34.0982269Z Cloud: Azure
Verify	Set up job	2026-10-09T13:37:34.0983249Z ##[endgroup]
Verify	Set up job	2026-10-09T13:37:34.0984743Z ##[group]Operating System
Verify	Set up job	2026-10-09T13:37:34.0985397Z Ubuntu
Verify	Set up job	2026-10-09T13:37:34.0985994Z 24.04.5
Verify	Set up job	2026-10-09T13:37:34.0986701Z LTS
Verify	Set up job	2026-10-09T13:37:34.0987332Z ##[endgroup]
Verify	Set up job	2026-10-09T13:37:34.0987974Z ##[group]Runner Image
Verify	Set up job	2026-10-09T13:37:34.0988659Z Image: ubuntu-24.04
Verify	Set up job	2026-10-09T13:37:34.0989332Z Version: 20261004.327.1
Verify	Set up job	2026-10-09T13:37:34.0990458Z Included Software: https://github.com/actions/runner-images/blob/ubuntu24/20261004.327/images/ubuntu/Ubuntu2404-Readme.md
Verify	Set up job	2026-10-09T13:37:34.0992905Z Image Release: https://github.com/actions/runner-images/releases/tag/ubuntu24%2F20261004.327
Verify	Set up job	2026-10-09T13:37:34.0993935Z ##[endgroup]
Verify	Set up job	2026-10-09T13:37:34.0995114Z ##[group]GITHUB_TOKEN Permissions
Verify	Set up job	2026-10-09T13:37:34.0997483Z Contents: read
Verify	Set up job	2026-10-09T13:37:34.0998203Z Metadata: read
Verify	Set up job	2026-10-09T13:37:34.0998812Z ##[endgroup]
Verify	Set up job	2026-10-09T13:37:34.1001051Z Secret source: Actions
Verify	Set up job	2026-10-09T13:37:34.1002130Z Cache mode: write
Verify	Set up job	2026-10-09T13:37:34.1003259Z Prepare workflow directory
Verify	Set up job	2026-10-09T13:37:34.1344013Z Prepare all required actions
Verify	Set up job	2026-10-09T13:37:34.1394198Z Getting action download info
Verify	Set up job	2026-10-09T13:37:34.3862423Z Download action repository 'actions/checkout@v4' (SHA:11d5960a326750d5838078e36cf38b85af677262)
Verify	Set up job	2026-10-09T13:37:34.4807901Z Download action repository 'actions/setup-node@v4' (SHA:49933ea5288caeca8642d1e84afbd3f7d6820020)
Verify	Set up job	2026-10-09T13:37:34.6750585Z Complete job name: Verify
Verify	Check out repository	﻿2026-10-09T13:37:34.7536938Z ##[group]Run actions/checkout@v4
Verify	Check out repository	2026-10-09T13:37:34.7537812Z with:
Verify	Check out repository	2026-10-09T13:37:34.7538295Z   repository: koniz-dev/react-native-starter
Verify	Check out repository	2026-10-09T13:37:34.7542711Z   token: ***
Verify	Check out repository	2026-10-09T13:37:34.7543169Z   ssh-strict: true
Verify	Check out repository	2026-10-09T13:37:34.7543619Z   ssh-user: git
Verify	Check out repository	2026-10-09T13:37:34.7544076Z   persist-credentials: true
Verify	Check out repository	2026-10-09T13:37:34.7544566Z   clean: true
Verify	Check out repository	2026-10-09T13:37:34.7545011Z   sparse-checkout-cone-mode: true
Verify	Check out repository	2026-10-09T13:37:34.7545533Z   fetch-depth: 1
Verify	Check out repository	2026-10-09T13:37:34.7545979Z   fetch-tags: false
Verify	Check out repository	2026-10-09T13:37:34.7546424Z   show-progress: true
Verify	Check out repository	2026-10-09T13:37:34.7546896Z   lfs: false
Verify	Check out repository	2026-10-09T13:37:34.7547309Z   submodules: false
Verify	Check out repository	2026-10-09T13:37:34.7547763Z   set-safe-directory: true
Verify	Check out repository	2026-10-09T13:37:34.7548271Z   allow-unsafe-pr-checkout: false
Verify	Check out repository	2026-10-09T13:37:34.7549164Z ##[endgroup]
Verify	Check out repository	2026-10-09T13:37:34.8587638Z Syncing repository: koniz-dev/react-native-starter
Verify	Check out repository	2026-10-09T13:37:34.8590300Z ##[group]Getting Git version info
Verify	Check out repository	2026-10-09T13:37:34.8591607Z Working directory is '/home/runner/work/react-native-starter/react-native-starter'
Verify	Check out repository	2026-10-09T13:37:34.8593978Z [command]/usr/bin/git version
Verify	Check out repository	2026-10-09T13:37:34.8626699Z git version 2.55.0
Verify	Check out repository	2026-10-09T13:37:34.8647668Z ##[endgroup]
Verify	Check out repository	2026-10-09T13:37:34.8665336Z Temporarily overriding HOME='/home/runner/work/_temp/6ee4ab76-8243-4417-ba93-da2a335b875e' before making global git config changes
Verify	Check out repository	2026-10-09T13:37:34.8667854Z Adding repository directory to the temporary git global config as a safe directory
Verify	Check out repository	2026-10-09T13:37:34.8673270Z [command]/usr/bin/git config --global --add safe.directory /home/runner/work/react-native-starter/react-native-starter
Verify	Check out repository	2026-10-09T13:37:34.8733779Z Deleting the contents of '/home/runner/work/react-native-starter/react-native-starter'
Verify	Check out repository	2026-10-09T13:37:34.8739750Z ##[group]Initializing the repository
Verify	Check out repository	2026-10-09T13:37:34.8746264Z [command]/usr/bin/git init /home/runner/work/react-native-starter/react-native-starter
Verify	Check out repository	2026-10-09T13:37:34.8826074Z hint: Using 'master' as the name for the initial branch. This default branch name
Verify	Check out repository	2026-10-09T13:37:34.8827824Z hint: will change to "main" in Git 3.0. To configure the initial branch name
Verify	Check out repository	2026-10-09T13:37:34.8828790Z hint: to use in all of your new repositories, which will suppress this warning,
Verify	Check out repository	2026-10-09T13:37:34.8829526Z hint: call:
Verify	Check out repository	2026-10-09T13:37:34.8829933Z hint:
Verify	Check out repository	2026-10-09T13:37:34.8830442Z hint: 	git config --global init.defaultBranch <name>
Verify	Check out repository	2026-10-09T13:37:34.8831080Z hint:
Verify	Check out repository	2026-10-09T13:37:34.8831673Z hint: Names commonly chosen instead of 'master' are 'main', 'trunk' and
Verify	Check out repository	2026-10-09T13:37:34.8832852Z hint: 'development'. The just-created branch can be renamed via this command:
Verify	Check out repository	2026-10-09T13:37:34.8833655Z hint:
Verify	Check out repository	2026-10-09T13:37:34.8834078Z hint: 	git branch -m <name>
Verify	Check out repository	2026-10-09T13:37:34.8834558Z hint:
Verify	Check out repository	2026-10-09T13:37:34.8835181Z hint: Disable this message with "git config set advice.defaultBranchName false"
Verify	Check out repository	2026-10-09T13:37:34.8841589Z Initialized empty Git repository in /home/runner/work/react-native-starter/react-native-starter/.git/
Verify	Check out repository	2026-10-09T13:37:34.8851863Z [command]/usr/bin/git remote add origin https://github.com/koniz-dev/react-native-starter
Verify	Check out repository	2026-10-09T13:37:34.8900949Z ##[endgroup]
Verify	Check out repository	2026-10-09T13:37:34.8902178Z ##[group]Disabling automatic garbage collection
Verify	Check out repository	2026-10-09T13:37:34.8904863Z [command]/usr/bin/git config --local gc.auto 0
Verify	Check out repository	2026-10-09T13:37:34.8940296Z ##[endgroup]
Verify	Check out repository	2026-10-09T13:37:34.8941456Z ##[group]Setting up auth
Verify	Check out repository	2026-10-09T13:37:34.8949300Z [command]/usr/bin/git config --local --name-only --get-regexp core\.sshCommand
Verify	Check out repository	2026-10-09T13:37:34.8986232Z [command]/usr/bin/git submodule foreach --recursive sh -c "git config --local --name-only --get-regexp 'core\.sshCommand' && git config --local --unset-all 'core.sshCommand' || :"
Verify	Check out repository	2026-10-09T13:37:34.9345750Z [command]/usr/bin/git config --local --name-only --get-regexp http\.https\:\/\/github\.com\/\.extraheader
Verify	Check out repository	2026-10-09T13:37:34.9390611Z [command]/usr/bin/git submodule foreach --recursive sh -c "git config --local --name-only --get-regexp 'http\.https\:\/\/github\.com\/\.extraheader' && git config --local --unset-all 'http.https://github.com/.extraheader' || :"
Verify	Check out repository	2026-10-09T13:37:34.9646096Z [command]/usr/bin/git config --local --name-only --get-regexp ^includeIf\.gitdir:
Verify	Check out repository	2026-10-09T13:37:34.9686305Z [command]/usr/bin/git submodule foreach --recursive git config --local --show-origin --name-only --get-regexp remote.origin.url
Verify	Check out repository	2026-10-09T13:37:34.9931057Z [command]/usr/bin/git config --local http.https://github.com/.extraheader AUTHORIZATION: basic ***
Verify	Check out repository	2026-10-09T13:37:34.9974817Z ##[endgroup]
Verify	Check out repository	2026-10-09T13:37:34.9975763Z ##[group]Fetching the repository
Verify	Check out repository	2026-10-09T13:37:34.9984549Z [command]/usr/bin/git -c protocol.version=2 fetch --no-tags --prune --no-recurse-submodules --depth=1 origin +dd3fbafab4fe1d927a3b8251855705cf06a57d3e:refs/remotes/origin/main
Verify	Check out repository	2026-10-09T13:37:36.5433692Z From https://github.com/koniz-dev/react-native-starter
Verify	Check out repository	2026-10-09T13:37:36.5435992Z  * [new ref]         dd3fbafab4fe1d927a3b8251855705cf06a57d3e -> origin/main
Verify	Check out repository	2026-10-09T13:37:36.5439913Z ##[endgroup]
Verify	Check out repository	2026-10-09T13:37:36.5441848Z ##[group]Determining the checkout info
Verify	Check out repository	2026-10-09T13:37:36.5443808Z ##[endgroup]
Verify	Check out repository	2026-10-09T13:37:36.5446815Z [command]/usr/bin/git sparse-checkout disable
Verify	Check out repository	2026-10-09T13:37:36.5502673Z [command]/usr/bin/git config --local --unset-all extensions.worktreeConfig
Verify	Check out repository	2026-10-09T13:37:36.5539650Z ##[group]Checking out the ref
Verify	Check out repository	2026-10-09T13:37:36.5550973Z [command]/usr/bin/git checkout --progress --force -B main refs/remotes/origin/main
Verify	Check out repository	2026-10-09T13:37:36.6477542Z Switched to a new branch 'main'
Verify	Check out repository	2026-10-09T13:37:36.6479674Z branch 'main' set up to track 'origin/main'.
Verify	Check out repository	2026-10-09T13:37:36.6490949Z ##[endgroup]
Verify	Check out repository	2026-10-09T13:37:36.6539049Z [command]/usr/bin/git log -1 --format=%H
Verify	Check out repository	2026-10-09T13:37:36.6570344Z dd3fbafab4fe1d927a3b8251855705cf06a57d3e
Verify	Set up Node.js	﻿2026-10-09T13:37:36.6966327Z ##[group]Run actions/setup-node@v4
Verify	Set up Node.js	2026-10-09T13:37:36.6967591Z with:
Verify	Set up Node.js	2026-10-09T13:37:36.6968502Z   node-version-file: .nvmrc
Verify	Set up Node.js	2026-10-09T13:37:36.6969577Z   cache: npm
Verify	Set up Node.js	2026-10-09T13:37:36.6970489Z   always-auth: false
Verify	Set up Node.js	2026-10-09T13:37:36.6971529Z   check-latest: false
Verify	Set up Node.js	2026-10-09T13:37:36.6982142Z   token: ***
Verify	Set up Node.js	2026-10-09T13:37:36.6983221Z ##[endgroup]
Verify	Set up Node.js	2026-10-09T13:37:36.8388554Z Resolved .nvmrc as 24
Verify	Set up Node.js	2026-10-09T13:37:36.8438329Z Found in cache @ /opt/hostedtoolcache/node/24.21.0/x64
Verify	Set up Node.js	2026-10-09T13:37:36.8445951Z (node:2287) [DEP0040] DeprecationWarning: The `punycode` module is deprecated. Please use a userland alternative instead.
Verify	Set up Node.js	2026-10-09T13:37:36.8450010Z (Use `node --trace-deprecation ...` to show where the warning was created)
Verify	Set up Node.js	2026-10-09T13:37:36.8453713Z ##[group]Environment details
Verify	Set up Node.js	2026-10-09T13:37:37.1857321Z node: v24.21.0
Verify	Set up Node.js	2026-10-09T13:37:37.1857841Z npm: 11.19.0
Verify	Set up Node.js	2026-10-09T13:37:37.1858157Z yarn: 1.22.22
Verify	Set up Node.js	2026-10-09T13:37:37.1858877Z ##[endgroup]
Verify	Set up Node.js	2026-10-09T13:37:37.1903214Z [command]/opt/hostedtoolcache/node/24.21.0/x64/bin/npm config get cache
Verify	Set up Node.js	2026-10-09T13:37:37.2973862Z /home/runner/.npm
Verify	Set up Node.js	2026-10-09T13:37:37.4383148Z Cache hit for: node-cache-Linux-x64-npm-e6b0593b0a43cf8d31ef0fa786ee68f548fd603ddadd923e67e61af5b746dc74
Verify	Set up Node.js	2026-10-09T13:37:37.4491215Z (node:2287) [DEP0169] DeprecationWarning: `url.parse()` behavior is not standardized and prone to errors that have security implications. Use the WHATWG URL API instead. CVEs are not issued for `url.parse()` vulnerabilities.
Verify	Set up Node.js	2026-10-09T13:37:38.5552738Z Received 147532333 of 151726637 (97.2%), 140.1 MBs/sec
Verify	Set up Node.js	2026-10-09T13:37:38.6102672Z Received 151726637 of 151726637 (100.0%), 136.4 MBs/sec
Verify	Set up Node.js	2026-10-09T13:37:38.6103863Z Cache Size: ~145 MB (151726637 B)
Verify	Set up Node.js	2026-10-09T13:37:38.6221457Z [command]/usr/bin/tar -xf /home/runner/work/_temp/f0725881-bf4f-447a-b112-546fc1475cc2/cache.tzst -P -C /home/runner/work/react-native-starter/react-native-starter --use-compress-program unzstd
Verify	Set up Node.js	2026-10-09T13:37:39.0877982Z Cache restored successfully
Verify	Set up Node.js	2026-10-09T13:37:39.0959579Z Cache restored from key: node-cache-Linux-x64-npm-e6b0593b0a43cf8d31ef0fa786ee68f548fd603ddadd923e67e61af5b746dc74
Verify	Install dependencies	﻿2026-10-09T13:37:39.1177190Z ##[group]Run npm ci
Verify	Install dependencies	2026-10-09T13:37:39.1177549Z ^[[36;1mnpm ci^[[0m
Verify	Install dependencies	2026-10-09T13:37:39.1415709Z shell: /usr/bin/bash -e {0}
Verify	Install dependencies	2026-10-09T13:37:39.1416131Z ##[endgroup]
Verify	Install dependencies	2026-10-09T13:37:43.7323179Z npm warn deprecated inflight@1.0.6: This module is not supported, and leaks memory. Do not use it. Check out lru-cache if you want a good and tested way to coalesce async requests by a key value, which is much more comprehensive and powerful.
Verify	Install dependencies	2026-10-09T13:37:43.9694779Z npm warn deprecated abab@2.0.6: Use your platform's native atob() and btoa() methods instead
Verify	Install dependencies	2026-10-09T13:37:43.9947795Z npm warn deprecated glob@7.2.3: Glob versions prior to v9 are no longer supported
Verify	Install dependencies	2026-10-09T13:37:43.9987475Z npm warn deprecated glob@7.2.3: Glob versions prior to v9 are no longer supported
Verify	Install dependencies	2026-10-09T13:37:43.9995845Z npm warn deprecated glob@7.2.3: Glob versions prior to v9 are no longer supported
Verify	Install dependencies	2026-10-09T13:37:44.0014159Z npm warn deprecated glob@7.2.3: Glob versions prior to v9 are no longer supported
Verify	Install dependencies	2026-10-09T13:37:44.3824028Z npm warn deprecated domexception@4.0.0: Use your platform's native DOMException instead
Verify	Install dependencies	2026-10-09T13:37:45.4835269Z npm warn deprecated uuid@7.0.3: uuid@10 and below is no longer supported.  For ESM codebases, update to uuid@latest.  For CommonJS codebases, use uuid@11 (but be aware this version will likely be deprecated in 2028).
Verify	Install dependencies	2026-10-09T13:37:56.2130757Z 
Verify	Install dependencies	2026-10-09T13:37:56.2131700Z added 1066 packages, and audited 1067 packages in 17s
Verify	Install dependencies	2026-10-09T13:37:56.2132186Z 
Verify	Install dependencies	2026-10-09T13:37:56.2132420Z 180 packages are looking for funding
Verify	Install dependencies	2026-10-09T13:37:56.2133137Z   run `npm fund` for details
Verify	Install dependencies	2026-10-09T13:37:56.3912830Z 
Verify	Install dependencies	2026-10-09T13:37:56.3913750Z 70 vulnerabilities (1 low, 15 moderate, 54 high)
Verify	Install dependencies	2026-10-09T13:37:56.3914116Z 
Verify	Install dependencies	2026-10-09T13:37:56.3914370Z To address issues that do not require attention, run:
Verify	Install dependencies	2026-10-09T13:37:56.3914722Z   npm audit fix
Verify	Install dependencies	2026-10-09T13:37:56.3914874Z 
Verify	Install dependencies	2026-10-09T13:37:56.3915138Z To address all issues (including breaking changes), run:
Verify	Install dependencies	2026-10-09T13:37:56.3915523Z   npm audit fix --force
Verify	Install dependencies	2026-10-09T13:37:56.3915737Z 
Verify	Install dependencies	2026-10-09T13:37:56.3915872Z Run `npm audit` for details.
Verify	Lint	﻿2026-10-09T13:37:56.5029440Z ##[group]Run npm run lint
Verify	Lint	2026-10-09T13:37:56.5029772Z ^[[36;1mnpm run lint^[[0m
Verify	Lint	2026-10-09T13:37:56.5101982Z shell: /usr/bin/bash -e {0}
Verify	Lint	2026-10-09T13:37:56.5102280Z ##[endgroup]
Verify	Lint	2026-10-09T13:37:56.6130110Z 
Verify	Lint	2026-10-09T13:37:56.6130984Z > react-native-starter@1.0.0 lint
Verify	Lint	2026-10-09T13:37:56.6131657Z > eslint . --max-warnings 0
Verify	Lint	2026-10-09T13:37:56.6131953Z 
Verify	Check formatting	﻿2026-10-09T13:38:03.1718510Z ##[group]Run npm run format:check
Verify	Check formatting	2026-10-09T13:38:03.1718861Z ^[[36;1mnpm run format:check^[[0m
Verify	Check formatting	2026-10-09T13:38:03.1788333Z shell: /usr/bin/bash -e {0}
Verify	Check formatting	2026-10-09T13:38:03.1788636Z ##[endgroup]
Verify	Check formatting	2026-10-09T13:38:03.2808205Z 
Verify	Check formatting	2026-10-09T13:38:03.3661047Z > react-native-starter@1.0.0 format:check
Verify	Check formatting	2026-10-09T13:38:03.3661729Z > prettier --check "**/*.{ts,tsx,js,jsx,json,md}"
Verify	Check formatting	2026-10-09T13:38:03.3661983Z 
Verify	Check formatting	2026-10-09T13:38:03.3662111Z Checking formatting...
Verify	Check formatting	2026-10-09T13:38:05.4362997Z All matched files use Prettier code style!
Verify	Type-check	﻿2026-10-09T13:38:05.5026051Z ##[group]Run npm run type-check
Verify	Type-check	2026-10-09T13:38:05.5026417Z ^[[36;1mnpm run type-check^[[0m
Verify	Type-check	2026-10-09T13:38:05.5097263Z shell: /usr/bin/bash -e {0}
Verify	Type-check	2026-10-09T13:38:05.5097557Z ##[endgroup]
Verify	Type-check	2026-10-09T13:38:05.6130122Z 
Verify	Type-check	2026-10-09T13:38:05.6131247Z > react-native-starter@1.0.0 type-check
Verify	Type-check	2026-10-09T13:38:05.6131720Z > tsc --noEmit
Verify	Type-check	2026-10-09T13:38:05.6131925Z 
Verify	Run Jest tests	﻿2026-10-09T13:38:08.3622994Z ##[group]Run npm run test:ci
Verify	Run Jest tests	2026-10-09T13:38:08.3623541Z ^[[36;1mnpm run test:ci^[[0m
Verify	Run Jest tests	2026-10-09T13:38:08.3718084Z shell: /usr/bin/bash -e {0}
Verify	Run Jest tests	2026-10-09T13:38:08.3718549Z ##[endgroup]
Verify	Run Jest tests	2026-10-09T13:38:08.4697859Z 
Verify	Run Jest tests	2026-10-09T13:38:08.4698731Z > react-native-starter@1.0.0 test:ci
Verify	Run Jest tests	2026-10-09T13:38:08.4699199Z > jest
Verify	Run Jest tests	2026-10-09T13:38:08.4699330Z 
Verify	Run Jest tests	2026-10-09T13:38:13.1188590Z PASS __tests__/shared/lib/logger.test.ts
Verify	Run Jest tests	2026-10-09T13:38:13.1537098Z PASS __tests__/shared/session/authService.test.ts
Verify	Run Jest tests	2026-10-09T13:38:13.2286801Z PASS __tests__/shared/http/httpClient.test.ts
Verify	Run Jest tests	2026-10-09T13:38:13.3539336Z PASS __tests__/shared/config/env.test.ts
Verify	Run Jest tests	2026-10-09T13:38:26.0962247Z PASS __tests__/shared/ui/ErrorBoundary.test.tsx (12.931 s)
Verify	Run Jest tests	2026-10-09T13:38:26.1444262Z   ● Console
Verify	Run Jest tests	2026-10-09T13:38:26.1444579Z 
Verify	Run Jest tests	2026-10-09T13:38:26.1444743Z     console.debug
Verify	Run Jest tests	2026-10-09T13:38:26.1445169Z       [analytics] screen /boom
Verify	Run Jest tests	2026-10-09T13:38:26.1445452Z 
Verify	Run Jest tests	2026-10-09T13:38:26.1445673Z       at debug (shared/lib/logger.ts:133:18)
Verify	Run Jest tests	2026-10-09T13:38:26.1446091Z 
Verify	Run Jest tests	2026-10-09T13:38:26.1446222Z     console.debug
Verify	Run Jest tests	2026-10-09T13:38:26.1446552Z       [analytics] screen /
Verify	Run Jest tests	2026-10-09T13:38:26.1446774Z 
Verify	Run Jest tests	2026-10-09T13:38:26.1446982Z       at debug (shared/lib/logger.ts:133:18)
Verify	Run Jest tests	2026-10-09T13:38:26.1447283Z 
Verify	Run Jest tests	2026-10-09T13:38:26.1447409Z     console.debug
Verify	Run Jest tests	2026-10-09T13:38:26.1447769Z       [analytics] screen /
Verify	Run Jest tests	2026-10-09T13:38:26.1447991Z 
Verify	Run Jest tests	2026-10-09T13:38:26.1448204Z       at debug (shared/lib/logger.ts:133:18)
Verify	Run Jest tests	2026-10-09T13:38:26.1448516Z 
Verify	Run Jest tests	2026-10-09T13:38:26.1448648Z     console.debug
Verify	Run Jest tests	2026-10-09T13:38:26.1449004Z       [analytics] screen /boom
Verify	Run Jest tests	2026-10-09T13:38:26.1449238Z 
Verify	Run Jest tests	2026-10-09T13:38:26.1449452Z       at debug (shared/lib/logger.ts:133:18)
Verify	Run Jest tests	2026-10-09T13:38:26.1449764Z 
Verify	Run Jest tests	2026-10-09T13:38:26.1449889Z     console.debug
Verify	Run Jest tests	2026-10-09T13:38:26.1450220Z       [analytics] screen /
Verify	Run Jest tests	2026-10-09T13:38:26.1450435Z 
Verify	Run Jest tests	2026-10-09T13:38:26.1450638Z       at debug (shared/lib/logger.ts:133:18)
Verify	Run Jest tests	2026-10-09T13:38:26.1450927Z 
Verify	Run Jest tests	2026-10-09T13:38:26.1451051Z     console.debug
Verify	Run Jest tests	2026-10-09T13:38:26.1451374Z       [analytics] screen /
Verify	Run Jest tests	2026-10-09T13:38:26.1451593Z 
Verify	Run Jest tests	2026-10-09T13:38:26.1451805Z       at debug (shared/lib/logger.ts:133:18)
Verify	Run Jest tests	2026-10-09T13:38:26.1452096Z 
Verify	Run Jest tests	2026-10-09T13:38:26.1452220Z     console.debug
Verify	Run Jest tests	2026-10-09T13:38:26.1452761Z       [analytics] screen /boom
Verify	Run Jest tests	2026-10-09T13:38:26.1452995Z 
Verify	Run Jest tests	2026-10-09T13:38:26.1453212Z       at debug (shared/lib/logger.ts:133:18)
Verify	Run Jest tests	2026-10-09T13:38:26.1453510Z 
Verify	Run Jest tests	2026-10-09T13:38:26.1453646Z     console.debug
Verify	Run Jest tests	2026-10-09T13:38:26.1453981Z       [analytics] screen /
Verify	Run Jest tests	2026-10-09T13:38:26.1454206Z 
Verify	Run Jest tests	2026-10-09T13:38:26.1454463Z       at debug (shared/lib/logger.ts:133:18)
Verify	Run Jest tests	2026-10-09T13:38:26.1454758Z 
Verify	Run Jest tests	2026-10-09T13:38:26.1455393Z     console.debug
Verify	Run Jest tests	2026-10-09T13:38:26.1455745Z       [analytics] screen /boom
Verify	Run Jest tests	2026-10-09T13:38:26.1455973Z 
Verify	Run Jest tests	2026-10-09T13:38:26.1456176Z       at debug (shared/lib/logger.ts:133:18)
Verify	Run Jest tests	2026-10-09T13:38:26.1456468Z 
Verify	Run Jest tests	2026-10-09T13:38:26.1456662Z     console.debug
Verify	Run Jest tests	2026-10-09T13:38:26.1456984Z       [analytics] screen /
Verify	Run Jest tests	2026-10-09T13:38:26.1457203Z 
Verify	Run Jest tests	2026-10-09T13:38:26.1457406Z       at debug (shared/lib/logger.ts:133:18)
Verify	Run Jest tests	2026-10-09T13:38:26.1457694Z 
Verify	Run Jest tests	2026-10-09T13:38:26.1457817Z     console.debug
Verify	Run Jest tests	2026-10-09T13:38:26.1458178Z       [analytics] screen /boom
Verify	Run Jest tests	2026-10-09T13:38:26.1458413Z 
Verify	Run Jest tests	2026-10-09T13:38:26.1458623Z       at debug (shared/lib/logger.ts:133:18)
Verify	Run Jest tests	2026-10-09T13:38:26.1458928Z 
Verify	Run Jest tests	2026-10-09T13:38:26.4054145Z PASS __tests__/shared/http/api.test.ts
Verify	Run Jest tests	2026-10-09T13:38:26.4184069Z   ● Console
Verify	Run Jest tests	2026-10-09T13:38:26.4243078Z 
Verify	Run Jest tests	2026-10-09T13:38:26.4273435Z     console.warn
Verify	Run Jest tests	2026-10-09T13:38:26.4333539Z       API request failed: server (503)
Verify	Run Jest tests	2026-10-09T13:38:26.4362877Z 
Verify	Run Jest tests	2026-10-09T13:38:26.4448816Z     ^[[0m ^[[90m 129 |^[[39m     ^[[36mconst^[[39m args ^[[33m=^[[39m [message^[[33m,^[[39m ^[[33m...^[[39mdetails^[[33m.^[[39mfilter(item ^[[33m=>^[[39m item ^[[33m!==^[[39m undefined)]^[[33m;^[[39m
Verify	Run Jest tests	2026-10-09T13:38:26.4474102Z      ^[[90m 130 |^[[39m     ^[[36mif^[[39m (level ^[[33m===^[[39m ^[[32m'error'^[[39m) console^[[33m.^[[39merror(^[[33m...^[[39margs)^[[33m;^[[39m
Verify	Run Jest tests	2026-10-09T13:38:26.4493254Z     ^[[31m^[[1m>^[[22m^[[39m^[[90m 131 |^[[39m     ^[[36melse^[[39m ^[[36mif^[[39m (level ^[[33m===^[[39m ^[[32m'warn'^[[39m) console^[[33m.^[[39mwarn(^[[33m...^[[39margs)^[[33m;^[[39m
Verify	Run Jest tests	2026-10-09T13:38:26.4494951Z      ^[[90m     |^[[39m                                        ^[[31m^[[1m^^[[22m^[[39m
Verify	Run Jest tests	2026-10-09T13:38:26.4514341Z      ^[[90m 132 |^[[39m     ^[[36melse^[[39m ^[[36mif^[[39m (level ^[[33m===^[[39m ^[[32m'info'^[[39m) console^[[33m.^[[39minfo(^[[33m...^[[39margs)^[[33m;^[[39m
Verify	Run Jest tests	2026-10-09T13:38:26.4515922Z      ^[[90m 133 |^[[39m     ^[[36melse^[[39m console^[[33m.^[[39mdebug(^[[33m...^[[39margs)^[[33m;^[[39m
Verify	Run Jest tests	2026-10-09T13:38:26.4516855Z      ^[[90m 134 |^[[39m   }^[[33m;^[[39m^[[0m
Verify	Run Jest tests	2026-10-09T13:38:26.4517319Z 
Verify	Run Jest tests	2026-10-09T13:38:26.4517699Z       at warn (shared/lib/logger.ts:131:40)
Verify	Run Jest tests	2026-10-09T13:38:26.4518481Z       at Object.write [as warn] (shared/lib/logger.ts:142:33)
Verify	Run Jest tests	2026-10-09T13:38:26.4519256Z       at warn (shared/http/httpClient.ts:139:12)
Verify	Run Jest tests	2026-10-09T13:38:26.4520282Z       at asyncGeneratorStep (node_modules/@babel/runtime/helpers/asyncToGenerator.js:3:17)
Verify	Run Jest tests	2026-10-09T13:38:26.4521442Z       at _next (node_modules/@babel/runtime/helpers/asyncToGenerator.js:17:9)
Verify	Run Jest tests	2026-10-09T13:38:26.4522422Z       at node_modules/@babel/runtime/helpers/asyncToGenerator.js:22:7
Verify	Run Jest tests	2026-10-09T13:38:26.4523448Z       at node_modules/@babel/runtime/helpers/asyncToGenerator.js:14:12
Verify	Run Jest tests	2026-10-09T13:38:26.4528273Z       at apply (shared/http/httpClient.ts:145:4)
Verify	Run Jest tests	2026-10-09T13:38:26.4529247Z       at Axios.request (node_modules/axios/dist/browser/axios.cjs:5245:14)
Verify	Run Jest tests	2026-10-09T13:38:26.4553678Z 
Verify	Run Jest tests	2026-10-09T13:38:26.6264222Z PASS __tests__/shared/session/tokenStore.test.tsx (13.389 s)
Verify	Run Jest tests	2026-10-09T13:38:26.6345479Z   ● Console
Verify	Run Jest tests	2026-10-09T13:38:26.6373848Z 
Verify	Run Jest tests	2026-10-09T13:38:26.6395765Z     console.debug
Verify	Run Jest tests	2026-10-09T13:38:26.6413527Z       [analytics] screen /login
Verify	Run Jest tests	2026-10-09T13:38:26.6455202Z 
Verify	Run Jest tests	2026-10-09T13:38:26.6466105Z       at debug (shared/lib/logger.ts:133:18)
Verify	Run Jest tests	2026-10-09T13:38:26.6466646Z 
Verify	Run Jest tests	2026-10-09T13:38:26.6466898Z     console.debug
Verify	Run Jest tests	2026-10-09T13:38:26.6467407Z       [analytics] screen /
Verify	Run Jest tests	2026-10-09T13:38:26.6467844Z 
Verify	Run Jest tests	2026-10-09T13:38:26.6468198Z       at debug (shared/lib/logger.ts:133:18)
Verify	Run Jest tests	2026-10-09T13:38:26.6468650Z 
Verify	Run Jest tests	2026-10-09T13:38:26.6468910Z     console.debug
Verify	Run Jest tests	2026-10-09T13:38:26.6469422Z       [analytics] screen /login
Verify	Run Jest tests	2026-10-09T13:38:26.6469809Z 
Verify	Run Jest tests	2026-10-09T13:38:26.6470133Z       at debug (shared/lib/logger.ts:133:18)
Verify	Run Jest tests	2026-10-09T13:38:26.6470567Z 
Verify	Run Jest tests	2026-10-09T13:38:26.6470820Z     console.debug
Verify	Run Jest tests	2026-10-09T13:38:26.6471268Z       [analytics] screen /
Verify	Run Jest tests	2026-10-09T13:38:26.6471625Z 
Verify	Run Jest tests	2026-10-09T13:38:26.6471952Z       at debug (shared/lib/logger.ts:133:18)
Verify	Run Jest tests	2026-10-09T13:38:26.6472366Z 
Verify	Run Jest tests	2026-10-09T13:38:26.6472801Z     console.debug
Verify	Run Jest tests	2026-10-09T13:38:26.6474019Z       [analytics] screen /
Verify	Run Jest tests	2026-10-09T13:38:26.6478924Z 
Verify	Run Jest tests	2026-10-09T13:38:26.6479471Z       at debug (shared/lib/logger.ts:133:18)
Verify	Run Jest tests	2026-10-09T13:38:26.6479962Z 
Verify	Run Jest tests	2026-10-09T13:38:27.0179097Z PASS __tests__/features/auth/LoginScreen.test.tsx
Verify	Run Jest tests	2026-10-09T13:38:27.0324396Z   ● Console
Verify	Run Jest tests	2026-10-09T13:38:27.0353802Z 
Verify	Run Jest tests	2026-10-09T13:38:27.0354825Z     console.error
Verify	Run Jest tests	2026-10-09T13:38:27.0355691Z       An update to SessionProvider inside a test was not wrapped in act(...).
Verify	Run Jest tests	2026-10-09T13:38:27.0356436Z       
Verify	Run Jest tests	2026-10-09T13:38:27.0357208Z       When testing, code that causes React state updates should be wrapped into act(...):
Verify	Run Jest tests	2026-10-09T13:38:27.0358152Z       
Verify	Run Jest tests	2026-10-09T13:38:27.0358561Z       act(() => {
Verify	Run Jest tests	2026-10-09T13:38:27.0359050Z         /* fire events that update state */
Verify	Run Jest tests	2026-10-09T13:38:27.0359580Z       });
Verify	Run Jest tests	2026-10-09T13:38:27.0360028Z       /* assert on the output */
Verify	Run Jest tests	2026-10-09T13:38:27.0360562Z       
Verify	Run Jest tests	2026-10-09T13:38:27.0382171Z       This ensures that you're testing the behavior the user would see in the browser. Learn more at https://react.dev/link/wrap-tests-with-act
Verify	Run Jest tests	2026-10-09T13:38:27.0384194Z 
Verify	Run Jest tests	2026-10-09T13:38:27.0384929Z     ^[[0m ^[[90m 86 |^[[39m     readStoredSession()^[[33m.^[[39mthen(restored ^[[33m=>^[[39m {
Verify	Run Jest tests	2026-10-09T13:38:27.0386314Z      ^[[90m 87 |^[[39m       ^[[36mif^[[39m (^[[33m!^[[39mchangedRef^[[33m.^[[39mcurrent ^[[33m&&^[[39m isMountedRef^[[33m.^[[39mcurrent) {
Verify	Run Jest tests	2026-10-09T13:38:27.0388018Z     ^[[31m^[[1m>^[[22m^[[39m^[[90m 88 |^[[39m         setSession(restored)^[[33m;^[[39m
Verify	Run Jest tests	2026-10-09T13:38:27.0388756Z      ^[[90m    |^[[39m         ^[[31m^[[1m^^[[22m^[[39m
Verify	Run Jest tests	2026-10-09T13:38:27.0389292Z      ^[[90m 89 |^[[39m       }
Verify	Run Jest tests	2026-10-09T13:38:27.0389811Z      ^[[90m 90 |^[[39m     })^[[33m;^[[39m
Verify	Run Jest tests	2026-10-09T13:38:27.0390679Z      ^[[90m 91 |^[[39m     ^[[90m// The HTTP client has already cleared the stored session.^[[39m^[[0m
Verify	Run Jest tests	2026-10-09T13:38:27.0391240Z 
Verify	Run Jest tests	2026-10-09T13:38:27.0391749Z       at node_modules/react-test-renderer/cjs/react-test-renderer.development.js:14402:19
Verify	Run Jest tests	2026-10-09T13:38:27.0393211Z       at runWithFiberInDEV (node_modules/react-test-renderer/cjs/react-test-renderer.development.js:2315:13)
Verify	Run Jest tests	2026-10-09T13:38:27.0394792Z       at warnIfUpdatesNotWrappedWithActDEV (node_modules/react-test-renderer/cjs/react-test-renderer.development.js:14401:9)
Verify	Run Jest tests	2026-10-09T13:38:27.0396315Z       at scheduleUpdateOnFiber (node_modules/react-test-renderer/cjs/react-test-renderer.development.js:12086:9)
Verify	Run Jest tests	2026-10-09T13:38:27.0397800Z       at dispatchSetStateInternal (node_modules/react-test-renderer/cjs/react-test-renderer.development.js:6208:13)
Verify	Run Jest tests	2026-10-09T13:38:27.0399206Z       at dispatchSetState (node_modules/react-test-renderer/cjs/react-test-renderer.development.js:6165:7)
Verify	Run Jest tests	2026-10-09T13:38:27.0400216Z       at setSession (shared/session/SessionProvider.tsx:88:9)
Verify	Run Jest tests	2026-10-09T13:38:27.0400610Z 
Verify	Run Jest tests	2026-10-09T13:38:27.0400773Z     console.error
Verify	Run Jest tests	2026-10-09T13:38:27.0401380Z       An update to SessionProvider inside a test was not wrapped in act(...).
Verify	Run Jest tests	2026-10-09T13:38:27.0402012Z       
Verify	Run Jest tests	2026-10-09T13:38:27.0402866Z       When testing, code that causes React state updates should be wrapped into act(...):
Verify	Run Jest tests	2026-10-09T13:38:27.0403521Z       
Verify	Run Jest tests	2026-10-09T13:38:27.0403833Z       act(() => {
Verify	Run Jest tests	2026-10-09T13:38:27.0404254Z         /* fire events that update state */
Verify	Run Jest tests	2026-10-09T13:38:27.0404688Z       });
Verify	Run Jest tests	2026-10-09T13:38:27.0405040Z       /* assert on the output */
Verify	Run Jest tests	2026-10-09T13:38:27.0405409Z       
Verify	Run Jest tests	2026-10-09T13:38:27.0406354Z       This ensures that you're testing the behavior the user would see in the browser. Learn more at https://react.dev/link/wrap-tests-with-act
Verify	Run Jest tests	2026-10-09T13:38:27.0407202Z 
Verify	Run Jest tests	2026-10-09T13:38:27.0407773Z     ^[[0m ^[[90m 86 |^[[39m     readStoredSession()^[[33m.^[[39mthen(restored ^[[33m=>^[[39m {
Verify	Run Jest tests	2026-10-09T13:38:27.0409037Z      ^[[90m 87 |^[[39m       ^[[36mif^[[39m (^[[33m!^[[39mchangedRef^[[33m.^[[39mcurrent ^[[33m&&^[[39m isMountedRef^[[33m.^[[39mcurrent) {
Verify	Run Jest tests	2026-10-09T13:38:27.0410152Z     ^[[31m^[[1m>^[[22m^[[39m^[[90m 88 |^[[39m         setSession(restored)^[[33m;^[[39m
Verify	Run Jest tests	2026-10-09T13:38:27.0410891Z      ^[[90m    |^[[39m         ^[[31m^[[1m^^[[22m^[[39m
Verify	Run Jest tests	2026-10-09T13:38:27.0411854Z      ^[[90m 89 |^[[39m       }
Verify	Run Jest tests	2026-10-09T13:38:27.0412340Z      ^[[90m 90 |^[[39m     })^[[33m;^[[39m
Verify	Run Jest tests	2026-10-09T13:38:27.0413391Z      ^[[90m 91 |^[[39m     ^[[90m// The HTTP client has already cleared the stored session.^[[39m^[[0m
Verify	Run Jest tests	2026-10-09T13:38:27.0413924Z 
Verify	Run Jest tests	2026-10-09T13:38:27.0414438Z       at node_modules/react-test-renderer/cjs/react-test-renderer.development.js:14402:19
Verify	Run Jest tests	2026-10-09T13:38:27.0415650Z       at runWithFiberInDEV (node_modules/react-test-renderer/cjs/react-test-renderer.development.js:2315:13)
Verify	Run Jest tests	2026-10-09T13:38:27.0417120Z       at warnIfUpdatesNotWrappedWithActDEV (node_modules/react-test-renderer/cjs/react-test-renderer.development.js:14401:9)
Verify	Run Jest tests	2026-10-09T13:38:27.0418598Z       at scheduleUpdateOnFiber (node_modules/react-test-renderer/cjs/react-test-renderer.development.js:12086:9)
Verify	Run Jest tests	2026-10-09T13:38:27.0420009Z       at dispatchSetStateInternal (node_modules/react-test-renderer/cjs/react-test-renderer.development.js:6208:13)
Verify	Run Jest tests	2026-10-09T13:38:27.0421422Z       at dispatchSetState (node_modules/react-test-renderer/cjs/react-test-renderer.development.js:6165:7)
Verify	Run Jest tests	2026-10-09T13:38:27.0422416Z       at setSession (shared/session/SessionProvider.tsx:88:9)
Verify	Run Jest tests	2026-10-09T13:38:27.0423047Z 
Verify	Run Jest tests	2026-10-09T13:38:27.1983868Z PASS __tests__/shared/integrations/seams.test.ts
Verify	Run Jest tests	2026-10-09T13:38:27.3089654Z PASS __tests__/app/appConfig.test.ts
Verify	Run Jest tests	2026-10-09T13:38:27.3260152Z PASS __tests__/app/sessionRoutes.test.tsx (13.942 s)
Verify	Run Jest tests	2026-10-09T13:38:27.3600640Z   ● Console
Verify	Run Jest tests	2026-10-09T13:38:27.3600943Z 
Verify	Run Jest tests	2026-10-09T13:38:27.3601101Z     console.debug
Verify	Run Jest tests	2026-10-09T13:38:27.3601534Z       [analytics] screen /profile
Verify	Run Jest tests	2026-10-09T13:38:27.3601901Z 
Verify	Run Jest tests	2026-10-09T13:38:27.3602122Z       at debug (shared/lib/logger.ts:133:18)
Verify	Run Jest tests	2026-10-09T13:38:27.3602433Z 
Verify	Run Jest tests	2026-10-09T13:38:27.3602742Z     console.debug
Verify	Run Jest tests	2026-10-09T13:38:27.3603125Z       [analytics] screen /profile
Verify	Run Jest tests	2026-10-09T13:38:27.3603373Z 
Verify	Run Jest tests	2026-10-09T13:38:27.3603579Z       at debug (shared/lib/logger.ts:133:18)
Verify	Run Jest tests	2026-10-09T13:38:27.3603869Z 
Verify	Run Jest tests	2026-10-09T13:38:27.3604046Z     console.debug
Verify	Run Jest tests	2026-10-09T13:38:27.3604388Z       [analytics] screen /
Verify	Run Jest tests	2026-10-09T13:38:27.3604600Z 
Verify	Run Jest tests	2026-10-09T13:38:27.3604812Z       at debug (shared/lib/logger.ts:133:18)
Verify	Run Jest tests	2026-10-09T13:38:27.3605116Z 
Verify	Run Jest tests	2026-10-09T13:38:27.3605239Z     console.debug
Verify	Run Jest tests	2026-10-09T13:38:27.3605609Z       [analytics] screen /login
Verify	Run Jest tests	2026-10-09T13:38:27.3605888Z 
Verify	Run Jest tests	2026-10-09T13:38:27.3606105Z       at debug (shared/lib/logger.ts:133:18)
Verify	Run Jest tests	2026-10-09T13:38:27.3606417Z 
Verify	Run Jest tests	2026-10-09T13:38:27.3606550Z     console.debug
Verify	Run Jest tests	2026-10-09T13:38:27.3606881Z       [analytics] screen /
Verify	Run Jest tests	2026-10-09T13:38:27.3607102Z 
Verify	Run Jest tests	2026-10-09T13:38:27.3607309Z       at debug (shared/lib/logger.ts:133:18)
Verify	Run Jest tests	2026-10-09T13:38:27.3607610Z 
Verify	Run Jest tests	2026-10-09T13:38:27.3607737Z     console.debug
Verify	Run Jest tests	2026-10-09T13:38:27.3608103Z       [analytics] screen /login
Verify	Run Jest tests	2026-10-09T13:38:27.3608352Z 
Verify	Run Jest tests	2026-10-09T13:38:27.3608554Z       at debug (shared/lib/logger.ts:133:18)
Verify	Run Jest tests	2026-10-09T13:38:27.3608851Z 
Verify	Run Jest tests	2026-10-09T13:38:27.3608985Z     console.debug
Verify	Run Jest tests	2026-10-09T13:38:27.3609331Z       [analytics] screen /
Verify	Run Jest tests	2026-10-09T13:38:27.3609558Z 
Verify	Run Jest tests	2026-10-09T13:38:27.3609781Z       at debug (shared/lib/logger.ts:133:18)
Verify	Run Jest tests	2026-10-09T13:38:27.3610080Z 
Verify	Run Jest tests	2026-10-09T13:38:27.3610207Z     console.debug
Verify	Run Jest tests	2026-10-09T13:38:27.3610569Z       [analytics] screen /profile
Verify	Run Jest tests	2026-10-09T13:38:27.3610831Z 
Verify	Run Jest tests	2026-10-09T13:38:27.3611048Z       at debug (shared/lib/logger.ts:133:18)
Verify	Run Jest tests	2026-10-09T13:38:27.3611366Z 
Verify	Run Jest tests	2026-10-09T13:38:27.3611512Z     console.debug
Verify	Run Jest tests	2026-10-09T13:38:27.3611851Z       [analytics] screen /
Verify	Run Jest tests	2026-10-09T13:38:27.3612083Z 
Verify	Run Jest tests	2026-10-09T13:38:27.3612281Z       at debug (shared/lib/logger.ts:133:18)
Verify	Run Jest tests	2026-10-09T13:38:27.3612815Z 
Verify	Run Jest tests	2026-10-09T13:38:27.3612961Z     console.debug
Verify	Run Jest tests	2026-10-09T13:38:27.3613340Z       [analytics] screen /profile
Verify	Run Jest tests	2026-10-09T13:38:27.3613604Z 
Verify	Run Jest tests	2026-10-09T13:38:27.3613808Z       at debug (shared/lib/logger.ts:133:18)
Verify	Run Jest tests	2026-10-09T13:38:27.3614120Z 
Verify	Run Jest tests	2026-10-09T13:38:27.3614264Z     console.debug
Verify	Run Jest tests	2026-10-09T13:38:27.3614593Z       [analytics] screen /
Verify	Run Jest tests	2026-10-09T13:38:27.3615274Z 
Verify	Run Jest tests	2026-10-09T13:38:27.3615484Z       at debug (shared/lib/logger.ts:133:18)
Verify	Run Jest tests	2026-10-09T13:38:27.3615801Z 
Verify	Run Jest tests	2026-10-09T13:38:27.3615946Z     console.debug
Verify	Run Jest tests	2026-10-09T13:38:27.3616323Z       [analytics] screen /profile
Verify	Run Jest tests	2026-10-09T13:38:27.3616613Z 
Verify	Run Jest tests	2026-10-09T13:38:27.3616857Z       at debug (shared/lib/logger.ts:133:18)
Verify	Run Jest tests	2026-10-09T13:38:27.3617174Z 
Verify	Run Jest tests	2026-10-09T13:38:27.3617319Z     console.debug
Verify	Run Jest tests	2026-10-09T13:38:27.3617644Z       [analytics] screen /
Verify	Run Jest tests	2026-10-09T13:38:27.3617870Z 
Verify	Run Jest tests	2026-10-09T13:38:27.3618057Z       at debug (shared/lib/logger.ts:133:18)
Verify	Run Jest tests	2026-10-09T13:38:27.3618363Z 
Verify	Run Jest tests	2026-10-09T13:38:27.3618512Z     console.debug
Verify	Run Jest tests	2026-10-09T13:38:27.3618895Z       [analytics] screen /profile
Verify	Run Jest tests	2026-10-09T13:38:27.3619179Z 
Verify	Run Jest tests	2026-10-09T13:38:27.3619399Z       at debug (shared/lib/logger.ts:133:18)
Verify	Run Jest tests	2026-10-09T13:38:27.3619705Z 
Verify	Run Jest tests	2026-10-09T13:38:27.3619855Z     console.debug
Verify	Run Jest tests	2026-10-09T13:38:27.3620201Z       [analytics] screen /
Verify	Run Jest tests	2026-10-09T13:38:27.3620442Z 
Verify	Run Jest tests	2026-10-09T13:38:27.3620660Z       at debug (shared/lib/logger.ts:133:18)
Verify	Run Jest tests	2026-10-09T13:38:27.3620980Z 
Verify	Run Jest tests	2026-10-09T13:38:27.3621131Z     console.debug
Verify	Run Jest tests	2026-10-09T13:38:27.3621474Z       [analytics] screen /
Verify	Run Jest tests	2026-10-09T13:38:27.3621712Z 
Verify	Run Jest tests	2026-10-09T13:38:27.3621940Z       at debug (shared/lib/logger.ts:133:18)
Verify	Run Jest tests	2026-10-09T13:38:27.3622268Z 
Verify	Run Jest tests	2026-10-09T13:38:27.3622418Z     console.debug
Verify	Run Jest tests	2026-10-09T13:38:27.3623255Z       [analytics] screen /profile
Verify	Run Jest tests	2026-10-09T13:38:27.3623530Z 
Verify	Run Jest tests	2026-10-09T13:38:27.3623755Z       at debug (shared/lib/logger.ts:133:18)
Verify	Run Jest tests	2026-10-09T13:38:27.3624074Z 
Verify	Run Jest tests	2026-10-09T13:38:27.3624226Z     console.debug
Verify	Run Jest tests	2026-10-09T13:38:27.3624570Z       [analytics] screen /
Verify	Run Jest tests	2026-10-09T13:38:27.3624817Z 
Verify	Run Jest tests	2026-10-09T13:38:27.3625036Z       at debug (shared/lib/logger.ts:133:18)
Verify	Run Jest tests	2026-10-09T13:38:27.3625343Z 
Verify	Run Jest tests	2026-10-09T13:38:27.3625490Z     console.debug
Verify	Run Jest tests	2026-10-09T13:38:27.3625866Z       [analytics] screen /profile
Verify	Run Jest tests	2026-10-09T13:38:27.3626141Z 
Verify	Run Jest tests	2026-10-09T13:38:27.3626363Z       at debug (shared/lib/logger.ts:133:18)
Verify	Run Jest tests	2026-10-09T13:38:27.3626676Z 
Verify	Run Jest tests	2026-10-09T13:38:27.5635798Z PASS __tests__/features/home/HomeScreen.test.tsx
Verify	Run Jest tests	2026-10-09T13:38:27.7024211Z PASS __tests__/features/demo-auth/dummyJsonAdapter.test.ts
Verify	Run Jest tests	2026-10-09T13:38:28.0306864Z PASS __tests__/app/tabBarTheme.test.tsx
Verify	Run Jest tests	2026-10-09T13:38:28.0354833Z   ● Console
Verify	Run Jest tests	2026-10-09T13:38:28.0373303Z 
Verify	Run Jest tests	2026-10-09T13:38:28.0373992Z     console.debug
Verify	Run Jest tests	2026-10-09T13:38:28.0374639Z       [analytics] screen /
Verify	Run Jest tests	2026-10-09T13:38:28.0375087Z 
Verify	Run Jest tests	2026-10-09T13:38:28.0375519Z       at debug (shared/lib/logger.ts:133:18)
Verify	Run Jest tests	2026-10-09T13:38:28.0376031Z 
Verify	Run Jest tests	2026-10-09T13:38:28.0376340Z     console.debug
Verify	Run Jest tests	2026-10-09T13:38:28.0376863Z       [analytics] screen /
Verify	Run Jest tests	2026-10-09T13:38:28.0377281Z 
Verify	Run Jest tests	2026-10-09T13:38:28.0377669Z       at debug (shared/lib/logger.ts:133:18)
Verify	Run Jest tests	2026-10-09T13:38:28.0378151Z 
Verify	Run Jest tests	2026-10-09T13:38:28.1066803Z PASS __tests__/shared/ui/theme.test.ts
Verify	Run Jest tests	2026-10-09T13:38:28.2477523Z PASS __tests__/shared/integrations/i18n.test.tsx
Verify	Run Jest tests	2026-10-09T13:38:28.2564609Z   ● Console
Verify	Run Jest tests	2026-10-09T13:38:28.2569411Z 
Verify	Run Jest tests	2026-10-09T13:38:28.2569879Z     console.debug
Verify	Run Jest tests	2026-10-09T13:38:28.2570728Z       [analytics] screen /
Verify	Run Jest tests	2026-10-09T13:38:28.2571237Z 
Verify	Run Jest tests	2026-10-09T13:38:28.2571656Z       at debug (shared/lib/logger.ts:133:18)
Verify	Run Jest tests	2026-10-09T13:38:28.2572181Z 
Verify	Run Jest tests	2026-10-09T13:38:28.2572719Z     console.debug
Verify	Run Jest tests	2026-10-09T13:38:28.2573324Z       [analytics] screen /login
Verify	Run Jest tests	2026-10-09T13:38:28.2573779Z 
Verify	Run Jest tests	2026-10-09T13:38:28.2574223Z       at debug (shared/lib/logger.ts:133:18)
Verify	Run Jest tests	2026-10-09T13:38:28.2574749Z 
Verify	Run Jest tests	2026-10-09T13:38:28.7767759Z PASS __tests__/features/demo-showcase/ShowcaseScreen.test.tsx
Verify	Run Jest tests	2026-10-09T13:38:28.8848082Z PASS __tests__/app/initialRoute.test.tsx
Verify	Run Jest tests	2026-10-09T13:38:28.8960344Z   ● Console
Verify	Run Jest tests	2026-10-09T13:38:28.8960891Z 
Verify	Run Jest tests	2026-10-09T13:38:28.8989557Z     console.debug
Verify	Run Jest tests	2026-10-09T13:38:28.9003995Z       [analytics] screen /
Verify	Run Jest tests	2026-10-09T13:38:28.9005517Z 
Verify	Run Jest tests	2026-10-09T13:38:28.9013729Z       at debug (shared/lib/logger.ts:133:18)
Verify	Run Jest tests	2026-10-09T13:38:28.9014364Z 
Verify	Run Jest tests	2026-10-09T13:38:28.9014726Z     console.debug
Verify	Run Jest tests	2026-10-09T13:38:28.9015337Z       [analytics] screen /login
Verify	Run Jest tests	2026-10-09T13:38:28.9016439Z 
Verify	Run Jest tests	2026-10-09T13:38:28.9016883Z       at debug (shared/lib/logger.ts:133:18)
Verify	Run Jest tests	2026-10-09T13:38:28.9017410Z 
Verify	Run Jest tests	2026-10-09T13:38:28.9017755Z     console.debug
Verify	Run Jest tests	2026-10-09T13:38:28.9018354Z       [analytics] screen /login
Verify	Run Jest tests	2026-10-09T13:38:28.9018833Z 
Verify	Run Jest tests	2026-10-09T13:38:28.9019265Z       at debug (shared/lib/logger.ts:133:18)
Verify	Run Jest tests	2026-10-09T13:38:28.9019825Z 
Verify	Run Jest tests	2026-10-09T13:38:28.9020165Z     console.debug
Verify	Run Jest tests	2026-10-09T13:38:28.9020740Z       [analytics] screen /
Verify	Run Jest tests	2026-10-09T13:38:28.9021193Z 
Verify	Run Jest tests	2026-10-09T13:38:28.9021614Z       at debug (shared/lib/logger.ts:133:18)
Verify	Run Jest tests	2026-10-09T13:38:28.9022153Z 
Verify	Run Jest tests	2026-10-09T13:38:29.0071479Z PASS __tests__/app/statusBar.test.tsx
Verify	Run Jest tests	2026-10-09T13:38:29.0109124Z   ● Console
Verify	Run Jest tests	2026-10-09T13:38:29.0109792Z 
Verify	Run Jest tests	2026-10-09T13:38:29.0110871Z     console.debug
Verify	Run Jest tests	2026-10-09T13:38:29.0111474Z       [analytics] screen /
Verify	Run Jest tests	2026-10-09T13:38:29.0112024Z 
Verify	Run Jest tests	2026-10-09T13:38:29.0112721Z       at debug (shared/lib/logger.ts:133:18)
Verify	Run Jest tests	2026-10-09T13:38:29.0113282Z 
Verify	Run Jest tests	2026-10-09T13:38:29.0113582Z     console.debug
Verify	Run Jest tests	2026-10-09T13:38:29.0114192Z       [analytics] screen /
Verify	Run Jest tests	2026-10-09T13:38:29.0114662Z 
Verify	Run Jest tests	2026-10-09T13:38:29.0115053Z       at debug (shared/lib/logger.ts:133:18)
Verify	Run Jest tests	2026-10-09T13:38:29.0115585Z 
Verify	Run Jest tests	2026-10-09T13:38:29.3120509Z PASS __tests__/shared/ui/LoadingScreen.test.tsx
Verify	Run Jest tests	2026-10-09T13:38:29.4244317Z PASS __tests__/app/configError.test.tsx
Verify	Run Jest tests	2026-10-09T13:38:29.4252375Z   ● Console
Verify	Run Jest tests	2026-10-09T13:38:29.4253046Z 
Verify	Run Jest tests	2026-10-09T13:38:29.4253611Z     console.debug
Verify	Run Jest tests	2026-10-09T13:38:29.4254251Z       [analytics] screen /
Verify	Run Jest tests	2026-10-09T13:38:29.4254915Z 
Verify	Run Jest tests	2026-10-09T13:38:29.4255355Z       at debug (shared/lib/logger.ts:133:18)
Verify	Run Jest tests	2026-10-09T13:38:29.4255902Z 
Verify	Run Jest tests	2026-10-09T13:38:29.4805990Z PASS __tests__/shared/storage/storage.test.ts
Verify	Run Jest tests	2026-10-09T13:38:29.4830365Z   ● Console
Verify	Run Jest tests	2026-10-09T13:38:29.4830659Z 
Verify	Run Jest tests	2026-10-09T13:38:29.4830819Z     console.error
Verify	Run Jest tests	2026-10-09T13:38:29.4831725Z       Error retrieving bad-json SyntaxError: Expected property name or '}' in JSON at position 1 (line 1 column 2)
Verify	Run Jest tests	2026-10-09T13:38:29.4832819Z           at JSON.parse (<anonymous>)
Verify	Run Jest tests	2026-10-09T13:38:29.4833892Z           at parse (/home/runner/work/react-native-starter/react-native-starter/shared/storage/storage.ts:33:38)
Verify	Run Jest tests	2026-10-09T13:38:29.4834775Z           at Generator.next (<anonymous>)
Verify	Run Jest tests	2026-10-09T13:38:29.4836005Z           at asyncGeneratorStep (/home/runner/work/react-native-starter/react-native-starter/node_modules/@babel/runtime/helpers/asyncToGenerator.js:3:17)
Verify	Run Jest tests	2026-10-09T13:38:29.4837759Z           at _next (/home/runner/work/react-native-starter/react-native-starter/node_modules/@babel/runtime/helpers/asyncToGenerator.js:17:9)
Verify	Run Jest tests	2026-10-09T13:38:29.4839080Z           at processTicksAndRejections (node:internal/process/task_queues:104:5)
Verify	Run Jest tests	2026-10-09T13:38:29.4839637Z 
Verify	Run Jest tests	2026-10-09T13:38:29.4840683Z     ^[[0m ^[[90m 128 |^[[39m     ^[[36mif^[[39m (^[[33mLEVEL_ORDER^[[39m[level] ^[[33m<^[[39m ^[[33mLEVEL_ORDER^[[39m[minLevel]) ^[[36mreturn^[[39m^[[33m;^[[39m
Verify	Run Jest tests	2026-10-09T13:38:29.4842429Z      ^[[90m 129 |^[[39m     ^[[36mconst^[[39m args ^[[33m=^[[39m [message^[[33m,^[[39m ^[[33m...^[[39mdetails^[[33m.^[[39mfilter(item ^[[33m=>^[[39m item ^[[33m!==^[[39m undefined)]^[[33m;^[[39m
Verify	Run Jest tests	2026-10-09T13:38:29.4844405Z     ^[[31m^[[1m>^[[22m^[[39m^[[90m 130 |^[[39m     ^[[36mif^[[39m (level ^[[33m===^[[39m ^[[32m'error'^[[39m) console^[[33m.^[[39merror(^[[33m...^[[39margs)^[[33m;^[[39m
Verify	Run Jest tests	2026-10-09T13:38:29.4845574Z      ^[[90m     |^[[39m                                    ^[[31m^[[1m^^[[22m^[[39m
Verify	Run Jest tests	2026-10-09T13:38:29.4846757Z      ^[[90m 131 |^[[39m     ^[[36melse^[[39m ^[[36mif^[[39m (level ^[[33m===^[[39m ^[[32m'warn'^[[39m) console^[[33m.^[[39mwarn(^[[33m...^[[39margs)^[[33m;^[[39m
Verify	Run Jest tests	2026-10-09T13:38:29.4848241Z      ^[[90m 132 |^[[39m     ^[[36melse^[[39m ^[[36mif^[[39m (level ^[[33m===^[[39m ^[[32m'info'^[[39m) console^[[33m.^[[39minfo(^[[33m...^[[39margs)^[[33m;^[[39m
Verify	Run Jest tests	2026-10-09T13:38:29.4849521Z      ^[[90m 133 |^[[39m     ^[[36melse^[[39m console^[[33m.^[[39mdebug(^[[33m...^[[39margs)^[[33m;^[[39m^[[0m
Verify	Run Jest tests	2026-10-09T13:38:29.4850062Z 
Verify	Run Jest tests	2026-10-09T13:38:29.4850304Z       at error (shared/lib/logger.ts:130:36)
Verify	Run Jest tests	2026-10-09T13:38:29.4850877Z       at Object.write (shared/lib/logger.ts:154:7)
Verify	Run Jest tests	2026-10-09T13:38:29.4851860Z       at error (shared/storage/storage.ts:35:12)
Verify	Run Jest tests	2026-10-09T13:38:29.4888291Z       at asyncGeneratorStep (node_modules/@babel/runtime/helpers/asyncToGenerator.js:3:17)
Verify	Run Jest tests	2026-10-09T13:38:29.4890798Z       at _next (node_modules/@babel/runtime/helpers/asyncToGenerator.js:17:9)
Verify	Run Jest tests	2026-10-09T13:38:29.4891317Z 
Verify	Run Jest tests	2026-10-09T13:38:29.4891461Z     console.info
Verify	Run Jest tests	2026-10-09T13:38:29.4892737Z       [error-reporter] exception: SyntaxError: Expected property name or '}' in JSON at position 1 (line 1 column 2) (Error retrieving bad-json)
Verify	Run Jest tests	2026-10-09T13:38:29.4893575Z 
Verify	Run Jest tests	2026-10-09T13:38:29.4894063Z       at Object.info [as captureException] (shared/integrations/errorReporter.ts:51:13)
Verify	Run Jest tests	2026-10-09T13:38:29.4894651Z 
Verify	Run Jest tests	2026-10-09T13:38:29.6523358Z PASS __tests__/shared/integrations/screenTracking.test.tsx
Verify	Run Jest tests	2026-10-09T13:38:29.7127981Z PASS __tests__/shared/lib/useFetch.test.tsx
Verify	Run Jest tests	2026-10-09T13:38:29.8435960Z PASS __tests__/features/demo-auth/DemoCredentialsHint.test.tsx
Verify	Run Jest tests	2026-10-09T13:38:29.9710401Z 
Verify	Run Jest tests	2026-10-09T13:38:29.9714554Z Test Suites: 25 passed, 25 total
Verify	Run Jest tests	2026-10-09T13:38:29.9715205Z Tests:       189 passed, 189 total
Verify	Run Jest tests	2026-10-09T13:38:29.9715688Z Snapshots:   0 total
Verify	Run Jest tests	2026-10-09T13:38:29.9716077Z Time:        20.77 s
Verify	Run Jest tests	2026-10-09T13:38:29.9716463Z Ran all test suites.
Verify	Expo Doctor	﻿2026-10-09T13:38:29.9939227Z ##[group]Run npx expo-doctor
Verify	Expo Doctor	2026-10-09T13:38:29.9939755Z ^[[36;1mnpx expo-doctor^[[0m
Verify	Expo Doctor	2026-10-09T13:38:30.0026759Z shell: /usr/bin/bash -e {0}
Verify	Expo Doctor	2026-10-09T13:38:30.0027064Z ##[endgroup]
Verify	Expo Doctor	2026-10-09T13:38:31.4107656Z Running 21 checks on your project...
Verify	Expo Doctor	2026-10-09T13:38:35.1601900Z 21/21 checks passed. No issues detected!
Verify	Export web build	﻿2026-10-09T13:38:35.2021318Z ##[group]Run npx expo export --platform web --output-dir dist
Verify	Export web build	2026-10-09T13:38:35.2022097Z ^[[36;1mnpx expo export --platform web --output-dir dist^[[0m
Verify	Export web build	2026-10-09T13:38:35.2103599Z shell: /usr/bin/bash -e {0}
Verify	Export web build	2026-10-09T13:38:35.2103904Z ##[endgroup]
Verify	Export web build	2026-10-09T13:38:36.3478361Z Starting Metro Bundler
Verify	Export web build	2026-10-09T13:38:36.3478742Z 
Verify	Export web build	2026-10-09T13:38:53.8205497Z Web Bundled 17208ms index.ts (1183 modules)
Verify	Export web build	2026-10-09T13:38:54.1820579Z 
Verify	Export web build	2026-10-09T13:38:54.1827363Z › Assets (19):
Verify	Export web build	2026-10-09T13:38:54.1914192Z node_modules/@expo/vector-icons/build/vendor/react-native-vector-icons/Fonts/MaterialCommunityIcons.6e435534bd35da5fef04168860a9b8fa.ttf (1.3MB)
Verify	Export web build	2026-10-09T13:38:54.1915884Z node_modules/expo-router/assets/arrow_down.017bc6ba3fc25503e5eb5e53826d48a8.png (9.5KB)
Verify	Export web build	2026-10-09T13:38:54.1917010Z node_modules/expo-router/assets/error.d1ea1496f9057eb392d5bbf3732a61b7.png (469B)
Verify	Export web build	2026-10-09T13:38:54.1918041Z node_modules/expo-router/assets/file.19eeb73b9593a38f8e9f418337fc7d10.png (138B)
Verify	Export web build	2026-10-09T13:38:54.1919066Z node_modules/expo-router/assets/forward.d8b800c443b8972542883e0b9de2bdc6.png (188B)
Verify	Export web build	2026-10-09T13:38:54.1920180Z node_modules/expo-router/assets/pkg.ab19f4cbc543357183a20571f68380a3.png (364B)
Verify	Export web build	2026-10-09T13:38:54.1921522Z node_modules/expo-router/assets/react-navigation/elements/back-icon-mask.0a328cd9c1afd0afe8e3b1ec5165b1b4.png (653B)
Verify	Export web build	2026-10-09T13:38:54.1923219Z node_modules/expo-router/assets/react-navigation/elements/back-icon.35ba0eaec5a4f5ed12ca16fabeae451d.png (207B)
Verify	Export web build	2026-10-09T13:38:54.1924853Z node_modules/expo-router/assets/react-navigation/elements/clear-icon.c94f6478e7ae0cdd9f15de1fcb9e5e55.png (4 variations | 425B)
Verify	Export web build	2026-10-09T13:38:54.1926553Z node_modules/expo-router/assets/react-navigation/elements/close-icon.808e1b1b9b53114ec2838071a7e6daa7.png (4 variations | 235B)
Verify	Export web build	2026-10-09T13:38:54.1928161Z node_modules/expo-router/assets/react-navigation/elements/search-icon.286d67d3f74808a60a78d3ebf1a5fb57.png (928B)
Verify	Export web build	2026-10-09T13:38:54.1931441Z node_modules/expo-router/assets/sitemap.412dd9275b6b48ad28f5e3d81bb1f626.png (465B)
Verify	Export web build	2026-10-09T13:38:54.1932781Z node_modules/expo-router/assets/unmatched.20e71bdf79e3a97bf55fd9e164041578.png (4.8KB)
Verify	Export web build	2026-10-09T13:38:54.1933372Z 
Verify	Export web build	2026-10-09T13:38:54.1933769Z › web bundles (1):
Verify	Export web build	2026-10-09T13:38:54.1975715Z _expo/static/js/web/index-0189def973b45b76dba2b5a305475267.js (2.3MB)
Verify	Export web build	2026-10-09T13:38:54.1976370Z 
Verify	Export web build	2026-10-09T13:38:54.1977344Z › Files (3):
Verify	Export web build	2026-10-09T13:38:54.1977854Z favicon.ico (15KB)
Verify	Export web build	2026-10-09T13:38:54.1978320Z index.html (1.2KB)
Verify	Export web build	2026-10-09T13:38:54.1978684Z metadata.json (49B)
Verify	Export web build	2026-10-09T13:38:54.2071920Z 
Verify	Export web build	2026-10-09T13:38:54.2075799Z Exported: dist
Verify	Post Set up Node.js	﻿2026-10-09T13:38:54.3729118Z Post job cleanup.
Verify	Post Set up Node.js	2026-10-09T13:38:54.4959489Z (node:2743) [DEP0040] DeprecationWarning: The `punycode` module is deprecated. Please use a userland alternative instead.
Verify	Post Set up Node.js	2026-10-09T13:38:54.4960409Z (Use `node --trace-deprecation ...` to show where the warning was created)
Verify	Post Set up Node.js	2026-10-09T13:38:54.4962824Z Cache hit occurred on the primary key node-cache-Linux-x64-npm-e6b0593b0a43cf8d31ef0fa786ee68f548fd603ddadd923e67e61af5b746dc74, not saving cache.
Verify	Post Check out repository	﻿2026-10-09T13:38:54.5114065Z Post job cleanup.
Verify	Post Check out repository	2026-10-09T13:38:54.5990314Z [command]/usr/bin/git version
Verify	Post Check out repository	2026-10-09T13:38:54.6035327Z git version 2.55.0
Verify	Post Check out repository	2026-10-09T13:38:54.6076214Z Temporarily overriding HOME='/home/runner/work/_temp/2aa31848-c4a4-4a2d-b9e6-794323f12922' before making global git config changes
Verify	Post Check out repository	2026-10-09T13:38:54.6077692Z Adding repository directory to the temporary git global config as a safe directory
Verify	Post Check out repository	2026-10-09T13:38:54.6081786Z [command]/usr/bin/git config --global --add safe.directory /home/runner/work/react-native-starter/react-native-starter
Verify	Post Check out repository	2026-10-09T13:38:54.6122922Z [command]/usr/bin/git config --local --name-only --get-regexp core\.sshCommand
Verify	Post Check out repository	2026-10-09T13:38:54.6158368Z [command]/usr/bin/git submodule foreach --recursive sh -c "git config --local --name-only --get-regexp 'core\.sshCommand' && git config --local --unset-all 'core.sshCommand' || :"
Verify	Post Check out repository	2026-10-09T13:38:54.6430714Z [command]/usr/bin/git config --local --name-only --get-regexp http\.https\:\/\/github\.com\/\.extraheader
Verify	Post Check out repository	2026-10-09T13:38:54.6461497Z http.https://github.com/.extraheader
Verify	Post Check out repository	2026-10-09T13:38:54.6473012Z [command]/usr/bin/git config --local --unset-all http.https://github.com/.extraheader
Verify	Post Check out repository	2026-10-09T13:38:54.6512883Z [command]/usr/bin/git submodule foreach --recursive sh -c "git config --local --name-only --get-regexp 'http\.https\:\/\/github\.com\/\.extraheader' && git config --local --unset-all 'http.https://github.com/.extraheader' || :"
Verify	Post Check out repository	2026-10-09T13:38:54.6797167Z [command]/usr/bin/git config --local --name-only --get-regexp ^includeIf\.gitdir:
Verify	Post Check out repository	2026-10-09T13:38:54.6843023Z [command]/usr/bin/git submodule foreach --recursive git config --local --show-origin --name-only --get-regexp remote.origin.url
Verify	Complete job	﻿2026-10-09T13:38:54.7287773Z Cleaning up orphan processes
Verify	Complete job	2026-10-09T13:38:54.7616469Z ##[warning]Node.js 20 is deprecated. The following actions target Node.js 20 but are being forced to run on Node.js 24: actions/checkout@v4, actions/setup-node@v4. For more information see: https://github.blog/changelog/2025-09-19-deprecation-of-node-20-on-github-actions-runners/
