Verify	Set up job	﻿2026-10-07T16:42:29.3176258Z Current runner version: '2.337.0'
Verify	Set up job	2026-10-07T16:42:29.3208886Z ##[group]Runner Image Provisioner
Verify	Set up job	2026-10-07T16:42:29.3210157Z Hosted Compute Agent
Verify	Set up job	2026-10-07T16:42:29.3210851Z Version: 20261002.596
Verify	Set up job	2026-10-07T16:42:29.3211559Z Commit: c3d12f3313a95f25162a1503be624f3b0617f8c0
Verify	Set up job	2026-10-07T16:42:29.3212578Z Build Date: 2026-10-02T22:28:27Z
Verify	Set up job	2026-10-07T16:42:29.3213284Z Worker ID: {d63fc28d-0319-4bb0-a3ed-572d92d635ac}
Verify	Set up job	2026-10-07T16:42:29.3214059Z Region: centralus
Verify	Set up job	2026-10-07T16:42:29.3214969Z Cloud: Azure
Verify	Set up job	2026-10-07T16:42:29.3215600Z ##[endgroup]
Verify	Set up job	2026-10-07T16:42:29.3217086Z ##[group]Operating System
Verify	Set up job	2026-10-07T16:42:29.3217716Z Ubuntu
Verify	Set up job	2026-10-07T16:42:29.3218273Z 24.04.5
Verify	Set up job	2026-10-07T16:42:29.3219204Z LTS
Verify	Set up job	2026-10-07T16:42:29.3219779Z ##[endgroup]
Verify	Set up job	2026-10-07T16:42:29.3220401Z ##[group]Runner Image
Verify	Set up job	2026-10-07T16:42:29.3221135Z Image: ubuntu-24.04
Verify	Set up job	2026-10-07T16:42:29.3221700Z Version: 20261004.327.1
Verify	Set up job	2026-10-07T16:42:29.3223428Z Included Software: https://github.com/actions/runner-images/blob/ubuntu24/20261004.327/images/ubuntu/Ubuntu2404-Readme.md
Verify	Set up job	2026-10-07T16:42:29.3225978Z Image Release: https://github.com/actions/runner-images/releases/tag/ubuntu24%2F20261004.327
Verify	Set up job	2026-10-07T16:42:29.3227120Z ##[endgroup]
Verify	Set up job	2026-10-07T16:42:29.3228369Z ##[group]GITHUB_TOKEN Permissions
Verify	Set up job	2026-10-07T16:42:29.3230920Z Contents: read
Verify	Set up job	2026-10-07T16:42:29.3231535Z Metadata: read
Verify	Set up job	2026-10-07T16:42:29.3232572Z ##[endgroup]
Verify	Set up job	2026-10-07T16:42:29.3235272Z Secret source: Actions
Verify	Set up job	2026-10-07T16:42:29.3236225Z Cache mode: write
Verify	Set up job	2026-10-07T16:42:29.3237268Z Prepare workflow directory
Verify	Set up job	2026-10-07T16:42:29.3669637Z Prepare all required actions
Verify	Set up job	2026-10-07T16:42:29.3741379Z Getting action download info
Verify	Set up job	2026-10-07T16:42:29.6448316Z Download action repository 'actions/checkout@v4' (SHA:11d5960a326750d5838078e36cf38b85af677262)
Verify	Set up job	2026-10-07T16:42:29.9263329Z Download action repository 'actions/setup-node@v4' (SHA:49933ea5288caeca8642d1e84afbd3f7d6820020)
Verify	Set up job	2026-10-07T16:42:30.8420755Z Complete job name: Verify
Verify	Check out repository	﻿2026-10-07T16:42:30.9205570Z ##[group]Run actions/checkout@v4
Verify	Check out repository	2026-10-07T16:42:30.9206588Z with:
Verify	Check out repository	2026-10-07T16:42:30.9207191Z   repository: koniz-dev/react-native-starter
Verify	Check out repository	2026-10-07T16:42:30.9211281Z   token: ***
Verify	Check out repository	2026-10-07T16:42:30.9211817Z   ssh-strict: true
Verify	Check out repository	2026-10-07T16:42:30.9212590Z   ssh-user: git
Verify	Check out repository	2026-10-07T16:42:30.9213163Z   persist-credentials: true
Verify	Check out repository	2026-10-07T16:42:30.9213740Z   clean: true
Verify	Check out repository	2026-10-07T16:42:30.9214333Z   sparse-checkout-cone-mode: true
Verify	Check out repository	2026-10-07T16:42:30.9214957Z   fetch-depth: 1
Verify	Check out repository	2026-10-07T16:42:30.9215469Z   fetch-tags: false
Verify	Check out repository	2026-10-07T16:42:30.9216010Z   show-progress: true
Verify	Check out repository	2026-10-07T16:42:30.9216538Z   lfs: false
Verify	Check out repository	2026-10-07T16:42:30.9217381Z   submodules: false
Verify	Check out repository	2026-10-07T16:42:30.9218044Z   set-safe-directory: true
Verify	Check out repository	2026-10-07T16:42:30.9218657Z   allow-unsafe-pr-checkout: false
Verify	Check out repository	2026-10-07T16:42:30.9219474Z ##[endgroup]
Verify	Check out repository	2026-10-07T16:42:31.0146648Z Syncing repository: koniz-dev/react-native-starter
Verify	Check out repository	2026-10-07T16:42:31.0149613Z ##[group]Getting Git version info
Verify	Check out repository	2026-10-07T16:42:31.0150875Z Working directory is '/home/runner/work/react-native-starter/react-native-starter'
Verify	Check out repository	2026-10-07T16:42:31.0153367Z [command]/usr/bin/git version
Verify	Check out repository	2026-10-07T16:42:31.0192543Z git version 2.55.0
Verify	Check out repository	2026-10-07T16:42:31.0216685Z ##[endgroup]
Verify	Check out repository	2026-10-07T16:42:31.0228599Z Temporarily overriding HOME='/home/runner/work/_temp/799d6f9a-261b-4eb9-82e9-eddbcca68aad' before making global git config changes
Verify	Check out repository	2026-10-07T16:42:31.0238214Z Adding repository directory to the temporary git global config as a safe directory
Verify	Check out repository	2026-10-07T16:42:31.0240853Z [command]/usr/bin/git config --global --add safe.directory /home/runner/work/react-native-starter/react-native-starter
Verify	Check out repository	2026-10-07T16:42:31.0302099Z Deleting the contents of '/home/runner/work/react-native-starter/react-native-starter'
Verify	Check out repository	2026-10-07T16:42:31.0307089Z ##[group]Initializing the repository
Verify	Check out repository	2026-10-07T16:42:31.0310670Z [command]/usr/bin/git init /home/runner/work/react-native-starter/react-native-starter
Verify	Check out repository	2026-10-07T16:42:31.1108741Z hint: Using 'master' as the name for the initial branch. This default branch name
Verify	Check out repository	2026-10-07T16:42:31.1111690Z hint: will change to "main" in Git 3.0. To configure the initial branch name
Verify	Check out repository	2026-10-07T16:42:31.1113213Z hint: to use in all of your new repositories, which will suppress this warning,
Verify	Check out repository	2026-10-07T16:42:31.1114173Z hint: call:
Verify	Check out repository	2026-10-07T16:42:31.1114833Z hint:
Verify	Check out repository	2026-10-07T16:42:31.1115597Z hint: 	git config --global init.defaultBranch <name>
Verify	Check out repository	2026-10-07T16:42:31.1116722Z hint:
Verify	Check out repository	2026-10-07T16:42:31.1117535Z hint: Names commonly chosen instead of 'master' are 'main', 'trunk' and
Verify	Check out repository	2026-10-07T16:42:31.1118641Z hint: 'development'. The just-created branch can be renamed via this command:
Verify	Check out repository	2026-10-07T16:42:31.1119640Z hint:
Verify	Check out repository	2026-10-07T16:42:31.1120237Z hint: 	git branch -m <name>
Verify	Check out repository	2026-10-07T16:42:31.1120899Z hint:
Verify	Check out repository	2026-10-07T16:42:31.1121742Z hint: Disable this message with "git config set advice.defaultBranchName false"
Verify	Check out repository	2026-10-07T16:42:31.1123694Z Initialized empty Git repository in /home/runner/work/react-native-starter/react-native-starter/.git/
Verify	Check out repository	2026-10-07T16:42:31.1126719Z [command]/usr/bin/git remote add origin https://github.com/koniz-dev/react-native-starter
Verify	Check out repository	2026-10-07T16:42:31.2103543Z ##[endgroup]
Verify	Check out repository	2026-10-07T16:42:31.2105235Z ##[group]Disabling automatic garbage collection
Verify	Check out repository	2026-10-07T16:42:31.2106523Z [command]/usr/bin/git config --local gc.auto 0
Verify	Check out repository	2026-10-07T16:42:31.2709382Z ##[endgroup]
Verify	Check out repository	2026-10-07T16:42:31.2712068Z ##[group]Setting up auth
Verify	Check out repository	2026-10-07T16:42:31.2718822Z [command]/usr/bin/git config --local --name-only --get-regexp core\.sshCommand
Verify	Check out repository	2026-10-07T16:42:31.2757386Z [command]/usr/bin/git submodule foreach --recursive sh -c "git config --local --name-only --get-regexp 'core\.sshCommand' && git config --local --unset-all 'core.sshCommand' || :"
Verify	Check out repository	2026-10-07T16:42:31.3141207Z [command]/usr/bin/git config --local --name-only --get-regexp http\.https\:\/\/github\.com\/\.extraheader
Verify	Check out repository	2026-10-07T16:42:31.3171176Z [command]/usr/bin/git submodule foreach --recursive sh -c "git config --local --name-only --get-regexp 'http\.https\:\/\/github\.com\/\.extraheader' && git config --local --unset-all 'http.https://github.com/.extraheader' || :"
Verify	Check out repository	2026-10-07T16:42:31.3346460Z [command]/usr/bin/git config --local --name-only --get-regexp ^includeIf\.gitdir:
Verify	Check out repository	2026-10-07T16:42:31.3377616Z [command]/usr/bin/git submodule foreach --recursive git config --local --show-origin --name-only --get-regexp remote.origin.url
Verify	Check out repository	2026-10-07T16:42:31.3575223Z [command]/usr/bin/git config --local http.https://github.com/.extraheader AUTHORIZATION: basic ***
Verify	Check out repository	2026-10-07T16:42:31.3619776Z ##[endgroup]
Verify	Check out repository	2026-10-07T16:42:31.3621689Z ##[group]Fetching the repository
Verify	Check out repository	2026-10-07T16:42:31.3632276Z [command]/usr/bin/git -c protocol.version=2 fetch --no-tags --prune --no-recurse-submodules --depth=1 origin +6d9249b12f751db511d172049e618983b1011d7b:refs/remotes/origin/main
Verify	Check out repository	2026-10-07T16:42:33.3957210Z From https://github.com/koniz-dev/react-native-starter
Verify	Check out repository	2026-10-07T16:42:33.3958874Z  * [new ref]         6d9249b12f751db511d172049e618983b1011d7b -> origin/main
Verify	Check out repository	2026-10-07T16:42:33.3961767Z ##[endgroup]
Verify	Check out repository	2026-10-07T16:42:33.3963146Z ##[group]Determining the checkout info
Verify	Check out repository	2026-10-07T16:42:33.3964014Z ##[endgroup]
Verify	Check out repository	2026-10-07T16:42:33.3970498Z [command]/usr/bin/git sparse-checkout disable
Verify	Check out repository	2026-10-07T16:42:33.4026339Z [command]/usr/bin/git config --local --unset-all extensions.worktreeConfig
Verify	Check out repository	2026-10-07T16:42:33.4057223Z ##[group]Checking out the ref
Verify	Check out repository	2026-10-07T16:42:33.4061750Z [command]/usr/bin/git checkout --progress --force -B main refs/remotes/origin/main
Verify	Check out repository	2026-10-07T16:42:33.4836750Z Switched to a new branch 'main'
Verify	Check out repository	2026-10-07T16:42:33.4838164Z branch 'main' set up to track 'origin/main'.
Verify	Check out repository	2026-10-07T16:42:33.4844669Z ##[endgroup]
Verify	Check out repository	2026-10-07T16:42:33.4886939Z [command]/usr/bin/git log -1 --format=%H
Verify	Check out repository	2026-10-07T16:42:33.4912654Z 6d9249b12f751db511d172049e618983b1011d7b
Verify	Set up Node.js	﻿2026-10-07T16:42:33.5193729Z ##[group]Run actions/setup-node@v4
Verify	Set up Node.js	2026-10-07T16:42:33.5194178Z with:
Verify	Set up Node.js	2026-10-07T16:42:33.5194483Z   node-version-file: .nvmrc
Verify	Set up Node.js	2026-10-07T16:42:33.5194817Z   cache: npm
Verify	Set up Node.js	2026-10-07T16:42:33.5195103Z   always-auth: false
Verify	Set up Node.js	2026-10-07T16:42:33.5195444Z   check-latest: false
Verify	Set up Node.js	2026-10-07T16:42:33.5197900Z   token: ***
Verify	Set up Node.js	2026-10-07T16:42:33.5198215Z ##[endgroup]
Verify	Set up Node.js	2026-10-07T16:42:33.6546902Z Resolved .nvmrc as 24
Verify	Set up Node.js	2026-10-07T16:42:33.6591613Z Found in cache @ /opt/hostedtoolcache/node/24.21.0/x64
Verify	Set up Node.js	2026-10-07T16:42:33.6595740Z (node:2077) [DEP0040] DeprecationWarning: The `punycode` module is deprecated. Please use a userland alternative instead.
Verify	Set up Node.js	2026-10-07T16:42:33.6596523Z (Use `node --trace-deprecation ...` to show where the warning was created)
Verify	Set up Node.js	2026-10-07T16:42:33.6598437Z ##[group]Environment details
Verify	Set up Node.js	2026-10-07T16:42:37.9422275Z node: v24.21.0
Verify	Set up Node.js	2026-10-07T16:42:37.9422710Z npm: 11.19.0
Verify	Set up Node.js	2026-10-07T16:42:37.9424203Z yarn: 1.22.22
Verify	Set up Node.js	2026-10-07T16:42:37.9425353Z ##[endgroup]
Verify	Set up Node.js	2026-10-07T16:42:37.9444336Z [command]/opt/hostedtoolcache/node/24.21.0/x64/bin/npm config get cache
Verify	Set up Node.js	2026-10-07T16:42:38.3605968Z /home/runner/.npm
Verify	Set up Node.js	2026-10-07T16:42:38.5268434Z Cache hit for: node-cache-Linux-x64-npm-9a82033345870d620287ae0ca8b0f11fd380bcf572aa61d4d09e5388351df534
Verify	Set up Node.js	2026-10-07T16:42:38.5360853Z (node:2077) [DEP0169] DeprecationWarning: `url.parse()` behavior is not standardized and prone to errors that have security implications. Use the WHATWG URL API instead. CVEs are not issued for `url.parse()` vulnerabilities.
Verify	Set up Node.js	2026-10-07T16:42:39.6994727Z Received 88080384 of 154629666 (57.0%), 83.9 MBs/sec
Verify	Set up Node.js	2026-10-07T16:42:40.1392279Z Received 154629666 of 154629666 (100.0%), 102.3 MBs/sec
Verify	Set up Node.js	2026-10-07T16:42:40.1393523Z Cache Size: ~147 MB (154629666 B)
Verify	Set up Node.js	2026-10-07T16:42:40.1423876Z [command]/usr/bin/tar -xf /home/runner/work/_temp/815d6f8c-e21e-4679-bce0-31d11b4035ad/cache.tzst -P -C /home/runner/work/react-native-starter/react-native-starter --use-compress-program unzstd
Verify	Set up Node.js	2026-10-07T16:42:40.3781697Z Cache restored successfully
Verify	Set up Node.js	2026-10-07T16:42:40.3851632Z Cache restored from key: node-cache-Linux-x64-npm-9a82033345870d620287ae0ca8b0f11fd380bcf572aa61d4d09e5388351df534
Verify	Install dependencies	﻿2026-10-07T16:42:40.3992468Z ##[group]Run npm ci
Verify	Install dependencies	2026-10-07T16:42:40.3992930Z ^[[36;1mnpm ci^[[0m
Verify	Install dependencies	2026-10-07T16:42:40.4255313Z shell: /usr/bin/bash -e {0}
Verify	Install dependencies	2026-10-07T16:42:40.4255724Z ##[endgroup]
Verify	Install dependencies	2026-10-07T16:42:45.9308249Z npm warn deprecated inflight@1.0.6: This module is not supported, and leaks memory. Do not use it. Check out lru-cache if you want a good and tested way to coalesce async requests by a key value, which is much more comprehensive and powerful.
Verify	Install dependencies	2026-10-07T16:42:46.1268496Z npm warn deprecated abab@2.0.6: Use your platform's native atob() and btoa() methods instead
Verify	Install dependencies	2026-10-07T16:42:46.1546637Z npm warn deprecated glob@7.2.3: Glob versions prior to v9 are no longer supported
Verify	Install dependencies	2026-10-07T16:42:46.1558676Z npm warn deprecated glob@7.2.3: Glob versions prior to v9 are no longer supported
Verify	Install dependencies	2026-10-07T16:42:46.1562097Z npm warn deprecated glob@7.2.3: Glob versions prior to v9 are no longer supported
Verify	Install dependencies	2026-10-07T16:42:46.1579079Z npm warn deprecated glob@7.2.3: Glob versions prior to v9 are no longer supported
Verify	Install dependencies	2026-10-07T16:42:46.4210542Z npm warn deprecated domexception@4.0.0: Use your platform's native DOMException instead
Verify	Install dependencies	2026-10-07T16:42:47.6162217Z npm warn deprecated uuid@7.0.3: uuid@10 and below is no longer supported.  For ESM codebases, update to uuid@latest.  For CommonJS codebases, use uuid@11 (but be aware this version will likely be deprecated in 2028).
Verify	Install dependencies	2026-10-07T16:42:49.6813088Z npm warn deprecated react-native-vector-icons@10.3.0: react-native-vector-icons package has moved to a new model of per-icon-family packages. See the https://github.com/oblador/react-native-vector-icons/blob/master/MIGRATION.md on how to migrate
Verify	Install dependencies	2026-10-07T16:42:57.5810101Z 
Verify	Install dependencies	2026-10-07T16:42:57.5811376Z added 1071 packages, and audited 1072 packages in 17s
Verify	Install dependencies	2026-10-07T16:42:57.5812352Z 
Verify	Install dependencies	2026-10-07T16:42:57.5812538Z 180 packages are looking for funding
Verify	Install dependencies	2026-10-07T16:42:57.5812928Z   run `npm fund` for details
Verify	Install dependencies	2026-10-07T16:42:57.7197795Z 
Verify	Install dependencies	2026-10-07T16:42:57.7199271Z 70 vulnerabilities (1 low, 15 moderate, 54 high)
Verify	Install dependencies	2026-10-07T16:42:57.7199648Z 
Verify	Install dependencies	2026-10-07T16:42:57.7200265Z To address issues that do not require attention, run:
Verify	Install dependencies	2026-10-07T16:42:57.7200678Z   npm audit fix
Verify	Install dependencies	2026-10-07T16:42:57.7201433Z 
Verify	Install dependencies	2026-10-07T16:42:57.7201747Z To address all issues (including breaking changes), run:
Verify	Install dependencies	2026-10-07T16:42:57.7202519Z   npm audit fix --force
Verify	Install dependencies	2026-10-07T16:42:57.7202746Z 
Verify	Install dependencies	2026-10-07T16:42:57.7202898Z Run `npm audit` for details.
Verify	Lint	﻿2026-10-07T16:42:57.7702848Z ##[group]Run npm run lint
Verify	Lint	2026-10-07T16:42:57.7703246Z ^[[36;1mnpm run lint^[[0m
Verify	Lint	2026-10-07T16:42:57.7742844Z shell: /usr/bin/bash -e {0}
Verify	Lint	2026-10-07T16:42:57.7743226Z ##[endgroup]
Verify	Lint	2026-10-07T16:42:57.8684100Z 
Verify	Lint	2026-10-07T16:42:57.8685689Z > react-native-starter@1.0.0 lint
Verify	Lint	2026-10-07T16:42:57.8686214Z > eslint .
Verify	Lint	2026-10-07T16:42:57.8686381Z 
Verify	Lint	2026-10-07T16:43:02.9801649Z 
Verify	Lint	2026-10-07T16:43:02.9803130Z /home/runner/work/react-native-starter/react-native-starter/components/ThemedText.tsx
Verify	Lint	2026-10-07T16:43:02.9865606Z ##[warning]  24:3  warning  Unused style detected: styles.default          react-native/no-unused-styles
Verify	Lint	2026-10-07T16:43:02.9874685Z ##[warning]  25:3  warning  Unused style detected: styles.defaultSemiBold  react-native/no-unused-styles
Verify	Lint	2026-10-07T16:43:02.9876173Z ##[warning]  26:3  warning  Unused style detected: styles.title            react-native/no-unused-styles
Verify	Lint	2026-10-07T16:43:02.9877345Z ##[warning]  27:3  warning  Unused style detected: styles.subtitle         react-native/no-unused-styles
Verify	Lint	2026-10-07T16:43:02.9878629Z ##[warning]  28:3  warning  Unused style detected: styles.link             react-native/no-unused-styles
Verify	Lint	2026-10-07T16:43:02.9879851Z ##[warning]  28:9  warning  Color literal: { color: '#0a7ea4' }            react-native/no-color-literals
Verify	Lint	2026-10-07T16:43:02.9880747Z 
Verify	Lint	2026-10-07T16:43:02.9881306Z ✖ 6 problems (0 errors, 6 warnings)
Verify	Lint	2026-10-07T16:43:02.9881527Z 
Verify	Check formatting	﻿2026-10-07T16:43:03.1290400Z ##[group]Run npm run format:check
Verify	Check formatting	2026-10-07T16:43:03.1290919Z ^[[36;1mnpm run format:check^[[0m
Verify	Check formatting	2026-10-07T16:43:03.1334500Z shell: /usr/bin/bash -e {0}
Verify	Check formatting	2026-10-07T16:43:03.1334952Z ##[endgroup]
Verify	Check formatting	2026-10-07T16:43:03.2313476Z 
Verify	Check formatting	2026-10-07T16:43:03.2315482Z > react-native-starter@1.0.0 format:check
Verify	Check formatting	2026-10-07T16:43:03.2316661Z > prettier --check "**/*.{ts,tsx,js,jsx,json,md}"
Verify	Check formatting	2026-10-07T16:43:03.2317169Z 
Verify	Check formatting	2026-10-07T16:43:03.3105743Z Checking formatting...
Verify	Check formatting	2026-10-07T16:43:05.0276824Z All matched files use Prettier code style!
Verify	Type-check	﻿2026-10-07T16:43:05.0582658Z ##[group]Run npm run type-check
Verify	Type-check	2026-10-07T16:43:05.0583141Z ^[[36;1mnpm run type-check^[[0m
Verify	Type-check	2026-10-07T16:43:05.0630821Z shell: /usr/bin/bash -e {0}
Verify	Type-check	2026-10-07T16:43:05.0631171Z ##[endgroup]
Verify	Type-check	2026-10-07T16:43:05.1458905Z 
Verify	Type-check	2026-10-07T16:43:05.1459587Z > react-native-starter@1.0.0 type-check
Verify	Type-check	2026-10-07T16:43:05.1460277Z > tsc --noEmit
Verify	Type-check	2026-10-07T16:43:05.1460471Z 
Verify	Run Jest tests	﻿2026-10-07T16:43:07.3777605Z ##[group]Run npm run test:ci
Verify	Run Jest tests	2026-10-07T16:43:07.3778110Z ^[[36;1mnpm run test:ci^[[0m
Verify	Run Jest tests	2026-10-07T16:43:07.3829490Z shell: /usr/bin/bash -e {0}
Verify	Run Jest tests	2026-10-07T16:43:07.3829970Z ##[endgroup]
Verify	Run Jest tests	2026-10-07T16:43:07.4702989Z 
Verify	Run Jest tests	2026-10-07T16:43:07.4704267Z > react-native-starter@1.0.0 test:ci
Verify	Run Jest tests	2026-10-07T16:43:11.2344697Z PASS __tests__/config/env.test.ts
Verify	Run Jest tests	2026-10-07T16:43:11.2345331Z > jest
Verify	Run Jest tests	2026-10-07T16:43:11.2345797Z 
Verify	Run Jest tests	2026-10-07T16:43:11.2624034Z PASS __tests__/utils/logger.test.ts
Verify	Run Jest tests	2026-10-07T16:43:11.4910698Z PASS __tests__/services/httpClient.test.ts
Verify	Run Jest tests	2026-10-07T16:43:11.7847609Z PASS __tests__/services/api.test.ts
Verify	Run Jest tests	2026-10-07T16:43:11.8024183Z   ● Console
Verify	Run Jest tests	2026-10-07T16:43:11.8024619Z 
Verify	Run Jest tests	2026-10-07T16:43:11.8025048Z     console.warn
Verify	Run Jest tests	2026-10-07T16:43:11.8025531Z       API request failed: server (503)
Verify	Run Jest tests	2026-10-07T16:43:11.8025979Z 
Verify	Run Jest tests	2026-10-07T16:43:11.8029653Z     ^[[0m ^[[90m 129 |^[[39m     ^[[36mconst^[[39m args ^[[33m=^[[39m [message^[[33m,^[[39m ^[[33m...^[[39mdetails^[[33m.^[[39mfilter(item ^[[33m=>^[[39m item ^[[33m!==^[[39m undefined)]^[[33m;^[[39m
Verify	Run Jest tests	2026-10-07T16:43:11.8031610Z      ^[[90m 130 |^[[39m     ^[[36mif^[[39m (level ^[[33m===^[[39m ^[[32m'error'^[[39m) console^[[33m.^[[39merror(^[[33m...^[[39margs)^[[33m;^[[39m
Verify	Run Jest tests	2026-10-07T16:43:11.8033555Z     ^[[31m^[[1m>^[[22m^[[39m^[[90m 131 |^[[39m     ^[[36melse^[[39m ^[[36mif^[[39m (level ^[[33m===^[[39m ^[[32m'warn'^[[39m) console^[[33m.^[[39mwarn(^[[33m...^[[39margs)^[[33m;^[[39m
Verify	Run Jest tests	2026-10-07T16:43:11.8035472Z      ^[[90m     |^[[39m                                        ^[[31m^[[1m^^[[22m^[[39m
Verify	Run Jest tests	2026-10-07T16:43:11.8036916Z      ^[[90m 132 |^[[39m     ^[[36melse^[[39m ^[[36mif^[[39m (level ^[[33m===^[[39m ^[[32m'info'^[[39m) console^[[33m.^[[39minfo(^[[33m...^[[39margs)^[[33m;^[[39m
Verify	Run Jest tests	2026-10-07T16:43:11.8037992Z      ^[[90m 133 |^[[39m     ^[[36melse^[[39m console^[[33m.^[[39mdebug(^[[33m...^[[39margs)^[[33m;^[[39m
Verify	Run Jest tests	2026-10-07T16:43:11.8038884Z      ^[[90m 134 |^[[39m   }^[[33m;^[[39m^[[0m
Verify	Run Jest tests	2026-10-07T16:43:11.8039283Z 
Verify	Run Jest tests	2026-10-07T16:43:11.8039759Z       at warn (utils/logger.ts:131:40)
Verify	Run Jest tests	2026-10-07T16:43:11.8040444Z       at Object.write [as warn] (utils/logger.ts:142:33)
Verify	Run Jest tests	2026-10-07T16:43:11.8040978Z       at warn (services/httpClient.ts:136:12)
Verify	Run Jest tests	2026-10-07T16:43:11.8041657Z       at asyncGeneratorStep (node_modules/@babel/runtime/helpers/asyncToGenerator.js:3:17)
Verify	Run Jest tests	2026-10-07T16:43:11.8042757Z       at _next (node_modules/@babel/runtime/helpers/asyncToGenerator.js:17:9)
Verify	Run Jest tests	2026-10-07T16:43:11.8043448Z       at node_modules/@babel/runtime/helpers/asyncToGenerator.js:22:7
Verify	Run Jest tests	2026-10-07T16:43:11.8044152Z       at node_modules/@babel/runtime/helpers/asyncToGenerator.js:14:12
Verify	Run Jest tests	2026-10-07T16:43:11.8044728Z       at apply (services/httpClient.ts:142:4)
Verify	Run Jest tests	2026-10-07T16:43:11.8045321Z       at Axios.request (node_modules/axios/dist/browser/axios.cjs:5245:14)
Verify	Run Jest tests	2026-10-07T16:43:11.8045727Z 
Verify	Run Jest tests	2026-10-07T16:43:19.9987275Z PASS __tests__/components/LoginScreen.test.tsx (8.192 s)
Verify	Run Jest tests	2026-10-07T16:43:20.0090569Z   ● Console
Verify	Run Jest tests	2026-10-07T16:43:20.0104169Z 
Verify	Run Jest tests	2026-10-07T16:43:20.0133662Z     console.error
Verify	Run Jest tests	2026-10-07T16:43:20.0146016Z       An update to SessionProvider inside a test was not wrapped in act(...).
Verify	Run Jest tests	2026-10-07T16:43:20.0173247Z       
Verify	Run Jest tests	2026-10-07T16:43:20.0174144Z       When testing, code that causes React state updates should be wrapped into act(...):
Verify	Run Jest tests	2026-10-07T16:43:20.0174858Z       
Verify	Run Jest tests	2026-10-07T16:43:20.0175255Z       act(() => {
Verify	Run Jest tests	2026-10-07T16:43:20.0175698Z         /* fire events that update state */
Verify	Run Jest tests	2026-10-07T16:43:20.0176171Z       });
Verify	Run Jest tests	2026-10-07T16:43:20.0176663Z       /* assert on the output */
Verify	Run Jest tests	2026-10-07T16:43:20.0177136Z       
Verify	Run Jest tests	2026-10-07T16:43:20.0177961Z       This ensures that you're testing the behavior the user would see in the browser. Learn more at https://react.dev/link/wrap-tests-with-act
Verify	Run Jest tests	2026-10-07T16:43:20.0178594Z 
Verify	Run Jest tests	2026-10-07T16:43:20.0179336Z     ^[[0m ^[[90m 83 |^[[39m     readStoredSession()^[[33m.^[[39mthen(restored ^[[33m=>^[[39m {
Verify	Run Jest tests	2026-10-07T16:43:20.0180478Z      ^[[90m 84 |^[[39m       ^[[36mif^[[39m (^[[33m!^[[39mchangedRef^[[33m.^[[39mcurrent ^[[33m&&^[[39m isMountedRef^[[33m.^[[39mcurrent) {
Verify	Run Jest tests	2026-10-07T16:43:20.0181453Z     ^[[31m^[[1m>^[[22m^[[39m^[[90m 85 |^[[39m         setSession(restored)^[[33m;^[[39m
Verify	Run Jest tests	2026-10-07T16:43:20.0183146Z      ^[[90m    |^[[39m         ^[[31m^[[1m^^[[22m^[[39m
Verify	Run Jest tests	2026-10-07T16:43:20.0185956Z      ^[[90m 86 |^[[39m       }
Verify	Run Jest tests	2026-10-07T16:43:20.0187026Z      ^[[90m 87 |^[[39m     })^[[33m;^[[39m
Verify	Run Jest tests	2026-10-07T16:43:20.0188126Z      ^[[90m 88 |^[[39m     ^[[90m// The HTTP client has already cleared the stored session.^[[39m^[[0m
Verify	Run Jest tests	2026-10-07T16:43:20.0188618Z 
Verify	Run Jest tests	2026-10-07T16:43:20.0189105Z       at node_modules/react-test-renderer/cjs/react-test-renderer.development.js:14402:19
Verify	Run Jest tests	2026-10-07T16:43:20.0190162Z       at runWithFiberInDEV (node_modules/react-test-renderer/cjs/react-test-renderer.development.js:2315:13)
Verify	Run Jest tests	2026-10-07T16:43:20.0191321Z       at warnIfUpdatesNotWrappedWithActDEV (node_modules/react-test-renderer/cjs/react-test-renderer.development.js:14401:9)
Verify	Run Jest tests	2026-10-07T16:43:20.0192738Z       at scheduleUpdateOnFiber (node_modules/react-test-renderer/cjs/react-test-renderer.development.js:12086:9)
Verify	Run Jest tests	2026-10-07T16:43:20.0193814Z       at dispatchSetStateInternal (node_modules/react-test-renderer/cjs/react-test-renderer.development.js:6208:13)
Verify	Run Jest tests	2026-10-07T16:43:20.0194817Z       at dispatchSetState (node_modules/react-test-renderer/cjs/react-test-renderer.development.js:6165:7)
Verify	Run Jest tests	2026-10-07T16:43:20.0195664Z       at setSession (providers/SessionProvider.tsx:85:9)
Verify	Run Jest tests	2026-10-07T16:43:20.0196038Z 
Verify	Run Jest tests	2026-10-07T16:43:20.0196259Z     console.error
Verify	Run Jest tests	2026-10-07T16:43:20.0197176Z       An update to SessionProvider inside a test was not wrapped in act(...).
Verify	Run Jest tests	2026-10-07T16:43:20.0197780Z       
Verify	Run Jest tests	2026-10-07T16:43:20.0198371Z       When testing, code that causes React state updates should be wrapped into act(...):
Verify	Run Jest tests	2026-10-07T16:43:20.0199068Z       
Verify	Run Jest tests	2026-10-07T16:43:20.0199402Z       act(() => {
Verify	Run Jest tests	2026-10-07T16:43:20.0200474Z         /* fire events that update state */
Verify	Run Jest tests	2026-10-07T16:43:20.0200937Z       });
Verify	Run Jest tests	2026-10-07T16:43:20.0201407Z       /* assert on the output */
Verify	Run Jest tests	2026-10-07T16:43:20.0202091Z       
Verify	Run Jest tests	2026-10-07T16:43:20.0202976Z       This ensures that you're testing the behavior the user would see in the browser. Learn more at https://react.dev/link/wrap-tests-with-act
Verify	Run Jest tests	2026-10-07T16:43:20.0203652Z 
Verify	Run Jest tests	2026-10-07T16:43:20.0204261Z     ^[[0m ^[[90m 83 |^[[39m     readStoredSession()^[[33m.^[[39mthen(restored ^[[33m=>^[[39m {
Verify	Run Jest tests	2026-10-07T16:43:20.0205363Z      ^[[90m 84 |^[[39m       ^[[36mif^[[39m (^[[33m!^[[39mchangedRef^[[33m.^[[39mcurrent ^[[33m&&^[[39m isMountedRef^[[33m.^[[39mcurrent) {
Verify	Run Jest tests	2026-10-07T16:43:20.0206315Z     ^[[31m^[[1m>^[[22m^[[39m^[[90m 85 |^[[39m         setSession(restored)^[[33m;^[[39m
Verify	Run Jest tests	2026-10-07T16:43:20.0207045Z      ^[[90m    |^[[39m         ^[[31m^[[1m^^[[22m^[[39m
Verify	Run Jest tests	2026-10-07T16:43:20.0207669Z      ^[[90m 86 |^[[39m       }
Verify	Run Jest tests	2026-10-07T16:43:20.0208344Z      ^[[90m 87 |^[[39m     })^[[33m;^[[39m
Verify	Run Jest tests	2026-10-07T16:43:20.0209143Z      ^[[90m 88 |^[[39m     ^[[90m// The HTTP client has already cleared the stored session.^[[39m^[[0m
Verify	Run Jest tests	2026-10-07T16:43:20.0209585Z 
Verify	Run Jest tests	2026-10-07T16:43:20.0210058Z       at node_modules/react-test-renderer/cjs/react-test-renderer.development.js:14402:19
Verify	Run Jest tests	2026-10-07T16:43:20.0211044Z       at runWithFiberInDEV (node_modules/react-test-renderer/cjs/react-test-renderer.development.js:2315:13)
Verify	Run Jest tests	2026-10-07T16:43:20.0212380Z       at warnIfUpdatesNotWrappedWithActDEV (node_modules/react-test-renderer/cjs/react-test-renderer.development.js:14401:9)
Verify	Run Jest tests	2026-10-07T16:43:20.0213627Z       at scheduleUpdateOnFiber (node_modules/react-test-renderer/cjs/react-test-renderer.development.js:12086:9)
Verify	Run Jest tests	2026-10-07T16:43:20.0214723Z       at dispatchSetStateInternal (node_modules/react-test-renderer/cjs/react-test-renderer.development.js:6208:13)
Verify	Run Jest tests	2026-10-07T16:43:20.0215765Z       at dispatchSetState (node_modules/react-test-renderer/cjs/react-test-renderer.development.js:6165:7)
Verify	Run Jest tests	2026-10-07T16:43:20.0216646Z       at setSession (providers/SessionProvider.tsx:85:9)
Verify	Run Jest tests	2026-10-07T16:43:20.0217036Z 
Verify	Run Jest tests	2026-10-07T16:43:21.2230013Z PASS __tests__/components/HomeScreen.test.tsx
Verify	Run Jest tests	2026-10-07T16:43:21.3914265Z PASS __tests__/services/auth.test.ts
Verify	Run Jest tests	2026-10-07T16:43:21.5792533Z PASS __tests__/integrations/seams.test.ts
Verify	Run Jest tests	2026-10-07T16:43:21.6882813Z PASS __tests__/config/appConfig.test.ts
Verify	Run Jest tests	2026-10-07T16:43:23.3660128Z PASS __tests__/navigation/tabBarTheme.test.tsx
Verify	Run Jest tests	2026-10-07T16:43:23.3704882Z   ● Console
Verify	Run Jest tests	2026-10-07T16:43:23.3705548Z 
Verify	Run Jest tests	2026-10-07T16:43:23.3705837Z     console.debug
Verify	Run Jest tests	2026-10-07T16:43:23.3706389Z       [analytics] screen /
Verify	Run Jest tests	2026-10-07T16:43:23.3706803Z 
Verify	Run Jest tests	2026-10-07T16:43:23.3707080Z       at debug (utils/logger.ts:133:18)
Verify	Run Jest tests	2026-10-07T16:43:23.3707528Z 
Verify	Run Jest tests	2026-10-07T16:43:23.3707821Z     console.debug
Verify	Run Jest tests	2026-10-07T16:43:23.3708294Z       [analytics] screen /
Verify	Run Jest tests	2026-10-07T16:43:23.3708666Z 
Verify	Run Jest tests	2026-10-07T16:43:23.3708976Z       at debug (utils/logger.ts:133:18)
Verify	Run Jest tests	2026-10-07T16:43:23.3709306Z 
Verify	Run Jest tests	2026-10-07T16:43:23.4489375Z PASS __tests__/components/ErrorBoundary.test.tsx (12.206 s)
Verify	Run Jest tests	2026-10-07T16:43:23.4896640Z   ● Console
Verify	Run Jest tests	2026-10-07T16:43:23.4897584Z 
Verify	Run Jest tests	2026-10-07T16:43:23.4898328Z     console.debug
Verify	Run Jest tests	2026-10-07T16:43:23.4898902Z       [analytics] screen /boom
Verify	Run Jest tests	2026-10-07T16:43:23.4899229Z 
Verify	Run Jest tests	2026-10-07T16:43:23.4899530Z       at debug (utils/logger.ts:133:18)
Verify	Run Jest tests	2026-10-07T16:43:23.4899925Z 
Verify	Run Jest tests	2026-10-07T16:43:23.4900537Z     console.debug
Verify	Run Jest tests	2026-10-07T16:43:23.4900952Z       [analytics] screen /
Verify	Run Jest tests	2026-10-07T16:43:23.4901329Z 
Verify	Run Jest tests	2026-10-07T16:43:23.4901616Z       at debug (utils/logger.ts:133:18)
Verify	Run Jest tests	2026-10-07T16:43:23.4902421Z 
Verify	Run Jest tests	2026-10-07T16:43:23.4902668Z     console.debug
Verify	Run Jest tests	2026-10-07T16:43:23.4903131Z       [analytics] screen /
Verify	Run Jest tests	2026-10-07T16:43:23.4903449Z 
Verify	Run Jest tests	2026-10-07T16:43:23.4904262Z       at debug (utils/logger.ts:133:18)
Verify	Run Jest tests	2026-10-07T16:43:23.4904604Z 
Verify	Run Jest tests	2026-10-07T16:43:23.4904830Z     console.debug
Verify	Run Jest tests	2026-10-07T16:43:23.4905379Z       [analytics] screen /boom
Verify	Run Jest tests	2026-10-07T16:43:23.4905927Z 
Verify	Run Jest tests	2026-10-07T16:43:23.4906239Z       at debug (utils/logger.ts:133:18)
Verify	Run Jest tests	2026-10-07T16:43:23.4906641Z 
Verify	Run Jest tests	2026-10-07T16:43:23.4906885Z     console.debug
Verify	Run Jest tests	2026-10-07T16:43:23.4907686Z       [analytics] screen /
Verify	Run Jest tests	2026-10-07T16:43:23.4908051Z 
Verify	Run Jest tests	2026-10-07T16:43:23.4908301Z       at debug (utils/logger.ts:133:18)
Verify	Run Jest tests	2026-10-07T16:43:23.4909185Z 
Verify	Run Jest tests	2026-10-07T16:43:23.4912592Z     console.debug
Verify	Run Jest tests	2026-10-07T16:43:23.4922210Z       [analytics] screen /
Verify	Run Jest tests	2026-10-07T16:43:23.4922951Z 
Verify	Run Jest tests	2026-10-07T16:43:23.4923274Z       at debug (utils/logger.ts:133:18)
Verify	Run Jest tests	2026-10-07T16:43:23.4923597Z 
Verify	Run Jest tests	2026-10-07T16:43:23.4923787Z     console.debug
Verify	Run Jest tests	2026-10-07T16:43:23.4924241Z       [analytics] screen /boom
Verify	Run Jest tests	2026-10-07T16:43:23.4924563Z 
Verify	Run Jest tests	2026-10-07T16:43:23.4924825Z       at debug (utils/logger.ts:133:18)
Verify	Run Jest tests	2026-10-07T16:43:23.4925779Z 
Verify	Run Jest tests	2026-10-07T16:43:23.4926073Z     console.debug
Verify	Run Jest tests	2026-10-07T16:43:23.4926462Z       [analytics] screen /
Verify	Run Jest tests	2026-10-07T16:43:23.4926719Z 
Verify	Run Jest tests	2026-10-07T16:43:23.4927011Z       at debug (utils/logger.ts:133:18)
Verify	Run Jest tests	2026-10-07T16:43:23.4927349Z 
Verify	Run Jest tests	2026-10-07T16:43:23.4927525Z     console.debug
Verify	Run Jest tests	2026-10-07T16:43:23.4927946Z       [analytics] screen /boom
Verify	Run Jest tests	2026-10-07T16:43:23.4928207Z 
Verify	Run Jest tests	2026-10-07T16:43:23.4928436Z       at debug (utils/logger.ts:133:18)
Verify	Run Jest tests	2026-10-07T16:43:23.4928890Z 
Verify	Run Jest tests	2026-10-07T16:43:23.4929090Z     console.debug
Verify	Run Jest tests	2026-10-07T16:43:23.4929520Z       [analytics] screen /
Verify	Run Jest tests	2026-10-07T16:43:23.4929812Z 
Verify	Run Jest tests	2026-10-07T16:43:23.4930022Z       at debug (utils/logger.ts:133:18)
Verify	Run Jest tests	2026-10-07T16:43:23.4930331Z 
Verify	Run Jest tests	2026-10-07T16:43:23.4930586Z     console.debug
Verify	Run Jest tests	2026-10-07T16:43:23.4930991Z       [analytics] screen /boom
Verify	Run Jest tests	2026-10-07T16:43:23.4931284Z 
Verify	Run Jest tests	2026-10-07T16:43:23.4931539Z       at debug (utils/logger.ts:133:18)
Verify	Run Jest tests	2026-10-07T16:43:23.4931827Z 
Verify	Run Jest tests	2026-10-07T16:43:24.2377115Z PASS __tests__/integrations/i18n.test.tsx
Verify	Run Jest tests	2026-10-07T16:43:24.2405907Z   ● Console
Verify	Run Jest tests	2026-10-07T16:43:24.2427267Z 
Verify	Run Jest tests	2026-10-07T16:43:24.2428116Z     console.debug
Verify	Run Jest tests	2026-10-07T16:43:24.2428891Z       [analytics] screen /
Verify	Run Jest tests	2026-10-07T16:43:24.2429239Z 
Verify	Run Jest tests	2026-10-07T16:43:24.2429594Z       at debug (utils/logger.ts:133:18)
Verify	Run Jest tests	2026-10-07T16:43:24.2429992Z 
Verify	Run Jest tests	2026-10-07T16:43:24.2430194Z     console.debug
Verify	Run Jest tests	2026-10-07T16:43:24.2430758Z       [analytics] screen /login
Verify	Run Jest tests	2026-10-07T16:43:24.2431093Z 
Verify	Run Jest tests	2026-10-07T16:43:24.2431352Z       at debug (utils/logger.ts:133:18)
Verify	Run Jest tests	2026-10-07T16:43:24.2431706Z 
Verify	Run Jest tests	2026-10-07T16:43:24.5119586Z PASS __tests__/navigation/initialRoute.test.tsx
Verify	Run Jest tests	2026-10-07T16:43:24.5202400Z   ● Console
Verify	Run Jest tests	2026-10-07T16:43:24.5213036Z 
Verify	Run Jest tests	2026-10-07T16:43:24.5244121Z     console.debug
Verify	Run Jest tests	2026-10-07T16:43:24.5253509Z       [analytics] screen /
Verify	Run Jest tests	2026-10-07T16:43:24.5254289Z 
Verify	Run Jest tests	2026-10-07T16:43:24.5254876Z       at debug (utils/logger.ts:133:18)
Verify	Run Jest tests	2026-10-07T16:43:24.5255346Z 
Verify	Run Jest tests	2026-10-07T16:43:24.5255677Z     console.debug
Verify	Run Jest tests	2026-10-07T16:43:24.5256292Z       [analytics] screen /login
Verify	Run Jest tests	2026-10-07T16:43:24.5256765Z 
Verify	Run Jest tests	2026-10-07T16:43:24.5257136Z       at debug (utils/logger.ts:133:18)
Verify	Run Jest tests	2026-10-07T16:43:24.5257522Z 
Verify	Run Jest tests	2026-10-07T16:43:24.5257861Z     console.debug
Verify	Run Jest tests	2026-10-07T16:43:24.5258396Z       [analytics] screen /login
Verify	Run Jest tests	2026-10-07T16:43:24.5258800Z 
Verify	Run Jest tests	2026-10-07T16:43:24.5259127Z       at debug (utils/logger.ts:133:18)
Verify	Run Jest tests	2026-10-07T16:43:24.5259616Z 
Verify	Run Jest tests	2026-10-07T16:43:24.5259982Z     console.debug
Verify	Run Jest tests	2026-10-07T16:43:24.5260595Z       [analytics] screen /
Verify	Run Jest tests	2026-10-07T16:43:24.5260886Z 
Verify	Run Jest tests	2026-10-07T16:43:24.5261243Z       at debug (utils/logger.ts:133:18)
Verify	Run Jest tests	2026-10-07T16:43:24.5290252Z 
Verify	Run Jest tests	2026-10-07T16:43:24.8740432Z PASS __tests__/navigation/statusBar.test.tsx
Verify	Run Jest tests	2026-10-07T16:43:24.8776005Z   ● Console
Verify	Run Jest tests	2026-10-07T16:43:24.8776578Z 
Verify	Run Jest tests	2026-10-07T16:43:24.8788590Z     console.debug
Verify	Run Jest tests	2026-10-07T16:43:24.8789538Z       [analytics] screen /
Verify	Run Jest tests	2026-10-07T16:43:24.8790006Z 
Verify	Run Jest tests	2026-10-07T16:43:24.8790336Z       at debug (utils/logger.ts:133:18)
Verify	Run Jest tests	2026-10-07T16:43:24.8790690Z 
Verify	Run Jest tests	2026-10-07T16:43:24.8790992Z     console.debug
Verify	Run Jest tests	2026-10-07T16:43:24.8792193Z       [analytics] screen /
Verify	Run Jest tests	2026-10-07T16:43:24.8792541Z 
Verify	Run Jest tests	2026-10-07T16:43:24.8792921Z       at debug (utils/logger.ts:133:18)
Verify	Run Jest tests	2026-10-07T16:43:24.8793309Z 
Verify	Run Jest tests	2026-10-07T16:43:24.9480633Z PASS __tests__/navigation/sessionRoutes.test.tsx (13.674 s)
Verify	Run Jest tests	2026-10-07T16:43:24.9882529Z   ● Console
Verify	Run Jest tests	2026-10-07T16:43:24.9887048Z 
Verify	Run Jest tests	2026-10-07T16:43:24.9887812Z     console.debug
Verify	Run Jest tests	2026-10-07T16:43:24.9888522Z       [analytics] screen /profile
Verify	Run Jest tests	2026-10-07T16:43:24.9888802Z 
Verify	Run Jest tests	2026-10-07T16:43:24.9888981Z       at debug (utils/logger.ts:133:18)
Verify	Run Jest tests	2026-10-07T16:43:24.9889239Z 
Verify	Run Jest tests	2026-10-07T16:43:24.9889402Z     console.debug
Verify	Run Jest tests	2026-10-07T16:43:24.9889769Z       [analytics] screen /profile
Verify	Run Jest tests	2026-10-07T16:43:24.9890065Z 
Verify	Run Jest tests	2026-10-07T16:43:24.9890228Z       at debug (utils/logger.ts:133:18)
Verify	Run Jest tests	2026-10-07T16:43:24.9890480Z 
Verify	Run Jest tests	2026-10-07T16:43:24.9890689Z     console.debug
Verify	Run Jest tests	2026-10-07T16:43:24.9890999Z       [analytics] screen /
Verify	Run Jest tests	2026-10-07T16:43:24.9891208Z 
Verify	Run Jest tests	2026-10-07T16:43:24.9891374Z       at debug (utils/logger.ts:133:18)
Verify	Run Jest tests	2026-10-07T16:43:24.9891647Z 
Verify	Run Jest tests	2026-10-07T16:43:24.9891799Z     console.debug
Verify	Run Jest tests	2026-10-07T16:43:24.9892499Z       [analytics] screen /login
Verify	Run Jest tests	2026-10-07T16:43:24.9892777Z 
Verify	Run Jest tests	2026-10-07T16:43:24.9892935Z       at debug (utils/logger.ts:133:18)
Verify	Run Jest tests	2026-10-07T16:43:24.9893190Z 
Verify	Run Jest tests	2026-10-07T16:43:24.9893330Z     console.debug
Verify	Run Jest tests	2026-10-07T16:43:24.9893680Z       [analytics] screen /
Verify	Run Jest tests	2026-10-07T16:43:24.9893898Z 
Verify	Run Jest tests	2026-10-07T16:43:24.9894049Z       at debug (utils/logger.ts:133:18)
Verify	Run Jest tests	2026-10-07T16:43:24.9894280Z 
Verify	Run Jest tests	2026-10-07T16:43:24.9894503Z     console.debug
Verify	Run Jest tests	2026-10-07T16:43:24.9894835Z       [analytics] screen /login
Verify	Run Jest tests	2026-10-07T16:43:24.9895065Z 
Verify	Run Jest tests	2026-10-07T16:43:24.9895252Z       at debug (utils/logger.ts:133:18)
Verify	Run Jest tests	2026-10-07T16:43:24.9895482Z 
Verify	Run Jest tests	2026-10-07T16:43:24.9895636Z     console.debug
Verify	Run Jest tests	2026-10-07T16:43:24.9895948Z       [analytics] screen /
Verify	Run Jest tests	2026-10-07T16:43:24.9896195Z 
Verify	Run Jest tests	2026-10-07T16:43:24.9896405Z       at debug (utils/logger.ts:133:18)
Verify	Run Jest tests	2026-10-07T16:43:24.9896663Z 
Verify	Run Jest tests	2026-10-07T16:43:24.9896825Z     console.debug
Verify	Run Jest tests	2026-10-07T16:43:24.9897184Z       [analytics] screen /profile
Verify	Run Jest tests	2026-10-07T16:43:24.9897465Z 
Verify	Run Jest tests	2026-10-07T16:43:24.9897664Z       at debug (utils/logger.ts:133:18)
Verify	Run Jest tests	2026-10-07T16:43:24.9898098Z 
Verify	Run Jest tests	2026-10-07T16:43:24.9898211Z     console.debug
Verify	Run Jest tests	2026-10-07T16:43:24.9898679Z       [analytics] screen /
Verify	Run Jest tests	2026-10-07T16:43:24.9898893Z 
Verify	Run Jest tests	2026-10-07T16:43:24.9899108Z       at debug (utils/logger.ts:133:18)
Verify	Run Jest tests	2026-10-07T16:43:24.9899641Z 
Verify	Run Jest tests	2026-10-07T16:43:24.9899817Z     console.debug
Verify	Run Jest tests	2026-10-07T16:43:24.9900408Z       [analytics] screen /profile
Verify	Run Jest tests	2026-10-07T16:43:24.9900697Z 
Verify	Run Jest tests	2026-10-07T16:43:24.9900964Z       at debug (utils/logger.ts:133:18)
Verify	Run Jest tests	2026-10-07T16:43:24.9901245Z 
Verify	Run Jest tests	2026-10-07T16:43:24.9902233Z     console.debug
Verify	Run Jest tests	2026-10-07T16:43:24.9902631Z       [analytics] screen /
Verify	Run Jest tests	2026-10-07T16:43:24.9902884Z 
Verify	Run Jest tests	2026-10-07T16:43:24.9903109Z       at debug (utils/logger.ts:133:18)
Verify	Run Jest tests	2026-10-07T16:43:24.9903376Z 
Verify	Run Jest tests	2026-10-07T16:43:24.9903547Z     console.debug
Verify	Run Jest tests	2026-10-07T16:43:24.9904004Z       [analytics] screen /profile
Verify	Run Jest tests	2026-10-07T16:43:24.9904579Z 
Verify	Run Jest tests	2026-10-07T16:43:24.9904821Z       at debug (utils/logger.ts:133:18)
Verify	Run Jest tests	2026-10-07T16:43:24.9905085Z 
Verify	Run Jest tests	2026-10-07T16:43:24.9905207Z     console.debug
Verify	Run Jest tests	2026-10-07T16:43:24.9905649Z       [analytics] screen /
Verify	Run Jest tests	2026-10-07T16:43:24.9905847Z 
Verify	Run Jest tests	2026-10-07T16:43:24.9906109Z       at debug (utils/logger.ts:133:18)
Verify	Run Jest tests	2026-10-07T16:43:24.9906391Z 
Verify	Run Jest tests	2026-10-07T16:43:24.9906563Z     console.debug
Verify	Run Jest tests	2026-10-07T16:43:24.9906948Z       [analytics] screen /profile
Verify	Run Jest tests	2026-10-07T16:43:24.9907183Z 
Verify	Run Jest tests	2026-10-07T16:43:24.9907400Z       at debug (utils/logger.ts:133:18)
Verify	Run Jest tests	2026-10-07T16:43:24.9907691Z 
Verify	Run Jest tests	2026-10-07T16:43:24.9907877Z     console.debug
Verify	Run Jest tests	2026-10-07T16:43:24.9908511Z       [analytics] screen /
Verify	Run Jest tests	2026-10-07T16:43:24.9908812Z 
Verify	Run Jest tests	2026-10-07T16:43:24.9909001Z       at debug (utils/logger.ts:133:18)
Verify	Run Jest tests	2026-10-07T16:43:24.9909457Z 
Verify	Run Jest tests	2026-10-07T16:43:24.9909630Z     console.debug
Verify	Run Jest tests	2026-10-07T16:43:24.9910008Z       [analytics] screen /
Verify	Run Jest tests	2026-10-07T16:43:24.9910248Z 
Verify	Run Jest tests	2026-10-07T16:43:24.9910430Z       at debug (utils/logger.ts:133:18)
Verify	Run Jest tests	2026-10-07T16:43:24.9910718Z 
Verify	Run Jest tests	2026-10-07T16:43:24.9911129Z     console.debug
Verify	Run Jest tests	2026-10-07T16:43:24.9911642Z       [analytics] screen /profile
Verify	Run Jest tests	2026-10-07T16:43:24.9917659Z 
Verify	Run Jest tests	2026-10-07T16:43:24.9918112Z       at debug (utils/logger.ts:133:18)
Verify	Run Jest tests	2026-10-07T16:43:24.9918557Z 
Verify	Run Jest tests	2026-10-07T16:43:24.9918955Z     console.debug
Verify	Run Jest tests	2026-10-07T16:43:24.9919420Z       [analytics] screen /
Verify	Run Jest tests	2026-10-07T16:43:24.9919646Z 
Verify	Run Jest tests	2026-10-07T16:43:24.9920017Z       at debug (utils/logger.ts:133:18)
Verify	Run Jest tests	2026-10-07T16:43:24.9920424Z 
Verify	Run Jest tests	2026-10-07T16:43:24.9920604Z     console.debug
Verify	Run Jest tests	2026-10-07T16:43:24.9921173Z       [analytics] screen /profile
Verify	Run Jest tests	2026-10-07T16:43:24.9921602Z 
Verify	Run Jest tests	2026-10-07T16:43:24.9921838Z       at debug (utils/logger.ts:133:18)
Verify	Run Jest tests	2026-10-07T16:43:24.9922577Z 
Verify	Run Jest tests	2026-10-07T16:43:25.1034056Z PASS __tests__/navigation/configError.test.tsx
Verify	Run Jest tests	2026-10-07T16:43:25.1054091Z   ● Console
Verify	Run Jest tests	2026-10-07T16:43:25.1069833Z 
Verify	Run Jest tests	2026-10-07T16:43:25.1070782Z     console.debug
Verify	Run Jest tests	2026-10-07T16:43:25.1083300Z       [analytics] screen /
Verify	Run Jest tests	2026-10-07T16:43:25.1098118Z 
Verify	Run Jest tests	2026-10-07T16:43:25.1099189Z       at debug (utils/logger.ts:133:18)
Verify	Run Jest tests	2026-10-07T16:43:25.1099829Z 
Verify	Run Jest tests	2026-10-07T16:43:25.2163851Z PASS __tests__/services/storage.test.ts
Verify	Run Jest tests	2026-10-07T16:43:25.2223938Z   ● Console
Verify	Run Jest tests	2026-10-07T16:43:25.2242403Z 
Verify	Run Jest tests	2026-10-07T16:43:25.2253455Z     console.error
Verify	Run Jest tests	2026-10-07T16:43:25.2283646Z       Error retrieving bad-json SyntaxError: Expected property name or '}' in JSON at position 1 (line 1 column 2)
Verify	Run Jest tests	2026-10-07T16:43:25.2312920Z           at JSON.parse (<anonymous>)
Verify	Run Jest tests	2026-10-07T16:43:25.2343131Z           at parse (/home/runner/work/react-native-starter/react-native-starter/services/storage.ts:35:38)
Verify	Run Jest tests	2026-10-07T16:43:25.2346245Z           at Generator.next (<anonymous>)
Verify	Run Jest tests	2026-10-07T16:43:25.2429246Z           at asyncGeneratorStep (/home/runner/work/react-native-starter/react-native-starter/node_modules/@babel/runtime/helpers/asyncToGenerator.js:3:17)
Verify	Run Jest tests	2026-10-07T16:43:25.2477446Z           at _next (/home/runner/work/react-native-starter/react-native-starter/node_modules/@babel/runtime/helpers/asyncToGenerator.js:17:9)
Verify	Run Jest tests	2026-10-07T16:43:25.2478757Z           at processTicksAndRejections (node:internal/process/task_queues:104:5)
Verify	Run Jest tests	2026-10-07T16:43:25.2479316Z 
Verify	Run Jest tests	2026-10-07T16:43:25.2480409Z     ^[[0m ^[[90m 128 |^[[39m     ^[[36mif^[[39m (^[[33mLEVEL_ORDER^[[39m[level] ^[[33m<^[[39m ^[[33mLEVEL_ORDER^[[39m[minLevel]) ^[[36mreturn^[[39m^[[33m;^[[39m
Verify	Run Jest tests	2026-10-07T16:43:25.2481826Z      ^[[90m 129 |^[[39m     ^[[36mconst^[[39m args ^[[33m=^[[39m [message^[[33m,^[[39m ^[[33m...^[[39mdetails^[[33m.^[[39mfilter(item ^[[33m=>^[[39m item ^[[33m!==^[[39m undefined)]^[[33m;^[[39m
Verify	Run Jest tests	2026-10-07T16:43:25.2483505Z     ^[[31m^[[1m>^[[22m^[[39m^[[90m 130 |^[[39m     ^[[36mif^[[39m (level ^[[33m===^[[39m ^[[32m'error'^[[39m) console^[[33m.^[[39merror(^[[33m...^[[39margs)^[[33m;^[[39m
Verify	Run Jest tests	2026-10-07T16:43:25.2484948Z      ^[[90m     |^[[39m                                    ^[[31m^[[1m^^[[22m^[[39m
Verify	Run Jest tests	2026-10-07T16:43:25.2485929Z      ^[[90m 131 |^[[39m     ^[[36melse^[[39m ^[[36mif^[[39m (level ^[[33m===^[[39m ^[[32m'warn'^[[39m) console^[[33m.^[[39mwarn(^[[33m...^[[39margs)^[[33m;^[[39m
Verify	Run Jest tests	2026-10-07T16:43:25.2487052Z      ^[[90m 132 |^[[39m     ^[[36melse^[[39m ^[[36mif^[[39m (level ^[[33m===^[[39m ^[[32m'info'^[[39m) console^[[33m.^[[39minfo(^[[33m...^[[39margs)^[[33m;^[[39m
Verify	Run Jest tests	2026-10-07T16:43:25.2488097Z      ^[[90m 133 |^[[39m     ^[[36melse^[[39m console^[[33m.^[[39mdebug(^[[33m...^[[39margs)^[[33m;^[[39m^[[0m
Verify	Run Jest tests	2026-10-07T16:43:25.2488547Z 
Verify	Run Jest tests	2026-10-07T16:43:25.2488845Z       at error (utils/logger.ts:130:36)
Verify	Run Jest tests	2026-10-07T16:43:25.2489367Z       at Object.write (utils/logger.ts:154:7)
Verify	Run Jest tests	2026-10-07T16:43:25.2489958Z       at error (services/storage.ts:37:12)
Verify	Run Jest tests	2026-10-07T16:43:25.2490636Z       at asyncGeneratorStep (node_modules/@babel/runtime/helpers/asyncToGenerator.js:3:17)
Verify	Run Jest tests	2026-10-07T16:43:25.2491492Z       at _next (node_modules/@babel/runtime/helpers/asyncToGenerator.js:17:9)
Verify	Run Jest tests	2026-10-07T16:43:25.2492150Z 
Verify	Run Jest tests	2026-10-07T16:43:25.2492455Z     console.info
Verify	Run Jest tests	2026-10-07T16:43:25.2493395Z       [error-reporter] exception: SyntaxError: Expected property name or '}' in JSON at position 1 (line 1 column 2) (Error retrieving bad-json)
Verify	Run Jest tests	2026-10-07T16:43:25.2494073Z 
Verify	Run Jest tests	2026-10-07T16:43:25.2494777Z       at Object.info [as captureException] (integrations/errorReporter.ts:51:13)
Verify	Run Jest tests	2026-10-07T16:43:25.2495261Z 
Verify	Run Jest tests	2026-10-07T16:43:25.2861285Z PASS __tests__/components/LoadingScreen.test.tsx
Verify	Run Jest tests	2026-10-07T16:43:25.3736641Z PASS __tests__/utils/sum.test.ts
Verify	Run Jest tests	2026-10-07T16:43:25.4124142Z PASS __tests__/hooks/useFetch.test.tsx
Verify	Run Jest tests	2026-10-07T16:43:25.4876713Z PASS __tests__/integrations/screenTracking.test.tsx
Verify	Run Jest tests	2026-10-07T16:43:25.5816686Z 
Verify	Run Jest tests	2026-10-07T16:43:25.5819934Z Test Suites: 21 passed, 21 total
Verify	Run Jest tests	2026-10-07T16:43:25.5820725Z Tests:       149 passed, 149 total
Verify	Run Jest tests	2026-10-07T16:43:25.5821198Z Snapshots:   0 total
Verify	Run Jest tests	2026-10-07T16:43:25.5821606Z Time:        17.591 s
Verify	Run Jest tests	2026-10-07T16:43:25.5822093Z Ran all test suites.
Verify	Expo Doctor	﻿2026-10-07T16:43:25.6016439Z ##[group]Run npx expo-doctor
Verify	Expo Doctor	2026-10-07T16:43:25.6016872Z ^[[36;1mnpx expo-doctor^[[0m
Verify	Expo Doctor	2026-10-07T16:43:25.6056657Z shell: /usr/bin/bash -e {0}
Verify	Expo Doctor	2026-10-07T16:43:25.6057025Z ##[endgroup]
Verify	Expo Doctor	2026-10-07T16:43:26.9073598Z Running 21 checks on your project...
Verify	Expo Doctor	2026-10-07T16:43:29.9702064Z 21/21 checks passed. No issues detected!
Verify	Export web build	﻿2026-10-07T16:43:29.9998240Z ##[group]Run npx expo export --platform web --output-dir dist
Verify	Export web build	2026-10-07T16:43:29.9998732Z ^[[36;1mnpx expo export --platform web --output-dir dist^[[0m
Verify	Export web build	2026-10-07T16:43:30.0037877Z shell: /usr/bin/bash -e {0}
Verify	Export web build	2026-10-07T16:43:30.0038344Z ##[endgroup]
Verify	Export web build	2026-10-07T16:43:30.8851174Z Starting Metro Bundler
Verify	Export web build	2026-10-07T16:43:30.8851601Z 
Verify	Export web build	2026-10-07T16:43:45.8679826Z Web Bundled 14725ms index.ts (1173 modules)
Verify	Export web build	2026-10-07T16:43:46.1812232Z 
Verify	Export web build	2026-10-07T16:43:46.1818451Z › Assets (19):
Verify	Export web build	2026-10-07T16:43:46.1890099Z node_modules/@expo/vector-icons/build/vendor/react-native-vector-icons/Fonts/MaterialCommunityIcons.6e435534bd35da5fef04168860a9b8fa.ttf (1.3MB)
Verify	Export web build	2026-10-07T16:43:46.1891215Z node_modules/expo-router/assets/arrow_down.017bc6ba3fc25503e5eb5e53826d48a8.png (9.5KB)
Verify	Export web build	2026-10-07T16:43:46.1892482Z node_modules/expo-router/assets/error.d1ea1496f9057eb392d5bbf3732a61b7.png (469B)
Verify	Export web build	2026-10-07T16:43:46.1893302Z node_modules/expo-router/assets/file.19eeb73b9593a38f8e9f418337fc7d10.png (138B)
Verify	Export web build	2026-10-07T16:43:46.1894065Z node_modules/expo-router/assets/forward.d8b800c443b8972542883e0b9de2bdc6.png (188B)
Verify	Export web build	2026-10-07T16:43:46.1894982Z node_modules/expo-router/assets/pkg.ab19f4cbc543357183a20571f68380a3.png (364B)
Verify	Export web build	2026-10-07T16:43:46.1896066Z node_modules/expo-router/assets/react-navigation/elements/back-icon-mask.0a328cd9c1afd0afe8e3b1ec5165b1b4.png (653B)
Verify	Export web build	2026-10-07T16:43:46.1902568Z node_modules/expo-router/assets/react-navigation/elements/back-icon.35ba0eaec5a4f5ed12ca16fabeae451d.png (207B)
Verify	Export web build	2026-10-07T16:43:46.1903817Z node_modules/expo-router/assets/react-navigation/elements/clear-icon.c94f6478e7ae0cdd9f15de1fcb9e5e55.png (4 variations | 425B)
Verify	Export web build	2026-10-07T16:43:46.1904656Z node_modules/expo-router/assets/react-navigation/elements/close-icon.808e1b1b9b53114ec2838071a7e6daa7.png (4 variations | 235B)
Verify	Export web build	2026-10-07T16:43:46.1905463Z node_modules/expo-router/assets/react-navigation/elements/search-icon.286d67d3f74808a60a78d3ebf1a5fb57.png (928B)
Verify	Export web build	2026-10-07T16:43:46.1906210Z node_modules/expo-router/assets/sitemap.412dd9275b6b48ad28f5e3d81bb1f626.png (465B)
Verify	Export web build	2026-10-07T16:43:46.1906804Z node_modules/expo-router/assets/unmatched.20e71bdf79e3a97bf55fd9e164041578.png (4.8KB)
Verify	Export web build	2026-10-07T16:43:46.1907135Z 
Verify	Export web build	2026-10-07T16:43:46.1907487Z › web bundles (1):
Verify	Export web build	2026-10-07T16:43:46.1941369Z _expo/static/js/web/index-aee2a40ede0846579e72a0725680a15f.js (2.3MB)
Verify	Export web build	2026-10-07T16:43:46.1941753Z 
Verify	Export web build	2026-10-07T16:43:46.1942569Z › Files (3):
Verify	Export web build	2026-10-07T16:43:46.1942973Z favicon.ico (15KB)
Verify	Export web build	2026-10-07T16:43:46.1943331Z index.html (1.2KB)
Verify	Export web build	2026-10-07T16:43:46.1943692Z metadata.json (49B)
Verify	Export web build	2026-10-07T16:43:46.2034934Z 
Verify	Export web build	2026-10-07T16:43:46.2038177Z Exported: dist
Verify	Post Set up Node.js	﻿2026-10-07T16:43:46.3262620Z Post job cleanup.
Verify	Post Set up Node.js	2026-10-07T16:43:46.4313901Z (node:2529) [DEP0040] DeprecationWarning: The `punycode` module is deprecated. Please use a userland alternative instead.
Verify	Post Set up Node.js	2026-10-07T16:43:46.4314907Z (Use `node --trace-deprecation ...` to show where the warning was created)
Verify	Post Set up Node.js	2026-10-07T16:43:46.4317150Z Cache hit occurred on the primary key node-cache-Linux-x64-npm-9a82033345870d620287ae0ca8b0f11fd380bcf572aa61d4d09e5388351df534, not saving cache.
Verify	Post Check out repository	﻿2026-10-07T16:43:46.4460394Z Post job cleanup.
Verify	Post Check out repository	2026-10-07T16:43:46.5188977Z [command]/usr/bin/git version
Verify	Post Check out repository	2026-10-07T16:43:46.5229695Z git version 2.55.0
Verify	Post Check out repository	2026-10-07T16:43:46.5264854Z Temporarily overriding HOME='/home/runner/work/_temp/89e57148-b50a-438b-8152-dafa479e1a92' before making global git config changes
Verify	Post Check out repository	2026-10-07T16:43:46.5265710Z Adding repository directory to the temporary git global config as a safe directory
Verify	Post Check out repository	2026-10-07T16:43:46.5270484Z [command]/usr/bin/git config --global --add safe.directory /home/runner/work/react-native-starter/react-native-starter
Verify	Post Check out repository	2026-10-07T16:43:46.5304977Z [command]/usr/bin/git config --local --name-only --get-regexp core\.sshCommand
Verify	Post Check out repository	2026-10-07T16:43:46.5334926Z [command]/usr/bin/git submodule foreach --recursive sh -c "git config --local --name-only --get-regexp 'core\.sshCommand' && git config --local --unset-all 'core.sshCommand' || :"
Verify	Post Check out repository	2026-10-07T16:43:46.5530390Z [command]/usr/bin/git config --local --name-only --get-regexp http\.https\:\/\/github\.com\/\.extraheader
Verify	Post Check out repository	2026-10-07T16:43:46.5555936Z http.https://github.com/.extraheader
Verify	Post Check out repository	2026-10-07T16:43:46.5566268Z [command]/usr/bin/git config --local --unset-all http.https://github.com/.extraheader
Verify	Post Check out repository	2026-10-07T16:43:46.5604468Z [command]/usr/bin/git submodule foreach --recursive sh -c "git config --local --name-only --get-regexp 'http\.https\:\/\/github\.com\/\.extraheader' && git config --local --unset-all 'http.https://github.com/.extraheader' || :"
Verify	Post Check out repository	2026-10-07T16:43:46.5788071Z [command]/usr/bin/git config --local --name-only --get-regexp ^includeIf\.gitdir:
Verify	Post Check out repository	2026-10-07T16:43:46.5820948Z [command]/usr/bin/git submodule foreach --recursive git config --local --show-origin --name-only --get-regexp remote.origin.url
Verify	Complete job	﻿2026-10-07T16:43:46.6135457Z Cleaning up orphan processes
Verify	Complete job	2026-10-07T16:43:46.6387531Z ##[warning]Node.js 20 is deprecated. The following actions target Node.js 20 but are being forced to run on Node.js 24: actions/checkout@v4, actions/setup-node@v4. For more information see: https://github.blog/changelog/2025-09-19-deprecation-of-node-20-on-github-actions-runners/
