Verify	Set up job	﻿2026-09-29T16:20:05.2251073Z Current runner version: '2.337.0'
Verify	Set up job	2026-09-29T16:20:05.2276128Z ##[group]Runner Image Provisioner
Verify	Set up job	2026-09-29T16:20:05.2276931Z Hosted Compute Agent
Verify	Set up job	2026-09-29T16:20:05.2277516Z Version: 20260828.587
Verify	Set up job	2026-09-29T16:20:05.2278104Z Commit: abac92662cab4cc7352de4f9f9d2e2419aad9c29
Verify	Set up job	2026-09-29T16:20:05.2278765Z Build Date: 2026-08-28T16:44:25Z
Verify	Set up job	2026-09-29T16:20:05.2279420Z Worker ID: {9ae35cdc-024a-41fe-ae98-5e319cce94d3}
Verify	Set up job	2026-09-29T16:20:05.2280078Z Azure Region: westus3
Verify	Set up job	2026-09-29T16:20:05.2280576Z ##[endgroup]
Verify	Set up job	2026-09-29T16:20:05.2282259Z ##[group]Operating System
Verify	Set up job	2026-09-29T16:20:05.2282845Z Ubuntu
Verify	Set up job	2026-09-29T16:20:05.2283382Z 24.04.5
Verify	Set up job	2026-09-29T16:20:05.2283851Z LTS
Verify	Set up job	2026-09-29T16:20:05.2284309Z ##[endgroup]
Verify	Set up job	2026-09-29T16:20:05.2284839Z ##[group]Runner Image
Verify	Set up job	2026-09-29T16:20:05.2285381Z Image: ubuntu-24.04
Verify	Set up job	2026-09-29T16:20:05.2285917Z Version: 20260920.314.1
Verify	Set up job	2026-09-29T16:20:05.2286876Z Included Software: https://github.com/actions/runner-images/blob/ubuntu24/20260920.314/images/ubuntu/Ubuntu2404-Readme.md
Verify	Set up job	2026-09-29T16:20:05.2288447Z Image Release: https://github.com/actions/runner-images/releases/tag/ubuntu24%2F20260920.314
Verify	Set up job	2026-09-29T16:20:05.2289312Z ##[endgroup]
Verify	Set up job	2026-09-29T16:20:05.2290360Z ##[group]GITHUB_TOKEN Permissions
Verify	Set up job	2026-09-29T16:20:05.2292534Z Contents: read
Verify	Set up job	2026-09-29T16:20:05.2293437Z Metadata: read
Verify	Set up job	2026-09-29T16:20:05.2293985Z ##[endgroup]
Verify	Set up job	2026-09-29T16:20:05.2296028Z Secret source: Actions
Verify	Set up job	2026-09-29T16:20:05.2296944Z Cache mode: write
Verify	Set up job	2026-09-29T16:20:05.2297761Z Prepare workflow directory
Verify	Set up job	2026-09-29T16:20:05.2614478Z Prepare all required actions
Verify	Set up job	2026-09-29T16:20:05.2664996Z Getting action download info
Verify	Set up job	2026-09-29T16:20:05.6134303Z Download action repository 'actions/checkout@v4' (SHA:11d5960a326750d5838078e36cf38b85af677262)
Verify	Set up job	2026-09-29T16:20:05.7020654Z Download action repository 'actions/setup-node@v4' (SHA:49933ea5288caeca8642d1e84afbd3f7d6820020)
Verify	Set up job	2026-09-29T16:20:05.8634355Z Complete job name: Verify
Verify	Check out repository	﻿2026-09-29T16:20:05.9313885Z ##[group]Run actions/checkout@v4
Verify	Check out repository	2026-09-29T16:20:05.9314787Z with:
Verify	Check out repository	2026-09-29T16:20:05.9315318Z   repository: koniz-dev/react-native-starter
Verify	Check out repository	2026-09-29T16:20:05.9319389Z   token: ***
Verify	Check out repository	2026-09-29T16:20:05.9319849Z   ssh-strict: true
Verify	Check out repository	2026-09-29T16:20:05.9320336Z   ssh-user: git
Verify	Check out repository	2026-09-29T16:20:05.9320816Z   persist-credentials: true
Verify	Check out repository	2026-09-29T16:20:05.9321319Z   clean: true
Verify	Check out repository	2026-09-29T16:20:05.9322008Z   sparse-checkout-cone-mode: true
Verify	Check out repository	2026-09-29T16:20:05.9322593Z   fetch-depth: 1
Verify	Check out repository	2026-09-29T16:20:05.9323073Z   fetch-tags: false
Verify	Check out repository	2026-09-29T16:20:05.9323547Z   show-progress: true
Verify	Check out repository	2026-09-29T16:20:05.9324012Z   lfs: false
Verify	Check out repository	2026-09-29T16:20:05.9324512Z   submodules: false
Verify	Check out repository	2026-09-29T16:20:05.9324997Z   set-safe-directory: true
Verify	Check out repository	2026-09-29T16:20:05.9325544Z   allow-unsafe-pr-checkout: false
Verify	Check out repository	2026-09-29T16:20:05.9326423Z ##[endgroup]
Verify	Check out repository	2026-09-29T16:20:06.0473745Z Syncing repository: koniz-dev/react-native-starter
Verify	Check out repository	2026-09-29T16:20:06.0475860Z ##[group]Getting Git version info
Verify	Check out repository	2026-09-29T16:20:06.0476675Z Working directory is '/home/runner/work/react-native-starter/react-native-starter'
Verify	Check out repository	2026-09-29T16:20:06.0477848Z [command]/usr/bin/git version
Verify	Check out repository	2026-09-29T16:20:06.0617006Z git version 2.55.0
Verify	Check out repository	2026-09-29T16:20:06.0638237Z ##[endgroup]
Verify	Check out repository	2026-09-29T16:20:06.0653480Z Temporarily overriding HOME='/home/runner/work/_temp/0864df26-1ddf-4aec-854e-f955c1ef19d3' before making global git config changes
Verify	Check out repository	2026-09-29T16:20:06.0656185Z Adding repository directory to the temporary git global config as a safe directory
Verify	Check out repository	2026-09-29T16:20:06.0659719Z [command]/usr/bin/git config --global --add safe.directory /home/runner/work/react-native-starter/react-native-starter
Verify	Check out repository	2026-09-29T16:20:06.0708380Z Deleting the contents of '/home/runner/work/react-native-starter/react-native-starter'
Verify	Check out repository	2026-09-29T16:20:06.0714959Z ##[group]Initializing the repository
Verify	Check out repository	2026-09-29T16:20:06.0719992Z [command]/usr/bin/git init /home/runner/work/react-native-starter/react-native-starter
Verify	Check out repository	2026-09-29T16:20:06.0834795Z hint: Using 'master' as the name for the initial branch. This default branch name
Verify	Check out repository	2026-09-29T16:20:06.0835925Z hint: will change to "main" in Git 3.0. To configure the initial branch name
Verify	Check out repository	2026-09-29T16:20:06.0837067Z hint: to use in all of your new repositories, which will suppress this warning,
Verify	Check out repository	2026-09-29T16:20:06.0837755Z hint: call:
Verify	Check out repository	2026-09-29T16:20:06.0838133Z hint:
Verify	Check out repository	2026-09-29T16:20:06.0838605Z hint: 	git config --global init.defaultBranch <name>
Verify	Check out repository	2026-09-29T16:20:06.0839160Z hint:
Verify	Check out repository	2026-09-29T16:20:06.0839693Z hint: Names commonly chosen instead of 'master' are 'main', 'trunk' and
Verify	Check out repository	2026-09-29T16:20:06.0840543Z hint: 'development'. The just-created branch can be renamed via this command:
Verify	Check out repository	2026-09-29T16:20:06.0841216Z hint:
Verify	Check out repository	2026-09-29T16:20:06.0841816Z hint: 	git branch -m <name>
Verify	Check out repository	2026-09-29T16:20:06.0842245Z hint:
Verify	Check out repository	2026-09-29T16:20:06.0842817Z hint: Disable this message with "git config set advice.defaultBranchName false"
Verify	Check out repository	2026-09-29T16:20:06.0847706Z Initialized empty Git repository in /home/runner/work/react-native-starter/react-native-starter/.git/
Verify	Check out repository	2026-09-29T16:20:06.0858486Z [command]/usr/bin/git remote add origin https://github.com/koniz-dev/react-native-starter
Verify	Check out repository	2026-09-29T16:20:06.0909701Z ##[endgroup]
Verify	Check out repository	2026-09-29T16:20:06.0911618Z ##[group]Disabling automatic garbage collection
Verify	Check out repository	2026-09-29T16:20:06.0914850Z [command]/usr/bin/git config --local gc.auto 0
Verify	Check out repository	2026-09-29T16:20:06.0943848Z ##[endgroup]
Verify	Check out repository	2026-09-29T16:20:06.0945121Z ##[group]Setting up auth
Verify	Check out repository	2026-09-29T16:20:06.0950233Z [command]/usr/bin/git config --local --name-only --get-regexp core\.sshCommand
Verify	Check out repository	2026-09-29T16:20:06.0977310Z [command]/usr/bin/git submodule foreach --recursive sh -c "git config --local --name-only --get-regexp 'core\.sshCommand' && git config --local --unset-all 'core.sshCommand' || :"
Verify	Check out repository	2026-09-29T16:20:06.1335544Z [command]/usr/bin/git config --local --name-only --get-regexp http\.https\:\/\/github\.com\/\.extraheader
Verify	Check out repository	2026-09-29T16:20:06.1369760Z [command]/usr/bin/git submodule foreach --recursive sh -c "git config --local --name-only --get-regexp 'http\.https\:\/\/github\.com\/\.extraheader' && git config --local --unset-all 'http.https://github.com/.extraheader' || :"
Verify	Check out repository	2026-09-29T16:20:06.1553552Z [command]/usr/bin/git config --local --name-only --get-regexp ^includeIf\.gitdir:
Verify	Check out repository	2026-09-29T16:20:06.1583360Z [command]/usr/bin/git submodule foreach --recursive git config --local --show-origin --name-only --get-regexp remote.origin.url
Verify	Check out repository	2026-09-29T16:20:06.1758896Z [command]/usr/bin/git config --local http.https://github.com/.extraheader AUTHORIZATION: basic ***
Verify	Check out repository	2026-09-29T16:20:06.1791080Z ##[endgroup]
Verify	Check out repository	2026-09-29T16:20:06.1791963Z ##[group]Fetching the repository
Verify	Check out repository	2026-09-29T16:20:06.1800099Z [command]/usr/bin/git -c protocol.version=2 fetch --no-tags --prune --no-recurse-submodules --depth=1 origin +beeef37d08b00b9bdbdf91501f175dc5ad174a00:refs/remotes/origin/main
Verify	Check out repository	2026-09-29T16:20:06.9230325Z From https://github.com/koniz-dev/react-native-starter
Verify	Check out repository	2026-09-29T16:20:06.9233146Z  * [new ref]         beeef37d08b00b9bdbdf91501f175dc5ad174a00 -> origin/main
Verify	Check out repository	2026-09-29T16:20:06.9238473Z ##[endgroup]
Verify	Check out repository	2026-09-29T16:20:06.9240785Z ##[group]Determining the checkout info
Verify	Check out repository	2026-09-29T16:20:06.9242927Z ##[endgroup]
Verify	Check out repository	2026-09-29T16:20:06.9244379Z [command]/usr/bin/git sparse-checkout disable
Verify	Check out repository	2026-09-29T16:20:06.9289419Z [command]/usr/bin/git config --local --unset-all extensions.worktreeConfig
Verify	Check out repository	2026-09-29T16:20:06.9317600Z ##[group]Checking out the ref
Verify	Check out repository	2026-09-29T16:20:06.9323106Z [command]/usr/bin/git checkout --progress --force -B main refs/remotes/origin/main
Verify	Check out repository	2026-09-29T16:20:06.9423168Z Switched to a new branch 'main'
Verify	Check out repository	2026-09-29T16:20:06.9427781Z branch 'main' set up to track 'origin/main'.
Verify	Check out repository	2026-09-29T16:20:06.9432531Z ##[endgroup]
Verify	Check out repository	2026-09-29T16:20:06.9470505Z [command]/usr/bin/git log -1 --format=%H
Verify	Check out repository	2026-09-29T16:20:06.9492759Z beeef37d08b00b9bdbdf91501f175dc5ad174a00
Verify	Set up Node.js	﻿2026-09-29T16:20:06.9796106Z ##[group]Run actions/setup-node@v4
Verify	Set up Node.js	2026-09-29T16:20:06.9796881Z with:
Verify	Set up Node.js	2026-09-29T16:20:06.9797308Z   node-version: 20
Verify	Set up Node.js	2026-09-29T16:20:06.9797785Z   cache: npm
Verify	Set up Node.js	2026-09-29T16:20:06.9798232Z   always-auth: false
Verify	Set up Node.js	2026-09-29T16:20:06.9798755Z   check-latest: false
Verify	Set up Node.js	2026-09-29T16:20:06.9807791Z   token: ***
Verify	Set up Node.js	2026-09-29T16:20:06.9808387Z ##[endgroup]
Verify	Set up Node.js	2026-09-29T16:20:07.1223339Z Attempting to download 20...
Verify	Set up Node.js	2026-09-29T16:20:07.1325681Z (node:2325) [DEP0040] DeprecationWarning: The `punycode` module is deprecated. Please use a userland alternative instead.
Verify	Set up Node.js	2026-09-29T16:20:07.1329400Z (Use `node --trace-deprecation ...` to show where the warning was created)
Verify	Set up Node.js	2026-09-29T16:20:08.1628011Z Acquiring 20.20.2 - x64 from https://github.com/actions/node-versions/releases/download/20.20.2-23521894959/node-20.20.2-linux-x64.tar.gz
Verify	Set up Node.js	2026-09-29T16:20:08.5993004Z Extracting ...
Verify	Set up Node.js	2026-09-29T16:20:08.6094051Z [command]/usr/bin/tar xz --strip 1 --warning=no-unknown-keyword --overwrite -C /home/runner/work/_temp/13b46915-af08-4e18-b140-8037b8d8723d -f /home/runner/work/_temp/0a063fdf-8c67-4311-9d09-34c3b40689f1
Verify	Set up Node.js	2026-09-29T16:20:09.5688329Z Adding to the cache ...
Verify	Set up Node.js	2026-09-29T16:20:10.8100172Z ##[group]Environment details
Verify	Set up Node.js	2026-09-29T16:20:11.0228976Z node: v20.20.2
Verify	Set up Node.js	2026-09-29T16:20:11.0229573Z npm: 10.8.2
Verify	Set up Node.js	2026-09-29T16:20:11.0253098Z yarn: 1.22.22
Verify	Set up Node.js	2026-09-29T16:20:11.0253882Z ##[endgroup]
Verify	Set up Node.js	2026-09-29T16:20:11.0254404Z [command]/opt/hostedtoolcache/node/20.20.2/x64/bin/npm config get cache
Verify	Set up Node.js	2026-09-29T16:20:11.1286948Z /home/runner/.npm
Verify	Set up Node.js	2026-09-29T16:20:11.3548136Z npm cache is not found
Verify	Install dependencies	﻿2026-09-29T16:20:11.3692261Z ##[group]Run npm ci
Verify	Install dependencies	2026-09-29T16:20:11.3692629Z ^[[36;1mnpm ci^[[0m
Verify	Install dependencies	2026-09-29T16:20:11.3922159Z shell: /usr/bin/bash -e {0}
Verify	Install dependencies	2026-09-29T16:20:11.3922574Z ##[endgroup]
Verify	Install dependencies	2026-09-29T16:20:15.1613678Z npm warn deprecated rimraf@3.0.2: Rimraf versions prior to v4 are no longer supported
Verify	Install dependencies	2026-09-29T16:20:16.4248611Z npm warn deprecated inflight@1.0.6: This module is not supported, and leaks memory. Do not use it. Check out lru-cache if you want a good and tested way to coalesce async requests by a key value, which is much more comprehensive and powerful.
Verify	Install dependencies	2026-09-29T16:20:17.1572266Z npm warn deprecated domexception@4.0.0: Use your platform's native DOMException instead
Verify	Install dependencies	2026-09-29T16:20:17.6004107Z npm warn deprecated abab@2.0.6: Use your platform's native atob() and btoa() methods instead
Verify	Install dependencies	2026-09-29T16:20:19.1458482Z npm warn deprecated glob@7.2.3: Glob versions prior to v9 are no longer supported
Verify	Install dependencies	2026-09-29T16:20:19.2276658Z npm warn deprecated glob@7.2.3: Glob versions prior to v9 are no longer supported
Verify	Install dependencies	2026-09-29T16:20:19.3754825Z npm warn deprecated glob@7.2.3: Glob versions prior to v9 are no longer supported
Verify	Install dependencies	2026-09-29T16:20:19.6609635Z npm warn deprecated glob@7.2.3: Glob versions prior to v9 are no longer supported
Verify	Install dependencies	2026-09-29T16:20:19.8430766Z npm warn deprecated glob@7.2.3: Glob versions prior to v9 are no longer supported
Verify	Install dependencies	2026-09-29T16:20:20.4899524Z npm warn deprecated glob@7.2.3: Glob versions prior to v9 are no longer supported
Verify	Install dependencies	2026-09-29T16:20:20.5609299Z npm warn deprecated glob@7.2.3: Glob versions prior to v9 are no longer supported
Verify	Install dependencies	2026-09-29T16:20:24.0958710Z npm warn deprecated react-native-vector-icons@10.3.0: react-native-vector-icons package has moved to a new model of per-icon-family packages. See the https://github.com/oblador/react-native-vector-icons/blob/master/MIGRATION.md on how to migrate
Verify	Install dependencies	2026-09-29T16:20:31.3349526Z 
Verify	Install dependencies	2026-09-29T16:20:31.3350459Z added 1382 packages, and audited 1383 packages in 20s
Verify	Install dependencies	2026-09-29T16:20:31.3350752Z 
Verify	Install dependencies	2026-09-29T16:20:31.3350927Z 193 packages are looking for funding
Verify	Install dependencies	2026-09-29T16:20:31.3351256Z   run `npm fund` for details
Verify	Install dependencies	2026-09-29T16:20:31.5049322Z 
Verify	Install dependencies	2026-09-29T16:20:31.5051338Z 41 vulnerabilities (2 low, 20 moderate, 16 high, 3 critical)
Verify	Install dependencies	2026-09-29T16:20:31.5052524Z 
Verify	Install dependencies	2026-09-29T16:20:31.5066080Z To address issues that do not require attention, run:
Verify	Install dependencies	2026-09-29T16:20:31.5066729Z   npm audit fix
Verify	Install dependencies	2026-09-29T16:20:31.5066947Z 
Verify	Install dependencies	2026-09-29T16:20:31.5067307Z To address all issues (including breaking changes), run:
Verify	Install dependencies	2026-09-29T16:20:31.5067933Z   npm audit fix --force
Verify	Install dependencies	2026-09-29T16:20:31.5068186Z 
Verify	Install dependencies	2026-09-29T16:20:31.5068389Z Run `npm audit` for details.
Verify	Lint	﻿2026-09-29T16:20:31.5348366Z ##[group]Run npm run lint
Verify	Lint	2026-09-29T16:20:31.5348654Z ^[[36;1mnpm run lint^[[0m
Verify	Lint	2026-09-29T16:20:31.5394092Z shell: /usr/bin/bash -e {0}
Verify	Lint	2026-09-29T16:20:31.5394392Z ##[endgroup]
Verify	Lint	2026-09-29T16:20:31.6444237Z 
Verify	Lint	2026-09-29T16:20:31.6445170Z > react-native-starter@1.0.0 lint
Verify	Lint	2026-09-29T16:20:31.6445730Z > eslint .
Verify	Lint	2026-09-29T16:20:31.6445875Z 
Verify	Check formatting	﻿2026-09-29T16:20:36.1073244Z ##[group]Run npm run format:check
Verify	Check formatting	2026-09-29T16:20:36.1073569Z ^[[36;1mnpm run format:check^[[0m
Verify	Check formatting	2026-09-29T16:20:36.1110439Z shell: /usr/bin/bash -e {0}
Verify	Check formatting	2026-09-29T16:20:36.1110715Z ##[endgroup]
Verify	Check formatting	2026-09-29T16:20:36.2141106Z 
Verify	Check formatting	2026-09-29T16:20:36.2141673Z > react-native-starter@1.0.0 format:check
Verify	Check formatting	2026-09-29T16:20:36.2142149Z > prettier --check "**/*.{ts,tsx,js,jsx,json,md}"
Verify	Check formatting	2026-09-29T16:20:36.2142396Z 
Verify	Check formatting	2026-09-29T16:20:36.2922277Z Checking formatting...
Verify	Check formatting	2026-09-29T16:20:37.6046904Z All matched files use Prettier code style!
Verify	Type-check	﻿2026-09-29T16:20:37.6321680Z ##[group]Run npm run type-check
Verify	Type-check	2026-09-29T16:20:37.6322102Z ^[[36;1mnpm run type-check^[[0m
Verify	Type-check	2026-09-29T16:20:37.6359686Z shell: /usr/bin/bash -e {0}
Verify	Type-check	2026-09-29T16:20:37.6359979Z ##[endgroup]
Verify	Type-check	2026-09-29T16:20:37.7368639Z 
Verify	Type-check	2026-09-29T16:20:37.7370730Z > react-native-starter@1.0.0 type-check
Verify	Type-check	2026-09-29T16:20:37.7371122Z > tsc --noEmit
Verify	Type-check	2026-09-29T16:20:37.7371247Z 
Verify	Run Jest tests	﻿2026-09-29T16:20:40.2285224Z ##[group]Run npm run test:ci
Verify	Run Jest tests	2026-09-29T16:20:40.2285523Z ^[[36;1mnpm run test:ci^[[0m
Verify	Run Jest tests	2026-09-29T16:20:40.2321290Z shell: /usr/bin/bash -e {0}
Verify	Run Jest tests	2026-09-29T16:20:40.2321809Z ##[endgroup]
Verify	Run Jest tests	2026-09-29T16:20:40.3988910Z 
Verify	Run Jest tests	2026-09-29T16:20:40.3989926Z > react-native-starter@1.0.0 test:ci
Verify	Run Jest tests	2026-09-29T16:20:40.3991211Z > jest
Verify	Run Jest tests	2026-09-29T16:20:40.3991497Z 
Verify	Run Jest tests	2026-09-29T16:20:44.6000745Z PASS __tests__/utils/logger.test.ts
Verify	Run Jest tests	2026-09-29T16:20:44.7712714Z PASS __tests__/utils/sum.test.ts
Verify	Run Jest tests	2026-09-29T16:20:51.9995384Z PASS __tests__/components/LoadingScreen.test.tsx (10.039 s)
Verify	Run Jest tests	2026-09-29T16:20:52.4603119Z PASS __tests__/components/HomeScreen.test.tsx (10.698 s)
Verify	Run Jest tests	2026-09-29T16:20:52.5173991Z 
Verify	Run Jest tests	2026-09-29T16:20:52.5175125Z Test Suites: 4 passed, 4 total
Verify	Run Jest tests	2026-09-29T16:20:52.5175698Z Tests:       33 passed, 33 total
Verify	Run Jest tests	2026-09-29T16:20:52.5176144Z Snapshots:   0 total
Verify	Run Jest tests	2026-09-29T16:20:52.5176556Z Time:        11.43 s
Verify	Run Jest tests	2026-09-29T16:20:52.5176910Z Ran all test suites.
Verify	Post Set up Node.js	﻿2026-09-29T16:20:52.5738448Z Post job cleanup.
Verify	Post Set up Node.js	2026-09-29T16:20:52.6958311Z (node:2526) [DEP0040] DeprecationWarning: The `punycode` module is deprecated. Please use a userland alternative instead.
Verify	Post Set up Node.js	2026-09-29T16:20:52.6959094Z (Use `node --trace-deprecation ...` to show where the warning was created)
Verify	Post Set up Node.js	2026-09-29T16:20:52.7157689Z [command]/usr/bin/tar --posix -cf cache.tzst --exclude cache.tzst -P -C /home/runner/work/react-native-starter/react-native-starter --files-from manifest.txt --use-compress-program zstdmt
Verify	Post Set up Node.js	2026-09-29T16:20:53.3025450Z (node:2526) [DEP0169] DeprecationWarning: `url.parse()` behavior is not standardized and prone to errors that have security implications. Use the WHATWG URL API instead. CVEs are not issued for `url.parse()` vulnerabilities.
Verify	Post Set up Node.js	2026-09-29T16:20:54.2921780Z Sent 27918336 of 106939383 (26.1%), 26.6 MBs/sec
Verify	Post Set up Node.js	2026-09-29T16:20:55.2917983Z Sent 77398016 of 106939383 (72.4%), 36.9 MBs/sec
Verify	Post Set up Node.js	2026-09-29T16:20:56.0326854Z Sent 106939383 of 106939383 (100.0%), 37.2 MBs/sec
Verify	Post Set up Node.js	2026-09-29T16:20:56.3030448Z Cache saved with the key: node-cache-Linux-x64-npm-659e6939b8160113197e18dcb5ab04fea297a5cafb62b40e1b7fd3f938d60167
Verify	Post Check out repository	﻿2026-09-29T16:20:56.3179512Z Post job cleanup.
Verify	Post Check out repository	2026-09-29T16:20:56.4023810Z [command]/usr/bin/git version
Verify	Post Check out repository	2026-09-29T16:20:56.4069693Z git version 2.55.0
Verify	Post Check out repository	2026-09-29T16:20:56.4115290Z Temporarily overriding HOME='/home/runner/work/_temp/c7dc5358-a748-4d12-94f8-2c6c490620f7' before making global git config changes
Verify	Post Check out repository	2026-09-29T16:20:56.4116736Z Adding repository directory to the temporary git global config as a safe directory
Verify	Post Check out repository	2026-09-29T16:20:56.4122353Z [command]/usr/bin/git config --global --add safe.directory /home/runner/work/react-native-starter/react-native-starter
Verify	Post Check out repository	2026-09-29T16:20:56.4159938Z [command]/usr/bin/git config --local --name-only --get-regexp core\.sshCommand
Verify	Post Check out repository	2026-09-29T16:20:56.4193680Z [command]/usr/bin/git submodule foreach --recursive sh -c "git config --local --name-only --get-regexp 'core\.sshCommand' && git config --local --unset-all 'core.sshCommand' || :"
Verify	Post Check out repository	2026-09-29T16:20:56.4389141Z [command]/usr/bin/git config --local --name-only --get-regexp http\.https\:\/\/github\.com\/\.extraheader
Verify	Post Check out repository	2026-09-29T16:20:56.4414788Z http.https://github.com/.extraheader
Verify	Post Check out repository	2026-09-29T16:20:56.4424794Z [command]/usr/bin/git config --local --unset-all http.https://github.com/.extraheader
Verify	Post Check out repository	2026-09-29T16:20:56.4461260Z [command]/usr/bin/git submodule foreach --recursive sh -c "git config --local --name-only --get-regexp 'http\.https\:\/\/github\.com\/\.extraheader' && git config --local --unset-all 'http.https://github.com/.extraheader' || :"
Verify	Post Check out repository	2026-09-29T16:20:56.4669511Z [command]/usr/bin/git config --local --name-only --get-regexp ^includeIf\.gitdir:
Verify	Post Check out repository	2026-09-29T16:20:56.4704980Z [command]/usr/bin/git submodule foreach --recursive git config --local --show-origin --name-only --get-regexp remote.origin.url
Verify	Complete job	﻿2026-09-29T16:20:56.5079481Z Cleaning up orphan processes
Verify	Complete job	2026-09-29T16:20:56.5305783Z ##[warning]Node.js 20 is deprecated. The following actions target Node.js 20 but are being forced to run on Node.js 24: actions/checkout@v4, actions/setup-node@v4. For more information see: https://github.blog/changelog/2025-09-19-deprecation-of-node-20-on-github-actions-runners/
