Verify	Set up job	﻿2026-10-10T16:10:16.7346325Z Current runner version: '2.337.0'
Verify	Set up job	2026-10-10T16:10:16.7362768Z ##[group]Runner Image Provisioner
Verify	Set up job	2026-10-10T16:10:16.7363353Z Hosted Compute Agent
Verify	Set up job	2026-10-10T16:10:16.7363723Z Version: 20261002.596
Verify	Set up job	2026-10-10T16:10:16.7364080Z Commit: c3d12f3313a95f25162a1503be624f3b0617f8c0
Verify	Set up job	2026-10-10T16:10:16.7364538Z Build Date: 2026-10-02T22:28:27Z
Verify	Set up job	2026-10-10T16:10:16.7364935Z Worker ID: {b5712327-9557-4755-b9e9-2a8782a4bb54}
Verify	Set up job	2026-10-10T16:10:16.7365400Z Region: centralus
Verify	Set up job	2026-10-10T16:10:16.7365756Z Cloud: Azure
Verify	Set up job	2026-10-10T16:10:16.7366077Z ##[endgroup]
Verify	Set up job	2026-10-10T16:10:16.7366853Z ##[group]Operating System
Verify	Set up job	2026-10-10T16:10:16.7367199Z Ubuntu
Verify	Set up job	2026-10-10T16:10:16.7367533Z 24.04.5
Verify	Set up job	2026-10-10T16:10:16.7367870Z LTS
Verify	Set up job	2026-10-10T16:10:16.7368305Z ##[endgroup]
Verify	Set up job	2026-10-10T16:10:16.7368654Z ##[group]Runner Image
Verify	Set up job	2026-10-10T16:10:16.7368997Z Image: ubuntu-24.04
Verify	Set up job	2026-10-10T16:10:16.7369547Z Version: 20261004.327.1
Verify	Set up job	2026-10-10T16:10:16.7370204Z Included Software: https://github.com/actions/runner-images/blob/ubuntu24/20261004.327/images/ubuntu/Ubuntu2404-Readme.md
Verify	Set up job	2026-10-10T16:10:16.7371195Z Image Release: https://github.com/actions/runner-images/releases/tag/ubuntu24%2F20261004.327
Verify	Set up job	2026-10-10T16:10:16.7371729Z ##[endgroup]
Verify	Set up job	2026-10-10T16:10:16.7372467Z ##[group]GITHUB_TOKEN Permissions
Verify	Set up job	2026-10-10T16:10:16.7373693Z Contents: read
Verify	Set up job	2026-10-10T16:10:16.7374017Z Metadata: read
Verify	Set up job	2026-10-10T16:10:16.7374427Z ##[endgroup]
Verify	Set up job	2026-10-10T16:10:16.7375687Z Secret source: Actions
Verify	Set up job	2026-10-10T16:10:16.7376274Z Cache mode: write
Verify	Set up job	2026-10-10T16:10:16.7376786Z Prepare workflow directory
Verify	Set up job	2026-10-10T16:10:16.7569262Z Prepare all required actions
Verify	Set up job	2026-10-10T16:10:16.7599268Z Getting action download info
Verify	Set up job	2026-10-10T16:10:16.9653936Z Download action repository 'actions/checkout@v4' (SHA:11d5960a326750d5838078e36cf38b85af677262)
Verify	Set up job	2026-10-10T16:10:17.0903210Z Download action repository 'actions/setup-node@v4' (SHA:49933ea5288caeca8642d1e84afbd3f7d6820020)
Verify	Set up job	2026-10-10T16:10:17.2971740Z Complete job name: Verify
Verify	Check out repository	﻿2026-10-10T16:10:17.3416658Z ##[group]Run actions/checkout@v4
Verify	Check out repository	2026-10-10T16:10:17.3417099Z with:
Verify	Check out repository	2026-10-10T16:10:17.3417364Z   repository: koniz-dev/react-native-starter
Verify	Check out repository	2026-10-10T16:10:17.3419759Z   token: ***
Verify	Check out repository	2026-10-10T16:10:17.3419995Z   ssh-strict: true
Verify	Check out repository	2026-10-10T16:10:17.3420238Z   ssh-user: git
Verify	Check out repository	2026-10-10T16:10:17.3420482Z   persist-credentials: true
Verify	Check out repository	2026-10-10T16:10:17.3420751Z   clean: true
Verify	Check out repository	2026-10-10T16:10:17.3420997Z   sparse-checkout-cone-mode: true
Verify	Check out repository	2026-10-10T16:10:17.3421280Z   fetch-depth: 1
Verify	Check out repository	2026-10-10T16:10:17.3421517Z   fetch-tags: false
Verify	Check out repository	2026-10-10T16:10:17.3421760Z   show-progress: true
Verify	Check out repository	2026-10-10T16:10:17.3422007Z   lfs: false
Verify	Check out repository	2026-10-10T16:10:17.3422236Z   submodules: false
Verify	Check out repository	2026-10-10T16:10:17.3422484Z   set-safe-directory: true
Verify	Check out repository	2026-10-10T16:10:17.3422765Z   allow-unsafe-pr-checkout: false
Verify	Check out repository	2026-10-10T16:10:17.3423126Z ##[endgroup]
Verify	Check out repository	2026-10-10T16:10:17.4046292Z Syncing repository: koniz-dev/react-native-starter
Verify	Check out repository	2026-10-10T16:10:17.4047586Z ##[group]Getting Git version info
Verify	Check out repository	2026-10-10T16:10:17.4048218Z Working directory is '/home/runner/work/react-native-starter/react-native-starter'
Verify	Check out repository	2026-10-10T16:10:17.4048974Z [command]/usr/bin/git version
Verify	Check out repository	2026-10-10T16:10:17.4118157Z git version 2.55.0
Verify	Check out repository	2026-10-10T16:10:17.4131118Z ##[endgroup]
Verify	Check out repository	2026-10-10T16:10:17.4142426Z Temporarily overriding HOME='/home/runner/work/_temp/16b59398-4644-4c0f-8f4f-5717efefd764' before making global git config changes
Verify	Check out repository	2026-10-10T16:10:17.4143755Z Adding repository directory to the temporary git global config as a safe directory
Verify	Check out repository	2026-10-10T16:10:17.4146000Z [command]/usr/bin/git config --global --add safe.directory /home/runner/work/react-native-starter/react-native-starter
Verify	Check out repository	2026-10-10T16:10:17.4195861Z Deleting the contents of '/home/runner/work/react-native-starter/react-native-starter'
Verify	Check out repository	2026-10-10T16:10:17.4201743Z ##[group]Initializing the repository
Verify	Check out repository	2026-10-10T16:10:17.4202529Z [command]/usr/bin/git init /home/runner/work/react-native-starter/react-native-starter
Verify	Check out repository	2026-10-10T16:10:17.4297916Z hint: Using 'master' as the name for the initial branch. This default branch name
Verify	Check out repository	2026-10-10T16:10:17.4299190Z hint: will change to "main" in Git 3.0. To configure the initial branch name
Verify	Check out repository	2026-10-10T16:10:17.4299890Z hint: to use in all of your new repositories, which will suppress this warning,
Verify	Check out repository	2026-10-10T16:10:17.4301087Z hint: call:
Verify	Check out repository	2026-10-10T16:10:17.4301806Z hint:
Verify	Check out repository	2026-10-10T16:10:17.4302621Z hint: 	git config --global init.defaultBranch <name>
Verify	Check out repository	2026-10-10T16:10:17.4303954Z hint:
Verify	Check out repository	2026-10-10T16:10:17.4304776Z hint: Names commonly chosen instead of 'master' are 'main', 'trunk' and
Verify	Check out repository	2026-10-10T16:10:17.4306124Z hint: 'development'. The just-created branch can be renamed via this command:
Verify	Check out repository	2026-10-10T16:10:17.4307116Z hint:
Verify	Check out repository	2026-10-10T16:10:17.4307646Z hint: 	git branch -m <name>
Verify	Check out repository	2026-10-10T16:10:17.4308424Z hint:
Verify	Check out repository	2026-10-10T16:10:17.4309148Z hint: Disable this message with "git config set advice.defaultBranchName false"
Verify	Check out repository	2026-10-10T16:10:17.4309857Z Initialized empty Git repository in /home/runner/work/react-native-starter/react-native-starter/.git/
Verify	Check out repository	2026-10-10T16:10:17.4322712Z [command]/usr/bin/git remote add origin https://github.com/koniz-dev/react-native-starter
Verify	Check out repository	2026-10-10T16:10:17.4362952Z ##[endgroup]
Verify	Check out repository	2026-10-10T16:10:17.4363386Z ##[group]Disabling automatic garbage collection
Verify	Check out repository	2026-10-10T16:10:17.4365717Z [command]/usr/bin/git config --local gc.auto 0
Verify	Check out repository	2026-10-10T16:10:17.4397817Z ##[endgroup]
Verify	Check out repository	2026-10-10T16:10:17.4398476Z ##[group]Setting up auth
Verify	Check out repository	2026-10-10T16:10:17.4403964Z [command]/usr/bin/git config --local --name-only --get-regexp core\.sshCommand
Verify	Check out repository	2026-10-10T16:10:17.4430229Z [command]/usr/bin/git submodule foreach --recursive sh -c "git config --local --name-only --get-regexp 'core\.sshCommand' && git config --local --unset-all 'core.sshCommand' || :"
Verify	Check out repository	2026-10-10T16:10:17.4708898Z [command]/usr/bin/git config --local --name-only --get-regexp http\.https\:\/\/github\.com\/\.extraheader
Verify	Check out repository	2026-10-10T16:10:17.4735475Z [command]/usr/bin/git submodule foreach --recursive sh -c "git config --local --name-only --get-regexp 'http\.https\:\/\/github\.com\/\.extraheader' && git config --local --unset-all 'http.https://github.com/.extraheader' || :"
Verify	Check out repository	2026-10-10T16:10:17.4898142Z [command]/usr/bin/git config --local --name-only --get-regexp ^includeIf\.gitdir:
Verify	Check out repository	2026-10-10T16:10:17.4924789Z [command]/usr/bin/git submodule foreach --recursive git config --local --show-origin --name-only --get-regexp remote.origin.url
Verify	Check out repository	2026-10-10T16:10:17.5085747Z [command]/usr/bin/git config --local http.https://github.com/.extraheader AUTHORIZATION: basic ***
Verify	Check out repository	2026-10-10T16:10:17.5116277Z ##[endgroup]
Verify	Check out repository	2026-10-10T16:10:17.5116915Z ##[group]Fetching the repository
Verify	Check out repository	2026-10-10T16:10:17.5122808Z [command]/usr/bin/git -c protocol.version=2 fetch --no-tags --prune --no-recurse-submodules --depth=1 origin +d1ac21ff8c9b00e9f545178dbe4e9d323e45e223:refs/remotes/origin/main
Verify	Check out repository	2026-10-10T16:10:17.9465332Z From https://github.com/koniz-dev/react-native-starter
Verify	Check out repository	2026-10-10T16:10:17.9466252Z  * [new ref]         d1ac21ff8c9b00e9f545178dbe4e9d323e45e223 -> origin/main
Verify	Check out repository	2026-10-10T16:10:17.9469677Z ##[endgroup]
Verify	Check out repository	2026-10-10T16:10:17.9470338Z ##[group]Determining the checkout info
Verify	Check out repository	2026-10-10T16:10:17.9471645Z ##[endgroup]
Verify	Check out repository	2026-10-10T16:10:17.9475870Z [command]/usr/bin/git sparse-checkout disable
Verify	Check out repository	2026-10-10T16:10:17.9523291Z [command]/usr/bin/git config --local --unset-all extensions.worktreeConfig
Verify	Check out repository	2026-10-10T16:10:17.9550216Z ##[group]Checking out the ref
Verify	Check out repository	2026-10-10T16:10:17.9552343Z [command]/usr/bin/git checkout --progress --force -B main refs/remotes/origin/main
Verify	Check out repository	2026-10-10T16:10:17.9681666Z Switched to a new branch 'main'
Verify	Check out repository	2026-10-10T16:10:17.9686786Z branch 'main' set up to track 'origin/main'.
Verify	Check out repository	2026-10-10T16:10:17.9690641Z ##[endgroup]
Verify	Check out repository	2026-10-10T16:10:17.9724605Z [command]/usr/bin/git log -1 --format=%H
Verify	Check out repository	2026-10-10T16:10:17.9746439Z d1ac21ff8c9b00e9f545178dbe4e9d323e45e223
Verify	Set up Node.js	﻿2026-10-10T16:10:17.9949016Z ##[group]Run actions/setup-node@v4
Verify	Set up Node.js	2026-10-10T16:10:17.9949365Z with:
Verify	Set up Node.js	2026-10-10T16:10:17.9949622Z   node-version-file: .nvmrc
Verify	Set up Node.js	2026-10-10T16:10:17.9949910Z   cache: npm
Verify	Set up Node.js	2026-10-10T16:10:17.9950160Z   always-auth: false
Verify	Set up Node.js	2026-10-10T16:10:17.9950430Z   check-latest: false
Verify	Set up Node.js	2026-10-10T16:10:17.9952829Z   token: ***
Verify	Set up Node.js	2026-10-10T16:10:17.9953081Z ##[endgroup]
Verify	Set up Node.js	2026-10-10T16:10:18.0785164Z Resolved .nvmrc as 24
Verify	Set up Node.js	2026-10-10T16:10:18.0820870Z Found in cache @ /opt/hostedtoolcache/node/24.21.0/x64
Verify	Set up Node.js	2026-10-10T16:10:18.0823458Z (node:2148) [DEP0040] DeprecationWarning: The `punycode` module is deprecated. Please use a userland alternative instead.
Verify	Set up Node.js	2026-10-10T16:10:18.0824143Z (Use `node --trace-deprecation ...` to show where the warning was created)
Verify	Set up Node.js	2026-10-10T16:10:18.0825153Z ##[group]Environment details
Verify	Set up Node.js	2026-10-10T16:10:18.3711075Z node: v24.21.0
Verify	Set up Node.js	2026-10-10T16:10:18.3712186Z npm: 11.19.0
Verify	Set up Node.js	2026-10-10T16:10:18.3712903Z yarn: 1.22.22
Verify	Set up Node.js	2026-10-10T16:10:18.3714430Z ##[endgroup]
Verify	Set up Node.js	2026-10-10T16:10:18.3762445Z [command]/opt/hostedtoolcache/node/24.21.0/x64/bin/npm config get cache
Verify	Set up Node.js	2026-10-10T16:10:18.4518303Z /home/runner/.npm
Verify	Set up Node.js	2026-10-10T16:10:18.5758363Z Cache hit for: node-cache-Linux-x64-npm-10f9dc59c99c82563481e37a50745bae137261a45ffc8c4ba105eb544b91396b
Verify	Set up Node.js	2026-10-10T16:10:18.5822534Z (node:2148) [DEP0169] DeprecationWarning: `url.parse()` behavior is not standardized and prone to errors that have security implications. Use the WHATWG URL API instead. CVEs are not issued for `url.parse()` vulnerabilities.
Verify	Set up Node.js	2026-10-10T16:10:19.7257537Z Received 134217728 of 156509062 (85.8%), 124.5 MBs/sec
Verify	Set up Node.js	2026-10-10T16:10:19.8916299Z Received 156509062 of 156509062 (100.0%), 125.4 MBs/sec
Verify	Set up Node.js	2026-10-10T16:10:19.8916773Z Cache Size: ~149 MB (156509062 B)
Verify	Set up Node.js	2026-10-10T16:10:19.8954066Z [command]/usr/bin/tar -xf /home/runner/work/_temp/e060457e-5bf9-4527-935f-6675620cdc4e/cache.tzst -P -C /home/runner/work/react-native-starter/react-native-starter --use-compress-program unzstd
Verify	Set up Node.js	2026-10-10T16:10:20.2024721Z Cache restored successfully
Verify	Set up Node.js	2026-10-10T16:10:20.2093421Z Cache restored from key: node-cache-Linux-x64-npm-10f9dc59c99c82563481e37a50745bae137261a45ffc8c4ba105eb544b91396b
Verify	Install dependencies	﻿2026-10-10T16:10:20.2231653Z ##[group]Run npm ci
Verify	Install dependencies	2026-10-10T16:10:20.2231850Z ^[[36;1mnpm ci^[[0m
Verify	Install dependencies	2026-10-10T16:10:20.2449443Z shell: /usr/bin/bash -e {0}
Verify	Install dependencies	2026-10-10T16:10:20.2449640Z ##[endgroup]
Verify	Install dependencies	2026-10-10T16:10:22.9104544Z npm warn deprecated inflight@1.0.6: This module is not supported, and leaks memory. Do not use it. Check out lru-cache if you want a good and tested way to coalesce async requests by a key value, which is much more comprehensive and powerful.
Verify	Install dependencies	2026-10-10T16:10:23.0666096Z npm warn deprecated abab@2.0.6: Use your platform's native atob() and btoa() methods instead
Verify	Install dependencies	2026-10-10T16:10:23.0841218Z npm warn deprecated glob@7.2.3: Glob versions prior to v9 are no longer supported
Verify	Install dependencies	2026-10-10T16:10:23.0846921Z npm warn deprecated glob@7.2.3: Glob versions prior to v9 are no longer supported
Verify	Install dependencies	2026-10-10T16:10:23.0849008Z npm warn deprecated glob@7.2.3: Glob versions prior to v9 are no longer supported
Verify	Install dependencies	2026-10-10T16:10:23.0858428Z npm warn deprecated glob@7.2.3: Glob versions prior to v9 are no longer supported
Verify	Install dependencies	2026-10-10T16:10:23.1956562Z npm warn deprecated domexception@4.0.0: Use your platform's native DOMException instead
Verify	Install dependencies	2026-10-10T16:10:23.6257081Z npm warn deprecated uuid@7.0.3: uuid@10 and below is no longer supported.  For ESM codebases, update to uuid@latest.  For CommonJS codebases, use uuid@11 (but be aware this version will likely be deprecated in 2028).
Verify	Install dependencies	2026-10-10T16:10:30.3753548Z 
Verify	Install dependencies	2026-10-10T16:10:30.3754310Z added 1067 packages, and audited 1068 packages in 10s
Verify	Install dependencies	2026-10-10T16:10:30.3754593Z 
Verify	Install dependencies	2026-10-10T16:10:30.3754759Z 180 packages are looking for funding
Verify	Install dependencies	2026-10-10T16:10:30.3755116Z   run `npm fund` for details
Verify	Install dependencies	2026-10-10T16:10:30.4731633Z 
Verify	Install dependencies	2026-10-10T16:10:30.4732399Z 65 vulnerabilities (16 moderate, 49 high)
Verify	Install dependencies	2026-10-10T16:10:30.4732675Z 
Verify	Install dependencies	2026-10-10T16:10:30.4732921Z To address all issues (including breaking changes), run:
Verify	Install dependencies	2026-10-10T16:10:30.4733256Z   npm audit fix --force
Verify	Install dependencies	2026-10-10T16:10:30.4739529Z 
Verify	Install dependencies	2026-10-10T16:10:30.4740072Z Run `npm audit` for details.
Verify	Lint	﻿2026-10-10T16:10:30.5633469Z ##[group]Run npm run lint
Verify	Lint	2026-10-10T16:10:30.5633648Z ^[[36;1mnpm run lint^[[0m
Verify	Lint	2026-10-10T16:10:30.5695428Z shell: /usr/bin/bash -e {0}
Verify	Lint	2026-10-10T16:10:30.5695745Z ##[endgroup]
Verify	Lint	2026-10-10T16:10:30.6377342Z 
Verify	Lint	2026-10-10T16:10:30.6377962Z > react-native-starter@1.0.0 lint
Verify	Lint	2026-10-10T16:10:30.6378434Z > eslint . --max-warnings 0
Verify	Lint	2026-10-10T16:10:30.6378541Z 
Verify	Check formatting	﻿2026-10-10T16:10:35.3555556Z ##[group]Run npm run format:check
Verify	Check formatting	2026-10-10T16:10:35.3555754Z ^[[36;1mnpm run format:check^[[0m
Verify	Check formatting	2026-10-10T16:10:35.3605864Z shell: /usr/bin/bash -e {0}
Verify	Check formatting	2026-10-10T16:10:35.3606003Z ##[endgroup]
Verify	Check formatting	2026-10-10T16:10:35.4199148Z 
Verify	Check formatting	2026-10-10T16:10:35.4199787Z > react-native-starter@1.0.0 format:check
Verify	Check formatting	2026-10-10T16:10:35.4200198Z > prettier --check "**/*.{ts,tsx,js,jsx,json,md}"
Verify	Check formatting	2026-10-10T16:10:35.4200408Z 
Verify	Check formatting	2026-10-10T16:10:35.4715403Z Checking formatting...
Verify	Check formatting	2026-10-10T16:10:36.4492856Z All matched files use Prettier code style!
Verify	Type-check	﻿2026-10-10T16:10:36.4787482Z ##[group]Run npm run type-check
Verify	Type-check	2026-10-10T16:10:36.4787673Z ^[[36;1mnpm run type-check^[[0m
Verify	Type-check	2026-10-10T16:10:36.4838196Z shell: /usr/bin/bash -e {0}
Verify	Type-check	2026-10-10T16:10:36.4838340Z ##[endgroup]
Verify	Type-check	2026-10-10T16:10:36.5456345Z 
Verify	Type-check	2026-10-10T16:10:36.5456806Z > react-native-starter@1.0.0 type-check
Verify	Type-check	2026-10-10T16:10:36.5457034Z > tsc --noEmit
Verify	Type-check	2026-10-10T16:10:36.5457128Z 
Verify	Run Jest tests	﻿2026-10-10T16:10:38.4390193Z ##[group]Run npm run test:ci
Verify	Run Jest tests	2026-10-10T16:10:38.4390395Z ^[[36;1mnpm run test:ci^[[0m
Verify	Run Jest tests	2026-10-10T16:10:38.4440741Z shell: /usr/bin/bash -e {0}
Verify	Run Jest tests	2026-10-10T16:10:38.4440915Z ##[endgroup]
Verify	Run Jest tests	2026-10-10T16:10:38.5062313Z 
Verify	Run Jest tests	2026-10-10T16:10:38.5062726Z > react-native-starter@1.0.0 test:ci
Verify	Run Jest tests	2026-10-10T16:10:38.5063036Z > jest --coverage
Verify	Run Jest tests	2026-10-10T16:10:38.5063125Z 
Verify	Run Jest tests	2026-10-10T16:10:41.6380302Z PASS __tests__/shared/lib/logger.test.ts
Verify	Run Jest tests	2026-10-10T16:10:48.0539520Z PASS __tests__/scripts/initProject.test.ts (8.925 s)
Verify	Run Jest tests	2026-10-10T16:10:48.3500399Z PASS __tests__/shared/session/authService.test.ts
Verify	Run Jest tests	2026-10-10T16:10:52.6229472Z PASS __tests__/shared/session/realBackendAdapter.test.ts (10.955 s)
Verify	Run Jest tests	2026-10-10T16:10:52.6487986Z   ● Console
Verify	Run Jest tests	2026-10-10T16:10:52.6516798Z 
Verify	Run Jest tests	2026-10-10T16:10:52.6538679Z     console.warn
Verify	Run Jest tests	2026-10-10T16:10:52.6598741Z       API POST /sessions failed: client (422)
Verify	Run Jest tests	2026-10-10T16:10:52.6664029Z 
Verify	Run Jest tests	2026-10-10T16:10:52.6665280Z     ^[[0m ^[[90m 129 |^[[39m     ^[[36mconst^[[39m args ^[[33m=^[[39m [message^[[33m,^[[39m ^[[33m...^[[39mdetails^[[33m.^[[39mfilter(item ^[[33m=>^[[39m item ^[[33m!==^[[39m undefined)]^[[33m;^[[39m
Verify	Run Jest tests	2026-10-10T16:10:52.6677827Z      ^[[90m 130 |^[[39m     ^[[36mif^[[39m (level ^[[33m===^[[39m ^[[32m'error'^[[39m) console^[[33m.^[[39merror(^[[33m...^[[39margs)^[[33m;^[[39m
Verify	Run Jest tests	2026-10-10T16:10:52.6679021Z     ^[[31m^[[1m>^[[22m^[[39m^[[90m 131 |^[[39m     ^[[36melse^[[39m ^[[36mif^[[39m (level ^[[33m===^[[39m ^[[32m'warn'^[[39m) console^[[33m.^[[39mwarn(^[[33m...^[[39margs)^[[33m;^[[39m
Verify	Run Jest tests	2026-10-10T16:10:52.6679830Z      ^[[90m     |^[[39m                                        ^[[31m^[[1m^^[[22m^[[39m
Verify	Run Jest tests	2026-10-10T16:10:52.6680512Z      ^[[90m 132 |^[[39m     ^[[36melse^[[39m ^[[36mif^[[39m (level ^[[33m===^[[39m ^[[32m'info'^[[39m) console^[[33m.^[[39minfo(^[[33m...^[[39margs)^[[33m;^[[39m
Verify	Run Jest tests	2026-10-10T16:10:52.6681184Z      ^[[90m 133 |^[[39m     ^[[36melse^[[39m console^[[33m.^[[39mdebug(^[[33m...^[[39margs)^[[33m;^[[39m
Verify	Run Jest tests	2026-10-10T16:10:52.6681627Z      ^[[90m 134 |^[[39m   }^[[33m;^[[39m^[[0m
Verify	Run Jest tests	2026-10-10T16:10:52.6681790Z 
Verify	Run Jest tests	2026-10-10T16:10:52.6681925Z       at warn (shared/lib/logger.ts:131:40)
Verify	Run Jest tests	2026-10-10T16:10:52.6682296Z       at Object.write [as warn] (shared/lib/logger.ts:142:33)
Verify	Run Jest tests	2026-10-10T16:10:52.6682656Z       at warn (shared/http/httpClient.ts:137:12)
Verify	Run Jest tests	2026-10-10T16:10:52.6683114Z       at asyncGeneratorStep (node_modules/@babel/runtime/helpers/asyncToGenerator.js:3:17)
Verify	Run Jest tests	2026-10-10T16:10:52.6683646Z       at _next (node_modules/@babel/runtime/helpers/asyncToGenerator.js:17:9)
Verify	Run Jest tests	2026-10-10T16:10:52.6684104Z       at node_modules/@babel/runtime/helpers/asyncToGenerator.js:22:7
Verify	Run Jest tests	2026-10-10T16:10:52.6684530Z       at node_modules/@babel/runtime/helpers/asyncToGenerator.js:14:12
Verify	Run Jest tests	2026-10-10T16:10:52.6684901Z       at apply (shared/http/httpClient.ts:143:4)
Verify	Run Jest tests	2026-10-10T16:10:52.6685286Z       at Axios.request (node_modules/axios/dist/browser/axios.cjs:5245:14)
Verify	Run Jest tests	2026-10-10T16:10:52.6685532Z 
Verify	Run Jest tests	2026-10-10T16:10:52.6685613Z     console.warn
Verify	Run Jest tests	2026-10-10T16:10:52.6686341Z       API POST /sessions/refresh failed: unauthorized (401)
Verify	Run Jest tests	2026-10-10T16:10:52.6686591Z 
Verify	Run Jest tests	2026-10-10T16:10:52.6687242Z     ^[[0m ^[[90m 129 |^[[39m     ^[[36mconst^[[39m args ^[[33m=^[[39m [message^[[33m,^[[39m ^[[33m...^[[39mdetails^[[33m.^[[39mfilter(item ^[[33m=>^[[39m item ^[[33m!==^[[39m undefined)]^[[33m;^[[39m
Verify	Run Jest tests	2026-10-10T16:10:52.6694247Z      ^[[90m 130 |^[[39m     ^[[36mif^[[39m (level ^[[33m===^[[39m ^[[32m'error'^[[39m) console^[[33m.^[[39merror(^[[33m...^[[39margs)^[[33m;^[[39m
Verify	Run Jest tests	2026-10-10T16:10:52.6695333Z     ^[[31m^[[1m>^[[22m^[[39m^[[90m 131 |^[[39m     ^[[36melse^[[39m ^[[36mif^[[39m (level ^[[33m===^[[39m ^[[32m'warn'^[[39m) console^[[33m.^[[39mwarn(^[[33m...^[[39margs)^[[33m;^[[39m
Verify	Run Jest tests	2026-10-10T16:10:52.6695960Z      ^[[90m     |^[[39m                                        ^[[31m^[[1m^^[[22m^[[39m
Verify	Run Jest tests	2026-10-10T16:10:52.6707395Z      ^[[90m 132 |^[[39m     ^[[36melse^[[39m ^[[36mif^[[39m (level ^[[33m===^[[39m ^[[32m'info'^[[39m) console^[[33m.^[[39minfo(^[[33m...^[[39margs)^[[33m;^[[39m
Verify	Run Jest tests	2026-10-10T16:10:52.6708176Z      ^[[90m 133 |^[[39m     ^[[36melse^[[39m console^[[33m.^[[39mdebug(^[[33m...^[[39margs)^[[33m;^[[39m
Verify	Run Jest tests	2026-10-10T16:10:52.6708682Z      ^[[90m 134 |^[[39m   }^[[33m;^[[39m^[[0m
Verify	Run Jest tests	2026-10-10T16:10:52.6709183Z 
Verify	Run Jest tests	2026-10-10T16:10:52.6709312Z       at warn (shared/lib/logger.ts:131:40)
Verify	Run Jest tests	2026-10-10T16:10:52.6709639Z       at Object.write [as warn] (shared/lib/logger.ts:142:33)
Verify	Run Jest tests	2026-10-10T16:10:52.6709974Z       at warn (shared/http/httpClient.ts:137:12)
Verify	Run Jest tests	2026-10-10T16:10:52.6710408Z       at asyncGeneratorStep (node_modules/@babel/runtime/helpers/asyncToGenerator.js:3:17)
Verify	Run Jest tests	2026-10-10T16:10:52.6710915Z       at _next (node_modules/@babel/runtime/helpers/asyncToGenerator.js:17:9)
Verify	Run Jest tests	2026-10-10T16:10:52.6711355Z       at node_modules/@babel/runtime/helpers/asyncToGenerator.js:22:7
Verify	Run Jest tests	2026-10-10T16:10:52.6711796Z       at node_modules/@babel/runtime/helpers/asyncToGenerator.js:14:12
Verify	Run Jest tests	2026-10-10T16:10:52.6712159Z       at apply (shared/http/httpClient.ts:143:4)
Verify	Run Jest tests	2026-10-10T16:10:52.6712566Z       at Axios.request (node_modules/axios/dist/browser/axios.cjs:5245:14)
Verify	Run Jest tests	2026-10-10T16:10:52.6712837Z 
Verify	Run Jest tests	2026-10-10T16:10:52.6712925Z     console.warn
Verify	Run Jest tests	2026-10-10T16:10:52.6713172Z       API GET /me failed: unauthorized (401)
Verify	Run Jest tests	2026-10-10T16:10:52.6713365Z 
Verify	Run Jest tests	2026-10-10T16:10:52.6714011Z     ^[[0m ^[[90m 129 |^[[39m     ^[[36mconst^[[39m args ^[[33m=^[[39m [message^[[33m,^[[39m ^[[33m...^[[39mdetails^[[33m.^[[39mfilter(item ^[[33m=>^[[39m item ^[[33m!==^[[39m undefined)]^[[33m;^[[39m
Verify	Run Jest tests	2026-10-10T16:10:52.6714953Z      ^[[90m 130 |^[[39m     ^[[36mif^[[39m (level ^[[33m===^[[39m ^[[32m'error'^[[39m) console^[[33m.^[[39merror(^[[33m...^[[39margs)^[[33m;^[[39m
Verify	Run Jest tests	2026-10-10T16:10:52.6715867Z     ^[[31m^[[1m>^[[22m^[[39m^[[90m 131 |^[[39m     ^[[36melse^[[39m ^[[36mif^[[39m (level ^[[33m===^[[39m ^[[32m'warn'^[[39m) console^[[33m.^[[39mwarn(^[[33m...^[[39margs)^[[33m;^[[39m
Verify	Run Jest tests	2026-10-10T16:10:52.6716541Z      ^[[90m     |^[[39m                                        ^[[31m^[[1m^^[[22m^[[39m
Verify	Run Jest tests	2026-10-10T16:10:52.6717239Z      ^[[90m 132 |^[[39m     ^[[36melse^[[39m ^[[36mif^[[39m (level ^[[33m===^[[39m ^[[32m'info'^[[39m) console^[[33m.^[[39minfo(^[[33m...^[[39margs)^[[33m;^[[39m
Verify	Run Jest tests	2026-10-10T16:10:52.6717869Z      ^[[90m 133 |^[[39m     ^[[36melse^[[39m console^[[33m.^[[39mdebug(^[[33m...^[[39margs)^[[33m;^[[39m
Verify	Run Jest tests	2026-10-10T16:10:52.6728680Z      ^[[90m 134 |^[[39m   }^[[33m;^[[39m^[[0m
Verify	Run Jest tests	2026-10-10T16:10:52.6728864Z 
Verify	Run Jest tests	2026-10-10T16:10:52.6728994Z       at warn (shared/lib/logger.ts:131:40)
Verify	Run Jest tests	2026-10-10T16:10:52.6729328Z       at Object.write [as warn] (shared/lib/logger.ts:142:33)
Verify	Run Jest tests	2026-10-10T16:10:52.6729666Z       at warn (shared/http/httpClient.ts:137:12)
Verify	Run Jest tests	2026-10-10T16:10:52.6730108Z       at asyncGeneratorStep (node_modules/@babel/runtime/helpers/asyncToGenerator.js:3:17)
Verify	Run Jest tests	2026-10-10T16:10:52.6730698Z       at _next (node_modules/@babel/runtime/helpers/asyncToGenerator.js:17:9)
Verify	Run Jest tests	2026-10-10T16:10:52.6730949Z 
Verify	Run Jest tests	2026-10-10T16:10:52.6731060Z     console.warn
Verify	Run Jest tests	2026-10-10T16:10:52.6734871Z       API DELETE /sessions failed: network
Verify	Run Jest tests	2026-10-10T16:10:52.6735071Z 
Verify	Run Jest tests	2026-10-10T16:10:52.6735741Z     ^[[0m ^[[90m 129 |^[[39m     ^[[36mconst^[[39m args ^[[33m=^[[39m [message^[[33m,^[[39m ^[[33m...^[[39mdetails^[[33m.^[[39mfilter(item ^[[33m=>^[[39m item ^[[33m!==^[[39m undefined)]^[[33m;^[[39m
Verify	Run Jest tests	2026-10-10T16:10:52.6736911Z      ^[[90m 130 |^[[39m     ^[[36mif^[[39m (level ^[[33m===^[[39m ^[[32m'error'^[[39m) console^[[33m.^[[39merror(^[[33m...^[[39margs)^[[33m;^[[39m
Verify	Run Jest tests	2026-10-10T16:10:52.6737810Z     ^[[31m^[[1m>^[[22m^[[39m^[[90m 131 |^[[39m     ^[[36melse^[[39m ^[[36mif^[[39m (level ^[[33m===^[[39m ^[[32m'warn'^[[39m) console^[[33m.^[[39mwarn(^[[33m...^[[39margs)^[[33m;^[[39m
Verify	Run Jest tests	2026-10-10T16:10:52.6738579Z      ^[[90m     |^[[39m                                        ^[[31m^[[1m^^[[22m^[[39m
Verify	Run Jest tests	2026-10-10T16:10:52.6739225Z      ^[[90m 132 |^[[39m     ^[[36melse^[[39m ^[[36mif^[[39m (level ^[[33m===^[[39m ^[[32m'info'^[[39m) console^[[33m.^[[39minfo(^[[33m...^[[39margs)^[[33m;^[[39m
Verify	Run Jest tests	2026-10-10T16:10:52.6739872Z      ^[[90m 133 |^[[39m     ^[[36melse^[[39m console^[[33m.^[[39mdebug(^[[33m...^[[39margs)^[[33m;^[[39m
Verify	Run Jest tests	2026-10-10T16:10:52.6740305Z      ^[[90m 134 |^[[39m   }^[[33m;^[[39m^[[0m
Verify	Run Jest tests	2026-10-10T16:10:52.6740469Z 
Verify	Run Jest tests	2026-10-10T16:10:52.6740589Z       at warn (shared/lib/logger.ts:131:40)
Verify	Run Jest tests	2026-10-10T16:10:52.6740933Z       at Object.write [as warn] (shared/lib/logger.ts:142:33)
Verify	Run Jest tests	2026-10-10T16:10:52.6741274Z       at warn (shared/http/httpClient.ts:137:12)
Verify	Run Jest tests	2026-10-10T16:10:52.6741981Z       at asyncGeneratorStep (node_modules/@babel/runtime/helpers/asyncToGenerator.js:3:17)
Verify	Run Jest tests	2026-10-10T16:10:52.6742567Z       at _next (node_modules/@babel/runtime/helpers/asyncToGenerator.js:17:9)
Verify	Run Jest tests	2026-10-10T16:10:52.6743125Z       at node_modules/@babel/runtime/helpers/asyncToGenerator.js:22:7
Verify	Run Jest tests	2026-10-10T16:10:52.6743559Z       at node_modules/@babel/runtime/helpers/asyncToGenerator.js:14:12
Verify	Run Jest tests	2026-10-10T16:10:52.6743926Z       at apply (shared/http/httpClient.ts:143:4)
Verify	Run Jest tests	2026-10-10T16:10:52.6744324Z       at Axios.request (node_modules/axios/dist/browser/axios.cjs:5245:14)
Verify	Run Jest tests	2026-10-10T16:10:52.6744575Z 
Verify	Run Jest tests	2026-10-10T16:10:52.6744661Z     console.warn
Verify	Run Jest tests	2026-10-10T16:10:52.6745059Z       Signing out on the auth backend failed { error: 'Network error: check your connection' }
Verify	Run Jest tests	2026-10-10T16:10:52.6745369Z 
Verify	Run Jest tests	2026-10-10T16:10:52.6746008Z     ^[[0m ^[[90m 129 |^[[39m     ^[[36mconst^[[39m args ^[[33m=^[[39m [message^[[33m,^[[39m ^[[33m...^[[39mdetails^[[33m.^[[39mfilter(item ^[[33m=>^[[39m item ^[[33m!==^[[39m undefined)]^[[33m;^[[39m
Verify	Run Jest tests	2026-10-10T16:10:52.6746933Z      ^[[90m 130 |^[[39m     ^[[36mif^[[39m (level ^[[33m===^[[39m ^[[32m'error'^[[39m) console^[[33m.^[[39merror(^[[33m...^[[39margs)^[[33m;^[[39m
Verify	Run Jest tests	2026-10-10T16:10:52.6747812Z     ^[[31m^[[1m>^[[22m^[[39m^[[90m 131 |^[[39m     ^[[36melse^[[39m ^[[36mif^[[39m (level ^[[33m===^[[39m ^[[32m'warn'^[[39m) console^[[33m.^[[39mwarn(^[[33m...^[[39margs)^[[33m;^[[39m
Verify	Run Jest tests	2026-10-10T16:10:52.6748633Z      ^[[90m     |^[[39m                                        ^[[31m^[[1m^^[[22m^[[39m
Verify	Run Jest tests	2026-10-10T16:10:52.6749313Z      ^[[90m 132 |^[[39m     ^[[36melse^[[39m ^[[36mif^[[39m (level ^[[33m===^[[39m ^[[32m'info'^[[39m) console^[[33m.^[[39minfo(^[[33m...^[[39margs)^[[33m;^[[39m
Verify	Run Jest tests	2026-10-10T16:10:52.6750006Z      ^[[90m 133 |^[[39m     ^[[36melse^[[39m console^[[33m.^[[39mdebug(^[[33m...^[[39margs)^[[33m;^[[39m
Verify	Run Jest tests	2026-10-10T16:10:52.6750418Z      ^[[90m 134 |^[[39m   }^[[33m;^[[39m^[[0m
Verify	Run Jest tests	2026-10-10T16:10:52.6750592Z 
Verify	Run Jest tests	2026-10-10T16:10:52.6750715Z       at warn (shared/lib/logger.ts:131:40)
Verify	Run Jest tests	2026-10-10T16:10:52.6751076Z       at Object.write [as warn] (shared/lib/logger.ts:142:33)
Verify	Run Jest tests	2026-10-10T16:10:52.6751473Z       at Object.warn (shared/session/authService.ts:148:14)
Verify	Run Jest tests	2026-10-10T16:10:52.6751827Z           at Generator.throw (<anonymous>)
Verify	Run Jest tests	2026-10-10T16:10:52.6752274Z       at asyncGeneratorStep (node_modules/@babel/runtime/helpers/asyncToGenerator.js:3:17)
Verify	Run Jest tests	2026-10-10T16:10:52.6752826Z       at _throw (node_modules/@babel/runtime/helpers/asyncToGenerator.js:20:9)
Verify	Run Jest tests	2026-10-10T16:10:52.6753076Z 
Verify	Run Jest tests	2026-10-10T16:10:52.6753311Z PASS __tests__/shared/http/httpClient.test.ts (13.243 s)
Verify	Run Jest tests	2026-10-10T16:10:52.8283193Z PASS __tests__/shared/config/env.test.ts
Verify	Run Jest tests	2026-10-10T16:10:52.9570918Z PASS __tests__/shared/http/api.test.ts
Verify	Run Jest tests	2026-10-10T16:10:52.9605854Z   ● Console
Verify	Run Jest tests	2026-10-10T16:10:52.9606004Z 
Verify	Run Jest tests	2026-10-10T16:10:52.9606089Z     console.warn
Verify	Run Jest tests	2026-10-10T16:10:52.9606347Z       API request failed: server (503)
Verify	Run Jest tests	2026-10-10T16:10:52.9606983Z 
Verify	Run Jest tests	2026-10-10T16:10:52.9607583Z     ^[[0m ^[[90m 129 |^[[39m     ^[[36mconst^[[39m args ^[[33m=^[[39m [message^[[33m,^[[39m ^[[33m...^[[39mdetails^[[33m.^[[39mfilter(item ^[[33m=>^[[39m item ^[[33m!==^[[39m undefined)]^[[33m;^[[39m
Verify	Run Jest tests	2026-10-10T16:10:52.9608622Z      ^[[90m 130 |^[[39m     ^[[36mif^[[39m (level ^[[33m===^[[39m ^[[32m'error'^[[39m) console^[[33m.^[[39merror(^[[33m...^[[39margs)^[[33m;^[[39m
Verify	Run Jest tests	2026-10-10T16:10:52.9609438Z     ^[[31m^[[1m>^[[22m^[[39m^[[90m 131 |^[[39m     ^[[36melse^[[39m ^[[36mif^[[39m (level ^[[33m===^[[39m ^[[32m'warn'^[[39m) console^[[33m.^[[39mwarn(^[[33m...^[[39margs)^[[33m;^[[39m
Verify	Run Jest tests	2026-10-10T16:10:52.9610012Z      ^[[90m     |^[[39m                                        ^[[31m^[[1m^^[[22m^[[39m
Verify	Run Jest tests	2026-10-10T16:10:52.9610636Z      ^[[90m 132 |^[[39m     ^[[36melse^[[39m ^[[36mif^[[39m (level ^[[33m===^[[39m ^[[32m'info'^[[39m) console^[[33m.^[[39minfo(^[[33m...^[[39margs)^[[33m;^[[39m
Verify	Run Jest tests	2026-10-10T16:10:52.9611045Z      ^[[90m 133 |^[[39m     ^[[36melse^[[39m console^[[33m.^[[39mdebug(^[[33m...^[[39margs)^[[33m;^[[39m
Verify	Run Jest tests	2026-10-10T16:10:52.9611302Z      ^[[90m 134 |^[[39m   }^[[33m;^[[39m^[[0m
Verify	Run Jest tests	2026-10-10T16:10:52.9611401Z 
Verify	Run Jest tests	2026-10-10T16:10:52.9611480Z       at warn (shared/lib/logger.ts:131:40)
Verify	Run Jest tests	2026-10-10T16:10:52.9611836Z       at Object.write [as warn] (shared/lib/logger.ts:142:33)
Verify	Run Jest tests	2026-10-10T16:10:52.9612046Z       at warn (shared/http/httpClient.ts:137:12)
Verify	Run Jest tests	2026-10-10T16:10:52.9612314Z       at asyncGeneratorStep (node_modules/@babel/runtime/helpers/asyncToGenerator.js:3:17)
Verify	Run Jest tests	2026-10-10T16:10:52.9612618Z       at _next (node_modules/@babel/runtime/helpers/asyncToGenerator.js:17:9)
Verify	Run Jest tests	2026-10-10T16:10:52.9612882Z       at node_modules/@babel/runtime/helpers/asyncToGenerator.js:22:7
Verify	Run Jest tests	2026-10-10T16:10:52.9613173Z       at node_modules/@babel/runtime/helpers/asyncToGenerator.js:14:12
Verify	Run Jest tests	2026-10-10T16:10:52.9613521Z       at apply (shared/http/httpClient.ts:143:4)
Verify	Run Jest tests	2026-10-10T16:10:52.9613887Z       at Axios.request (node_modules/axios/dist/browser/axios.cjs:5245:14)
Verify	Run Jest tests	2026-10-10T16:10:52.9614084Z 
Verify	Run Jest tests	2026-10-10T16:10:53.0078803Z PASS __tests__/shared/lib/useFetch.test.tsx
Verify	Run Jest tests	2026-10-10T16:10:54.7908338Z PASS __tests__/shared/ui/ErrorBoundary.test.tsx (6.417 s)
Verify	Run Jest tests	2026-10-10T16:10:54.8042563Z   ● Console
Verify	Run Jest tests	2026-10-10T16:10:54.8043252Z 
Verify	Run Jest tests	2026-10-10T16:10:54.8043562Z     console.debug
Verify	Run Jest tests	2026-10-10T16:10:54.8048994Z       [analytics] screen /boom
Verify	Run Jest tests	2026-10-10T16:10:54.8049362Z 
Verify	Run Jest tests	2026-10-10T16:10:54.8049622Z       at debug (shared/lib/logger.ts:133:18)
Verify	Run Jest tests	2026-10-10T16:10:54.8049915Z 
Verify	Run Jest tests	2026-10-10T16:10:54.8051790Z     console.debug
Verify	Run Jest tests	2026-10-10T16:10:54.8078734Z       [analytics] screen /
Verify	Run Jest tests	2026-10-10T16:10:54.8079063Z 
Verify	Run Jest tests	2026-10-10T16:10:54.8128563Z       at debug (shared/lib/logger.ts:133:18)
Verify	Run Jest tests	2026-10-10T16:10:54.8128781Z 
Verify	Run Jest tests	2026-10-10T16:10:54.8128871Z     console.debug
Verify	Run Jest tests	2026-10-10T16:10:54.8129073Z       [analytics] screen /
Verify	Run Jest tests	2026-10-10T16:10:54.8129207Z 
Verify	Run Jest tests	2026-10-10T16:10:54.8129322Z       at debug (shared/lib/logger.ts:133:18)
Verify	Run Jest tests	2026-10-10T16:10:54.8129492Z 
Verify	Run Jest tests	2026-10-10T16:10:54.8129569Z     console.debug
Verify	Run Jest tests	2026-10-10T16:10:54.8129774Z       [analytics] screen /boom
Verify	Run Jest tests	2026-10-10T16:10:54.8129914Z 
Verify	Run Jest tests	2026-10-10T16:10:54.8130056Z       at debug (shared/lib/logger.ts:133:18)
Verify	Run Jest tests	2026-10-10T16:10:54.8130216Z 
Verify	Run Jest tests	2026-10-10T16:10:54.8130290Z     console.debug
Verify	Run Jest tests	2026-10-10T16:10:54.8130469Z       [analytics] screen /
Verify	Run Jest tests	2026-10-10T16:10:54.8130604Z 
Verify	Run Jest tests	2026-10-10T16:10:54.8130721Z       at debug (shared/lib/logger.ts:133:18)
Verify	Run Jest tests	2026-10-10T16:10:54.8130878Z 
Verify	Run Jest tests	2026-10-10T16:10:54.8130951Z     console.debug
Verify	Run Jest tests	2026-10-10T16:10:54.8131129Z       [analytics] screen /
Verify	Run Jest tests	2026-10-10T16:10:54.8131253Z 
Verify	Run Jest tests	2026-10-10T16:10:54.8131367Z       at debug (shared/lib/logger.ts:133:18)
Verify	Run Jest tests	2026-10-10T16:10:54.8131517Z 
Verify	Run Jest tests	2026-10-10T16:10:54.8131595Z     console.debug
Verify	Run Jest tests	2026-10-10T16:10:54.8131789Z       [analytics] screen /boom
Verify	Run Jest tests	2026-10-10T16:10:54.8131925Z 
Verify	Run Jest tests	2026-10-10T16:10:54.8132039Z       at debug (shared/lib/logger.ts:133:18)
Verify	Run Jest tests	2026-10-10T16:10:54.8132197Z 
Verify	Run Jest tests	2026-10-10T16:10:54.8132306Z     console.debug
Verify	Run Jest tests	2026-10-10T16:10:54.8132495Z       [analytics] screen /
Verify	Run Jest tests	2026-10-10T16:10:54.8132620Z 
Verify	Run Jest tests	2026-10-10T16:10:54.8132735Z       at debug (shared/lib/logger.ts:133:18)
Verify	Run Jest tests	2026-10-10T16:10:54.8133191Z 
Verify	Run Jest tests	2026-10-10T16:10:54.8133268Z     console.debug
Verify	Run Jest tests	2026-10-10T16:10:54.8133467Z       [analytics] screen /boom
Verify	Run Jest tests	2026-10-10T16:10:54.8133602Z 
Verify	Run Jest tests	2026-10-10T16:10:54.8133726Z       at debug (shared/lib/logger.ts:133:18)
Verify	Run Jest tests	2026-10-10T16:10:54.8133883Z 
Verify	Run Jest tests	2026-10-10T16:10:54.8133956Z     console.debug
Verify	Run Jest tests	2026-10-10T16:10:54.8134137Z       [analytics] screen /
Verify	Run Jest tests	2026-10-10T16:10:54.8134260Z 
Verify	Run Jest tests	2026-10-10T16:10:54.8134375Z       at debug (shared/lib/logger.ts:133:18)
Verify	Run Jest tests	2026-10-10T16:10:54.8134529Z 
Verify	Run Jest tests	2026-10-10T16:10:54.8134606Z     console.debug
Verify	Run Jest tests	2026-10-10T16:10:54.8134805Z       [analytics] screen /boom
Verify	Run Jest tests	2026-10-10T16:10:54.8134940Z 
Verify	Run Jest tests	2026-10-10T16:10:54.8135052Z       at debug (shared/lib/logger.ts:133:18)
Verify	Run Jest tests	2026-10-10T16:10:54.8135205Z 
Verify	Run Jest tests	2026-10-10T16:10:55.0314221Z PASS __tests__/shared/session/tokenStore.test.tsx
Verify	Run Jest tests	2026-10-10T16:10:55.0374623Z   ● Console
Verify	Run Jest tests	2026-10-10T16:10:55.0374948Z 
Verify	Run Jest tests	2026-10-10T16:10:55.0375212Z     console.debug
Verify	Run Jest tests	2026-10-10T16:10:55.0375749Z       [analytics] screen /login
Verify	Run Jest tests	2026-10-10T16:10:55.0376122Z 
Verify	Run Jest tests	2026-10-10T16:10:55.0376388Z       at debug (shared/lib/logger.ts:133:18)
Verify	Run Jest tests	2026-10-10T16:10:55.0376704Z 
Verify	Run Jest tests	2026-10-10T16:10:55.0376922Z     console.debug
Verify	Run Jest tests	2026-10-10T16:10:55.0377683Z       [analytics] screen /
Verify	Run Jest tests	2026-10-10T16:10:55.0377939Z 
Verify	Run Jest tests	2026-10-10T16:10:55.0378330Z       at debug (shared/lib/logger.ts:133:18)
Verify	Run Jest tests	2026-10-10T16:10:55.0378642Z 
Verify	Run Jest tests	2026-10-10T16:10:55.0378854Z     console.debug
Verify	Run Jest tests	2026-10-10T16:10:55.0379205Z       [analytics] screen /login
Verify	Run Jest tests	2026-10-10T16:10:55.0379477Z 
Verify	Run Jest tests	2026-10-10T16:10:55.0379729Z       at debug (shared/lib/logger.ts:133:18)
Verify	Run Jest tests	2026-10-10T16:10:55.0380035Z 
Verify	Run Jest tests	2026-10-10T16:10:55.0380242Z     console.debug
Verify	Run Jest tests	2026-10-10T16:10:55.0380572Z       [analytics] screen /
Verify	Run Jest tests	2026-10-10T16:10:55.0380841Z 
Verify	Run Jest tests	2026-10-10T16:10:55.0381088Z       at debug (shared/lib/logger.ts:133:18)
Verify	Run Jest tests	2026-10-10T16:10:55.0381382Z 
Verify	Run Jest tests	2026-10-10T16:10:55.0381587Z     console.debug
Verify	Run Jest tests	2026-10-10T16:10:55.0381905Z       [analytics] screen /
Verify	Run Jest tests	2026-10-10T16:10:55.0382169Z 
Verify	Run Jest tests	2026-10-10T16:10:55.0382416Z       at debug (shared/lib/logger.ts:133:18)
Verify	Run Jest tests	2026-10-10T16:10:55.0382716Z 
Verify	Run Jest tests	2026-10-10T16:10:55.5109748Z PASS __tests__/features/auth/LoginScreen.test.tsx
Verify	Run Jest tests	2026-10-10T16:10:55.5168431Z   ● Console
Verify	Run Jest tests	2026-10-10T16:10:55.5176423Z 
Verify	Run Jest tests	2026-10-10T16:10:55.5176817Z     console.error
Verify	Run Jest tests	2026-10-10T16:10:55.5177416Z       An update to SessionProvider inside a test was not wrapped in act(...).
Verify	Run Jest tests	2026-10-10T16:10:55.5177888Z       
Verify	Run Jest tests	2026-10-10T16:10:55.5178525Z       When testing, code that causes React state updates should be wrapped into act(...):
Verify	Run Jest tests	2026-10-10T16:10:55.5205919Z       
Verify	Run Jest tests	2026-10-10T16:10:55.5206190Z       act(() => {
Verify	Run Jest tests	2026-10-10T16:10:55.5206465Z         /* fire events that update state */
Verify	Run Jest tests	2026-10-10T16:10:55.5206713Z       });
Verify	Run Jest tests	2026-10-10T16:10:55.5206909Z       /* assert on the output */
Verify	Run Jest tests	2026-10-10T16:10:55.5207124Z       
Verify	Run Jest tests	2026-10-10T16:10:55.5207635Z       This ensures that you're testing the behavior the user would see in the browser. Learn more at https://react.dev/link/wrap-tests-with-act
Verify	Run Jest tests	2026-10-10T16:10:55.5208217Z 
Verify	Run Jest tests	2026-10-10T16:10:55.5208623Z     ^[[0m ^[[90m 86 |^[[39m     readStoredSession()^[[33m.^[[39mthen(restored ^[[33m=>^[[39m {
Verify	Run Jest tests	2026-10-10T16:10:55.5209348Z      ^[[90m 87 |^[[39m       ^[[36mif^[[39m (^[[33m!^[[39mchangedRef^[[33m.^[[39mcurrent ^[[33m&&^[[39m isMountedRef^[[33m.^[[39mcurrent) {
Verify	Run Jest tests	2026-10-10T16:10:55.5209945Z     ^[[31m^[[1m>^[[22m^[[39m^[[90m 88 |^[[39m         setSession(restored)^[[33m;^[[39m
Verify	Run Jest tests	2026-10-10T16:10:55.5210330Z      ^[[90m    |^[[39m         ^[[31m^[[1m^^[[22m^[[39m
Verify	Run Jest tests	2026-10-10T16:10:55.5210603Z      ^[[90m 89 |^[[39m       }
Verify	Run Jest tests	2026-10-10T16:10:55.5210866Z      ^[[90m 90 |^[[39m     })^[[33m;^[[39m
Verify	Run Jest tests	2026-10-10T16:10:55.5211314Z      ^[[90m 91 |^[[39m     ^[[90m// The HTTP client has already cleared the stored session.^[[39m^[[0m
Verify	Run Jest tests	2026-10-10T16:10:55.5211586Z 
Verify	Run Jest tests	2026-10-10T16:10:55.5211861Z       at node_modules/react-test-renderer/cjs/react-test-renderer.development.js:14402:19
Verify	Run Jest tests	2026-10-10T16:10:55.5212475Z       at runWithFiberInDEV (node_modules/react-test-renderer/cjs/react-test-renderer.development.js:2315:13)
Verify	Run Jest tests	2026-10-10T16:10:55.5213220Z       at warnIfUpdatesNotWrappedWithActDEV (node_modules/react-test-renderer/cjs/react-test-renderer.development.js:14401:9)
Verify	Run Jest tests	2026-10-10T16:10:55.5214396Z       at scheduleUpdateOnFiber (node_modules/react-test-renderer/cjs/react-test-renderer.development.js:12086:9)
Verify	Run Jest tests	2026-10-10T16:10:55.5215117Z       at dispatchSetStateInternal (node_modules/react-test-renderer/cjs/react-test-renderer.development.js:6208:13)
Verify	Run Jest tests	2026-10-10T16:10:55.5215800Z       at dispatchSetState (node_modules/react-test-renderer/cjs/react-test-renderer.development.js:6165:7)
Verify	Run Jest tests	2026-10-10T16:10:55.5216302Z       at setSession (shared/session/SessionProvider.tsx:88:9)
Verify	Run Jest tests	2026-10-10T16:10:55.5216513Z 
Verify	Run Jest tests	2026-10-10T16:10:55.5216592Z     console.error
Verify	Run Jest tests	2026-10-10T16:10:55.5216893Z       An update to SessionProvider inside a test was not wrapped in act(...).
Verify	Run Jest tests	2026-10-10T16:10:55.5217219Z       
Verify	Run Jest tests	2026-10-10T16:10:55.5217539Z       When testing, code that causes React state updates should be wrapped into act(...):
Verify	Run Jest tests	2026-10-10T16:10:55.5217865Z       
Verify	Run Jest tests	2026-10-10T16:10:55.5218174Z       act(() => {
Verify	Run Jest tests	2026-10-10T16:10:55.5218403Z         /* fire events that update state */
Verify	Run Jest tests	2026-10-10T16:10:55.5218628Z       });
Verify	Run Jest tests	2026-10-10T16:10:55.5218817Z       /* assert on the output */
Verify	Run Jest tests	2026-10-10T16:10:55.5219237Z       
Verify	Run Jest tests	2026-10-10T16:10:55.5219735Z       This ensures that you're testing the behavior the user would see in the browser. Learn more at https://react.dev/link/wrap-tests-with-act
Verify	Run Jest tests	2026-10-10T16:10:55.5220153Z 
Verify	Run Jest tests	2026-10-10T16:10:55.5220466Z     ^[[0m ^[[90m 86 |^[[39m     readStoredSession()^[[33m.^[[39mthen(restored ^[[33m=>^[[39m {
Verify	Run Jest tests	2026-10-10T16:10:55.5221118Z      ^[[90m 87 |^[[39m       ^[[36mif^[[39m (^[[33m!^[[39mchangedRef^[[33m.^[[39mcurrent ^[[33m&&^[[39m isMountedRef^[[33m.^[[39mcurrent) {
Verify	Run Jest tests	2026-10-10T16:10:55.5221696Z     ^[[31m^[[1m>^[[22m^[[39m^[[90m 88 |^[[39m         setSession(restored)^[[33m;^[[39m
Verify	Run Jest tests	2026-10-10T16:10:55.5222062Z      ^[[90m    |^[[39m         ^[[31m^[[1m^^[[22m^[[39m
Verify	Run Jest tests	2026-10-10T16:10:55.5222338Z      ^[[90m 89 |^[[39m       }
Verify	Run Jest tests	2026-10-10T16:10:55.5222595Z      ^[[90m 90 |^[[39m     })^[[33m;^[[39m
Verify	Run Jest tests	2026-10-10T16:10:55.5223053Z      ^[[90m 91 |^[[39m     ^[[90m// The HTTP client has already cleared the stored session.^[[39m^[[0m
Verify	Run Jest tests	2026-10-10T16:10:55.5223328Z 
Verify	Run Jest tests	2026-10-10T16:10:55.5223581Z       at node_modules/react-test-renderer/cjs/react-test-renderer.development.js:14402:19
Verify	Run Jest tests	2026-10-10T16:10:55.5224193Z       at runWithFiberInDEV (node_modules/react-test-renderer/cjs/react-test-renderer.development.js:2315:13)
Verify	Run Jest tests	2026-10-10T16:10:55.5224934Z       at warnIfUpdatesNotWrappedWithActDEV (node_modules/react-test-renderer/cjs/react-test-renderer.development.js:14401:9)
Verify	Run Jest tests	2026-10-10T16:10:55.5225677Z       at scheduleUpdateOnFiber (node_modules/react-test-renderer/cjs/react-test-renderer.development.js:12086:9)
Verify	Run Jest tests	2026-10-10T16:10:55.5226382Z       at dispatchSetStateInternal (node_modules/react-test-renderer/cjs/react-test-renderer.development.js:6208:13)
Verify	Run Jest tests	2026-10-10T16:10:55.5227077Z       at dispatchSetState (node_modules/react-test-renderer/cjs/react-test-renderer.development.js:6165:7)
Verify	Run Jest tests	2026-10-10T16:10:55.5227586Z       at setSession (shared/session/SessionProvider.tsx:88:9)
Verify	Run Jest tests	2026-10-10T16:10:55.5227799Z 
Verify	Run Jest tests	2026-10-10T16:10:56.0808534Z PASS __tests__/app/sessionRoutes.test.tsx
Verify	Run Jest tests	2026-10-10T16:10:56.1035500Z   ● Console
Verify	Run Jest tests	2026-10-10T16:10:56.1035923Z 
Verify	Run Jest tests	2026-10-10T16:10:56.1036265Z     console.debug
Verify	Run Jest tests	2026-10-10T16:10:56.1036635Z       [analytics] screen /profile
Verify	Run Jest tests	2026-10-10T16:10:56.1036922Z 
Verify	Run Jest tests	2026-10-10T16:10:56.1037161Z       at debug (shared/lib/logger.ts:133:18)
Verify	Run Jest tests	2026-10-10T16:10:56.1037455Z 
Verify	Run Jest tests	2026-10-10T16:10:56.1037652Z     console.debug
Verify	Run Jest tests	2026-10-10T16:10:56.1037977Z       [analytics] screen /profile
Verify	Run Jest tests	2026-10-10T16:10:56.1038374Z 
Verify	Run Jest tests	2026-10-10T16:10:56.1038616Z       at debug (shared/lib/logger.ts:133:18)
Verify	Run Jest tests	2026-10-10T16:10:56.1038893Z 
Verify	Run Jest tests	2026-10-10T16:10:56.1039087Z     console.debug
Verify	Run Jest tests	2026-10-10T16:10:56.1039386Z       [analytics] screen /
Verify	Run Jest tests	2026-10-10T16:10:56.1039619Z 
Verify	Run Jest tests	2026-10-10T16:10:56.1039838Z       at debug (shared/lib/logger.ts:133:18)
Verify	Run Jest tests	2026-10-10T16:10:56.1040115Z 
Verify	Run Jest tests	2026-10-10T16:10:56.1040292Z     console.debug
Verify	Run Jest tests	2026-10-10T16:10:56.1040602Z       [analytics] screen /login
Verify	Run Jest tests	2026-10-10T16:10:56.1041306Z 
Verify	Run Jest tests	2026-10-10T16:10:56.1041531Z       at debug (shared/lib/logger.ts:133:18)
Verify	Run Jest tests	2026-10-10T16:10:56.1041791Z 
Verify	Run Jest tests	2026-10-10T16:10:56.1041987Z     console.debug
Verify	Run Jest tests	2026-10-10T16:10:56.1042275Z       [analytics] screen /
Verify	Run Jest tests	2026-10-10T16:10:56.1042508Z 
Verify	Run Jest tests	2026-10-10T16:10:56.1042725Z       at debug (shared/lib/logger.ts:133:18)
Verify	Run Jest tests	2026-10-10T16:10:56.1042992Z 
Verify	Run Jest tests	2026-10-10T16:10:56.1043174Z     console.debug
Verify	Run Jest tests	2026-10-10T16:10:56.1043475Z       [analytics] screen /login
Verify	Run Jest tests	2026-10-10T16:10:56.1043719Z 
Verify	Run Jest tests	2026-10-10T16:10:56.1043943Z       at debug (shared/lib/logger.ts:133:18)
Verify	Run Jest tests	2026-10-10T16:10:56.1044210Z 
Verify	Run Jest tests	2026-10-10T16:10:56.1044395Z     console.debug
Verify	Run Jest tests	2026-10-10T16:10:56.1044679Z       [analytics] screen /
Verify	Run Jest tests	2026-10-10T16:10:56.1044914Z 
Verify	Run Jest tests	2026-10-10T16:10:56.1045136Z       at debug (shared/lib/logger.ts:133:18)
Verify	Run Jest tests	2026-10-10T16:10:56.1045399Z 
Verify	Run Jest tests	2026-10-10T16:10:56.1045586Z     console.debug
Verify	Run Jest tests	2026-10-10T16:10:56.1045903Z       [analytics] screen /profile
Verify	Run Jest tests	2026-10-10T16:10:56.1046155Z 
Verify	Run Jest tests	2026-10-10T16:10:56.1046384Z       at debug (shared/lib/logger.ts:133:18)
Verify	Run Jest tests	2026-10-10T16:10:56.1046650Z 
Verify	Run Jest tests	2026-10-10T16:10:56.1046829Z     console.debug
Verify	Run Jest tests	2026-10-10T16:10:56.1047117Z       [analytics] screen /
Verify	Run Jest tests	2026-10-10T16:10:56.1047506Z 
Verify	Run Jest tests	2026-10-10T16:10:56.1047727Z       at debug (shared/lib/logger.ts:133:18)
Verify	Run Jest tests	2026-10-10T16:10:56.1048094Z 
Verify	Run Jest tests	2026-10-10T16:10:56.1048280Z     console.debug
Verify	Run Jest tests	2026-10-10T16:10:56.1048592Z       [analytics] screen /profile
Verify	Run Jest tests	2026-10-10T16:10:56.1048854Z 
Verify	Run Jest tests	2026-10-10T16:10:56.1049076Z       at debug (shared/lib/logger.ts:133:18)
Verify	Run Jest tests	2026-10-10T16:10:56.1049349Z 
Verify	Run Jest tests	2026-10-10T16:10:56.1049537Z     console.debug
Verify	Run Jest tests	2026-10-10T16:10:56.1049832Z       [analytics] screen /
Verify	Run Jest tests	2026-10-10T16:10:56.1050075Z 
Verify	Run Jest tests	2026-10-10T16:10:56.1050306Z       at debug (shared/lib/logger.ts:133:18)
Verify	Run Jest tests	2026-10-10T16:10:56.1050583Z 
Verify	Run Jest tests	2026-10-10T16:10:56.1050776Z     console.debug
Verify	Run Jest tests	2026-10-10T16:10:56.1051092Z       [analytics] screen /profile
Verify	Run Jest tests	2026-10-10T16:10:56.1051352Z 
Verify	Run Jest tests	2026-10-10T16:10:56.1051587Z       at debug (shared/lib/logger.ts:133:18)
Verify	Run Jest tests	2026-10-10T16:10:56.1051879Z 
Verify	Run Jest tests	2026-10-10T16:10:56.1052072Z     console.debug
Verify	Run Jest tests	2026-10-10T16:10:56.1052384Z       [analytics] screen /
Verify	Run Jest tests	2026-10-10T16:10:56.1052642Z 
Verify	Run Jest tests	2026-10-10T16:10:56.1052876Z       at debug (shared/lib/logger.ts:133:18)
Verify	Run Jest tests	2026-10-10T16:10:56.1053146Z 
Verify	Run Jest tests	2026-10-10T16:10:56.1053337Z     console.debug
Verify	Run Jest tests	2026-10-10T16:10:56.1053650Z       [analytics] screen /profile
Verify	Run Jest tests	2026-10-10T16:10:56.1053910Z 
Verify	Run Jest tests	2026-10-10T16:10:56.1054148Z       at debug (shared/lib/logger.ts:133:18)
Verify	Run Jest tests	2026-10-10T16:10:56.1054427Z 
Verify	Run Jest tests	2026-10-10T16:10:56.1054616Z     console.debug
Verify	Run Jest tests	2026-10-10T16:10:56.1054907Z       [analytics] screen /
Verify	Run Jest tests	2026-10-10T16:10:56.1055151Z 
Verify	Run Jest tests	2026-10-10T16:10:56.1055380Z       at debug (shared/lib/logger.ts:133:18)
Verify	Run Jest tests	2026-10-10T16:10:56.1055665Z 
Verify	Run Jest tests	2026-10-10T16:10:56.1055858Z     console.debug
Verify	Run Jest tests	2026-10-10T16:10:56.1056343Z       [analytics] screen /
Verify	Run Jest tests	2026-10-10T16:10:56.1056589Z 
Verify	Run Jest tests	2026-10-10T16:10:56.1056822Z       at debug (shared/lib/logger.ts:133:18)
Verify	Run Jest tests	2026-10-10T16:10:56.1057115Z 
Verify	Run Jest tests	2026-10-10T16:10:56.1057315Z     console.debug
Verify	Run Jest tests	2026-10-10T16:10:56.1057648Z       [analytics] screen /profile
Verify	Run Jest tests	2026-10-10T16:10:56.1057910Z 
Verify	Run Jest tests	2026-10-10T16:10:56.1058259Z       at debug (shared/lib/logger.ts:133:18)
Verify	Run Jest tests	2026-10-10T16:10:56.1058548Z 
Verify	Run Jest tests	2026-10-10T16:10:56.1058743Z     console.debug
Verify	Run Jest tests	2026-10-10T16:10:56.1059048Z       [analytics] screen /
Verify	Run Jest tests	2026-10-10T16:10:56.1059298Z 
Verify	Run Jest tests	2026-10-10T16:10:56.1059546Z       at debug (shared/lib/logger.ts:133:18)
Verify	Run Jest tests	2026-10-10T16:10:56.1059817Z 
Verify	Run Jest tests	2026-10-10T16:10:56.1060012Z     console.debug
Verify	Run Jest tests	2026-10-10T16:10:56.1060341Z       [analytics] screen /profile
Verify	Run Jest tests	2026-10-10T16:10:56.1060603Z 
Verify	Run Jest tests	2026-10-10T16:10:56.1060835Z       at debug (shared/lib/logger.ts:133:18)
Verify	Run Jest tests	2026-10-10T16:10:56.1061091Z 
Verify	Run Jest tests	2026-10-10T16:10:56.2359527Z PASS __tests__/shared/integrations/seams.test.ts
Verify	Run Jest tests	2026-10-10T16:10:56.3384173Z PASS __tests__/features/home/HomeScreen.test.tsx
Verify	Run Jest tests	2026-10-10T16:10:56.4458961Z PASS __tests__/app/appConfig.test.ts
Verify	Run Jest tests	2026-10-10T16:10:56.5381462Z PASS __tests__/shared/storage/storage.test.ts
Verify	Run Jest tests	2026-10-10T16:10:56.9847317Z PASS __tests__/features/demo-todos/TodosScreen.test.tsx
Verify	Run Jest tests	2026-10-10T16:10:56.9878989Z   ● Console
Verify	Run Jest tests	2026-10-10T16:10:56.9880357Z 
Verify	Run Jest tests	2026-10-10T16:10:56.9889407Z     console.warn
Verify	Run Jest tests	2026-10-10T16:10:56.9889872Z       API GET /todos failed: server (503)
Verify	Run Jest tests	2026-10-10T16:10:56.9890186Z 
Verify	Run Jest tests	2026-10-10T16:10:56.9890997Z     ^[[0m ^[[90m 129 |^[[39m     ^[[36mconst^[[39m args ^[[33m=^[[39m [message^[[33m,^[[39m ^[[33m...^[[39mdetails^[[33m.^[[39mfilter(item ^[[33m=>^[[39m item ^[[33m!==^[[39m undefined)]^[[33m;^[[39m
Verify	Run Jest tests	2026-10-10T16:10:56.9891976Z      ^[[90m 130 |^[[39m     ^[[36mif^[[39m (level ^[[33m===^[[39m ^[[32m'error'^[[39m) console^[[33m.^[[39merror(^[[33m...^[[39margs)^[[33m;^[[39m
Verify	Run Jest tests	2026-10-10T16:10:56.9892919Z     ^[[31m^[[1m>^[[22m^[[39m^[[90m 131 |^[[39m     ^[[36melse^[[39m ^[[36mif^[[39m (level ^[[33m===^[[39m ^[[32m'warn'^[[39m) console^[[33m.^[[39mwarn(^[[33m...^[[39margs)^[[33m;^[[39m
Verify	Run Jest tests	2026-10-10T16:10:56.9893666Z      ^[[90m     |^[[39m                                        ^[[31m^[[1m^^[[22m^[[39m
Verify	Run Jest tests	2026-10-10T16:10:56.9894414Z      ^[[90m 132 |^[[39m     ^[[36melse^[[39m ^[[36mif^[[39m (level ^[[33m===^[[39m ^[[32m'info'^[[39m) console^[[33m.^[[39minfo(^[[33m...^[[39margs)^[[33m;^[[39m
Verify	Run Jest tests	2026-10-10T16:10:56.9895186Z      ^[[90m 133 |^[[39m     ^[[36melse^[[39m console^[[33m.^[[39mdebug(^[[33m...^[[39margs)^[[33m;^[[39m
Verify	Run Jest tests	2026-10-10T16:10:56.9896044Z      ^[[90m 134 |^[[39m   }^[[33m;^[[39m^[[0m
Verify	Run Jest tests	2026-10-10T16:10:56.9896320Z 
Verify	Run Jest tests	2026-10-10T16:10:56.9896559Z       at warn (shared/lib/logger.ts:131:40)
Verify	Run Jest tests	2026-10-10T16:10:56.9897003Z       at Object.write [as warn] (shared/lib/logger.ts:142:33)
Verify	Run Jest tests	2026-10-10T16:10:56.9897447Z       at warn (shared/http/httpClient.ts:137:12)
Verify	Run Jest tests	2026-10-10T16:10:56.9897987Z       at asyncGeneratorStep (node_modules/@babel/runtime/helpers/asyncToGenerator.js:3:17)
Verify	Run Jest tests	2026-10-10T16:10:56.9898826Z       at _next (node_modules/@babel/runtime/helpers/asyncToGenerator.js:17:9)
Verify	Run Jest tests	2026-10-10T16:10:56.9899365Z       at node_modules/@babel/runtime/helpers/asyncToGenerator.js:22:7
Verify	Run Jest tests	2026-10-10T16:10:56.9899895Z       at node_modules/@babel/runtime/helpers/asyncToGenerator.js:14:12
Verify	Run Jest tests	2026-10-10T16:10:56.9900352Z       at apply (shared/http/httpClient.ts:143:4)
Verify	Run Jest tests	2026-10-10T16:10:56.9900843Z       at Axios.request (node_modules/axios/dist/browser/axios.cjs:5245:14)
Verify	Run Jest tests	2026-10-10T16:10:56.9901198Z 
Verify	Run Jest tests	2026-10-10T16:10:57.0589618Z PASS __tests__/features/demo-auth/dummyJsonAdapter.test.ts
Verify	Run Jest tests	2026-10-10T16:10:57.2309281Z PASS __tests__/shared/integrations/i18n.test.tsx
Verify	Run Jest tests	2026-10-10T16:10:57.2354293Z   ● Console
Verify	Run Jest tests	2026-10-10T16:10:57.2354530Z 
Verify	Run Jest tests	2026-10-10T16:10:57.2358566Z     console.debug
Verify	Run Jest tests	2026-10-10T16:10:57.2372703Z       [analytics] screen /
Verify	Run Jest tests	2026-10-10T16:10:57.2373085Z 
Verify	Run Jest tests	2026-10-10T16:10:57.2373350Z       at debug (shared/lib/logger.ts:133:18)
Verify	Run Jest tests	2026-10-10T16:10:57.2374055Z 
Verify	Run Jest tests	2026-10-10T16:10:57.2374326Z     console.debug
Verify	Run Jest tests	2026-10-10T16:10:57.2374698Z       [analytics] screen /login
Verify	Run Jest tests	2026-10-10T16:10:57.2374885Z 
Verify	Run Jest tests	2026-10-10T16:10:57.2375017Z       at debug (shared/lib/logger.ts:133:18)
Verify	Run Jest tests	2026-10-10T16:10:57.2375188Z 
Verify	Run Jest tests	2026-10-10T16:10:57.3569279Z PASS __tests__/shared/ui/theme.test.ts
Verify	Run Jest tests	2026-10-10T16:10:57.7808593Z PASS __tests__/app/tabBarTheme.test.tsx
Verify	Run Jest tests	2026-10-10T16:10:57.7825971Z   ● Console
Verify	Run Jest tests	2026-10-10T16:10:57.7826136Z 
Verify	Run Jest tests	2026-10-10T16:10:57.7826709Z     console.debug
Verify	Run Jest tests	2026-10-10T16:10:57.7827046Z       [analytics] screen /
Verify	Run Jest tests	2026-10-10T16:10:57.7827332Z 
Verify	Run Jest tests	2026-10-10T16:10:57.7827551Z       at debug (shared/lib/logger.ts:133:18)
Verify	Run Jest tests	2026-10-10T16:10:57.7827803Z 
Verify	Run Jest tests	2026-10-10T16:10:57.7827984Z     console.debug
Verify	Run Jest tests	2026-10-10T16:10:57.7828399Z       [analytics] screen /
Verify	Run Jest tests	2026-10-10T16:10:57.7828648Z 
Verify	Run Jest tests	2026-10-10T16:10:57.7828845Z       at debug (shared/lib/logger.ts:133:18)
Verify	Run Jest tests	2026-10-10T16:10:57.7829107Z 
Verify	Run Jest tests	2026-10-10T16:10:58.0139114Z PASS __tests__/app/initialRoute.test.tsx
Verify	Run Jest tests	2026-10-10T16:10:58.0189259Z   ● Console
Verify	Run Jest tests	2026-10-10T16:10:58.0189727Z 
Verify	Run Jest tests	2026-10-10T16:10:58.0190013Z     console.debug
Verify	Run Jest tests	2026-10-10T16:10:58.0190380Z       [analytics] screen /
Verify	Run Jest tests	2026-10-10T16:10:58.0190694Z 
Verify	Run Jest tests	2026-10-10T16:10:58.0190947Z       at debug (shared/lib/logger.ts:133:18)
Verify	Run Jest tests	2026-10-10T16:10:58.0191283Z 
Verify	Run Jest tests	2026-10-10T16:10:58.0248917Z     console.debug
Verify	Run Jest tests	2026-10-10T16:10:58.0249473Z       [analytics] screen /login
Verify	Run Jest tests	2026-10-10T16:10:58.0270974Z 
Verify	Run Jest tests	2026-10-10T16:10:58.0271719Z       at debug (shared/lib/logger.ts:133:18)
Verify	Run Jest tests	2026-10-10T16:10:58.0272101Z 
Verify	Run Jest tests	2026-10-10T16:10:58.0272348Z     console.debug
Verify	Run Jest tests	2026-10-10T16:10:58.0272760Z       [analytics] screen /login
Verify	Run Jest tests	2026-10-10T16:10:58.0273057Z 
Verify	Run Jest tests	2026-10-10T16:10:58.0273327Z       at debug (shared/lib/logger.ts:133:18)
Verify	Run Jest tests	2026-10-10T16:10:58.0273643Z 
Verify	Run Jest tests	2026-10-10T16:10:58.0273871Z     console.debug
Verify	Run Jest tests	2026-10-10T16:10:58.0274210Z       [analytics] screen /
Verify	Run Jest tests	2026-10-10T16:10:58.0274488Z 
Verify	Run Jest tests	2026-10-10T16:10:58.0274750Z       at debug (shared/lib/logger.ts:133:18)
Verify	Run Jest tests	2026-10-10T16:10:58.0275060Z 
Verify	Run Jest tests	2026-10-10T16:10:58.1200811Z PASS __tests__/shared/ui/LoadingScreen.test.tsx
Verify	Run Jest tests	2026-10-10T16:10:58.4350406Z PASS __tests__/features/demo-auth/DemoCredentialsHint.test.tsx
Verify	Run Jest tests	2026-10-10T16:10:58.5890799Z PASS __tests__/shared/integrations/screenTracking.test.tsx
Verify	Run Jest tests	2026-10-10T16:10:58.9519689Z PASS __tests__/app/statusBar.test.tsx
Verify	Run Jest tests	2026-10-10T16:10:58.9542592Z   ● Console
Verify	Run Jest tests	2026-10-10T16:10:58.9557044Z 
Verify	Run Jest tests	2026-10-10T16:10:58.9557559Z     console.debug
Verify	Run Jest tests	2026-10-10T16:10:58.9557959Z       [analytics] screen /
Verify	Run Jest tests	2026-10-10T16:10:58.9558442Z 
Verify	Run Jest tests	2026-10-10T16:10:58.9558710Z       at debug (shared/lib/logger.ts:133:18)
Verify	Run Jest tests	2026-10-10T16:10:58.9559983Z 
Verify	Run Jest tests	2026-10-10T16:10:58.9560214Z     console.debug
Verify	Run Jest tests	2026-10-10T16:10:58.9560538Z       [analytics] screen /
Verify	Run Jest tests	2026-10-10T16:10:58.9560789Z 
Verify	Run Jest tests	2026-10-10T16:10:58.9561035Z       at debug (shared/lib/logger.ts:133:18)
Verify	Run Jest tests	2026-10-10T16:10:58.9561321Z 
Verify	Run Jest tests	2026-10-10T16:10:58.9595320Z PASS __tests__/app/configError.test.tsx
Verify	Run Jest tests	2026-10-10T16:10:58.9608651Z   ● Console
Verify	Run Jest tests	2026-10-10T16:10:58.9623363Z 
Verify	Run Jest tests	2026-10-10T16:10:58.9623651Z     console.debug
Verify	Run Jest tests	2026-10-10T16:10:58.9623905Z       [analytics] screen /
Verify	Run Jest tests	2026-10-10T16:10:58.9624042Z 
Verify	Run Jest tests	2026-10-10T16:10:58.9624190Z       at debug (shared/lib/logger.ts:133:18)
Verify	Run Jest tests	2026-10-10T16:10:58.9624384Z 
Verify	Run Jest tests	2026-10-10T16:10:59.2583109Z PASS __tests__/features/demo-showcase/ShowcaseScreen.test.tsx
Verify	Run Jest tests	2026-10-10T16:10:59.8951650Z PASS __tests__/scripts/removeDemo.test.ts (6.863 s)
Verify	Run Jest tests	2026-10-10T16:11:00.4352341Z -----------------------------------|---------|----------|---------|---------|-------------------
Verify	Run Jest tests	2026-10-10T16:11:00.4353050Z File                               | % Stmts | % Branch | % Funcs | % Lines | Uncovered Line #s 
Verify	Run Jest tests	2026-10-10T16:11:00.4353573Z -----------------------------------|---------|----------|---------|---------|-------------------
Verify	Run Jest tests	2026-10-10T16:11:00.4356628Z All files                          |   97.51 |    91.46 |   95.04 |   97.69 |                   
Verify	Run Jest tests	2026-10-10T16:11:00.4357040Z  app                               |     100 |      100 |   57.14 |     100 |                   
Verify	Run Jest tests	2026-10-10T16:11:00.4357493Z   _layout.tsx                      |     100 |      100 |   57.14 |     100 |                   
Verify	Run Jest tests	2026-10-10T16:11:00.4357903Z   showcase.tsx                     |       0 |        0 |       0 |       0 |                   
Verify	Run Jest tests	2026-10-10T16:11:00.4358439Z  app/(app)                         |    87.5 |       75 |     100 |     100 |                   
Verify	Run Jest tests	2026-10-10T16:11:00.4358844Z   _layout.tsx                      |    87.5 |       75 |     100 |     100 | 24                
Verify	Run Jest tests	2026-10-10T16:11:00.4359114Z   profile.tsx                      |       0 |        0 |       0 |       0 |                   
Verify	Run Jest tests	2026-10-10T16:11:00.4360043Z  app/(auth)                        |     100 |      100 |     100 |     100 |                   
Verify	Run Jest tests	2026-10-10T16:11:00.4360456Z   _layout.tsx                      |     100 |      100 |     100 |     100 |                   
Verify	Run Jest tests	2026-10-10T16:11:00.4360855Z   login.tsx                        |       0 |        0 |       0 |       0 |                   
Verify	Run Jest tests	2026-10-10T16:11:00.4361243Z  app/(tabs)                        |     100 |      100 |     100 |     100 |                   
Verify	Run Jest tests	2026-10-10T16:11:00.4361627Z   _layout.tsx                      |     100 |      100 |     100 |     100 |                   
Verify	Run Jest tests	2026-10-10T16:11:00.4362010Z   explore.tsx                      |       0 |        0 |       0 |       0 |                   
Verify	Run Jest tests	2026-10-10T16:11:00.4362400Z   index.tsx                        |       0 |        0 |       0 |       0 |                   
Verify	Run Jest tests	2026-10-10T16:11:00.4363075Z  features/auth/screens             |   95.55 |    79.16 |   83.33 |   95.45 |                   
Verify	Run Jest tests	2026-10-10T16:11:00.4363509Z   LoginScreen.tsx                  |    92.3 |       80 |      60 |    92.3 | 132-136           
Verify	Run Jest tests	2026-10-10T16:11:00.4363938Z   ProfileScreen.tsx                |     100 |    78.57 |     100 |     100 | 38,67-72          
Verify	Run Jest tests	2026-10-10T16:11:00.4364362Z  features/demo-auth                |     100 |    91.66 |     100 |     100 |                   
Verify	Run Jest tests	2026-10-10T16:11:00.4364806Z   DemoCredentialsHint.tsx          |     100 |      100 |     100 |     100 |                   
Verify	Run Jest tests	2026-10-10T16:11:00.4365227Z   dummyJsonAdapter.ts              |     100 |       90 |     100 |     100 | 31                
Verify	Run Jest tests	2026-10-10T16:11:00.4365520Z  features/demo-showcase/components |     100 |      100 |     100 |     100 |                   
Verify	Run Jest tests	2026-10-10T16:11:00.4365871Z   ExampleLinks.tsx                 |     100 |      100 |     100 |     100 |                   
Verify	Run Jest tests	2026-10-10T16:11:00.4366294Z  features/demo-showcase/screens    |   77.77 |      100 |      60 |   71.42 |                   
Verify	Run Jest tests	2026-10-10T16:11:00.4366696Z   ShowcaseScreen.tsx               |   77.77 |      100 |      60 |   71.42 | 133-137           
Verify	Run Jest tests	2026-10-10T16:11:00.4366964Z  features/demo-todos               |       0 |        0 |       0 |       0 |                   
Verify	Run Jest tests	2026-10-10T16:11:00.4367219Z   types.ts                         |       0 |        0 |       0 |       0 |                   
Verify	Run Jest tests	2026-10-10T16:11:00.4367483Z  features/demo-todos/api           |     100 |      100 |     100 |     100 |                   
Verify	Run Jest tests	2026-10-10T16:11:00.4367747Z   todosApi.ts                      |     100 |      100 |     100 |     100 |                   
Verify	Run Jest tests	2026-10-10T16:11:00.4368220Z  features/demo-todos/screens       |     100 |    95.83 |     100 |     100 |                   
Verify	Run Jest tests	2026-10-10T16:11:00.4368527Z   TodosScreen.tsx                  |     100 |    95.83 |     100 |     100 | 65                
Verify	Run Jest tests	2026-10-10T16:11:00.4368985Z  features/home/screens             |     100 |     87.5 |     100 |     100 |                   
Verify	Run Jest tests	2026-10-10T16:11:00.4369413Z   HomeScreen.tsx                   |     100 |     87.5 |     100 |     100 | 38                
Verify	Run Jest tests	2026-10-10T16:11:00.4369824Z  shared/config                     |     100 |    97.95 |     100 |     100 |                   
Verify	Run Jest tests	2026-10-10T16:11:00.4370081Z   env.ts                           |     100 |    97.95 |     100 |     100 | 128               
Verify	Run Jest tests	2026-10-10T16:11:00.4370331Z   featureFlags.ts                  |     100 |      100 |     100 |     100 |                   
Verify	Run Jest tests	2026-10-10T16:11:00.4370587Z  shared/http                       |   98.78 |    95.18 |     100 |   98.66 |                   
Verify	Run Jest tests	2026-10-10T16:11:00.4370833Z   api.ts                           |     100 |      100 |     100 |     100 |                   
Verify	Run Jest tests	2026-10-10T16:11:00.4371103Z   apiError.ts                      |   97.29 |    95.55 |     100 |   96.77 | 66                
Verify	Run Jest tests	2026-10-10T16:11:00.4371360Z   httpClient.ts                    |     100 |    94.73 |     100 |     100 | 87                
Verify	Run Jest tests	2026-10-10T16:11:00.4371616Z  shared/i18n                       |     100 |    83.33 |     100 |     100 |                   
Verify	Run Jest tests	2026-10-10T16:11:00.4371861Z   en.ts                            |     100 |      100 |     100 |     100 |                   
Verify	Run Jest tests	2026-10-10T16:11:00.4372098Z   index.ts                         |     100 |    83.33 |     100 |     100 | 38                
Verify	Run Jest tests	2026-10-10T16:11:00.4372358Z  shared/integrations               |   95.91 |       75 |   96.55 |   95.34 |                   
Verify	Run Jest tests	2026-10-10T16:11:00.4372624Z   analytics.ts                     |     100 |     87.5 |     100 |     100 | 25                
Verify	Run Jest tests	2026-10-10T16:11:00.4372884Z   errorReporter.ts                 |   81.81 |       40 |   83.33 |   77.77 | 41,57             
Verify	Run Jest tests	2026-10-10T16:11:00.4373146Z   featureFlags.ts                  |     100 |      100 |     100 |     100 |                   
Verify	Run Jest tests	2026-10-10T16:11:00.4373517Z   pushNotifications.ts             |     100 |      100 |     100 |     100 |                   
Verify	Run Jest tests	2026-10-10T16:11:00.4373777Z   seam.ts                          |     100 |      100 |     100 |     100 |                   
Verify	Run Jest tests	2026-10-10T16:11:00.4374019Z   setup.ts                         |     100 |      100 |     100 |     100 |                   
Verify	Run Jest tests	2026-10-10T16:11:00.4374266Z   updates.ts                       |     100 |      100 |     100 |     100 |                   
Verify	Run Jest tests	2026-10-10T16:11:00.4374525Z   useScreenTracking.ts             |     100 |      100 |     100 |     100 |                   
Verify	Run Jest tests	2026-10-10T16:11:00.4374791Z  shared/lib                        |   98.01 |    95.38 |   95.23 |   98.86 |                   
Verify	Run Jest tests	2026-10-10T16:11:00.4375041Z   logger.ts                        |   96.87 |    96.15 |   91.66 |   98.18 | 84                
Verify	Run Jest tests	2026-10-10T16:11:00.4375301Z   useFetch.ts                      |     100 |     92.3 |     100 |     100 | 83                
Verify	Run Jest tests	2026-10-10T16:11:00.4375563Z  shared/session                    |   98.34 |    88.63 |   97.91 |   98.29 |                   
Verify	Run Jest tests	2026-10-10T16:11:00.4375831Z   SessionProvider.tsx              |   97.91 |    81.81 |     100 |   97.82 | 146               
Verify	Run Jest tests	2026-10-10T16:11:00.4376178Z   authService.ts                   |   97.22 |    91.66 |   91.66 |   97.14 | 77                
Verify	Run Jest tests	2026-10-10T16:11:00.4376433Z   session.ts                       |     100 |      100 |     100 |     100 |                   
Verify	Run Jest tests	2026-10-10T16:11:00.4376686Z   tokenStore.ts                    |     100 |      100 |     100 |     100 |                   
Verify	Run Jest tests	2026-10-10T16:11:00.4376946Z  shared/storage                    |      92 |       80 |     100 |      92 |                   
Verify	Run Jest tests	2026-10-10T16:11:00.4377203Z   secureStorage.ts                 |      80 |       75 |     100 |      80 | 18,26             
Verify	Run Jest tests	2026-10-10T16:11:00.4377456Z   storage.ts                       |     100 |      100 |     100 |     100 |                   
Verify	Run Jest tests	2026-10-10T16:11:00.4377708Z  shared/ui                         |    97.5 |    83.33 |     100 |   97.36 |                   
Verify	Run Jest tests	2026-10-10T16:11:00.4377970Z   ConfigErrorScreen.tsx            |     100 |      100 |     100 |     100 |                   
Verify	Run Jest tests	2026-10-10T16:11:00.4378422Z   ErrorBoundary.tsx                |   96.15 |       75 |     100 |   95.83 | 26                
Verify	Run Jest tests	2026-10-10T16:11:00.4378689Z   LoadingScreen.tsx                |     100 |      100 |     100 |     100 |                   
Verify	Run Jest tests	2026-10-10T16:11:00.4378942Z   theme.ts                         |     100 |      100 |     100 |     100 |                   
Verify	Run Jest tests	2026-10-10T16:11:00.4379231Z -----------------------------------|---------|----------|---------|---------|-------------------
Verify	Run Jest tests	2026-10-10T16:11:00.4649981Z 
Verify	Run Jest tests	2026-10-10T16:11:00.4651932Z Test Suites: 29 passed, 29 total
Verify	Run Jest tests	2026-10-10T16:11:00.4652256Z Tests:       251 passed, 251 total
Verify	Run Jest tests	2026-10-10T16:11:00.4652500Z Snapshots:   0 total
Verify	Run Jest tests	2026-10-10T16:11:00.4652703Z Time:        21.52 s
Verify	Run Jest tests	2026-10-10T16:11:00.4652912Z Ran all test suites.
Verify	Expo Doctor	﻿2026-10-10T16:11:00.4823455Z ##[group]Run npx expo-doctor
Verify	Expo Doctor	2026-10-10T16:11:00.4823640Z ^[[36;1mnpx expo-doctor^[[0m
Verify	Expo Doctor	2026-10-10T16:11:00.4873508Z shell: /usr/bin/bash -e {0}
Verify	Expo Doctor	2026-10-10T16:11:00.4873647Z ##[endgroup]
Verify	Expo Doctor	2026-10-10T16:11:01.4051729Z Running 21 checks on your project...
Verify	Expo Doctor	2026-10-10T16:11:03.6033722Z 21/21 checks passed. No issues detected!
Verify	Audit production dependencies (reviewed allowlist)	﻿2026-10-10T16:11:03.6335321Z ##[group]Run npm run audit:check
Verify	Audit production dependencies (reviewed allowlist)	2026-10-10T16:11:03.6335530Z ^[[36;1mnpm run audit:check^[[0m
Verify	Audit production dependencies (reviewed allowlist)	2026-10-10T16:11:03.6388290Z shell: /usr/bin/bash -e {0}
Verify	Audit production dependencies (reviewed allowlist)	2026-10-10T16:11:03.6388445Z ##[endgroup]
Verify	Audit production dependencies (reviewed allowlist)	2026-10-10T16:11:03.7040066Z 
Verify	Audit production dependencies (reviewed allowlist)	2026-10-10T16:11:03.7040551Z > react-native-starter@1.0.0 audit:check
Verify	Audit production dependencies (reviewed allowlist)	2026-10-10T16:11:03.7040799Z > node scripts/check-audit.js
Verify	Audit production dependencies (reviewed allowlist)	2026-10-10T16:11:03.7040904Z 
Verify	Audit production dependencies (reviewed allowlist)	2026-10-10T16:11:06.0967491Z high     braces GHSA-vfj7-8cjw-p6xm: allowlisted until 2027-01-09 (https://github.com/advisories/GHSA-vfj7-8cjw-p6xm)
Verify	Audit production dependencies (reviewed allowlist)	2026-10-10T16:11:06.0968551Z high     node-forge GHSA-86w9-cpqp-85rv: allowlisted until 2027-01-09 (https://github.com/advisories/GHSA-86w9-cpqp-85rv)
Verify	Audit production dependencies (reviewed allowlist)	2026-10-10T16:11:06.0969575Z moderate decode-uri-component GHSA-vcc3-ghjq-m6fr: reported (not gated)
Verify	Audit production dependencies (reviewed allowlist)	2026-10-10T16:11:06.0970039Z moderate sprintf-js GHSA-hp3w-g68c-fv3c: reported (not gated)
Verify	Audit production dependencies (reviewed allowlist)	2026-10-10T16:11:06.0970426Z moderate uuid GHSA-w5hq-g745-h8pq: reported (not gated)
Verify	Audit production dependencies (reviewed allowlist)	2026-10-10T16:11:06.0970934Z npm audit --omit=dev: 5 advisories (records: 0 critical, 45 high, 16 moderate, 0 low).
Verify	Audit production dependencies (reviewed allowlist)	2026-10-10T16:11:06.0971440Z No unreviewed high or critical advisories.
Verify	Export web build	﻿2026-10-10T16:11:06.1077853Z ##[group]Run npx expo export --platform web --output-dir dist
Verify	Export web build	2026-10-10T16:11:06.1078618Z ^[[36;1mnpx expo export --platform web --output-dir dist^[[0m
Verify	Export web build	2026-10-10T16:11:06.1131945Z shell: /usr/bin/bash -e {0}
Verify	Export web build	2026-10-10T16:11:06.1132093Z ##[endgroup]
Verify	Export web build	2026-10-10T16:11:06.7492788Z Starting Metro Bundler
Verify	Export web build	2026-10-10T16:11:06.7493016Z 
Verify	Export web build	2026-10-10T16:11:17.7611231Z Web Bundled 10841ms index.ts (1183 modules)
Verify	Export web build	2026-10-10T16:11:18.0025984Z 
Verify	Export web build	2026-10-10T16:11:18.0030782Z › Assets (19):
Verify	Export web build	2026-10-10T16:11:18.0081068Z node_modules/@expo/vector-icons/build/vendor/react-native-vector-icons/Fonts/MaterialCommunityIcons.6e435534bd35da5fef04168860a9b8fa.ttf (1.3MB)
Verify	Export web build	2026-10-10T16:11:18.0081971Z node_modules/expo-router/assets/arrow_down.017bc6ba3fc25503e5eb5e53826d48a8.png (9.5KB)
Verify	Export web build	2026-10-10T16:11:18.0082577Z node_modules/expo-router/assets/error.d1ea1496f9057eb392d5bbf3732a61b7.png (469B)
Verify	Export web build	2026-10-10T16:11:18.0083151Z node_modules/expo-router/assets/file.19eeb73b9593a38f8e9f418337fc7d10.png (138B)
Verify	Export web build	2026-10-10T16:11:18.0083724Z node_modules/expo-router/assets/forward.d8b800c443b8972542883e0b9de2bdc6.png (188B)
Verify	Export web build	2026-10-10T16:11:18.0084353Z node_modules/expo-router/assets/pkg.ab19f4cbc543357183a20571f68380a3.png (364B)
Verify	Export web build	2026-10-10T16:11:18.0085066Z node_modules/expo-router/assets/react-navigation/elements/back-icon-mask.0a328cd9c1afd0afe8e3b1ec5165b1b4.png (653B)
Verify	Export web build	2026-10-10T16:11:18.0086003Z node_modules/expo-router/assets/react-navigation/elements/back-icon.35ba0eaec5a4f5ed12ca16fabeae451d.png (207B)
Verify	Export web build	2026-10-10T16:11:18.0087040Z node_modules/expo-router/assets/react-navigation/elements/clear-icon.c94f6478e7ae0cdd9f15de1fcb9e5e55.png (4 variations | 425B)
Verify	Export web build	2026-10-10T16:11:18.0088288Z node_modules/expo-router/assets/react-navigation/elements/close-icon.808e1b1b9b53114ec2838071a7e6daa7.png (4 variations | 235B)
Verify	Export web build	2026-10-10T16:11:18.0089285Z node_modules/expo-router/assets/react-navigation/elements/search-icon.286d67d3f74808a60a78d3ebf1a5fb57.png (928B)
Verify	Export web build	2026-10-10T16:11:18.0090173Z node_modules/expo-router/assets/sitemap.412dd9275b6b48ad28f5e3d81bb1f626.png (465B)
Verify	Export web build	2026-10-10T16:11:18.0090835Z node_modules/expo-router/assets/unmatched.20e71bdf79e3a97bf55fd9e164041578.png (4.8KB)
Verify	Export web build	2026-10-10T16:11:18.0091220Z 
Verify	Export web build	2026-10-10T16:11:18.0091483Z › web bundles (1):
Verify	Export web build	2026-10-10T16:11:18.0110402Z _expo/static/js/web/index-e79d08adafa41d54c82f69bc0650575c.js (2.3MB)
Verify	Export web build	2026-10-10T16:11:18.0110814Z 
Verify	Export web build	2026-10-10T16:11:18.0111083Z › Files (3):
Verify	Export web build	2026-10-10T16:11:18.0111494Z favicon.ico (15KB)
Verify	Export web build	2026-10-10T16:11:18.0111778Z index.html (1.2KB)
Verify	Export web build	2026-10-10T16:11:18.0112152Z metadata.json (49B)
Verify	Export web build	2026-10-10T16:11:18.0171718Z 
Verify	Export web build	2026-10-10T16:11:18.0174009Z Exported: dist
Verify	Check docs (snippets compile, paths and scripts exist)	﻿2026-10-10T16:11:18.1424879Z ##[group]Run npm install --no-save zustand@5 @reduxjs/toolkit@2 react-redux@9 jotai@3 @tanstack/react-query@5
Verify	Check docs (snippets compile, paths and scripts exist)	2026-10-10T16:11:18.1425313Z ^[[36;1mnpm install --no-save zustand@5 @reduxjs/toolkit@2 react-redux@9 jotai@3 @tanstack/react-query@5^[[0m
Verify	Check docs (snippets compile, paths and scripts exist)	2026-10-10T16:11:18.1425574Z ^[[36;1mnpm run docs:check^[[0m
Verify	Check docs (snippets compile, paths and scripts exist)	2026-10-10T16:11:18.1476883Z shell: /usr/bin/bash -e {0}
Verify	Check docs (snippets compile, paths and scripts exist)	2026-10-10T16:11:18.1477036Z ##[endgroup]
Verify	Check docs (snippets compile, paths and scripts exist)	2026-10-10T16:11:20.3506027Z 
Verify	Check docs (snippets compile, paths and scripts exist)	2026-10-10T16:11:20.3506632Z added 14 packages, and audited 1082 packages in 2s
Verify	Check docs (snippets compile, paths and scripts exist)	2026-10-10T16:11:20.3506834Z 
Verify	Check docs (snippets compile, paths and scripts exist)	2026-10-10T16:11:20.3506994Z 183 packages are looking for funding
Verify	Check docs (snippets compile, paths and scripts exist)	2026-10-10T16:11:20.3507182Z   run `npm fund` for details
Verify	Check docs (snippets compile, paths and scripts exist)	2026-10-10T16:11:20.4578791Z 
Verify	Check docs (snippets compile, paths and scripts exist)	2026-10-10T16:11:20.4579318Z 65 vulnerabilities (16 moderate, 49 high)
Verify	Check docs (snippets compile, paths and scripts exist)	2026-10-10T16:11:20.4579512Z 
Verify	Check docs (snippets compile, paths and scripts exist)	2026-10-10T16:11:20.4579641Z To address all issues (including breaking changes), run:
Verify	Check docs (snippets compile, paths and scripts exist)	2026-10-10T16:11:20.4580228Z   npm audit fix --force
Verify	Check docs (snippets compile, paths and scripts exist)	2026-10-10T16:11:20.4580316Z 
Verify	Check docs (snippets compile, paths and scripts exist)	2026-10-10T16:11:20.4580389Z Run `npm audit` for details.
Verify	Check docs (snippets compile, paths and scripts exist)	2026-10-10T16:11:20.5433908Z 
Verify	Check docs (snippets compile, paths and scripts exist)	2026-10-10T16:11:20.5434591Z > react-native-starter@1.0.0 docs:check
Verify	Check docs (snippets compile, paths and scripts exist)	2026-10-10T16:11:20.5434900Z > node scripts/check-docs.js
Verify	Check docs (snippets compile, paths and scripts exist)	2026-10-10T16:11:20.5434998Z 
Verify	Check docs (snippets compile, paths and scripts exist)	2026-10-10T16:11:22.0155426Z Checked 22 files: 42 TypeScript snippets compiled with tsc.
Verify	Check docs (snippets compile, paths and scripts exist)	2026-10-10T16:11:22.0155971Z No problems.
Verify	Post Set up Node.js	﻿2026-10-10T16:11:22.0313797Z Post job cleanup.
Verify	Post Set up Node.js	2026-10-10T16:11:22.1076225Z (node:3073) [DEP0040] DeprecationWarning: The `punycode` module is deprecated. Please use a userland alternative instead.
Verify	Post Set up Node.js	2026-10-10T16:11:22.1077003Z (Use `node --trace-deprecation ...` to show where the warning was created)
Verify	Post Set up Node.js	2026-10-10T16:11:22.1078212Z Cache hit occurred on the primary key node-cache-Linux-x64-npm-10f9dc59c99c82563481e37a50745bae137261a45ffc8c4ba105eb544b91396b, not saving cache.
Verify	Post Check out repository	﻿2026-10-10T16:11:22.1188931Z Post job cleanup.
Verify	Post Check out repository	2026-10-10T16:11:22.1787059Z [command]/usr/bin/git version
Verify	Post Check out repository	2026-10-10T16:11:22.1820676Z git version 2.55.0
Verify	Post Check out repository	2026-10-10T16:11:22.1845021Z Temporarily overriding HOME='/home/runner/work/_temp/f6a09002-5748-40e5-885b-5fdcc297a24d' before making global git config changes
Verify	Post Check out repository	2026-10-10T16:11:22.1845581Z Adding repository directory to the temporary git global config as a safe directory
Verify	Post Check out repository	2026-10-10T16:11:22.1849000Z [command]/usr/bin/git config --global --add safe.directory /home/runner/work/react-native-starter/react-native-starter
Verify	Post Check out repository	2026-10-10T16:11:22.1879649Z [command]/usr/bin/git config --local --name-only --get-regexp core\.sshCommand
Verify	Post Check out repository	2026-10-10T16:11:22.1906542Z [command]/usr/bin/git submodule foreach --recursive sh -c "git config --local --name-only --get-regexp 'core\.sshCommand' && git config --local --unset-all 'core.sshCommand' || :"
Verify	Post Check out repository	2026-10-10T16:11:22.2098846Z [command]/usr/bin/git config --local --name-only --get-regexp http\.https\:\/\/github\.com\/\.extraheader
Verify	Post Check out repository	2026-10-10T16:11:22.2122779Z http.https://github.com/.extraheader
Verify	Post Check out repository	2026-10-10T16:11:22.2131466Z [command]/usr/bin/git config --local --unset-all http.https://github.com/.extraheader
Verify	Post Check out repository	2026-10-10T16:11:22.2161106Z [command]/usr/bin/git submodule foreach --recursive sh -c "git config --local --name-only --get-regexp 'http\.https\:\/\/github\.com\/\.extraheader' && git config --local --unset-all 'http.https://github.com/.extraheader' || :"
Verify	Post Check out repository	2026-10-10T16:11:22.2358806Z [command]/usr/bin/git config --local --name-only --get-regexp ^includeIf\.gitdir:
Verify	Post Check out repository	2026-10-10T16:11:22.2387740Z [command]/usr/bin/git submodule foreach --recursive git config --local --show-origin --name-only --get-regexp remote.origin.url
Verify	Complete job	﻿2026-10-10T16:11:22.2669888Z Cleaning up orphan processes
Verify	Complete job	2026-10-10T16:11:22.2869085Z ##[warning]Node.js 20 is deprecated. The following actions target Node.js 20 but are being forced to run on Node.js 24: actions/checkout@v4, actions/setup-node@v4. For more information see: https://github.blog/changelog/2025-09-19-deprecation-of-node-20-on-github-actions-runners/
