# Before the fix (main at d29275d)
$ npm run prebuild:development -- --platform android --no-install

> react-native-starter@1.0.0 prebuild:development
> APP_VARIANT=development expo prebuild --clean --platform android --no-install

- Creating native directory (./android)
✔ Created native directory
- Updating package.json
✔ Updated package.json
- Running prebuild
✔ Finished prebuild
$ git diff package.json
diff --git a/package.json b/package.json
index 56e0c33..6b604bd 100644
--- a/package.json
+++ b/package.json
@@ -4,8 +4,8 @@
   "main": "index.ts",
   "scripts": {
     "start": "expo start",
-    "android": "expo start --android",
-    "ios": "expo start --ios",
+    "android": "expo run:android",
+    "ios": "expo run:ios",
     "web": "expo start --web",
     "start:preview": "APP_VARIANT=preview EXPO_PUBLIC_APP_ENV=preview expo start",
     "start:production": "APP_VARIANT=production EXPO_PUBLIC_APP_ENV=production expo start --no-dev --minify",
