Verify	Set up job	﻿2026-10-10T16:36:55.3421761Z Current runner version: '2.337.0'
Verify	Set up job	2026-10-10T16:36:55.3460791Z ##[group]Runner Image Provisioner
Verify	Set up job	2026-10-10T16:36:55.3462574Z Hosted Compute Agent
Verify	Set up job	2026-10-10T16:36:55.3463663Z Version: 20261002.596
Verify	Set up job	2026-10-10T16:36:55.3465144Z Commit: c3d12f3313a95f25162a1503be624f3b0617f8c0
Verify	Set up job	2026-10-10T16:36:55.3466589Z Build Date: 2026-10-02T22:28:27Z
Verify	Set up job	2026-10-10T16:36:55.3467908Z Worker ID: {641afa48-c191-4e03-ad8d-dc17f21dd29c}
Verify	Set up job	2026-10-10T16:36:55.3469247Z Region: canadaeast
Verify	Set up job	2026-10-10T16:36:55.3470293Z Cloud: Azure
Verify	Set up job	2026-10-10T16:36:55.3471285Z ##[endgroup]
Verify	Set up job	2026-10-10T16:36:55.3474080Z ##[group]Operating System
Verify	Set up job	2026-10-10T16:36:55.3475518Z Ubuntu
Verify	Set up job	2026-10-10T16:36:55.3485115Z 24.04.5
Verify	Set up job	2026-10-10T16:36:55.3486288Z LTS
Verify	Set up job	2026-10-10T16:36:55.3487166Z ##[endgroup]
Verify	Set up job	2026-10-10T16:36:55.3488191Z ##[group]Runner Image
Verify	Set up job	2026-10-10T16:36:55.3489422Z Image: ubuntu-24.04
Verify	Set up job	2026-10-10T16:36:55.3490445Z Version: 20261004.327.1
Verify	Set up job	2026-10-10T16:36:55.3492512Z Included Software: https://github.com/actions/runner-images/blob/ubuntu24/20261004.327/images/ubuntu/Ubuntu2404-Readme.md
Verify	Set up job	2026-10-10T16:36:55.3496701Z Image Release: https://github.com/actions/runner-images/releases/tag/ubuntu24%2F20261004.327
Verify	Set up job	2026-10-10T16:36:55.3498638Z ##[endgroup]
Verify	Set up job	2026-10-10T16:36:55.3500648Z ##[group]GITHUB_TOKEN Permissions
Verify	Set up job	2026-10-10T16:36:55.3503739Z Contents: read
Verify	Set up job	2026-10-10T16:36:55.3518061Z Metadata: read
Verify	Set up job	2026-10-10T16:36:55.3519320Z ##[endgroup]
Verify	Set up job	2026-10-10T16:36:55.3522530Z Secret source: Actions
Verify	Set up job	2026-10-10T16:36:55.3524279Z Cache mode: write
Verify	Set up job	2026-10-10T16:36:55.3526019Z Prepare workflow directory
Verify	Set up job	2026-10-10T16:36:55.4540025Z Prepare all required actions
Verify	Set up job	2026-10-10T16:36:55.4694956Z Getting action download info
Verify	Set up job	2026-10-10T16:36:55.7289711Z Download action repository 'actions/checkout@v4' (SHA:11d5960a326750d5838078e36cf38b85af677262)
Verify	Set up job	2026-10-10T16:36:55.8528433Z Download action repository 'actions/setup-node@v4' (SHA:49933ea5288caeca8642d1e84afbd3f7d6820020)
Verify	Set up job	2026-10-10T16:36:56.0585421Z Complete job name: Verify
Verify	Check out repository	﻿2026-10-10T16:36:56.1391732Z ##[group]Run actions/checkout@v4
Verify	Check out repository	2026-10-10T16:36:56.1392662Z with:
Verify	Check out repository	2026-10-10T16:36:56.1393154Z   repository: koniz-dev/rns-adopter-trial-2
Verify	Check out repository	2026-10-10T16:36:56.1397470Z   token: ***
Verify	Check out repository	2026-10-10T16:36:56.1397926Z   ssh-strict: true
Verify	Check out repository	2026-10-10T16:36:56.1398366Z   ssh-user: git
Verify	Check out repository	2026-10-10T16:36:56.1398811Z   persist-credentials: true
Verify	Check out repository	2026-10-10T16:36:56.1399291Z   clean: true
Verify	Check out repository	2026-10-10T16:36:56.1399732Z   sparse-checkout-cone-mode: true
Verify	Check out repository	2026-10-10T16:36:56.1400250Z   fetch-depth: 1
Verify	Check out repository	2026-10-10T16:36:56.1400677Z   fetch-tags: false
Verify	Check out repository	2026-10-10T16:36:56.1401114Z   show-progress: true
Verify	Check out repository	2026-10-10T16:36:56.1401560Z   lfs: false
Verify	Check out repository	2026-10-10T16:36:56.1401960Z   submodules: false
Verify	Check out repository	2026-10-10T16:36:56.1402403Z   set-safe-directory: true
Verify	Check out repository	2026-10-10T16:36:56.1402897Z   allow-unsafe-pr-checkout: false
Verify	Check out repository	2026-10-10T16:36:56.1403660Z ##[endgroup]
Verify	Check out repository	2026-10-10T16:36:56.2682377Z Syncing repository: koniz-dev/rns-adopter-trial-2
Verify	Check out repository	2026-10-10T16:36:56.2685606Z ##[group]Getting Git version info
Verify	Check out repository	2026-10-10T16:36:56.2686964Z Working directory is '/home/runner/work/rns-adopter-trial-2/rns-adopter-trial-2'
Verify	Check out repository	2026-10-10T16:36:56.2690176Z [command]/usr/bin/git version
Verify	Check out repository	2026-10-10T16:36:56.2802752Z git version 2.55.0
Verify	Check out repository	2026-10-10T16:36:56.2820289Z ##[endgroup]
Verify	Check out repository	2026-10-10T16:36:56.2833542Z Temporarily overriding HOME='/home/runner/work/_temp/4858d351-f320-474e-8d9d-53938ce9a7b9' before making global git config changes
Verify	Check out repository	2026-10-10T16:36:56.2836615Z Adding repository directory to the temporary git global config as a safe directory
Verify	Check out repository	2026-10-10T16:36:56.2839393Z [command]/usr/bin/git config --global --add safe.directory /home/runner/work/rns-adopter-trial-2/rns-adopter-trial-2
Verify	Check out repository	2026-10-10T16:36:56.2897408Z Deleting the contents of '/home/runner/work/rns-adopter-trial-2/rns-adopter-trial-2'
Verify	Check out repository	2026-10-10T16:36:56.3139063Z ##[group]Initializing the repository
Verify	Check out repository	2026-10-10T16:36:56.3140552Z [command]/usr/bin/git init /home/runner/work/rns-adopter-trial-2/rns-adopter-trial-2
Verify	Check out repository	2026-10-10T16:36:56.3142195Z hint: Using 'master' as the name for the initial branch. This default branch name
Verify	Check out repository	2026-10-10T16:36:56.3144202Z hint: will change to "main" in Git 3.0. To configure the initial branch name
Verify	Check out repository	2026-10-10T16:36:56.3146048Z hint: to use in all of your new repositories, which will suppress this warning,
Verify	Check out repository	2026-10-10T16:36:56.3147236Z hint: call:
Verify	Check out repository	2026-10-10T16:36:56.3147890Z hint:
Verify	Check out repository	2026-10-10T16:36:56.3148793Z hint: 	git config --global init.defaultBranch <name>
Verify	Check out repository	2026-10-10T16:36:56.3149794Z hint:
Verify	Check out repository	2026-10-10T16:36:56.3150711Z hint: Names commonly chosen instead of 'master' are 'main', 'trunk' and
Verify	Check out repository	2026-10-10T16:36:56.3152216Z hint: 'development'. The just-created branch can be renamed via this command:
Verify	Check out repository	2026-10-10T16:36:56.3153456Z hint:
Verify	Check out repository	2026-10-10T16:36:56.3154147Z hint: 	git branch -m <name>
Verify	Check out repository	2026-10-10T16:36:56.3158325Z hint:
Verify	Check out repository	2026-10-10T16:36:56.3159467Z hint: Disable this message with "git config set advice.defaultBranchName false"
Verify	Check out repository	2026-10-10T16:36:56.3161354Z Initialized empty Git repository in /home/runner/work/rns-adopter-trial-2/rns-adopter-trial-2/.git/
Verify	Check out repository	2026-10-10T16:36:56.3185407Z [command]/usr/bin/git remote add origin https://github.com/koniz-dev/rns-adopter-trial-2
Verify	Check out repository	2026-10-10T16:36:56.3278575Z ##[endgroup]
Verify	Check out repository	2026-10-10T16:36:56.3280515Z ##[group]Disabling automatic garbage collection
Verify	Check out repository	2026-10-10T16:36:56.3282371Z [command]/usr/bin/git config --local gc.auto 0
Verify	Check out repository	2026-10-10T16:36:56.3386273Z ##[endgroup]
Verify	Check out repository	2026-10-10T16:36:56.3387889Z ##[group]Setting up auth
Verify	Check out repository	2026-10-10T16:36:56.3389670Z [command]/usr/bin/git config --local --name-only --get-regexp core\.sshCommand
Verify	Check out repository	2026-10-10T16:36:56.3397170Z [command]/usr/bin/git submodule foreach --recursive sh -c "git config --local --name-only --get-regexp 'core\.sshCommand' && git config --local --unset-all 'core.sshCommand' || :"
Verify	Check out repository	2026-10-10T16:36:56.4927767Z [command]/usr/bin/git config --local --name-only --get-regexp http\.https\:\/\/github\.com\/\.extraheader
Verify	Check out repository	2026-10-10T16:36:56.4932390Z [command]/usr/bin/git submodule foreach --recursive sh -c "git config --local --name-only --get-regexp 'http\.https\:\/\/github\.com\/\.extraheader' && git config --local --unset-all 'http.https://github.com/.extraheader' || :"
Verify	Check out repository	2026-10-10T16:36:56.4938516Z [command]/usr/bin/git config --local --name-only --get-regexp ^includeIf\.gitdir:
Verify	Check out repository	2026-10-10T16:36:56.4942087Z [command]/usr/bin/git submodule foreach --recursive git config --local --show-origin --name-only --get-regexp remote.origin.url
Verify	Check out repository	2026-10-10T16:36:56.4946134Z [command]/usr/bin/git config --local http.https://github.com/.extraheader AUTHORIZATION: basic ***
Verify	Check out repository	2026-10-10T16:36:56.4960073Z ##[endgroup]
Verify	Check out repository	2026-10-10T16:36:56.4961798Z ##[group]Fetching the repository
Verify	Check out repository	2026-10-10T16:36:56.4964179Z [command]/usr/bin/git -c protocol.version=2 fetch --no-tags --prune --no-recurse-submodules --depth=1 origin +6a0f497e61b6ee2d4ec1f3211e8247563a2e86b5:refs/remotes/origin/main
Verify	Check out repository	2026-10-10T16:36:56.9169439Z From https://github.com/koniz-dev/rns-adopter-trial-2
Verify	Check out repository	2026-10-10T16:36:56.9216730Z  * [new ref]         6a0f497e61b6ee2d4ec1f3211e8247563a2e86b5 -> origin/main
Verify	Check out repository	2026-10-10T16:36:56.9224029Z ##[endgroup]
Verify	Check out repository	2026-10-10T16:36:56.9239220Z ##[group]Determining the checkout info
Verify	Check out repository	2026-10-10T16:36:56.9258616Z ##[endgroup]
Verify	Check out repository	2026-10-10T16:36:56.9303518Z [command]/usr/bin/git sparse-checkout disable
Verify	Check out repository	2026-10-10T16:36:56.9377830Z [command]/usr/bin/git config --local --unset-all extensions.worktreeConfig
Verify	Check out repository	2026-10-10T16:36:56.9385603Z ##[group]Checking out the ref
Verify	Check out repository	2026-10-10T16:36:56.9390450Z [command]/usr/bin/git checkout --progress --force -B main refs/remotes/origin/main
Verify	Check out repository	2026-10-10T16:36:56.9552327Z Switched to a new branch 'main'
Verify	Check out repository	2026-10-10T16:36:56.9562589Z branch 'main' set up to track 'origin/main'.
Verify	Check out repository	2026-10-10T16:36:56.9569913Z ##[endgroup]
Verify	Check out repository	2026-10-10T16:36:56.9619977Z [command]/usr/bin/git log -1 --format=%H
Verify	Check out repository	2026-10-10T16:36:56.9652673Z 6a0f497e61b6ee2d4ec1f3211e8247563a2e86b5
Verify	Set up Node.js	﻿2026-10-10T16:36:57.0057536Z ##[group]Run actions/setup-node@v4
Verify	Set up Node.js	2026-10-10T16:36:57.0058760Z with:
Verify	Set up Node.js	2026-10-10T16:36:57.0059599Z   node-version-file: .nvmrc
Verify	Set up Node.js	2026-10-10T16:36:57.0060600Z   cache: npm
Verify	Set up Node.js	2026-10-10T16:36:57.0061424Z   always-auth: false
Verify	Set up Node.js	2026-10-10T16:36:57.0062336Z   check-latest: false
Verify	Set up Node.js	2026-10-10T16:36:57.0074056Z   token: ***
Verify	Set up Node.js	2026-10-10T16:36:57.0075069Z ##[endgroup]
Verify	Set up Node.js	2026-10-10T16:36:57.1657560Z Resolved .nvmrc as 24
Verify	Set up Node.js	2026-10-10T16:36:57.1695031Z (node:2071) [DEP0040] DeprecationWarning: The `punycode` module is deprecated. Please use a userland alternative instead.
Verify	Set up Node.js	2026-10-10T16:36:57.1699243Z Found in cache @ /opt/hostedtoolcache/node/24.21.0/x64
Verify	Set up Node.js	2026-10-10T16:36:57.1703875Z (Use `node --trace-deprecation ...` to show where the warning was created)
Verify	Set up Node.js	2026-10-10T16:36:57.1708057Z ##[group]Environment details
Verify	Set up Node.js	2026-10-10T16:36:57.7773087Z node: v24.21.0
Verify	Set up Node.js	2026-10-10T16:36:57.7775127Z npm: 11.19.0
Verify	Set up Node.js	2026-10-10T16:36:57.7775982Z yarn: 1.22.22
Verify	Set up Node.js	2026-10-10T16:36:57.7778006Z ##[endgroup]
Verify	Set up Node.js	2026-10-10T16:36:57.7804243Z [command]/opt/hostedtoolcache/node/24.21.0/x64/bin/npm config get cache
Verify	Set up Node.js	2026-10-10T16:36:57.9087232Z /home/runner/.npm
Verify	Set up Node.js	2026-10-10T16:36:58.0495590Z npm cache is not found
Verify	Install dependencies	﻿2026-10-10T16:36:58.0651531Z ##[group]Run npm ci
Verify	Install dependencies	2026-10-10T16:36:58.0651935Z ^[[36;1mnpm ci^[[0m
Verify	Install dependencies	2026-10-10T16:36:58.0943512Z shell: /usr/bin/bash -e {0}
Verify	Install dependencies	2026-10-10T16:36:58.0943917Z ##[endgroup]
Verify	Install dependencies	2026-10-10T16:37:04.2866694Z npm warn deprecated inflight@1.0.6: This module is not supported, and leaks memory. Do not use it. Check out lru-cache if you want a good and tested way to coalesce async requests by a key value, which is much more comprehensive and powerful.
Verify	Install dependencies	2026-10-10T16:37:05.6905841Z npm warn deprecated domexception@4.0.0: Use your platform's native DOMException instead
Verify	Install dependencies	2026-10-10T16:37:06.0047919Z npm warn deprecated abab@2.0.6: Use your platform's native atob() and btoa() methods instead
Verify	Install dependencies	2026-10-10T16:37:07.7457073Z npm warn deprecated uuid@7.0.3: uuid@10 and below is no longer supported.  For ESM codebases, update to uuid@latest.  For CommonJS codebases, use uuid@11 (but be aware this version will likely be deprecated in 2028).
Verify	Install dependencies	2026-10-10T16:37:07.9414066Z npm warn deprecated glob@7.2.3: Glob versions prior to v9 are no longer supported
Verify	Install dependencies	2026-10-10T16:37:08.4091356Z npm warn deprecated glob@7.2.3: Glob versions prior to v9 are no longer supported
Verify	Install dependencies	2026-10-10T16:37:08.4109829Z npm warn deprecated glob@7.2.3: Glob versions prior to v9 are no longer supported
Verify	Install dependencies	2026-10-10T16:37:08.8394525Z npm warn deprecated glob@7.2.3: Glob versions prior to v9 are no longer supported
Verify	Install dependencies	2026-10-10T16:37:27.7742742Z 
Verify	Install dependencies	2026-10-10T16:37:27.7743906Z added 1067 packages, and audited 1068 packages in 30s
Verify	Install dependencies	2026-10-10T16:37:27.7745353Z 
Verify	Install dependencies	2026-10-10T16:37:27.7766678Z 180 packages are looking for funding
Verify	Install dependencies	2026-10-10T16:37:27.7772270Z   run `npm fund` for details
Verify	Install dependencies	2026-10-10T16:37:27.9686486Z 
Verify	Install dependencies	2026-10-10T16:37:27.9687634Z 65 vulnerabilities (16 moderate, 49 high)
Verify	Install dependencies	2026-10-10T16:37:27.9688550Z 
Verify	Install dependencies	2026-10-10T16:37:27.9705811Z To address all issues (including breaking changes), run:
Verify	Install dependencies	2026-10-10T16:37:27.9706972Z   npm audit fix --force
Verify	Install dependencies	2026-10-10T16:37:27.9720344Z 
Verify	Install dependencies	2026-10-10T16:37:27.9720863Z Run `npm audit` for details.
Verify	Lint	﻿2026-10-10T16:37:28.0534363Z ##[group]Run npm run lint
Verify	Lint	2026-10-10T16:37:28.0535003Z ^[[36;1mnpm run lint^[[0m
Verify	Lint	2026-10-10T16:37:28.0601779Z shell: /usr/bin/bash -e {0}
Verify	Lint	2026-10-10T16:37:28.0602069Z ##[endgroup]
Verify	Lint	2026-10-10T16:37:28.1670680Z 
Verify	Lint	2026-10-10T16:37:28.1671602Z > site-notes@1.0.0 lint
Verify	Lint	2026-10-10T16:37:28.1672543Z > eslint . --max-warnings 0
Verify	Lint	2026-10-10T16:37:28.1673097Z 
Verify	Check formatting	﻿2026-10-10T16:37:36.8129241Z ##[group]Run npm run format:check
Verify	Check formatting	2026-10-10T16:37:36.8129590Z ^[[36;1mnpm run format:check^[[0m
Verify	Check formatting	2026-10-10T16:37:36.8193269Z shell: /usr/bin/bash -e {0}
Verify	Check formatting	2026-10-10T16:37:36.8193538Z ##[endgroup]
Verify	Check formatting	2026-10-10T16:37:36.9253925Z 
Verify	Check formatting	2026-10-10T16:37:36.9255132Z > site-notes@1.0.0 format:check
Verify	Check formatting	2026-10-10T16:37:36.9256400Z > prettier --check "**/*.{ts,tsx,js,jsx,json,md}"
Verify	Check formatting	2026-10-10T16:37:36.9257076Z 
Verify	Check formatting	2026-10-10T16:37:37.0171133Z Checking formatting...
Verify	Check formatting	2026-10-10T16:37:39.1612812Z All matched files use Prettier code style!
Verify	Type-check	﻿2026-10-10T16:37:39.1965207Z ##[group]Run npm run type-check
Verify	Type-check	2026-10-10T16:37:39.1965758Z ^[[36;1mnpm run type-check^[[0m
Verify	Type-check	2026-10-10T16:37:39.2029640Z shell: /usr/bin/bash -e {0}
Verify	Type-check	2026-10-10T16:37:39.2029903Z ##[endgroup]
Verify	Type-check	2026-10-10T16:37:39.3074474Z 
Verify	Type-check	2026-10-10T16:37:39.3076239Z > site-notes@1.0.0 type-check
Verify	Type-check	2026-10-10T16:37:39.3077149Z > tsc --noEmit
Verify	Type-check	2026-10-10T16:37:39.3077671Z 
Verify	Run Jest tests	﻿2026-10-10T16:37:43.2910663Z ##[group]Run npm run test:ci
Verify	Run Jest tests	2026-10-10T16:37:43.2911195Z ^[[36;1mnpm run test:ci^[[0m
Verify	Run Jest tests	2026-10-10T16:37:43.3000465Z shell: /usr/bin/bash -e {0}
Verify	Run Jest tests	2026-10-10T16:37:43.3000923Z ##[endgroup]
Verify	Run Jest tests	2026-10-10T16:37:43.4150956Z 
Verify	Run Jest tests	2026-10-10T16:37:43.4151610Z > site-notes@1.0.0 test:ci
Verify	Run Jest tests	2026-10-10T16:37:43.4152687Z > jest --coverage
Verify	Run Jest tests	2026-10-10T16:37:43.4153280Z 
Verify	Run Jest tests	2026-10-10T16:37:59.6229228Z PASS __tests__/shared/http/httpClient.test.ts (15.082 s)
Verify	Run Jest tests	2026-10-10T16:37:59.8424283Z PASS __tests__/shared/lib/logger.test.ts
Verify	Run Jest tests	2026-10-10T16:38:00.5614423Z PASS __tests__/shared/session/realBackendAdapter.test.ts
Verify	Run Jest tests	2026-10-10T16:38:00.5903584Z   ● Console
Verify	Run Jest tests	2026-10-10T16:38:00.5904509Z 
Verify	Run Jest tests	2026-10-10T16:38:00.5935358Z     console.warn
Verify	Run Jest tests	2026-10-10T16:38:00.5955675Z       API POST /sessions failed: client (422)
Verify	Run Jest tests	2026-10-10T16:38:00.5974966Z 
Verify	Run Jest tests	2026-10-10T16:38:00.5986536Z     ^[[0m ^[[90m 129 |^[[39m     ^[[36mconst^[[39m args ^[[33m=^[[39m [message^[[33m,^[[39m ^[[33m...^[[39mdetails^[[33m.^[[39mfilter(item ^[[33m=>^[[39m item ^[[33m!==^[[39m undefined)]^[[33m;^[[39m
Verify	Run Jest tests	2026-10-10T16:38:00.6006147Z      ^[[90m 130 |^[[39m     ^[[36mif^[[39m (level ^[[33m===^[[39m ^[[32m'error'^[[39m) console^[[33m.^[[39merror(^[[33m...^[[39margs)^[[33m;^[[39m
Verify	Run Jest tests	2026-10-10T16:38:00.6026894Z     ^[[31m^[[1m>^[[22m^[[39m^[[90m 131 |^[[39m     ^[[36melse^[[39m ^[[36mif^[[39m (level ^[[33m===^[[39m ^[[32m'warn'^[[39m) console^[[33m.^[[39mwarn(^[[33m...^[[39margs)^[[33m;^[[39m
Verify	Run Jest tests	2026-10-10T16:38:00.6046104Z      ^[[90m     |^[[39m                                        ^[[31m^[[1m^^[[22m^[[39m
Verify	Run Jest tests	2026-10-10T16:38:00.6052324Z      ^[[90m 132 |^[[39m     ^[[36melse^[[39m ^[[36mif^[[39m (level ^[[33m===^[[39m ^[[32m'info'^[[39m) console^[[33m.^[[39minfo(^[[33m...^[[39margs)^[[33m;^[[39m
Verify	Run Jest tests	2026-10-10T16:38:00.6054099Z      ^[[90m 133 |^[[39m     ^[[36melse^[[39m console^[[33m.^[[39mdebug(^[[33m...^[[39margs)^[[33m;^[[39m
Verify	Run Jest tests	2026-10-10T16:38:00.6055701Z      ^[[90m 134 |^[[39m   }^[[33m;^[[39m^[[0m
Verify	Run Jest tests	2026-10-10T16:38:00.6056521Z 
Verify	Run Jest tests	2026-10-10T16:38:00.6057118Z       at warn (shared/lib/logger.ts:131:40)
Verify	Run Jest tests	2026-10-10T16:38:00.6058181Z       at Object.write [as warn] (shared/lib/logger.ts:142:33)
Verify	Run Jest tests	2026-10-10T16:38:00.6059549Z       at warn (shared/http/httpClient.ts:137:12)
Verify	Run Jest tests	2026-10-10T16:38:00.6060901Z       at asyncGeneratorStep (node_modules/@babel/runtime/helpers/asyncToGenerator.js:3:17)
Verify	Run Jest tests	2026-10-10T16:38:00.6062362Z       at _next (node_modules/@babel/runtime/helpers/asyncToGenerator.js:17:9)
Verify	Run Jest tests	2026-10-10T16:38:00.6063675Z       at node_modules/@babel/runtime/helpers/asyncToGenerator.js:22:7
Verify	Run Jest tests	2026-10-10T16:38:00.6065235Z       at node_modules/@babel/runtime/helpers/asyncToGenerator.js:14:12
Verify	Run Jest tests	2026-10-10T16:38:00.6066382Z       at apply (shared/http/httpClient.ts:143:4)
Verify	Run Jest tests	2026-10-10T16:38:00.6067495Z       at Axios.request (node_modules/axios/dist/browser/axios.cjs:5245:14)
Verify	Run Jest tests	2026-10-10T16:38:00.6068314Z 
Verify	Run Jest tests	2026-10-10T16:38:00.6068728Z     console.warn
Verify	Run Jest tests	2026-10-10T16:38:00.6069590Z       API POST /sessions/refresh failed: unauthorized (401)
Verify	Run Jest tests	2026-10-10T16:38:00.6070354Z 
Verify	Run Jest tests	2026-10-10T16:38:00.6071903Z     ^[[0m ^[[90m 129 |^[[39m     ^[[36mconst^[[39m args ^[[33m=^[[39m [message^[[33m,^[[39m ^[[33m...^[[39mdetails^[[33m.^[[39mfilter(item ^[[33m=>^[[39m item ^[[33m!==^[[39m undefined)]^[[33m;^[[39m
Verify	Run Jest tests	2026-10-10T16:38:00.6074185Z      ^[[90m 130 |^[[39m     ^[[36mif^[[39m (level ^[[33m===^[[39m ^[[32m'error'^[[39m) console^[[33m.^[[39merror(^[[33m...^[[39margs)^[[33m;^[[39m
Verify	Run Jest tests	2026-10-10T16:38:00.6076476Z     ^[[31m^[[1m>^[[22m^[[39m^[[90m 131 |^[[39m     ^[[36melse^[[39m ^[[36mif^[[39m (level ^[[33m===^[[39m ^[[32m'warn'^[[39m) console^[[33m.^[[39mwarn(^[[33m...^[[39margs)^[[33m;^[[39m
Verify	Run Jest tests	2026-10-10T16:38:00.6078092Z      ^[[90m     |^[[39m                                        ^[[31m^[[1m^^[[22m^[[39m
Verify	Run Jest tests	2026-10-10T16:38:00.6079646Z      ^[[90m 132 |^[[39m     ^[[36melse^[[39m ^[[36mif^[[39m (level ^[[33m===^[[39m ^[[32m'info'^[[39m) console^[[33m.^[[39minfo(^[[33m...^[[39margs)^[[33m;^[[39m
Verify	Run Jest tests	2026-10-10T16:38:00.6081285Z      ^[[90m 133 |^[[39m     ^[[36melse^[[39m console^[[33m.^[[39mdebug(^[[33m...^[[39margs)^[[33m;^[[39m
Verify	Run Jest tests	2026-10-10T16:38:00.6083063Z      ^[[90m 134 |^[[39m   }^[[33m;^[[39m^[[0m
Verify	Run Jest tests	2026-10-10T16:38:00.6083681Z 
Verify	Run Jest tests	2026-10-10T16:38:00.6084411Z       at warn (shared/lib/logger.ts:131:40)
Verify	Run Jest tests	2026-10-10T16:38:00.6086171Z       at Object.write [as warn] (shared/lib/logger.ts:142:33)
Verify	Run Jest tests	2026-10-10T16:38:00.6087230Z       at warn (shared/http/httpClient.ts:137:12)
Verify	Run Jest tests	2026-10-10T16:38:00.6088507Z       at asyncGeneratorStep (node_modules/@babel/runtime/helpers/asyncToGenerator.js:3:17)
Verify	Run Jest tests	2026-10-10T16:38:00.6090057Z       at _next (node_modules/@babel/runtime/helpers/asyncToGenerator.js:17:9)
Verify	Run Jest tests	2026-10-10T16:38:00.6091321Z       at node_modules/@babel/runtime/helpers/asyncToGenerator.js:22:7
Verify	Run Jest tests	2026-10-10T16:38:00.6092547Z       at node_modules/@babel/runtime/helpers/asyncToGenerator.js:14:12
Verify	Run Jest tests	2026-10-10T16:38:00.6093667Z       at apply (shared/http/httpClient.ts:143:4)
Verify	Run Jest tests	2026-10-10T16:38:00.6095076Z       at Axios.request (node_modules/axios/dist/browser/axios.cjs:5245:14)
Verify	Run Jest tests	2026-10-10T16:38:00.6095907Z 
Verify	Run Jest tests	2026-10-10T16:38:00.6096326Z     console.warn
Verify	Run Jest tests	2026-10-10T16:38:00.6097092Z       API GET /me failed: unauthorized (401)
Verify	Run Jest tests	2026-10-10T16:38:00.6097752Z 
Verify	Run Jest tests	2026-10-10T16:38:00.6099291Z     ^[[0m ^[[90m 129 |^[[39m     ^[[36mconst^[[39m args ^[[33m=^[[39m [message^[[33m,^[[39m ^[[33m...^[[39mdetails^[[33m.^[[39mfilter(item ^[[33m=>^[[39m item ^[[33m!==^[[39m undefined)]^[[33m;^[[39m
Verify	Run Jest tests	2026-10-10T16:38:00.6101542Z      ^[[90m 130 |^[[39m     ^[[36mif^[[39m (level ^[[33m===^[[39m ^[[32m'error'^[[39m) console^[[33m.^[[39merror(^[[33m...^[[39margs)^[[33m;^[[39m
Verify	Run Jest tests	2026-10-10T16:38:00.6103738Z     ^[[31m^[[1m>^[[22m^[[39m^[[90m 131 |^[[39m     ^[[36melse^[[39m ^[[36mif^[[39m (level ^[[33m===^[[39m ^[[32m'warn'^[[39m) console^[[33m.^[[39mwarn(^[[33m...^[[39margs)^[[33m;^[[39m
Verify	Run Jest tests	2026-10-10T16:38:00.6105651Z      ^[[90m     |^[[39m                                        ^[[31m^[[1m^^[[22m^[[39m
Verify	Run Jest tests	2026-10-10T16:38:00.6107332Z      ^[[90m 132 |^[[39m     ^[[36melse^[[39m ^[[36mif^[[39m (level ^[[33m===^[[39m ^[[32m'info'^[[39m) console^[[33m.^[[39minfo(^[[33m...^[[39margs)^[[33m;^[[39m
Verify	Run Jest tests	2026-10-10T16:38:00.6109129Z      ^[[90m 133 |^[[39m     ^[[36melse^[[39m console^[[33m.^[[39mdebug(^[[33m...^[[39margs)^[[33m;^[[39m
Verify	Run Jest tests	2026-10-10T16:38:00.6110340Z      ^[[90m 134 |^[[39m   }^[[33m;^[[39m^[[0m
Verify	Run Jest tests	2026-10-10T16:38:00.6110919Z 
Verify	Run Jest tests	2026-10-10T16:38:00.6111403Z       at warn (shared/lib/logger.ts:131:40)
Verify	Run Jest tests	2026-10-10T16:38:00.6112354Z       at Object.write [as warn] (shared/lib/logger.ts:142:33)
Verify	Run Jest tests	2026-10-10T16:38:00.6113267Z       at warn (shared/http/httpClient.ts:137:12)
Verify	Run Jest tests	2026-10-10T16:38:00.6114913Z       at asyncGeneratorStep (node_modules/@babel/runtime/helpers/asyncToGenerator.js:3:17)
Verify	Run Jest tests	2026-10-10T16:38:00.6116268Z       at _next (node_modules/@babel/runtime/helpers/asyncToGenerator.js:17:9)
Verify	Run Jest tests	2026-10-10T16:38:00.6117013Z 
Verify	Run Jest tests	2026-10-10T16:38:00.6117375Z     console.warn
Verify	Run Jest tests	2026-10-10T16:38:00.6118032Z       API DELETE /sessions failed: network
Verify	Run Jest tests	2026-10-10T16:38:00.6118583Z 
Verify	Run Jest tests	2026-10-10T16:38:00.6120034Z     ^[[0m ^[[90m 129 |^[[39m     ^[[36mconst^[[39m args ^[[33m=^[[39m [message^[[33m,^[[39m ^[[33m...^[[39mdetails^[[33m.^[[39mfilter(item ^[[33m=>^[[39m item ^[[33m!==^[[39m undefined)]^[[33m;^[[39m
Verify	Run Jest tests	2026-10-10T16:38:00.6122202Z      ^[[90m 130 |^[[39m     ^[[36mif^[[39m (level ^[[33m===^[[39m ^[[32m'error'^[[39m) console^[[33m.^[[39merror(^[[33m...^[[39margs)^[[33m;^[[39m
Verify	Run Jest tests	2026-10-10T16:38:00.6124342Z     ^[[31m^[[1m>^[[22m^[[39m^[[90m 131 |^[[39m     ^[[36melse^[[39m ^[[36mif^[[39m (level ^[[33m===^[[39m ^[[32m'warn'^[[39m) console^[[33m.^[[39mwarn(^[[33m...^[[39margs)^[[33m;^[[39m
Verify	Run Jest tests	2026-10-10T16:38:00.6126298Z      ^[[90m     |^[[39m                                        ^[[31m^[[1m^^[[22m^[[39m
Verify	Run Jest tests	2026-10-10T16:38:00.6128001Z      ^[[90m 132 |^[[39m     ^[[36melse^[[39m ^[[36mif^[[39m (level ^[[33m===^[[39m ^[[32m'info'^[[39m) console^[[33m.^[[39minfo(^[[33m...^[[39margs)^[[33m;^[[39m
Verify	Run Jest tests	2026-10-10T16:38:00.6129717Z      ^[[90m 133 |^[[39m     ^[[36melse^[[39m console^[[33m.^[[39mdebug(^[[33m...^[[39margs)^[[33m;^[[39m
Verify	Run Jest tests	2026-10-10T16:38:00.6130984Z      ^[[90m 134 |^[[39m   }^[[33m;^[[39m^[[0m
Verify	Run Jest tests	2026-10-10T16:38:00.6131566Z 
Verify	Run Jest tests	2026-10-10T16:38:00.6132020Z       at warn (shared/lib/logger.ts:131:40)
Verify	Run Jest tests	2026-10-10T16:38:00.6133035Z       at Object.write [as warn] (shared/lib/logger.ts:142:33)
Verify	Run Jest tests	2026-10-10T16:38:00.6134379Z       at warn (shared/http/httpClient.ts:137:12)
Verify	Run Jest tests	2026-10-10T16:38:00.6135867Z       at asyncGeneratorStep (node_modules/@babel/runtime/helpers/asyncToGenerator.js:3:17)
Verify	Run Jest tests	2026-10-10T16:38:00.6137584Z       at _next (node_modules/@babel/runtime/helpers/asyncToGenerator.js:17:9)
Verify	Run Jest tests	2026-10-10T16:38:00.6139104Z       at node_modules/@babel/runtime/helpers/asyncToGenerator.js:22:7
Verify	Run Jest tests	2026-10-10T16:38:00.6140349Z       at node_modules/@babel/runtime/helpers/asyncToGenerator.js:14:12
Verify	Run Jest tests	2026-10-10T16:38:00.6141417Z       at apply (shared/http/httpClient.ts:143:4)
Verify	Run Jest tests	2026-10-10T16:38:00.6142545Z       at Axios.request (node_modules/axios/dist/browser/axios.cjs:5245:14)
Verify	Run Jest tests	2026-10-10T16:38:00.6143331Z 
Verify	Run Jest tests	2026-10-10T16:38:00.6143710Z     console.warn
Verify	Run Jest tests	2026-10-10T16:38:00.6145027Z       Signing out on the auth backend failed { error: 'Network error: check your connection' }
Verify	Run Jest tests	2026-10-10T16:38:00.6145913Z 
Verify	Run Jest tests	2026-10-10T16:38:00.6147439Z     ^[[0m ^[[90m 129 |^[[39m     ^[[36mconst^[[39m args ^[[33m=^[[39m [message^[[33m,^[[39m ^[[33m...^[[39mdetails^[[33m.^[[39mfilter(item ^[[33m=>^[[39m item ^[[33m!==^[[39m undefined)]^[[33m;^[[39m
Verify	Run Jest tests	2026-10-10T16:38:00.6149694Z      ^[[90m 130 |^[[39m     ^[[36mif^[[39m (level ^[[33m===^[[39m ^[[32m'error'^[[39m) console^[[33m.^[[39merror(^[[33m...^[[39margs)^[[33m;^[[39m
Verify	Run Jest tests	2026-10-10T16:38:00.6151777Z     ^[[31m^[[1m>^[[22m^[[39m^[[90m 131 |^[[39m     ^[[36melse^[[39m ^[[36mif^[[39m (level ^[[33m===^[[39m ^[[32m'warn'^[[39m) console^[[33m.^[[39mwarn(^[[33m...^[[39margs)^[[33m;^[[39m
Verify	Run Jest tests	2026-10-10T16:38:00.6153373Z      ^[[90m     |^[[39m                                        ^[[31m^[[1m^^[[22m^[[39m
Verify	Run Jest tests	2026-10-10T16:38:00.6155173Z      ^[[90m 132 |^[[39m     ^[[36melse^[[39m ^[[36mif^[[39m (level ^[[33m===^[[39m ^[[32m'info'^[[39m) console^[[33m.^[[39minfo(^[[33m...^[[39margs)^[[33m;^[[39m
Verify	Run Jest tests	2026-10-10T16:38:00.6156788Z      ^[[90m 133 |^[[39m     ^[[36melse^[[39m console^[[33m.^[[39mdebug(^[[33m...^[[39margs)^[[33m;^[[39m
Verify	Run Jest tests	2026-10-10T16:38:00.6157800Z      ^[[90m 134 |^[[39m   }^[[33m;^[[39m^[[0m
Verify	Run Jest tests	2026-10-10T16:38:00.6158317Z 
Verify	Run Jest tests	2026-10-10T16:38:00.6158717Z       at warn (shared/lib/logger.ts:131:40)
Verify	Run Jest tests	2026-10-10T16:38:00.6159591Z       at Object.write [as warn] (shared/lib/logger.ts:142:33)
Verify	Run Jest tests	2026-10-10T16:38:00.6160545Z       at Object.warn (shared/session/authService.ts:148:14)
Verify	Run Jest tests	2026-10-10T16:38:00.6161421Z           at Generator.throw (<anonymous>)
Verify	Run Jest tests	2026-10-10T16:38:00.6162492Z       at asyncGeneratorStep (node_modules/@babel/runtime/helpers/asyncToGenerator.js:3:17)
Verify	Run Jest tests	2026-10-10T16:38:00.6163971Z       at _throw (node_modules/@babel/runtime/helpers/asyncToGenerator.js:20:9)
Verify	Run Jest tests	2026-10-10T16:38:00.6165128Z 
Verify	Run Jest tests	2026-10-10T16:38:00.7966357Z PASS __tests__/shared/session/authService.test.ts
Verify	Run Jest tests	2026-10-10T16:38:04.5866286Z PASS __tests__/app/sessionRoutes.test.tsx
Verify	Run Jest tests	2026-10-10T16:38:04.6276858Z   ● Console
Verify	Run Jest tests	2026-10-10T16:38:04.6277340Z 
Verify	Run Jest tests	2026-10-10T16:38:04.6277842Z     console.debug
Verify	Run Jest tests	2026-10-10T16:38:04.6278513Z       [analytics] screen /profile
Verify	Run Jest tests	2026-10-10T16:38:04.6279027Z 
Verify	Run Jest tests	2026-10-10T16:38:04.6279419Z       at debug (shared/lib/logger.ts:133:18)
Verify	Run Jest tests	2026-10-10T16:38:04.6279985Z 
Verify	Run Jest tests	2026-10-10T16:38:04.6280278Z     console.debug
Verify	Run Jest tests	2026-10-10T16:38:04.6280929Z       [analytics] screen /profile
Verify	Run Jest tests	2026-10-10T16:38:04.6281420Z 
Verify	Run Jest tests	2026-10-10T16:38:04.6281809Z       at debug (shared/lib/logger.ts:133:18)
Verify	Run Jest tests	2026-10-10T16:38:04.6282368Z 
Verify	Run Jest tests	2026-10-10T16:38:04.6282686Z     console.debug
Verify	Run Jest tests	2026-10-10T16:38:04.6285632Z       [analytics] screen /
Verify	Run Jest tests	2026-10-10T16:38:04.6288661Z 
Verify	Run Jest tests	2026-10-10T16:38:04.6289138Z       at debug (shared/lib/logger.ts:133:18)
Verify	Run Jest tests	2026-10-10T16:38:04.6289688Z 
Verify	Run Jest tests	2026-10-10T16:38:04.6290016Z     console.debug
Verify	Run Jest tests	2026-10-10T16:38:04.6290589Z       [analytics] screen /login
Verify	Run Jest tests	2026-10-10T16:38:04.6291027Z 
Verify	Run Jest tests	2026-10-10T16:38:04.6291624Z       at debug (shared/lib/logger.ts:133:18)
Verify	Run Jest tests	2026-10-10T16:38:04.6300862Z 
Verify	Run Jest tests	2026-10-10T16:38:04.6301271Z     console.debug
Verify	Run Jest tests	2026-10-10T16:38:04.6301878Z       [analytics] screen /
Verify	Run Jest tests	2026-10-10T16:38:04.6302342Z 
Verify	Run Jest tests	2026-10-10T16:38:04.6302768Z       at debug (shared/lib/logger.ts:133:18)
Verify	Run Jest tests	2026-10-10T16:38:04.6303354Z 
Verify	Run Jest tests	2026-10-10T16:38:04.6308772Z     console.debug
Verify	Run Jest tests	2026-10-10T16:38:04.6309404Z       [analytics] screen /login
Verify	Run Jest tests	2026-10-10T16:38:04.6310298Z 
Verify	Run Jest tests	2026-10-10T16:38:04.6310687Z       at debug (shared/lib/logger.ts:133:18)
Verify	Run Jest tests	2026-10-10T16:38:04.6311168Z 
Verify	Run Jest tests	2026-10-10T16:38:04.6311465Z     console.debug
Verify	Run Jest tests	2026-10-10T16:38:04.6312237Z       [analytics] screen /
Verify	Run Jest tests	2026-10-10T16:38:04.6312681Z 
Verify	Run Jest tests	2026-10-10T16:38:04.6313083Z       at debug (shared/lib/logger.ts:133:18)
Verify	Run Jest tests	2026-10-10T16:38:04.6313890Z 
Verify	Run Jest tests	2026-10-10T16:38:04.6314237Z     console.debug
Verify	Run Jest tests	2026-10-10T16:38:04.6315119Z       [analytics] screen /profile
Verify	Run Jest tests	2026-10-10T16:38:04.6315619Z 
Verify	Run Jest tests	2026-10-10T16:38:04.6316038Z       at debug (shared/lib/logger.ts:133:18)
Verify	Run Jest tests	2026-10-10T16:38:04.6316544Z 
Verify	Run Jest tests	2026-10-10T16:38:04.6316859Z     console.debug
Verify	Run Jest tests	2026-10-10T16:38:04.6317397Z       [analytics] screen /
Verify	Run Jest tests	2026-10-10T16:38:04.6317821Z 
Verify	Run Jest tests	2026-10-10T16:38:04.6318200Z       at debug (shared/lib/logger.ts:133:18)
Verify	Run Jest tests	2026-10-10T16:38:04.6318702Z 
Verify	Run Jest tests	2026-10-10T16:38:04.6319001Z     console.debug
Verify	Run Jest tests	2026-10-10T16:38:04.6319561Z       [analytics] screen /profile
Verify	Run Jest tests	2026-10-10T16:38:04.6320005Z 
Verify	Run Jest tests	2026-10-10T16:38:04.6320392Z       at debug (shared/lib/logger.ts:133:18)
Verify	Run Jest tests	2026-10-10T16:38:04.6320914Z 
Verify	Run Jest tests	2026-10-10T16:38:04.6321232Z     console.debug
Verify	Run Jest tests	2026-10-10T16:38:04.6322665Z       [analytics] screen /
Verify	Run Jest tests	2026-10-10T16:38:04.6323128Z 
Verify	Run Jest tests	2026-10-10T16:38:04.6323544Z       at debug (shared/lib/logger.ts:133:18)
Verify	Run Jest tests	2026-10-10T16:38:04.6324055Z 
Verify	Run Jest tests	2026-10-10T16:38:04.6324361Z     console.debug
Verify	Run Jest tests	2026-10-10T16:38:04.6325189Z       [analytics] screen /profile
Verify	Run Jest tests	2026-10-10T16:38:04.6325661Z 
Verify	Run Jest tests	2026-10-10T16:38:04.6326061Z       at debug (shared/lib/logger.ts:133:18)
Verify	Run Jest tests	2026-10-10T16:38:04.6326566Z 
Verify	Run Jest tests	2026-10-10T16:38:04.6326877Z     console.debug
Verify	Run Jest tests	2026-10-10T16:38:04.6327471Z       [analytics] screen /
Verify	Run Jest tests	2026-10-10T16:38:04.6327930Z 
Verify	Run Jest tests	2026-10-10T16:38:04.6328353Z       at debug (shared/lib/logger.ts:133:18)
Verify	Run Jest tests	2026-10-10T16:38:04.6328881Z 
Verify	Run Jest tests	2026-10-10T16:38:04.6329216Z     console.debug
Verify	Run Jest tests	2026-10-10T16:38:04.6329840Z       [analytics] screen /profile
Verify	Run Jest tests	2026-10-10T16:38:04.6330320Z 
Verify	Run Jest tests	2026-10-10T16:38:04.6330713Z       at debug (shared/lib/logger.ts:133:18)
Verify	Run Jest tests	2026-10-10T16:38:04.6331227Z 
Verify	Run Jest tests	2026-10-10T16:38:04.6331583Z     console.debug
Verify	Run Jest tests	2026-10-10T16:38:04.6332136Z       [analytics] screen /
Verify	Run Jest tests	2026-10-10T16:38:04.6332560Z 
Verify	Run Jest tests	2026-10-10T16:38:04.6332981Z       at debug (shared/lib/logger.ts:133:18)
Verify	Run Jest tests	2026-10-10T16:38:04.6333558Z 
Verify	Run Jest tests	2026-10-10T16:38:04.6333902Z     console.debug
Verify	Run Jest tests	2026-10-10T16:38:04.6334866Z       [analytics] screen /
Verify	Run Jest tests	2026-10-10T16:38:04.6335450Z 
Verify	Run Jest tests	2026-10-10T16:38:04.6335868Z       at debug (shared/lib/logger.ts:133:18)
Verify	Run Jest tests	2026-10-10T16:38:04.6336418Z 
Verify	Run Jest tests	2026-10-10T16:38:04.6336737Z     console.debug
Verify	Run Jest tests	2026-10-10T16:38:04.6337370Z       [analytics] screen /profile
Verify	Run Jest tests	2026-10-10T16:38:04.6337882Z 
Verify	Run Jest tests	2026-10-10T16:38:04.6338282Z       at debug (shared/lib/logger.ts:133:18)
Verify	Run Jest tests	2026-10-10T16:38:04.6338799Z 
Verify	Run Jest tests	2026-10-10T16:38:04.6339139Z     console.debug
Verify	Run Jest tests	2026-10-10T16:38:04.6339736Z       [analytics] screen /
Verify	Run Jest tests	2026-10-10T16:38:04.6340197Z 
Verify	Run Jest tests	2026-10-10T16:38:04.6340611Z       at debug (shared/lib/logger.ts:133:18)
Verify	Run Jest tests	2026-10-10T16:38:04.6341139Z 
Verify	Run Jest tests	2026-10-10T16:38:04.6341449Z     console.debug
Verify	Run Jest tests	2026-10-10T16:38:04.6342028Z       [analytics] screen /profile
Verify	Run Jest tests	2026-10-10T16:38:04.6342479Z 
Verify	Run Jest tests	2026-10-10T16:38:04.6342887Z       at debug (shared/lib/logger.ts:133:18)
Verify	Run Jest tests	2026-10-10T16:38:04.6343413Z 
Verify	Run Jest tests	2026-10-10T16:38:04.6343716Z     console.debug
Verify	Run Jest tests	2026-10-10T16:38:04.6344292Z       [analytics] screen /
Verify	Run Jest tests	2026-10-10T16:38:04.6345005Z 
Verify	Run Jest tests	2026-10-10T16:38:04.6345437Z       at debug (shared/lib/logger.ts:133:18)
Verify	Run Jest tests	2026-10-10T16:38:04.6346005Z 
Verify	Run Jest tests	2026-10-10T16:38:04.6346331Z     console.debug
Verify	Run Jest tests	2026-10-10T16:38:04.6346923Z       [analytics] screen /
Verify	Run Jest tests	2026-10-10T16:38:04.6347388Z 
Verify	Run Jest tests	2026-10-10T16:38:04.6347823Z       at debug (shared/lib/logger.ts:133:18)
Verify	Run Jest tests	2026-10-10T16:38:04.6348401Z 
Verify	Run Jest tests	2026-10-10T16:38:04.6377560Z     console.debug
Verify	Run Jest tests	2026-10-10T16:38:04.6378578Z       [analytics] screen /
Verify	Run Jest tests	2026-10-10T16:38:04.6385731Z 
Verify	Run Jest tests	2026-10-10T16:38:04.6386250Z       at debug (shared/lib/logger.ts:133:18)
Verify	Run Jest tests	2026-10-10T16:38:04.6386888Z 
Verify	Run Jest tests	2026-10-10T16:38:04.6387276Z     console.debug
Verify	Run Jest tests	2026-10-10T16:38:04.6387914Z       [analytics] screen /
Verify	Run Jest tests	2026-10-10T16:38:04.6388428Z 
Verify	Run Jest tests	2026-10-10T16:38:04.6389238Z       at debug (shared/lib/logger.ts:133:18)
Verify	Run Jest tests	2026-10-10T16:38:04.6389874Z 
Verify	Run Jest tests	2026-10-10T16:38:05.6976543Z PASS __tests__/shared/ui/ErrorBoundary.test.tsx
Verify	Run Jest tests	2026-10-10T16:38:05.7155665Z   ● Console
Verify	Run Jest tests	2026-10-10T16:38:05.7156097Z 
Verify	Run Jest tests	2026-10-10T16:38:05.7156357Z     console.debug
Verify	Run Jest tests	2026-10-10T16:38:05.7159123Z       [analytics] screen /boom
Verify	Run Jest tests	2026-10-10T16:38:05.7159582Z 
Verify	Run Jest tests	2026-10-10T16:38:05.7159937Z       at debug (shared/lib/logger.ts:133:18)
Verify	Run Jest tests	2026-10-10T16:38:05.7160396Z 
Verify	Run Jest tests	2026-10-10T16:38:05.7160669Z     console.debug
Verify	Run Jest tests	2026-10-10T16:38:05.7161155Z       [analytics] screen /
Verify	Run Jest tests	2026-10-10T16:38:05.7161515Z 
Verify	Run Jest tests	2026-10-10T16:38:05.7161862Z       at debug (shared/lib/logger.ts:133:18)
Verify	Run Jest tests	2026-10-10T16:38:05.7162322Z 
Verify	Run Jest tests	2026-10-10T16:38:05.7162583Z     console.debug
Verify	Run Jest tests	2026-10-10T16:38:05.7163051Z       [analytics] screen /
Verify	Run Jest tests	2026-10-10T16:38:05.7163421Z 
Verify	Run Jest tests	2026-10-10T16:38:05.7163753Z       at debug (shared/lib/logger.ts:133:18)
Verify	Run Jest tests	2026-10-10T16:38:05.7164221Z 
Verify	Run Jest tests	2026-10-10T16:38:05.7164473Z     console.debug
Verify	Run Jest tests	2026-10-10T16:38:05.7165288Z       [analytics] screen /boom
Verify	Run Jest tests	2026-10-10T16:38:05.7165697Z 
Verify	Run Jest tests	2026-10-10T16:38:05.7166047Z       at debug (shared/lib/logger.ts:133:18)
Verify	Run Jest tests	2026-10-10T16:38:05.7166524Z 
Verify	Run Jest tests	2026-10-10T16:38:05.7166787Z     console.debug
Verify	Run Jest tests	2026-10-10T16:38:05.7167283Z       [analytics] screen /
Verify	Run Jest tests	2026-10-10T16:38:05.7167652Z 
Verify	Run Jest tests	2026-10-10T16:38:05.7168004Z       at debug (shared/lib/logger.ts:133:18)
Verify	Run Jest tests	2026-10-10T16:38:05.7168448Z 
Verify	Run Jest tests	2026-10-10T16:38:05.7168700Z     console.debug
Verify	Run Jest tests	2026-10-10T16:38:05.7169163Z       [analytics] screen /
Verify	Run Jest tests	2026-10-10T16:38:05.7169529Z 
Verify	Run Jest tests	2026-10-10T16:38:05.7169870Z       at debug (shared/lib/logger.ts:133:18)
Verify	Run Jest tests	2026-10-10T16:38:05.7170304Z 
Verify	Run Jest tests	2026-10-10T16:38:05.7170555Z     console.debug
Verify	Run Jest tests	2026-10-10T16:38:05.7171057Z       [analytics] screen /boom
Verify	Run Jest tests	2026-10-10T16:38:05.7171435Z 
Verify	Run Jest tests	2026-10-10T16:38:05.7171760Z       at debug (shared/lib/logger.ts:133:18)
Verify	Run Jest tests	2026-10-10T16:38:05.7172203Z 
Verify	Run Jest tests	2026-10-10T16:38:05.7172454Z     console.debug
Verify	Run Jest tests	2026-10-10T16:38:05.7172909Z       [analytics] screen /
Verify	Run Jest tests	2026-10-10T16:38:05.7173271Z 
Verify	Run Jest tests	2026-10-10T16:38:05.7173600Z       at debug (shared/lib/logger.ts:133:18)
Verify	Run Jest tests	2026-10-10T16:38:05.7174031Z 
Verify	Run Jest tests	2026-10-10T16:38:05.7174278Z     console.debug
Verify	Run Jest tests	2026-10-10T16:38:05.7175005Z       [analytics] screen /boom
Verify	Run Jest tests	2026-10-10T16:38:05.7175401Z 
Verify	Run Jest tests	2026-10-10T16:38:05.7175746Z       at debug (shared/lib/logger.ts:133:18)
Verify	Run Jest tests	2026-10-10T16:38:05.7176172Z 
Verify	Run Jest tests	2026-10-10T16:38:05.7176415Z     console.debug
Verify	Run Jest tests	2026-10-10T16:38:05.7176881Z       [analytics] screen /
Verify	Run Jest tests	2026-10-10T16:38:05.7177229Z 
Verify	Run Jest tests	2026-10-10T16:38:05.7177567Z       at debug (shared/lib/logger.ts:133:18)
Verify	Run Jest tests	2026-10-10T16:38:05.7178037Z 
Verify	Run Jest tests	2026-10-10T16:38:05.7178298Z     console.debug
Verify	Run Jest tests	2026-10-10T16:38:05.7178843Z       [analytics] screen /boom
Verify	Run Jest tests	2026-10-10T16:38:05.7179243Z 
Verify	Run Jest tests	2026-10-10T16:38:05.7179588Z       at debug (shared/lib/logger.ts:133:18)
Verify	Run Jest tests	2026-10-10T16:38:05.7180049Z 
Verify	Run Jest tests	2026-10-10T16:38:05.8835904Z PASS __tests__/shared/config/env.test.ts
Verify	Run Jest tests	2026-10-10T16:38:06.2289909Z PASS __tests__/shared/lib/useFetch.test.tsx
Verify	Run Jest tests	2026-10-10T16:38:07.2320296Z PASS __tests__/shared/session/tokenStore.test.tsx
Verify	Run Jest tests	2026-10-10T16:38:07.2405475Z   ● Console
Verify	Run Jest tests	2026-10-10T16:38:07.2406130Z 
Verify	Run Jest tests	2026-10-10T16:38:07.2411326Z     console.debug
Verify	Run Jest tests	2026-10-10T16:38:07.2412006Z       [analytics] screen /login
Verify	Run Jest tests	2026-10-10T16:38:07.2412457Z 
Verify	Run Jest tests	2026-10-10T16:38:07.2412867Z       at debug (shared/lib/logger.ts:133:18)
Verify	Run Jest tests	2026-10-10T16:38:07.2413941Z 
Verify	Run Jest tests	2026-10-10T16:38:07.2414283Z     console.debug
Verify	Run Jest tests	2026-10-10T16:38:07.2415079Z       [analytics] screen /
Verify	Run Jest tests	2026-10-10T16:38:07.2415403Z 
Verify	Run Jest tests	2026-10-10T16:38:07.2415943Z       at debug (shared/lib/logger.ts:133:18)
Verify	Run Jest tests	2026-10-10T16:38:07.2416534Z 
Verify	Run Jest tests	2026-10-10T16:38:07.2416888Z     console.debug
Verify	Run Jest tests	2026-10-10T16:38:07.2417508Z       [analytics] screen /login
Verify	Run Jest tests	2026-10-10T16:38:07.2417983Z 
Verify	Run Jest tests	2026-10-10T16:38:07.2418396Z       at debug (shared/lib/logger.ts:133:18)
Verify	Run Jest tests	2026-10-10T16:38:07.2418922Z 
Verify	Run Jest tests	2026-10-10T16:38:07.2419269Z     console.debug
Verify	Run Jest tests	2026-10-10T16:38:07.2419839Z       [analytics] screen /
Verify	Run Jest tests	2026-10-10T16:38:07.2420290Z 
Verify	Run Jest tests	2026-10-10T16:38:07.2420714Z       at debug (shared/lib/logger.ts:133:18)
Verify	Run Jest tests	2026-10-10T16:38:07.2421657Z 
Verify	Run Jest tests	2026-10-10T16:38:07.2422013Z     console.debug
Verify	Run Jest tests	2026-10-10T16:38:07.2422579Z       [analytics] screen /
Verify	Run Jest tests	2026-10-10T16:38:07.2423038Z 
Verify	Run Jest tests	2026-10-10T16:38:07.2423679Z       at debug (shared/lib/logger.ts:133:18)
Verify	Run Jest tests	2026-10-10T16:38:07.2424207Z 
Verify	Run Jest tests	2026-10-10T16:38:07.4471081Z PASS __tests__/shared/http/api.test.ts
Verify	Run Jest tests	2026-10-10T16:38:07.4495721Z   ● Console
Verify	Run Jest tests	2026-10-10T16:38:07.4496315Z 
Verify	Run Jest tests	2026-10-10T16:38:07.4496752Z     console.warn
Verify	Run Jest tests	2026-10-10T16:38:07.4497417Z       API request failed: server (503)
Verify	Run Jest tests	2026-10-10T16:38:07.4497958Z 
Verify	Run Jest tests	2026-10-10T16:38:07.4499353Z     ^[[0m ^[[90m 129 |^[[39m     ^[[36mconst^[[39m args ^[[33m=^[[39m [message^[[33m,^[[39m ^[[33m...^[[39mdetails^[[33m.^[[39mfilter(item ^[[33m=>^[[39m item ^[[33m!==^[[39m undefined)]^[[33m;^[[39m
Verify	Run Jest tests	2026-10-10T16:38:07.4501361Z      ^[[90m 130 |^[[39m     ^[[36mif^[[39m (level ^[[33m===^[[39m ^[[32m'error'^[[39m) console^[[33m.^[[39merror(^[[33m...^[[39margs)^[[33m;^[[39m
Verify	Run Jest tests	2026-10-10T16:38:07.4503269Z     ^[[31m^[[1m>^[[22m^[[39m^[[90m 131 |^[[39m     ^[[36melse^[[39m ^[[36mif^[[39m (level ^[[33m===^[[39m ^[[32m'warn'^[[39m) console^[[33m.^[[39mwarn(^[[33m...^[[39margs)^[[33m;^[[39m
Verify	Run Jest tests	2026-10-10T16:38:07.4505014Z      ^[[90m     |^[[39m                                        ^[[31m^[[1m^^[[22m^[[39m
Verify	Run Jest tests	2026-10-10T16:38:07.4506620Z      ^[[90m 132 |^[[39m     ^[[36melse^[[39m ^[[36mif^[[39m (level ^[[33m===^[[39m ^[[32m'info'^[[39m) console^[[33m.^[[39minfo(^[[33m...^[[39margs)^[[33m;^[[39m
Verify	Run Jest tests	2026-10-10T16:38:07.4508256Z      ^[[90m 133 |^[[39m     ^[[36melse^[[39m console^[[33m.^[[39mdebug(^[[33m...^[[39margs)^[[33m;^[[39m
Verify	Run Jest tests	2026-10-10T16:38:07.4509378Z      ^[[90m 134 |^[[39m   }^[[33m;^[[39m^[[0m
Verify	Run Jest tests	2026-10-10T16:38:07.4509925Z 
Verify	Run Jest tests	2026-10-10T16:38:07.4510379Z       at warn (shared/lib/logger.ts:131:40)
Verify	Run Jest tests	2026-10-10T16:38:07.4511299Z       at Object.write [as warn] (shared/lib/logger.ts:142:33)
Verify	Run Jest tests	2026-10-10T16:38:07.4512230Z       at warn (shared/http/httpClient.ts:137:12)
Verify	Run Jest tests	2026-10-10T16:38:07.4513402Z       at asyncGeneratorStep (node_modules/@babel/runtime/helpers/asyncToGenerator.js:3:17)
Verify	Run Jest tests	2026-10-10T16:38:07.4514927Z       at _next (node_modules/@babel/runtime/helpers/asyncToGenerator.js:17:9)
Verify	Run Jest tests	2026-10-10T16:38:07.4516180Z       at node_modules/@babel/runtime/helpers/asyncToGenerator.js:22:7
Verify	Run Jest tests	2026-10-10T16:38:07.4517292Z       at node_modules/@babel/runtime/helpers/asyncToGenerator.js:14:12
Verify	Run Jest tests	2026-10-10T16:38:07.4518205Z       at apply (shared/http/httpClient.ts:143:4)
Verify	Run Jest tests	2026-10-10T16:38:07.4519166Z       at Axios.request (node_modules/axios/dist/browser/axios.cjs:5245:14)
Verify	Run Jest tests	2026-10-10T16:38:07.4519845Z 
Verify	Run Jest tests	2026-10-10T16:38:07.9901763Z PASS __tests__/features/auth/LoginScreen.test.tsx
Verify	Run Jest tests	2026-10-10T16:38:07.9955599Z   ● Console
Verify	Run Jest tests	2026-10-10T16:38:07.9956294Z 
Verify	Run Jest tests	2026-10-10T16:38:07.9956728Z     console.error
Verify	Run Jest tests	2026-10-10T16:38:07.9957622Z       An update to SessionProvider inside a test was not wrapped in act(...).
Verify	Run Jest tests	2026-10-10T16:38:07.9958501Z       
Verify	Run Jest tests	2026-10-10T16:38:07.9959408Z       When testing, code that causes React state updates should be wrapped into act(...):
Verify	Run Jest tests	2026-10-10T16:38:07.9960404Z       
Verify	Run Jest tests	2026-10-10T16:38:07.9960936Z       act(() => {
Verify	Run Jest tests	2026-10-10T16:38:07.9961565Z         /* fire events that update state */
Verify	Run Jest tests	2026-10-10T16:38:07.9962316Z       });
Verify	Run Jest tests	2026-10-10T16:38:07.9962936Z       /* assert on the output */
Verify	Run Jest tests	2026-10-10T16:38:07.9963599Z       
Verify	Run Jest tests	2026-10-10T16:38:07.9965184Z       This ensures that you're testing the behavior the user would see in the browser. Learn more at https://react.dev/link/wrap-tests-with-act
Verify	Run Jest tests	2026-10-10T16:38:07.9966334Z 
Verify	Run Jest tests	2026-10-10T16:38:07.9967179Z     ^[[0m ^[[90m 91 |^[[39m     readStoredSession()^[[33m.^[[39mthen(restored ^[[33m=>^[[39m {
Verify	Run Jest tests	2026-10-10T16:38:07.9968766Z      ^[[90m 92 |^[[39m       ^[[36mif^[[39m (^[[33m!^[[39mchangedRef^[[33m.^[[39mcurrent ^[[33m&&^[[39m isMountedRef^[[33m.^[[39mcurrent) {
Verify	Run Jest tests	2026-10-10T16:38:07.9970157Z     ^[[31m^[[1m>^[[22m^[[39m^[[90m 93 |^[[39m         setSession(restored)^[[33m;^[[39m
Verify	Run Jest tests	2026-10-10T16:38:07.9971180Z      ^[[90m    |^[[39m         ^[[31m^[[1m^^[[22m^[[39m
Verify	Run Jest tests	2026-10-10T16:38:07.9971918Z      ^[[90m 94 |^[[39m       }
Verify	Run Jest tests	2026-10-10T16:38:07.9972693Z      ^[[90m 95 |^[[39m     })^[[33m;^[[39m
Verify	Run Jest tests	2026-10-10T16:38:07.9973890Z      ^[[90m 96 |^[[39m     ^[[90m// The HTTP client has already cleared the stored session.^[[39m^[[0m
Verify	Run Jest tests	2026-10-10T16:38:07.9975585Z 
Verify	Run Jest tests	2026-10-10T16:38:07.9976411Z       at node_modules/react-test-renderer/cjs/react-test-renderer.development.js:14402:19
Verify	Run Jest tests	2026-10-10T16:38:07.9978236Z       at runWithFiberInDEV (node_modules/react-test-renderer/cjs/react-test-renderer.development.js:2315:13)
Verify	Run Jest tests	2026-10-10T16:38:07.9980079Z       at warnIfUpdatesNotWrappedWithActDEV (node_modules/react-test-renderer/cjs/react-test-renderer.development.js:14401:9)
Verify	Run Jest tests	2026-10-10T16:38:07.9981905Z       at scheduleUpdateOnFiber (node_modules/react-test-renderer/cjs/react-test-renderer.development.js:12086:9)
Verify	Run Jest tests	2026-10-10T16:38:07.9983695Z       at dispatchSetStateInternal (node_modules/react-test-renderer/cjs/react-test-renderer.development.js:6208:13)
Verify	Run Jest tests	2026-10-10T16:38:07.9985653Z       at dispatchSetState (node_modules/react-test-renderer/cjs/react-test-renderer.development.js:6165:7)
Verify	Run Jest tests	2026-10-10T16:38:07.9986992Z       at setSession (shared/session/SessionProvider.tsx:93:9)
Verify	Run Jest tests	2026-10-10T16:38:07.9987699Z 
Verify	Run Jest tests	2026-10-10T16:38:07.9988167Z     console.error
Verify	Run Jest tests	2026-10-10T16:38:07.9989157Z       An update to SessionProvider inside a test was not wrapped in act(...).
Verify	Run Jest tests	2026-10-10T16:38:07.9990104Z       
Verify	Run Jest tests	2026-10-10T16:38:07.9991143Z       When testing, code that causes React state updates should be wrapped into act(...):
Verify	Run Jest tests	2026-10-10T16:38:07.9992230Z       
Verify	Run Jest tests	2026-10-10T16:38:07.9992862Z       act(() => {
Verify	Run Jest tests	2026-10-10T16:38:07.9993579Z         /* fire events that update state */
Verify	Run Jest tests	2026-10-10T16:38:07.9994358Z       });
Verify	Run Jest tests	2026-10-10T16:38:07.9995352Z       /* assert on the output */
Verify	Run Jest tests	2026-10-10T16:38:07.9996069Z       
Verify	Run Jest tests	2026-10-10T16:38:07.9997449Z       This ensures that you're testing the behavior the user would see in the browser. Learn more at https://react.dev/link/wrap-tests-with-act
Verify	Run Jest tests	2026-10-10T16:38:07.9998709Z 
Verify	Run Jest tests	2026-10-10T16:38:07.9999544Z     ^[[0m ^[[90m 91 |^[[39m     readStoredSession()^[[33m.^[[39mthen(restored ^[[33m=>^[[39m {
Verify	Run Jest tests	2026-10-10T16:38:08.0001292Z      ^[[90m 92 |^[[39m       ^[[36mif^[[39m (^[[33m!^[[39mchangedRef^[[33m.^[[39mcurrent ^[[33m&&^[[39m isMountedRef^[[33m.^[[39mcurrent) {
Verify	Run Jest tests	2026-10-10T16:38:08.0002937Z     ^[[31m^[[1m>^[[22m^[[39m^[[90m 93 |^[[39m         setSession(restored)^[[33m;^[[39m
Verify	Run Jest tests	2026-10-10T16:38:08.0004121Z      ^[[90m    |^[[39m         ^[[31m^[[1m^^[[22m^[[39m
Verify	Run Jest tests	2026-10-10T16:38:08.0005314Z      ^[[90m 94 |^[[39m       }
Verify	Run Jest tests	2026-10-10T16:38:08.0006196Z      ^[[90m 95 |^[[39m     })^[[33m;^[[39m
Verify	Run Jest tests	2026-10-10T16:38:08.0007508Z      ^[[90m 96 |^[[39m     ^[[90m// The HTTP client has already cleared the stored session.^[[39m^[[0m
Verify	Run Jest tests	2026-10-10T16:38:08.0008395Z 
Verify	Run Jest tests	2026-10-10T16:38:08.0009209Z       at node_modules/react-test-renderer/cjs/react-test-renderer.development.js:14402:19
Verify	Run Jest tests	2026-10-10T16:38:08.0010904Z       at runWithFiberInDEV (node_modules/react-test-renderer/cjs/react-test-renderer.development.js:2315:13)
Verify	Run Jest tests	2026-10-10T16:38:08.0012880Z       at warnIfUpdatesNotWrappedWithActDEV (node_modules/react-test-renderer/cjs/react-test-renderer.development.js:14401:9)
Verify	Run Jest tests	2026-10-10T16:38:08.0015136Z       at scheduleUpdateOnFiber (node_modules/react-test-renderer/cjs/react-test-renderer.development.js:12086:9)
Verify	Run Jest tests	2026-10-10T16:38:08.0017084Z       at dispatchSetStateInternal (node_modules/react-test-renderer/cjs/react-test-renderer.development.js:6208:13)
Verify	Run Jest tests	2026-10-10T16:38:08.0018948Z       at dispatchSetState (node_modules/react-test-renderer/cjs/react-test-renderer.development.js:6165:7)
Verify	Run Jest tests	2026-10-10T16:38:08.0020395Z       at setSession (shared/session/SessionProvider.tsx:93:9)
Verify	Run Jest tests	2026-10-10T16:38:08.0021123Z 
Verify	Run Jest tests	2026-10-10T16:38:08.1701922Z PASS __tests__/shared/integrations/seams.test.ts
Verify	Run Jest tests	2026-10-10T16:38:08.8156000Z PASS __tests__/features/home/HomeScreen.test.tsx
Verify	Run Jest tests	2026-10-10T16:38:08.9287137Z PASS __tests__/app/appConfig.test.ts
Verify	Run Jest tests	2026-10-10T16:38:09.0325869Z PASS __tests__/shared/storage/storage.test.ts
Verify	Run Jest tests	2026-10-10T16:38:10.0665193Z PASS __tests__/shared/integrations/i18n.test.tsx
Verify	Run Jest tests	2026-10-10T16:38:10.0707961Z   ● Console
Verify	Run Jest tests	2026-10-10T16:38:10.0715297Z 
Verify	Run Jest tests	2026-10-10T16:38:10.0715658Z     console.debug
Verify	Run Jest tests	2026-10-10T16:38:10.0716220Z       [analytics] screen /
Verify	Run Jest tests	2026-10-10T16:38:10.0717176Z 
Verify	Run Jest tests	2026-10-10T16:38:10.0717541Z       at debug (shared/lib/logger.ts:133:18)
Verify	Run Jest tests	2026-10-10T16:38:10.0718021Z 
Verify	Run Jest tests	2026-10-10T16:38:10.0718550Z     console.debug
Verify	Run Jest tests	2026-10-10T16:38:10.0719103Z       [analytics] screen /login
Verify	Run Jest tests	2026-10-10T16:38:10.0719517Z 
Verify	Run Jest tests	2026-10-10T16:38:10.0719875Z       at debug (shared/lib/logger.ts:133:18)
Verify	Run Jest tests	2026-10-10T16:38:10.0720347Z 
Verify	Run Jest tests	2026-10-10T16:38:10.4202810Z PASS __tests__/shared/ui/theme.test.ts
Verify	Run Jest tests	2026-10-10T16:38:11.0052216Z PASS __tests__/app/tabBarTheme.test.tsx
Verify	Run Jest tests	2026-10-10T16:38:11.0089352Z   ● Console
Verify	Run Jest tests	2026-10-10T16:38:11.0089813Z 
Verify	Run Jest tests	2026-10-10T16:38:11.0090212Z     console.debug
Verify	Run Jest tests	2026-10-10T16:38:11.0090877Z       [analytics] screen /
Verify	Run Jest tests	2026-10-10T16:38:11.0091349Z 
Verify	Run Jest tests	2026-10-10T16:38:11.0091780Z       at debug (shared/lib/logger.ts:133:18)
Verify	Run Jest tests	2026-10-10T16:38:11.0092299Z 
Verify	Run Jest tests	2026-10-10T16:38:11.0092635Z     console.debug
Verify	Run Jest tests	2026-10-10T16:38:11.0093179Z       [analytics] screen /
Verify	Run Jest tests	2026-10-10T16:38:11.0093628Z 
Verify	Run Jest tests	2026-10-10T16:38:11.0094044Z       at debug (shared/lib/logger.ts:133:18)
Verify	Run Jest tests	2026-10-10T16:38:11.0094804Z 
Verify	Run Jest tests	2026-10-10T16:38:11.6933285Z PASS __tests__/app/initialRoute.test.tsx
Verify	Run Jest tests	2026-10-10T16:38:11.7003006Z   ● Console
Verify	Run Jest tests	2026-10-10T16:38:11.7003543Z 
Verify	Run Jest tests	2026-10-10T16:38:11.7003963Z     console.debug
Verify	Run Jest tests	2026-10-10T16:38:11.7004815Z       [analytics] screen /
Verify	Run Jest tests	2026-10-10T16:38:11.7005320Z 
Verify	Run Jest tests	2026-10-10T16:38:11.7005771Z       at debug (shared/lib/logger.ts:133:18)
Verify	Run Jest tests	2026-10-10T16:38:11.7006307Z 
Verify	Run Jest tests	2026-10-10T16:38:11.7006642Z     console.debug
Verify	Run Jest tests	2026-10-10T16:38:11.7007251Z       [analytics] screen /login
Verify	Run Jest tests	2026-10-10T16:38:11.7007732Z 
Verify	Run Jest tests	2026-10-10T16:38:11.7008147Z       at debug (shared/lib/logger.ts:133:18)
Verify	Run Jest tests	2026-10-10T16:38:11.7008660Z 
Verify	Run Jest tests	2026-10-10T16:38:11.7008991Z     console.debug
Verify	Run Jest tests	2026-10-10T16:38:11.7009578Z       [analytics] screen /login
Verify	Run Jest tests	2026-10-10T16:38:11.7010050Z 
Verify	Run Jest tests	2026-10-10T16:38:11.7010452Z       at debug (shared/lib/logger.ts:133:18)
Verify	Run Jest tests	2026-10-10T16:38:11.7010980Z 
Verify	Run Jest tests	2026-10-10T16:38:11.7011318Z     console.debug
Verify	Run Jest tests	2026-10-10T16:38:11.7011875Z       [analytics] screen /
Verify	Run Jest tests	2026-10-10T16:38:11.7012334Z 
Verify	Run Jest tests	2026-10-10T16:38:11.7012761Z       at debug (shared/lib/logger.ts:133:18)
Verify	Run Jest tests	2026-10-10T16:38:11.7013294Z 
Verify	Run Jest tests	2026-10-10T16:38:12.1620033Z PASS __tests__/shared/ui/LoadingScreen.test.tsx
Verify	Run Jest tests	2026-10-10T16:38:12.7379483Z PASS __tests__/shared/integrations/screenTracking.test.tsx
Verify	Run Jest tests	2026-10-10T16:38:13.2983672Z PASS __tests__/app/statusBar.test.tsx
Verify	Run Jest tests	2026-10-10T16:38:13.3019583Z   ● Console
Verify	Run Jest tests	2026-10-10T16:38:13.3020045Z 
Verify	Run Jest tests	2026-10-10T16:38:13.3020603Z     console.debug
Verify	Run Jest tests	2026-10-10T16:38:13.3021271Z       [analytics] screen /
Verify	Run Jest tests	2026-10-10T16:38:13.3021741Z 
Verify	Run Jest tests	2026-10-10T16:38:13.3022178Z       at debug (shared/lib/logger.ts:133:18)
Verify	Run Jest tests	2026-10-10T16:38:13.3022720Z 
Verify	Run Jest tests	2026-10-10T16:38:13.3023072Z     console.debug
Verify	Run Jest tests	2026-10-10T16:38:13.3023650Z       [analytics] screen /
Verify	Run Jest tests	2026-10-10T16:38:13.3024095Z 
Verify	Run Jest tests	2026-10-10T16:38:13.3024533Z       at debug (shared/lib/logger.ts:133:18)
Verify	Run Jest tests	2026-10-10T16:38:13.3025326Z 
Verify	Run Jest tests	2026-10-10T16:38:13.7986417Z PASS __tests__/app/configError.test.tsx
Verify	Run Jest tests	2026-10-10T16:38:13.8004970Z   ● Console
Verify	Run Jest tests	2026-10-10T16:38:13.8005701Z 
Verify	Run Jest tests	2026-10-10T16:38:13.8006143Z     console.debug
Verify	Run Jest tests	2026-10-10T16:38:13.8006751Z       [analytics] screen /
Verify	Run Jest tests	2026-10-10T16:38:13.8007204Z 
Verify	Run Jest tests	2026-10-10T16:38:13.8007642Z       at debug (shared/lib/logger.ts:133:18)
Verify	Run Jest tests	2026-10-10T16:38:13.8008161Z 
Verify	Run Jest tests	2026-10-10T16:38:13.8157759Z ------------------------|---------|----------|---------|---------|-------------------
Verify	Run Jest tests	2026-10-10T16:38:13.8159255Z File                    | % Stmts | % Branch | % Funcs | % Lines | Uncovered Line #s 
Verify	Run Jest tests	2026-10-10T16:38:13.8160631Z ------------------------|---------|----------|---------|---------|-------------------
Verify	Run Jest tests	2026-10-10T16:38:13.8168347Z All files               |    97.7 |    91.25 |   95.65 |   97.92 |                   
Verify	Run Jest tests	2026-10-10T16:38:13.8170416Z  app                    |     100 |      100 |   57.14 |     100 |                   
Verify	Run Jest tests	2026-10-10T16:38:13.8172867Z   _layout.tsx           |     100 |      100 |   57.14 |     100 |                   
Verify	Run Jest tests	2026-10-10T16:38:13.8176918Z  app/(app)              |    87.5 |       75 |     100 |     100 |                   
Verify	Run Jest tests	2026-10-10T16:38:13.8178735Z   _layout.tsx           |    87.5 |       75 |     100 |     100 | 24                
Verify	Run Jest tests	2026-10-10T16:38:13.8180141Z   profile.tsx           |       0 |        0 |       0 |       0 |                   
Verify	Run Jest tests	2026-10-10T16:38:13.8181276Z  app/(auth)             |     100 |      100 |     100 |     100 |                   
Verify	Run Jest tests	2026-10-10T16:38:13.8182354Z   _layout.tsx           |     100 |      100 |     100 |     100 |                   
Verify	Run Jest tests	2026-10-10T16:38:13.8183439Z   login.tsx             |       0 |        0 |       0 |       0 |                   
Verify	Run Jest tests	2026-10-10T16:38:13.8190528Z  app/(tabs)             |     100 |      100 |     100 |     100 |                   
Verify	Run Jest tests	2026-10-10T16:38:13.8191735Z   _layout.tsx           |     100 |      100 |     100 |     100 |                   
Verify	Run Jest tests	2026-10-10T16:38:13.8192872Z   index.tsx             |       0 |        0 |       0 |       0 |                   
Verify	Run Jest tests	2026-10-10T16:38:13.8194059Z  features/auth/screens  |   95.55 |    79.16 |   83.33 |   95.45 |                   
Verify	Run Jest tests	2026-10-10T16:38:13.8195495Z   LoginScreen.tsx       |    92.3 |       80 |      60 |    92.3 | 125-129           
Verify	Run Jest tests	2026-10-10T16:38:13.8196577Z   ProfileScreen.tsx     |     100 |    78.57 |     100 |     100 | 38,67-72          
Verify	Run Jest tests	2026-10-10T16:38:13.8197652Z  features/home/screens  |     100 |     87.5 |     100 |     100 |                   
Verify	Run Jest tests	2026-10-10T16:38:13.8198897Z   HomeScreen.tsx        |     100 |     87.5 |     100 |     100 | 35                
Verify	Run Jest tests	2026-10-10T16:38:13.8200116Z  shared/config          |     100 |    97.95 |     100 |     100 |                   
Verify	Run Jest tests	2026-10-10T16:38:13.8201269Z   env.ts                |     100 |    97.95 |     100 |     100 | 128               
Verify	Run Jest tests	2026-10-10T16:38:13.8202381Z   featureFlags.ts       |     100 |      100 |     100 |     100 |                   
Verify	Run Jest tests	2026-10-10T16:38:13.8203508Z  shared/http            |   98.78 |    95.18 |     100 |   98.66 |                   
Verify	Run Jest tests	2026-10-10T16:38:13.8204539Z   api.ts                |     100 |      100 |     100 |     100 |                   
Verify	Run Jest tests	2026-10-10T16:38:13.8206011Z   apiError.ts           |   97.29 |    95.55 |     100 |   96.77 | 66                
Verify	Run Jest tests	2026-10-10T16:38:13.8207177Z   httpClient.ts         |     100 |    94.73 |     100 |     100 | 87                
Verify	Run Jest tests	2026-10-10T16:38:13.8208349Z  shared/i18n            |     100 |    83.33 |     100 |     100 |                   
Verify	Run Jest tests	2026-10-10T16:38:13.8209523Z   en.ts                 |     100 |      100 |     100 |     100 |                   
Verify	Run Jest tests	2026-10-10T16:38:13.8210637Z   index.ts              |     100 |    83.33 |     100 |     100 | 38                
Verify	Run Jest tests	2026-10-10T16:38:13.8211790Z  shared/integrations    |   95.83 |       75 |   96.55 |   95.23 |                   
Verify	Run Jest tests	2026-10-10T16:38:13.8212951Z   analytics.ts          |     100 |     87.5 |     100 |     100 | 25                
Verify	Run Jest tests	2026-10-10T16:38:13.8214086Z   errorReporter.ts      |   81.81 |       40 |   83.33 |   77.77 | 41,57             
Verify	Run Jest tests	2026-10-10T16:38:13.8215650Z   featureFlags.ts       |     100 |      100 |     100 |     100 |                   
Verify	Run Jest tests	2026-10-10T16:38:13.8216901Z   pushNotifications.ts  |     100 |      100 |     100 |     100 |                   
Verify	Run Jest tests	2026-10-10T16:38:13.8218126Z   seam.ts               |     100 |      100 |     100 |     100 |                   
Verify	Run Jest tests	2026-10-10T16:38:13.8219248Z   setup.ts              |     100 |      100 |     100 |     100 |                   
Verify	Run Jest tests	2026-10-10T16:38:13.8220275Z   updates.ts            |     100 |      100 |     100 |     100 |                   
Verify	Run Jest tests	2026-10-10T16:38:13.8221400Z   useScreenTracking.ts  |     100 |      100 |     100 |     100 |                   
Verify	Run Jest tests	2026-10-10T16:38:13.8222632Z  shared/lib             |   98.01 |    95.38 |   95.23 |   98.86 |                   
Verify	Run Jest tests	2026-10-10T16:38:13.8223788Z   logger.ts             |   96.87 |    96.15 |   91.66 |   98.18 | 84                
Verify	Run Jest tests	2026-10-10T16:38:13.8225170Z   useFetch.ts           |     100 |     92.3 |     100 |     100 | 83                
Verify	Run Jest tests	2026-10-10T16:38:13.8226364Z  shared/session         |   98.42 |    89.58 |   97.95 |   98.36 |                   
Verify	Run Jest tests	2026-10-10T16:38:13.8228230Z   SessionProvider.tsx   |   97.95 |    81.81 |     100 |   97.87 | 151               
Verify	Run Jest tests	2026-10-10T16:38:13.8229745Z   authService.ts        |   97.22 |    91.66 |   91.66 |   97.14 | 77                
Verify	Run Jest tests	2026-10-10T16:38:13.8230961Z   session.ts            |     100 |      100 |     100 |     100 |                   
Verify	Run Jest tests	2026-10-10T16:38:13.8232149Z   tokenStore.ts         |     100 |      100 |     100 |     100 |                   
Verify	Run Jest tests	2026-10-10T16:38:13.8233329Z  shared/storage         |      92 |       80 |     100 |      92 |                   
Verify	Run Jest tests	2026-10-10T16:38:13.8234536Z   secureStorage.ts      |      80 |       75 |     100 |      80 | 18,26             
Verify	Run Jest tests	2026-10-10T16:38:13.8236156Z   storage.ts            |     100 |      100 |     100 |     100 |                   
Verify	Run Jest tests	2026-10-10T16:38:13.8237575Z  shared/ui              |    97.5 |    83.33 |     100 |   97.36 |                   
Verify	Run Jest tests	2026-10-10T16:38:13.8238817Z   ConfigErrorScreen.tsx |     100 |      100 |     100 |     100 |                   
Verify	Run Jest tests	2026-10-10T16:38:13.8240116Z   ErrorBoundary.tsx     |   96.15 |       75 |     100 |   95.83 | 26                
Verify	Run Jest tests	2026-10-10T16:38:13.8241340Z   LoadingScreen.tsx     |     100 |      100 |     100 |     100 |                   
Verify	Run Jest tests	2026-10-10T16:38:13.8242557Z   theme.ts              |     100 |      100 |     100 |     100 |                   
Verify	Run Jest tests	2026-10-10T16:38:13.8243882Z ------------------------|---------|----------|---------|---------|-------------------
Verify	Run Jest tests	2026-10-10T16:38:13.8618411Z 
Verify	Run Jest tests	2026-10-10T16:38:13.8627795Z Test Suites: 23 passed, 23 total
Verify	Run Jest tests	2026-10-10T16:38:13.8629764Z Tests:       203 passed, 203 total
Verify	Run Jest tests	2026-10-10T16:38:13.8630484Z Snapshots:   0 total
Verify	Run Jest tests	2026-10-10T16:38:13.8631036Z Time:        29.721 s
Verify	Run Jest tests	2026-10-10T16:38:13.8631602Z Ran all test suites.
Verify	Expo Doctor	﻿2026-10-10T16:38:14.0425657Z ##[group]Run npx expo-doctor
Verify	Expo Doctor	2026-10-10T16:38:14.0426197Z ^[[36;1mnpx expo-doctor^[[0m
Verify	Expo Doctor	2026-10-10T16:38:14.0512577Z shell: /usr/bin/bash -e {0}
Verify	Expo Doctor	2026-10-10T16:38:14.0512867Z ##[endgroup]
Verify	Expo Doctor	2026-10-10T16:38:15.0220301Z npm warn exec The following package was not found and will be installed: expo-doctor@1.20.4
Verify	Expo Doctor	2026-10-10T16:38:15.9015887Z Running 21 checks on your project...
Verify	Expo Doctor	2026-10-10T16:38:22.9126538Z 21/21 checks passed. No issues detected!
Verify	Audit production dependencies (reviewed allowlist)	﻿2026-10-10T16:38:22.9537302Z ##[group]Run npm run audit:check
Verify	Audit production dependencies (reviewed allowlist)	2026-10-10T16:38:22.9537848Z ^[[36;1mnpm run audit:check^[[0m
Verify	Audit production dependencies (reviewed allowlist)	2026-10-10T16:38:22.9609009Z shell: /usr/bin/bash -e {0}
Verify	Audit production dependencies (reviewed allowlist)	2026-10-10T16:38:22.9609285Z ##[endgroup]
Verify	Audit production dependencies (reviewed allowlist)	2026-10-10T16:38:23.0872889Z 
Verify	Audit production dependencies (reviewed allowlist)	2026-10-10T16:38:23.0873797Z > site-notes@1.0.0 audit:check
Verify	Audit production dependencies (reviewed allowlist)	2026-10-10T16:38:23.0875395Z > node scripts/check-audit.js
Verify	Audit production dependencies (reviewed allowlist)	2026-10-10T16:38:23.0876105Z 
Verify	Audit production dependencies (reviewed allowlist)	2026-10-10T16:38:28.0086568Z high     braces GHSA-vfj7-8cjw-p6xm: allowlisted until 2027-01-09 (https://github.com/advisories/GHSA-vfj7-8cjw-p6xm)
Verify	Audit production dependencies (reviewed allowlist)	2026-10-10T16:38:28.0088390Z high     node-forge GHSA-86w9-cpqp-85rv: allowlisted until 2027-01-09 (https://github.com/advisories/GHSA-86w9-cpqp-85rv)
Verify	Audit production dependencies (reviewed allowlist)	2026-10-10T16:38:28.0095883Z moderate decode-uri-component GHSA-vcc3-ghjq-m6fr: reported (not gated)
Verify	Audit production dependencies (reviewed allowlist)	2026-10-10T16:38:28.0113438Z moderate sprintf-js GHSA-hp3w-g68c-fv3c: reported (not gated)
Verify	Audit production dependencies (reviewed allowlist)	2026-10-10T16:38:28.0123643Z moderate uuid GHSA-w5hq-g745-h8pq: reported (not gated)
Verify	Audit production dependencies (reviewed allowlist)	2026-10-10T16:38:28.0136080Z npm audit --omit=dev: 5 advisories (records: 0 critical, 45 high, 16 moderate, 0 low).
Verify	Audit production dependencies (reviewed allowlist)	2026-10-10T16:38:28.0137352Z No unreviewed high or critical advisories.
Verify	Export web build	﻿2026-10-10T16:38:28.0259683Z ##[group]Run npx expo export --platform web --output-dir dist
Verify	Export web build	2026-10-10T16:38:28.0260470Z ^[[36;1mnpx expo export --platform web --output-dir dist^[[0m
Verify	Export web build	2026-10-10T16:38:28.0350865Z shell: /usr/bin/bash -e {0}
Verify	Export web build	2026-10-10T16:38:28.0351332Z ##[endgroup]
Verify	Export web build	2026-10-10T16:38:29.2657499Z Starting Metro Bundler
Verify	Export web build	2026-10-10T16:38:29.2658195Z 
Verify	Export web build	2026-10-10T16:38:58.7475810Z Web Bundled 29149ms index.ts (1172 modules)
Verify	Export web build	2026-10-10T16:38:59.1798334Z 
Verify	Export web build	2026-10-10T16:38:59.1804241Z › Assets (19):
Verify	Export web build	2026-10-10T16:38:59.1875517Z node_modules/@expo/vector-icons/build/vendor/react-native-vector-icons/Fonts/MaterialCommunityIcons.6e435534bd35da5fef04168860a9b8fa.ttf (1.3MB)
Verify	Export web build	2026-10-10T16:38:59.1879706Z node_modules/expo-router/assets/arrow_down.017bc6ba3fc25503e5eb5e53826d48a8.png (9.5KB)
Verify	Export web build	2026-10-10T16:38:59.1890940Z node_modules/expo-router/assets/error.d1ea1496f9057eb392d5bbf3732a61b7.png (469B)
Verify	Export web build	2026-10-10T16:38:59.1892381Z node_modules/expo-router/assets/file.19eeb73b9593a38f8e9f418337fc7d10.png (138B)
Verify	Export web build	2026-10-10T16:38:59.1893817Z node_modules/expo-router/assets/forward.d8b800c443b8972542883e0b9de2bdc6.png (188B)
Verify	Export web build	2026-10-10T16:38:59.1895595Z node_modules/expo-router/assets/pkg.ab19f4cbc543357183a20571f68380a3.png (364B)
Verify	Export web build	2026-10-10T16:38:59.1897247Z node_modules/expo-router/assets/react-navigation/elements/back-icon-mask.0a328cd9c1afd0afe8e3b1ec5165b1b4.png (653B)
Verify	Export web build	2026-10-10T16:38:59.1898974Z node_modules/expo-router/assets/react-navigation/elements/back-icon.35ba0eaec5a4f5ed12ca16fabeae451d.png (207B)
Verify	Export web build	2026-10-10T16:38:59.1900841Z node_modules/expo-router/assets/react-navigation/elements/clear-icon.c94f6478e7ae0cdd9f15de1fcb9e5e55.png (4 variations | 425B)
Verify	Export web build	2026-10-10T16:38:59.1902866Z node_modules/expo-router/assets/react-navigation/elements/close-icon.808e1b1b9b53114ec2838071a7e6daa7.png (4 variations | 235B)
Verify	Export web build	2026-10-10T16:38:59.1904928Z node_modules/expo-router/assets/react-navigation/elements/search-icon.286d67d3f74808a60a78d3ebf1a5fb57.png (928B)
Verify	Export web build	2026-10-10T16:38:59.1906487Z node_modules/expo-router/assets/sitemap.412dd9275b6b48ad28f5e3d81bb1f626.png (465B)
Verify	Export web build	2026-10-10T16:38:59.1907863Z node_modules/expo-router/assets/unmatched.20e71bdf79e3a97bf55fd9e164041578.png (4.8KB)
Verify	Export web build	2026-10-10T16:38:59.1908620Z 
Verify	Export web build	2026-10-10T16:38:59.1909133Z › web bundles (1):
Verify	Export web build	2026-10-10T16:38:59.1935762Z _expo/static/js/web/index-4ffa15f2591de59c515d321d496de590.js (2.3MB)
Verify	Export web build	2026-10-10T16:38:59.1936905Z 
Verify	Export web build	2026-10-10T16:38:59.1937608Z › Files (3):
Verify	Export web build	2026-10-10T16:38:59.1938370Z favicon.ico (15KB)
Verify	Export web build	2026-10-10T16:38:59.1939055Z index.html (1.2KB)
Verify	Export web build	2026-10-10T16:38:59.1939741Z metadata.json (49B)
Verify	Export web build	2026-10-10T16:38:59.2037589Z 
Verify	Export web build	2026-10-10T16:38:59.2041174Z Exported: dist
Verify	Check docs (snippets compile, paths and scripts exist)	﻿2026-10-10T16:38:59.3027986Z ##[group]Run npm install --no-save zustand@5 @reduxjs/toolkit@2 react-redux@9 jotai@3 @tanstack/react-query@5
Verify	Check docs (snippets compile, paths and scripts exist)	2026-10-10T16:38:59.3029344Z ^[[36;1mnpm install --no-save zustand@5 @reduxjs/toolkit@2 react-redux@9 jotai@3 @tanstack/react-query@5^[[0m
Verify	Check docs (snippets compile, paths and scripts exist)	2026-10-10T16:38:59.3030237Z ^[[36;1mnpm run docs:check^[[0m
Verify	Check docs (snippets compile, paths and scripts exist)	2026-10-10T16:38:59.3122263Z shell: /usr/bin/bash -e {0}
Verify	Check docs (snippets compile, paths and scripts exist)	2026-10-10T16:38:59.3122723Z ##[endgroup]
Verify	Check docs (snippets compile, paths and scripts exist)	2026-10-10T16:39:04.2470406Z 
Verify	Check docs (snippets compile, paths and scripts exist)	2026-10-10T16:39:04.2471549Z added 14 packages, and audited 1082 packages in 5s
Verify	Check docs (snippets compile, paths and scripts exist)	2026-10-10T16:39:04.2472479Z 
Verify	Check docs (snippets compile, paths and scripts exist)	2026-10-10T16:39:04.2473038Z 183 packages are looking for funding
Verify	Check docs (snippets compile, paths and scripts exist)	2026-10-10T16:39:04.2473938Z   run `npm fund` for details
Verify	Check docs (snippets compile, paths and scripts exist)	2026-10-10T16:39:04.4552812Z 
Verify	Check docs (snippets compile, paths and scripts exist)	2026-10-10T16:39:04.4553860Z 65 vulnerabilities (16 moderate, 49 high)
Verify	Check docs (snippets compile, paths and scripts exist)	2026-10-10T16:39:04.4554898Z 
Verify	Check docs (snippets compile, paths and scripts exist)	2026-10-10T16:39:04.4555680Z To address all issues (including breaking changes), run:
Verify	Check docs (snippets compile, paths and scripts exist)	2026-10-10T16:39:04.4556645Z   npm audit fix --force
Verify	Check docs (snippets compile, paths and scripts exist)	2026-10-10T16:39:04.4557234Z 
Verify	Check docs (snippets compile, paths and scripts exist)	2026-10-10T16:39:04.4557673Z Run `npm audit` for details.
Verify	Check docs (snippets compile, paths and scripts exist)	2026-10-10T16:39:04.5866594Z 
Verify	Check docs (snippets compile, paths and scripts exist)	2026-10-10T16:39:04.5867438Z > site-notes@1.0.0 docs:check
Verify	Check docs (snippets compile, paths and scripts exist)	2026-10-10T16:39:04.5868407Z > node scripts/check-docs.js
Verify	Check docs (snippets compile, paths and scripts exist)	2026-10-10T16:39:04.5869054Z 
Verify	Check docs (snippets compile, paths and scripts exist)	2026-10-10T16:39:07.7516010Z Checked 17 files: 41 TypeScript snippets compiled with tsc.
Verify	Check docs (snippets compile, paths and scripts exist)	2026-10-10T16:39:07.7516681Z No problems.
Verify	Post Set up Node.js	﻿2026-10-10T16:39:07.7729090Z Post job cleanup.
Verify	Post Set up Node.js	2026-10-10T16:39:07.9001370Z (node:2624) [DEP0040] DeprecationWarning: The `punycode` module is deprecated. Please use a userland alternative instead.
Verify	Post Set up Node.js	2026-10-10T16:39:07.9003227Z (Use `node --trace-deprecation ...` to show where the warning was created)
Verify	Post Set up Node.js	2026-10-10T16:39:07.9386877Z [command]/usr/bin/tar --posix -cf cache.tzst --exclude cache.tzst -P -C /home/runner/work/rns-adopter-trial-2/rns-adopter-trial-2 --files-from manifest.txt --use-compress-program zstdmt
Verify	Post Set up Node.js	2026-10-10T16:39:08.8689321Z (node:2624) [DEP0169] DeprecationWarning: `url.parse()` behavior is not standardized and prone to errors that have security implications. Use the WHATWG URL API instead. CVEs are not issued for `url.parse()` vulnerabilities.
Verify	Post Set up Node.js	2026-10-10T16:39:09.8549160Z Sent 157750935 of 157750935 (100.0%), 150.4 MBs/sec
Verify	Post Set up Node.js	2026-10-10T16:39:10.0518739Z Cache saved with the key: node-cache-Linux-x64-npm-3bbef70011338b49508a6e09b94e0d6c65f085e94a6336b3c209171cd8315638
Verify	Post Check out repository	﻿2026-10-10T16:39:10.0683628Z Post job cleanup.
Verify	Post Check out repository	2026-10-10T16:39:10.1651840Z [command]/usr/bin/git version
Verify	Post Check out repository	2026-10-10T16:39:10.1735108Z git version 2.55.0
Verify	Post Check out repository	2026-10-10T16:39:10.1784392Z Temporarily overriding HOME='/home/runner/work/_temp/2f0a068d-e285-402d-80b5-188604119c20' before making global git config changes
Verify	Post Check out repository	2026-10-10T16:39:10.1796068Z Adding repository directory to the temporary git global config as a safe directory
Verify	Post Check out repository	2026-10-10T16:39:10.1797828Z [command]/usr/bin/git config --global --add safe.directory /home/runner/work/rns-adopter-trial-2/rns-adopter-trial-2
Verify	Post Check out repository	2026-10-10T16:39:10.1855914Z [command]/usr/bin/git config --local --name-only --get-regexp core\.sshCommand
Verify	Post Check out repository	2026-10-10T16:39:10.1909577Z [command]/usr/bin/git submodule foreach --recursive sh -c "git config --local --name-only --get-regexp 'core\.sshCommand' && git config --local --unset-all 'core.sshCommand' || :"
Verify	Post Check out repository	2026-10-10T16:39:10.2270414Z [command]/usr/bin/git config --local --name-only --get-regexp http\.https\:\/\/github\.com\/\.extraheader
Verify	Post Check out repository	2026-10-10T16:39:10.2306548Z http.https://github.com/.extraheader
Verify	Post Check out repository	2026-10-10T16:39:10.2343219Z [command]/usr/bin/git config --local --unset-all http.https://github.com/.extraheader
Verify	Post Check out repository	2026-10-10T16:39:10.2408843Z [command]/usr/bin/git submodule foreach --recursive sh -c "git config --local --name-only --get-regexp 'http\.https\:\/\/github\.com\/\.extraheader' && git config --local --unset-all 'http.https://github.com/.extraheader' || :"
Verify	Post Check out repository	2026-10-10T16:39:10.2876561Z [command]/usr/bin/git config --local --name-only --get-regexp ^includeIf\.gitdir:
Verify	Post Check out repository	2026-10-10T16:39:10.3016101Z [command]/usr/bin/git submodule foreach --recursive git config --local --show-origin --name-only --get-regexp remote.origin.url
Verify	Complete job	﻿2026-10-10T16:39:10.3698592Z Cleaning up orphan processes
Verify	Complete job	2026-10-10T16:39:10.3984110Z ##[warning]Node.js 20 is deprecated. The following actions target Node.js 20 but are being forced to run on Node.js 24: actions/checkout@v4, actions/setup-node@v4. For more information see: https://github.blog/changelog/2025-09-19-deprecation-of-node-20-on-github-actions-runners/
