Verify	Set up job	﻿2026-10-10T15:44:00.9637232Z Current runner version: '2.337.0'
Verify	Set up job	2026-10-10T15:44:00.9660068Z ##[group]Runner Image Provisioner
Verify	Set up job	2026-10-10T15:44:00.9660980Z Hosted Compute Agent
Verify	Set up job	2026-10-10T15:44:00.9661558Z Version: 20261002.596
Verify	Set up job	2026-10-10T15:44:00.9662078Z Commit: c3d12f3313a95f25162a1503be624f3b0617f8c0
Verify	Set up job	2026-10-10T15:44:00.9662730Z Build Date: 2026-10-02T22:28:27Z
Verify	Set up job	2026-10-10T15:44:00.9663369Z Worker ID: {b24f218a-2774-4a14-9fdd-98d7b9183814}
Verify	Set up job	2026-10-10T15:44:00.9663927Z Region: westus3
Verify	Set up job	2026-10-10T15:44:00.9664438Z Cloud: Azure
Verify	Set up job	2026-10-10T15:44:00.9664897Z ##[endgroup]
Verify	Set up job	2026-10-10T15:44:00.9666141Z ##[group]Operating System
Verify	Set up job	2026-10-10T15:44:00.9666699Z Ubuntu
Verify	Set up job	2026-10-10T15:44:00.9667145Z 24.04.5
Verify	Set up job	2026-10-10T15:44:00.9667612Z LTS
Verify	Set up job	2026-10-10T15:44:00.9668155Z ##[endgroup]
Verify	Set up job	2026-10-10T15:44:00.9668602Z ##[group]Runner Image
Verify	Set up job	2026-10-10T15:44:00.9669218Z Image: ubuntu-24.04
Verify	Set up job	2026-10-10T15:44:00.9669681Z Version: 20261004.327.1
Verify	Set up job	2026-10-10T15:44:00.9670984Z Included Software: https://github.com/actions/runner-images/blob/ubuntu24/20261004.327/images/ubuntu/Ubuntu2404-Readme.md
Verify	Set up job	2026-10-10T15:44:00.9672426Z Image Release: https://github.com/actions/runner-images/releases/tag/ubuntu24%2F20261004.327
Verify	Set up job	2026-10-10T15:44:00.9673243Z ##[endgroup]
Verify	Set up job	2026-10-10T15:44:00.9674102Z ##[group]GITHUB_TOKEN Permissions
Verify	Set up job	2026-10-10T15:44:00.9675885Z Contents: read
Verify	Set up job	2026-10-10T15:44:00.9676393Z Metadata: read
Verify	Set up job	2026-10-10T15:44:00.9676956Z ##[endgroup]
Verify	Set up job	2026-10-10T15:44:00.9678617Z Secret source: Actions
Verify	Set up job	2026-10-10T15:44:00.9679480Z Cache mode: write
Verify	Set up job	2026-10-10T15:44:00.9680200Z Prepare workflow directory
Verify	Set up job	2026-10-10T15:44:00.9940118Z Prepare all required actions
Verify	Set up job	2026-10-10T15:44:00.9979949Z Getting action download info
Verify	Set up job	2026-10-10T15:44:01.2856231Z Download action repository 'actions/checkout@v4' (SHA:11d5960a326750d5838078e36cf38b85af677262)
Verify	Set up job	2026-10-10T15:44:01.3876875Z Download action repository 'actions/setup-node@v4' (SHA:49933ea5288caeca8642d1e84afbd3f7d6820020)
Verify	Set up job	2026-10-10T15:44:01.5776619Z Complete job name: Verify
Verify	Check out repository	﻿2026-10-10T15:44:01.6406309Z ##[group]Run actions/checkout@v4
Verify	Check out repository	2026-10-10T15:44:01.6407072Z with:
Verify	Check out repository	2026-10-10T15:44:01.6407455Z   repository: koniz-dev/react-native-starter
Verify	Check out repository	2026-10-10T15:44:01.6410990Z   token: ***
Verify	Check out repository	2026-10-10T15:44:01.6411343Z   ssh-strict: true
Verify	Check out repository	2026-10-10T15:44:01.6411697Z   ssh-user: git
Verify	Check out repository	2026-10-10T15:44:01.6412054Z   persist-credentials: true
Verify	Check out repository	2026-10-10T15:44:01.6412442Z   clean: true
Verify	Check out repository	2026-10-10T15:44:01.6412797Z   sparse-checkout-cone-mode: true
Verify	Check out repository	2026-10-10T15:44:01.6413208Z   fetch-depth: 1
Verify	Check out repository	2026-10-10T15:44:01.6413549Z   fetch-tags: false
Verify	Check out repository	2026-10-10T15:44:01.6413895Z   show-progress: true
Verify	Check out repository	2026-10-10T15:44:01.6414244Z   lfs: false
Verify	Check out repository	2026-10-10T15:44:01.6414567Z   submodules: false
Verify	Check out repository	2026-10-10T15:44:01.6414921Z   set-safe-directory: true
Verify	Check out repository	2026-10-10T15:44:01.6415315Z   allow-unsafe-pr-checkout: false
Verify	Check out repository	2026-10-10T15:44:01.6415923Z ##[endgroup]
Verify	Check out repository	2026-10-10T15:44:01.7213864Z Syncing repository: koniz-dev/react-native-starter
Verify	Check out repository	2026-10-10T15:44:01.7215918Z ##[group]Getting Git version info
Verify	Check out repository	2026-10-10T15:44:01.7216951Z Working directory is '/home/runner/work/react-native-starter/react-native-starter'
Verify	Check out repository	2026-10-10T15:44:01.7218553Z [command]/usr/bin/git version
Verify	Check out repository	2026-10-10T15:44:01.8574901Z git version 2.55.0
Verify	Check out repository	2026-10-10T15:44:01.8592473Z ##[endgroup]
Verify	Check out repository	2026-10-10T15:44:01.8605862Z Temporarily overriding HOME='/home/runner/work/_temp/fa2be973-18f5-4921-974a-ba0770584b44' before making global git config changes
Verify	Check out repository	2026-10-10T15:44:01.8607912Z Adding repository directory to the temporary git global config as a safe directory
Verify	Check out repository	2026-10-10T15:44:01.8610354Z [command]/usr/bin/git config --global --add safe.directory /home/runner/work/react-native-starter/react-native-starter
Verify	Check out repository	2026-10-10T15:44:01.8654245Z Deleting the contents of '/home/runner/work/react-native-starter/react-native-starter'
Verify	Check out repository	2026-10-10T15:44:01.8657414Z ##[group]Initializing the repository
Verify	Check out repository	2026-10-10T15:44:01.8660517Z [command]/usr/bin/git init /home/runner/work/react-native-starter/react-native-starter
Verify	Check out repository	2026-10-10T15:44:01.8731795Z hint: Using 'master' as the name for the initial branch. This default branch name
Verify	Check out repository	2026-10-10T15:44:01.8733025Z hint: will change to "main" in Git 3.0. To configure the initial branch name
Verify	Check out repository	2026-10-10T15:44:01.8733800Z hint: to use in all of your new repositories, which will suppress this warning,
Verify	Check out repository	2026-10-10T15:44:01.8734411Z hint: call:
Verify	Check out repository	2026-10-10T15:44:01.8734747Z hint:
Verify	Check out repository	2026-10-10T15:44:01.8735152Z hint: 	git config --global init.defaultBranch <name>
Verify	Check out repository	2026-10-10T15:44:01.8735668Z hint:
Verify	Check out repository	2026-10-10T15:44:01.8736157Z hint: Names commonly chosen instead of 'master' are 'main', 'trunk' and
Verify	Check out repository	2026-10-10T15:44:01.8736903Z hint: 'development'. The just-created branch can be renamed via this command:
Verify	Check out repository	2026-10-10T15:44:01.8737493Z hint:
Verify	Check out repository	2026-10-10T15:44:01.8737826Z hint: 	git branch -m <name>
Verify	Check out repository	2026-10-10T15:44:01.8738201Z hint:
Verify	Check out repository	2026-10-10T15:44:01.8738689Z hint: Disable this message with "git config set advice.defaultBranchName false"
Verify	Check out repository	2026-10-10T15:44:01.8742062Z Initialized empty Git repository in /home/runner/work/react-native-starter/react-native-starter/.git/
Verify	Check out repository	2026-10-10T15:44:01.8750477Z [command]/usr/bin/git remote add origin https://github.com/koniz-dev/react-native-starter
Verify	Check out repository	2026-10-10T15:44:01.8791077Z ##[endgroup]
Verify	Check out repository	2026-10-10T15:44:01.8791742Z ##[group]Disabling automatic garbage collection
Verify	Check out repository	2026-10-10T15:44:01.8793771Z [command]/usr/bin/git config --local gc.auto 0
Verify	Check out repository	2026-10-10T15:44:01.8822230Z ##[endgroup]
Verify	Check out repository	2026-10-10T15:44:01.8822855Z ##[group]Setting up auth
Verify	Check out repository	2026-10-10T15:44:01.8826946Z [command]/usr/bin/git config --local --name-only --get-regexp core\.sshCommand
Verify	Check out repository	2026-10-10T15:44:01.8854682Z [command]/usr/bin/git submodule foreach --recursive sh -c "git config --local --name-only --get-regexp 'core\.sshCommand' && git config --local --unset-all 'core.sshCommand' || :"
Verify	Check out repository	2026-10-10T15:44:01.9144445Z [command]/usr/bin/git config --local --name-only --get-regexp http\.https\:\/\/github\.com\/\.extraheader
Verify	Check out repository	2026-10-10T15:44:01.9174134Z [command]/usr/bin/git submodule foreach --recursive sh -c "git config --local --name-only --get-regexp 'http\.https\:\/\/github\.com\/\.extraheader' && git config --local --unset-all 'http.https://github.com/.extraheader' || :"
Verify	Check out repository	2026-10-10T15:44:01.9364065Z [command]/usr/bin/git config --local --name-only --get-regexp ^includeIf\.gitdir:
Verify	Check out repository	2026-10-10T15:44:01.9399158Z [command]/usr/bin/git submodule foreach --recursive git config --local --show-origin --name-only --get-regexp remote.origin.url
Verify	Check out repository	2026-10-10T15:44:01.9598735Z [command]/usr/bin/git config --local http.https://github.com/.extraheader AUTHORIZATION: basic ***
Verify	Check out repository	2026-10-10T15:44:01.9634512Z ##[endgroup]
Verify	Check out repository	2026-10-10T15:44:01.9635518Z ##[group]Fetching the repository
Verify	Check out repository	2026-10-10T15:44:01.9643166Z [command]/usr/bin/git -c protocol.version=2 fetch --no-tags --prune --no-recurse-submodules --depth=1 origin +94defee77050751ed7c3ca049e749329894c8ab0:refs/remotes/origin/main
Verify	Check out repository	2026-10-10T15:44:03.0146801Z From https://github.com/koniz-dev/react-native-starter
Verify	Check out repository	2026-10-10T15:44:03.0148990Z  * [new ref]         94defee77050751ed7c3ca049e749329894c8ab0 -> origin/main
Verify	Check out repository	2026-10-10T15:44:03.0152238Z ##[endgroup]
Verify	Check out repository	2026-10-10T15:44:03.0153362Z ##[group]Determining the checkout info
Verify	Check out repository	2026-10-10T15:44:03.0154480Z ##[endgroup]
Verify	Check out repository	2026-10-10T15:44:03.0156942Z [command]/usr/bin/git sparse-checkout disable
Verify	Check out repository	2026-10-10T15:44:03.0888328Z [command]/usr/bin/git config --local --unset-all extensions.worktreeConfig
Verify	Check out repository	2026-10-10T15:44:03.0920069Z ##[group]Checking out the ref
Verify	Check out repository	2026-10-10T15:44:03.0923411Z [command]/usr/bin/git checkout --progress --force -B main refs/remotes/origin/main
Verify	Check out repository	2026-10-10T15:44:03.1053211Z Switched to a new branch 'main'
Verify	Check out repository	2026-10-10T15:44:03.1057447Z branch 'main' set up to track 'origin/main'.
Verify	Check out repository	2026-10-10T15:44:03.1062333Z ##[endgroup]
Verify	Check out repository	2026-10-10T15:44:03.1096081Z [command]/usr/bin/git log -1 --format=%H
Verify	Check out repository	2026-10-10T15:44:03.1118423Z 94defee77050751ed7c3ca049e749329894c8ab0
Verify	Set up Node.js	﻿2026-10-10T15:44:03.1438442Z ##[group]Run actions/setup-node@v4
Verify	Set up Node.js	2026-10-10T15:44:03.1439431Z with:
Verify	Set up Node.js	2026-10-10T15:44:03.1440188Z   node-version-file: .nvmrc
Verify	Set up Node.js	2026-10-10T15:44:03.1441205Z   cache: npm
Verify	Set up Node.js	2026-10-10T15:44:03.1441946Z   always-auth: false
Verify	Set up Node.js	2026-10-10T15:44:03.1442764Z   check-latest: false
Verify	Set up Node.js	2026-10-10T15:44:03.1450888Z   token: ***
Verify	Set up Node.js	2026-10-10T15:44:03.1451648Z ##[endgroup]
Verify	Set up Node.js	2026-10-10T15:44:03.2528949Z Resolved .nvmrc as 24
Verify	Set up Node.js	2026-10-10T15:44:03.3788820Z Found in cache @ /opt/hostedtoolcache/node/24.21.0/x64
Verify	Set up Node.js	2026-10-10T15:44:03.3793486Z (node:2080) [DEP0040] DeprecationWarning: The `punycode` module is deprecated. Please use a userland alternative instead.
Verify	Set up Node.js	2026-10-10T15:44:03.3795862Z (Use `node --trace-deprecation ...` to show where the warning was created)
Verify	Set up Node.js	2026-10-10T15:44:03.3797770Z ##[group]Environment details
Verify	Set up Node.js	2026-10-10T15:44:05.0522960Z node: v24.21.0
Verify	Set up Node.js	2026-10-10T15:44:05.0523774Z npm: 11.19.0
Verify	Set up Node.js	2026-10-10T15:44:05.0524792Z yarn: 1.22.22
Verify	Set up Node.js	2026-10-10T15:44:05.0525557Z ##[endgroup]
Verify	Set up Node.js	2026-10-10T15:44:05.0562985Z [command]/opt/hostedtoolcache/node/24.21.0/x64/bin/npm config get cache
Verify	Set up Node.js	2026-10-10T15:44:05.1386987Z /home/runner/.npm
Verify	Set up Node.js	2026-10-10T15:44:05.3491218Z Cache hit for: node-cache-Linux-x64-npm-10f9dc59c99c82563481e37a50745bae137261a45ffc8c4ba105eb544b91396b
Verify	Set up Node.js	2026-10-10T15:44:05.3573261Z (node:2080) [DEP0169] DeprecationWarning: `url.parse()` behavior is not standardized and prone to errors that have security implications. Use the WHATWG URL API instead. CVEs are not issued for `url.parse()` vulnerabilities.
Verify	Set up Node.js	2026-10-10T15:44:06.5741044Z Received 29360128 of 156509062 (18.8%), 28.0 MBs/sec
Verify	Set up Node.js	2026-10-10T15:44:07.3752297Z Received 156509062 of 156509062 (100.0%), 83.0 MBs/sec
Verify	Set up Node.js	2026-10-10T15:44:07.3761171Z Cache Size: ~149 MB (156509062 B)
Verify	Set up Node.js	2026-10-10T15:44:07.3814140Z [command]/usr/bin/tar -xf /home/runner/work/_temp/67f4e928-0e43-4d7b-97f7-35f221619b27/cache.tzst -P -C /home/runner/work/react-native-starter/react-native-starter --use-compress-program unzstd
Verify	Set up Node.js	2026-10-10T15:44:07.7650554Z Cache restored successfully
Verify	Set up Node.js	2026-10-10T15:44:07.7718405Z Cache restored from key: node-cache-Linux-x64-npm-10f9dc59c99c82563481e37a50745bae137261a45ffc8c4ba105eb544b91396b
Verify	Install dependencies	﻿2026-10-10T15:44:07.8140553Z ##[group]Run npm ci
Verify	Install dependencies	2026-10-10T15:44:07.8140985Z ^[[36;1mnpm ci^[[0m
Verify	Install dependencies	2026-10-10T15:44:07.8878194Z shell: /usr/bin/bash -e {0}
Verify	Install dependencies	2026-10-10T15:44:07.8878490Z ##[endgroup]
Verify	Install dependencies	2026-10-10T15:44:12.5068364Z npm warn deprecated inflight@1.0.6: This module is not supported, and leaks memory. Do not use it. Check out lru-cache if you want a good and tested way to coalesce async requests by a key value, which is much more comprehensive and powerful.
Verify	Install dependencies	2026-10-10T15:44:12.6791162Z npm warn deprecated abab@2.0.6: Use your platform's native atob() and btoa() methods instead
Verify	Install dependencies	2026-10-10T15:44:12.7007518Z npm warn deprecated glob@7.2.3: Glob versions prior to v9 are no longer supported
Verify	Install dependencies	2026-10-10T15:44:12.7014898Z npm warn deprecated glob@7.2.3: Glob versions prior to v9 are no longer supported
Verify	Install dependencies	2026-10-10T15:44:12.7018711Z npm warn deprecated glob@7.2.3: Glob versions prior to v9 are no longer supported
Verify	Install dependencies	2026-10-10T15:44:12.7026604Z npm warn deprecated glob@7.2.3: Glob versions prior to v9 are no longer supported
Verify	Install dependencies	2026-10-10T15:44:12.9247809Z npm warn deprecated domexception@4.0.0: Use your platform's native DOMException instead
Verify	Install dependencies	2026-10-10T15:44:13.7185155Z npm warn deprecated uuid@7.0.3: uuid@10 and below is no longer supported.  For ESM codebases, update to uuid@latest.  For CommonJS codebases, use uuid@11 (but be aware this version will likely be deprecated in 2028).
Verify	Install dependencies	2026-10-10T15:44:24.5437489Z 
Verify	Install dependencies	2026-10-10T15:44:24.5438349Z added 1067 packages, and audited 1068 packages in 17s
Verify	Install dependencies	2026-10-10T15:44:24.5438734Z 
Verify	Install dependencies	2026-10-10T15:44:24.5438968Z 180 packages are looking for funding
Verify	Install dependencies	2026-10-10T15:44:24.5439488Z   run `npm fund` for details
Verify	Install dependencies	2026-10-10T15:44:24.6753487Z 
Verify	Install dependencies	2026-10-10T15:44:24.6754185Z 65 vulnerabilities (16 moderate, 49 high)
Verify	Install dependencies	2026-10-10T15:44:24.6754406Z 
Verify	Install dependencies	2026-10-10T15:44:24.6754604Z To address all issues (including breaking changes), run:
Verify	Install dependencies	2026-10-10T15:44:24.6754898Z   npm audit fix --force
Verify	Install dependencies	2026-10-10T15:44:24.6755025Z 
Verify	Install dependencies	2026-10-10T15:44:24.6755127Z Run `npm audit` for details.
Verify	Lint	﻿2026-10-10T15:44:24.7662618Z ##[group]Run npm run lint
Verify	Lint	2026-10-10T15:44:24.7662886Z ^[[36;1mnpm run lint^[[0m
Verify	Lint	2026-10-10T15:44:24.7723094Z shell: /usr/bin/bash -e {0}
Verify	Lint	2026-10-10T15:44:24.7723530Z ##[endgroup]
Verify	Lint	2026-10-10T15:44:24.8523784Z 
Verify	Lint	2026-10-10T15:44:24.8524508Z > react-native-starter@1.0.0 lint
Verify	Lint	2026-10-10T15:44:24.8524949Z > eslint . --max-warnings 0
Verify	Lint	2026-10-10T15:44:24.8525098Z 
Verify	Check formatting	﻿2026-10-10T15:44:30.3848159Z ##[group]Run npm run format:check
Verify	Check formatting	2026-10-10T15:44:30.3848443Z ^[[36;1mnpm run format:check^[[0m
Verify	Check formatting	2026-10-10T15:44:30.3904291Z shell: /usr/bin/bash -e {0}
Verify	Check formatting	2026-10-10T15:44:30.3904524Z ##[endgroup]
Verify	Check formatting	2026-10-10T15:44:30.4693859Z 
Verify	Check formatting	2026-10-10T15:44:30.4694419Z > react-native-starter@1.0.0 format:check
Verify	Check formatting	2026-10-10T15:44:30.4694989Z > prettier --check "**/*.{ts,tsx,js,jsx,json,md}"
Verify	Check formatting	2026-10-10T15:44:30.4695269Z 
Verify	Check formatting	2026-10-10T15:44:30.5394991Z Checking formatting...
Verify	Check formatting	2026-10-10T15:44:31.8594133Z All matched files use Prettier code style!
Verify	Type-check	﻿2026-10-10T15:44:31.8883611Z ##[group]Run npm run type-check
Verify	Type-check	2026-10-10T15:44:31.8883887Z ^[[36;1mnpm run type-check^[[0m
Verify	Type-check	2026-10-10T15:44:31.8940931Z shell: /usr/bin/bash -e {0}
Verify	Type-check	2026-10-10T15:44:31.8941165Z ##[endgroup]
Verify	Type-check	2026-10-10T15:44:31.9767882Z 
Verify	Type-check	2026-10-10T15:44:31.9768571Z > react-native-starter@1.0.0 type-check
Verify	Type-check	2026-10-10T15:44:31.9768903Z > tsc --noEmit
Verify	Type-check	2026-10-10T15:44:31.9769019Z 
Verify	Run Jest tests	﻿2026-10-10T15:44:34.2423592Z ##[group]Run npm run test:ci
Verify	Run Jest tests	2026-10-10T15:44:34.2423875Z ^[[36;1mnpm run test:ci^[[0m
Verify	Run Jest tests	2026-10-10T15:44:34.2478986Z shell: /usr/bin/bash -e {0}
Verify	Run Jest tests	2026-10-10T15:44:34.2479222Z ##[endgroup]
Verify	Run Jest tests	2026-10-10T15:44:34.3273229Z 
Verify	Run Jest tests	2026-10-10T15:44:34.3273776Z > react-native-starter@1.0.0 test:ci
Verify	Run Jest tests	2026-10-10T15:44:34.3274160Z > jest --coverage
Verify	Run Jest tests	2026-10-10T15:44:34.3274285Z 
Verify	Run Jest tests	2026-10-10T15:44:38.4562066Z PASS __tests__/shared/lib/logger.test.ts
Verify	Run Jest tests	2026-10-10T15:44:44.9999474Z PASS __tests__/scripts/initProject.test.ts (9.851 s)
Verify	Run Jest tests	2026-10-10T15:44:45.3507027Z PASS __tests__/shared/session/authService.test.ts
Verify	Run Jest tests	2026-10-10T15:44:51.7472281Z PASS __tests__/shared/session/realBackendAdapter.test.ts (13.27 s)
Verify	Run Jest tests	2026-10-10T15:44:51.7841098Z   ● Console
Verify	Run Jest tests	2026-10-10T15:44:51.7841555Z 
Verify	Run Jest tests	2026-10-10T15:44:51.7841899Z     console.warn
Verify	Run Jest tests	2026-10-10T15:44:51.7842465Z       API POST /sessions failed: client (422)
Verify	Run Jest tests	2026-10-10T15:44:51.7842971Z 
Verify	Run Jest tests	2026-10-10T15:44:51.7844053Z     ^[[0m ^[[90m 129 |^[[39m     ^[[36mconst^[[39m args ^[[33m=^[[39m [message^[[33m,^[[39m ^[[33m...^[[39mdetails^[[33m.^[[39mfilter(item ^[[33m=>^[[39m item ^[[33m!==^[[39m undefined)]^[[33m;^[[39m
Verify	Run Jest tests	2026-10-10T15:44:51.7845564Z      ^[[90m 130 |^[[39m     ^[[36mif^[[39m (level ^[[33m===^[[39m ^[[32m'error'^[[39m) console^[[33m.^[[39merror(^[[33m...^[[39margs)^[[33m;^[[39m
Verify	Run Jest tests	2026-10-10T15:44:51.7846952Z     ^[[31m^[[1m>^[[22m^[[39m^[[90m 131 |^[[39m     ^[[36melse^[[39m ^[[36mif^[[39m (level ^[[33m===^[[39m ^[[32m'warn'^[[39m) console^[[33m.^[[39mwarn(^[[33m...^[[39margs)^[[33m;^[[39m
Verify	Run Jest tests	2026-10-10T15:44:51.7848148Z      ^[[90m     |^[[39m                                        ^[[31m^[[1m^^[[22m^[[39m
Verify	Run Jest tests	2026-10-10T15:44:51.7849260Z      ^[[90m 132 |^[[39m     ^[[36melse^[[39m ^[[36mif^[[39m (level ^[[33m===^[[39m ^[[32m'info'^[[39m) console^[[33m.^[[39minfo(^[[33m...^[[39margs)^[[33m;^[[39m
Verify	Run Jest tests	2026-10-10T15:44:51.7850380Z      ^[[90m 133 |^[[39m     ^[[36melse^[[39m console^[[33m.^[[39mdebug(^[[33m...^[[39margs)^[[33m;^[[39m
Verify	Run Jest tests	2026-10-10T15:44:51.7851359Z      ^[[90m 134 |^[[39m   }^[[33m;^[[39m^[[0m
Verify	Run Jest tests	2026-10-10T15:44:51.7851738Z 
Verify	Run Jest tests	2026-10-10T15:44:51.7852054Z       at warn (shared/lib/logger.ts:131:40)
Verify	Run Jest tests	2026-10-10T15:44:51.7852704Z       at Object.write [as warn] (shared/lib/logger.ts:142:33)
Verify	Run Jest tests	2026-10-10T15:44:51.7853340Z       at warn (shared/http/httpClient.ts:137:12)
Verify	Run Jest tests	2026-10-10T15:44:51.7854155Z       at asyncGeneratorStep (node_modules/@babel/runtime/helpers/asyncToGenerator.js:3:17)
Verify	Run Jest tests	2026-10-10T15:44:51.7855060Z       at _next (node_modules/@babel/runtime/helpers/asyncToGenerator.js:17:9)
Verify	Run Jest tests	2026-10-10T15:44:51.7859002Z       at node_modules/@babel/runtime/helpers/asyncToGenerator.js:22:7
Verify	Run Jest tests	2026-10-10T15:44:51.7860027Z       at node_modules/@babel/runtime/helpers/asyncToGenerator.js:14:12
Verify	Run Jest tests	2026-10-10T15:44:51.7860883Z       at apply (shared/http/httpClient.ts:143:4)
Verify	Run Jest tests	2026-10-10T15:44:51.7861626Z       at Axios.request (node_modules/axios/dist/browser/axios.cjs:5245:14)
Verify	Run Jest tests	2026-10-10T15:44:51.7862124Z 
Verify	Run Jest tests	2026-10-10T15:44:51.7862374Z     console.warn
Verify	Run Jest tests	2026-10-10T15:44:51.7863355Z       API POST /sessions/refresh failed: unauthorized (401)
Verify	Run Jest tests	2026-10-10T15:44:51.7863787Z 
Verify	Run Jest tests	2026-10-10T15:44:51.7864855Z     ^[[0m ^[[90m 129 |^[[39m     ^[[36mconst^[[39m args ^[[33m=^[[39m [message^[[33m,^[[39m ^[[33m...^[[39mdetails^[[33m.^[[39mfilter(item ^[[33m=>^[[39m item ^[[33m!==^[[39m undefined)]^[[33m;^[[39m
Verify	Run Jest tests	2026-10-10T15:44:51.7866298Z      ^[[90m 130 |^[[39m     ^[[36mif^[[39m (level ^[[33m===^[[39m ^[[32m'error'^[[39m) console^[[33m.^[[39merror(^[[33m...^[[39margs)^[[33m;^[[39m
Verify	Run Jest tests	2026-10-10T15:44:51.7867688Z     ^[[31m^[[1m>^[[22m^[[39m^[[90m 131 |^[[39m     ^[[36melse^[[39m ^[[36mif^[[39m (level ^[[33m===^[[39m ^[[32m'warn'^[[39m) console^[[33m.^[[39mwarn(^[[33m...^[[39margs)^[[33m;^[[39m
Verify	Run Jest tests	2026-10-10T15:44:51.7868731Z      ^[[90m     |^[[39m                                        ^[[31m^[[1m^^[[22m^[[39m
Verify	Run Jest tests	2026-10-10T15:44:51.7869753Z      ^[[90m 132 |^[[39m     ^[[36melse^[[39m ^[[36mif^[[39m (level ^[[33m===^[[39m ^[[32m'info'^[[39m) console^[[33m.^[[39minfo(^[[33m...^[[39margs)^[[33m;^[[39m
Verify	Run Jest tests	2026-10-10T15:44:51.7894504Z      ^[[90m 133 |^[[39m     ^[[36melse^[[39m console^[[33m.^[[39mdebug(^[[33m...^[[39margs)^[[33m;^[[39m
Verify	Run Jest tests	2026-10-10T15:44:51.7931819Z      ^[[90m 134 |^[[39m   }^[[33m;^[[39m^[[0m
Verify	Run Jest tests	2026-10-10T15:44:51.7932520Z 
Verify	Run Jest tests	2026-10-10T15:44:51.7991683Z       at warn (shared/lib/logger.ts:131:40)
Verify	Run Jest tests	2026-10-10T15:44:51.8021573Z       at Object.write [as warn] (shared/lib/logger.ts:142:33)
Verify	Run Jest tests	2026-10-10T15:44:51.8061904Z       at warn (shared/http/httpClient.ts:137:12)
Verify	Run Jest tests	2026-10-10T15:44:51.8062949Z       at asyncGeneratorStep (node_modules/@babel/runtime/helpers/asyncToGenerator.js:3:17)
Verify	Run Jest tests	2026-10-10T15:44:51.8066325Z       at _next (node_modules/@babel/runtime/helpers/asyncToGenerator.js:17:9)
Verify	Run Jest tests	2026-10-10T15:44:51.8067562Z       at node_modules/@babel/runtime/helpers/asyncToGenerator.js:22:7
Verify	Run Jest tests	2026-10-10T15:44:51.8069095Z       at node_modules/@babel/runtime/helpers/asyncToGenerator.js:14:12
Verify	Run Jest tests	2026-10-10T15:44:51.8069778Z       at apply (shared/http/httpClient.ts:143:4)
Verify	Run Jest tests	2026-10-10T15:44:51.8070522Z       at Axios.request (node_modules/axios/dist/browser/axios.cjs:5245:14)
Verify	Run Jest tests	2026-10-10T15:44:51.8071284Z 
Verify	Run Jest tests	2026-10-10T15:44:51.8071581Z     console.warn
Verify	Run Jest tests	2026-10-10T15:44:51.8072091Z       API GET /me failed: unauthorized (401)
Verify	Run Jest tests	2026-10-10T15:44:51.8072561Z 
Verify	Run Jest tests	2026-10-10T15:44:51.8073804Z     ^[[0m ^[[90m 129 |^[[39m     ^[[36mconst^[[39m args ^[[33m=^[[39m [message^[[33m,^[[39m ^[[33m...^[[39mdetails^[[33m.^[[39mfilter(item ^[[33m=>^[[39m item ^[[33m!==^[[39m undefined)]^[[33m;^[[39m
Verify	Run Jest tests	2026-10-10T15:44:51.8075363Z      ^[[90m 130 |^[[39m     ^[[36mif^[[39m (level ^[[33m===^[[39m ^[[32m'error'^[[39m) console^[[33m.^[[39merror(^[[33m...^[[39margs)^[[33m;^[[39m
Verify	Run Jest tests	2026-10-10T15:44:51.8076873Z     ^[[31m^[[1m>^[[22m^[[39m^[[90m 131 |^[[39m     ^[[36melse^[[39m ^[[36mif^[[39m (level ^[[33m===^[[39m ^[[32m'warn'^[[39m) console^[[33m.^[[39mwarn(^[[33m...^[[39margs)^[[33m;^[[39m
Verify	Run Jest tests	2026-10-10T15:44:51.8078063Z      ^[[90m     |^[[39m                                        ^[[31m^[[1m^^[[22m^[[39m
Verify	Run Jest tests	2026-10-10T15:44:51.8079277Z      ^[[90m 132 |^[[39m     ^[[36melse^[[39m ^[[36mif^[[39m (level ^[[33m===^[[39m ^[[32m'info'^[[39m) console^[[33m.^[[39minfo(^[[33m...^[[39margs)^[[33m;^[[39m
Verify	Run Jest tests	2026-10-10T15:44:51.8080578Z      ^[[90m 133 |^[[39m     ^[[36melse^[[39m console^[[33m.^[[39mdebug(^[[33m...^[[39margs)^[[33m;^[[39m
Verify	Run Jest tests	2026-10-10T15:44:51.8081487Z      ^[[90m 134 |^[[39m   }^[[33m;^[[39m^[[0m
Verify	Run Jest tests	2026-10-10T15:44:51.8087192Z 
Verify	Run Jest tests	2026-10-10T15:44:51.8087560Z       at warn (shared/lib/logger.ts:131:40)
Verify	Run Jest tests	2026-10-10T15:44:51.8120497Z       at Object.write [as warn] (shared/lib/logger.ts:142:33)
Verify	Run Jest tests	2026-10-10T15:44:51.8121493Z       at warn (shared/http/httpClient.ts:137:12)
Verify	Run Jest tests	2026-10-10T15:44:51.8122304Z       at asyncGeneratorStep (node_modules/@babel/runtime/helpers/asyncToGenerator.js:3:17)
Verify	Run Jest tests	2026-10-10T15:44:51.8123095Z       at _next (node_modules/@babel/runtime/helpers/asyncToGenerator.js:17:9)
Verify	Run Jest tests	2026-10-10T15:44:51.8123571Z 
Verify	Run Jest tests	2026-10-10T15:44:51.8123795Z     console.warn
Verify	Run Jest tests	2026-10-10T15:44:51.8124207Z       API DELETE /sessions failed: network
Verify	Run Jest tests	2026-10-10T15:44:51.8124551Z 
Verify	Run Jest tests	2026-10-10T15:44:51.8125543Z     ^[[0m ^[[90m 129 |^[[39m     ^[[36mconst^[[39m args ^[[33m=^[[39m [message^[[33m,^[[39m ^[[33m...^[[39mdetails^[[33m.^[[39mfilter(item ^[[33m=>^[[39m item ^[[33m!==^[[39m undefined)]^[[33m;^[[39m
Verify	Run Jest tests	2026-10-10T15:44:51.8128096Z      ^[[90m 130 |^[[39m     ^[[36mif^[[39m (level ^[[33m===^[[39m ^[[32m'error'^[[39m) console^[[33m.^[[39merror(^[[33m...^[[39margs)^[[33m;^[[39m
Verify	Run Jest tests	2026-10-10T15:44:51.8129724Z     ^[[31m^[[1m>^[[22m^[[39m^[[90m 131 |^[[39m     ^[[36melse^[[39m ^[[36mif^[[39m (level ^[[33m===^[[39m ^[[32m'warn'^[[39m) console^[[33m.^[[39mwarn(^[[33m...^[[39margs)^[[33m;^[[39m
Verify	Run Jest tests	2026-10-10T15:44:51.8150181Z      ^[[90m     |^[[39m                                        ^[[31m^[[1m^^[[22m^[[39m
Verify	Run Jest tests	2026-10-10T15:44:51.8151561Z      ^[[90m 132 |^[[39m     ^[[36melse^[[39m ^[[36mif^[[39m (level ^[[33m===^[[39m ^[[32m'info'^[[39m) console^[[33m.^[[39minfo(^[[33m...^[[39margs)^[[33m;^[[39m
Verify	Run Jest tests	2026-10-10T15:44:51.8152741Z      ^[[90m 133 |^[[39m     ^[[36melse^[[39m console^[[33m.^[[39mdebug(^[[33m...^[[39margs)^[[33m;^[[39m
Verify	Run Jest tests	2026-10-10T15:44:51.8153503Z      ^[[90m 134 |^[[39m   }^[[33m;^[[39m^[[0m
Verify	Run Jest tests	2026-10-10T15:44:51.8153890Z 
Verify	Run Jest tests	2026-10-10T15:44:51.8154243Z       at warn (shared/lib/logger.ts:131:40)
Verify	Run Jest tests	2026-10-10T15:44:51.8154927Z       at Object.write [as warn] (shared/lib/logger.ts:142:33)
Verify	Run Jest tests	2026-10-10T15:44:51.8155582Z       at warn (shared/http/httpClient.ts:137:12)
Verify	Run Jest tests	2026-10-10T15:44:51.8156724Z       at asyncGeneratorStep (node_modules/@babel/runtime/helpers/asyncToGenerator.js:3:17)
Verify	Run Jest tests	2026-10-10T15:44:51.8157692Z       at _next (node_modules/@babel/runtime/helpers/asyncToGenerator.js:17:9)
Verify	Run Jest tests	2026-10-10T15:44:51.8158662Z       at node_modules/@babel/runtime/helpers/asyncToGenerator.js:22:7
Verify	Run Jest tests	2026-10-10T15:44:51.8159468Z       at node_modules/@babel/runtime/helpers/asyncToGenerator.js:14:12
Verify	Run Jest tests	2026-10-10T15:44:51.8160206Z       at apply (shared/http/httpClient.ts:143:4)
Verify	Run Jest tests	2026-10-10T15:44:51.8161081Z       at Axios.request (node_modules/axios/dist/browser/axios.cjs:5245:14)
Verify	Run Jest tests	2026-10-10T15:44:51.8161616Z 
Verify	Run Jest tests	2026-10-10T15:44:51.8161868Z     console.warn
Verify	Run Jest tests	2026-10-10T15:44:51.8162604Z       Signing out on the auth backend failed { error: 'Network error: check your connection' }
Verify	Run Jest tests	2026-10-10T15:44:51.8163228Z 
Verify	Run Jest tests	2026-10-10T15:44:51.8164272Z     ^[[0m ^[[90m 129 |^[[39m     ^[[36mconst^[[39m args ^[[33m=^[[39m [message^[[33m,^[[39m ^[[33m...^[[39mdetails^[[33m.^[[39mfilter(item ^[[33m=>^[[39m item ^[[33m!==^[[39m undefined)]^[[33m;^[[39m
Verify	Run Jest tests	2026-10-10T15:44:51.8165755Z      ^[[90m 130 |^[[39m     ^[[36mif^[[39m (level ^[[33m===^[[39m ^[[32m'error'^[[39m) console^[[33m.^[[39merror(^[[33m...^[[39margs)^[[33m;^[[39m
Verify	Run Jest tests	2026-10-10T15:44:51.8167183Z     ^[[31m^[[1m>^[[22m^[[39m^[[90m 131 |^[[39m     ^[[36melse^[[39m ^[[36mif^[[39m (level ^[[33m===^[[39m ^[[32m'warn'^[[39m) console^[[33m.^[[39mwarn(^[[33m...^[[39margs)^[[33m;^[[39m
Verify	Run Jest tests	2026-10-10T15:44:51.8168290Z      ^[[90m     |^[[39m                                        ^[[31m^[[1m^^[[22m^[[39m
Verify	Run Jest tests	2026-10-10T15:44:51.8169326Z      ^[[90m 132 |^[[39m     ^[[36melse^[[39m ^[[36mif^[[39m (level ^[[33m===^[[39m ^[[32m'info'^[[39m) console^[[33m.^[[39minfo(^[[33m...^[[39margs)^[[33m;^[[39m
Verify	Run Jest tests	2026-10-10T15:44:51.8170507Z      ^[[90m 133 |^[[39m     ^[[36melse^[[39m console^[[33m.^[[39mdebug(^[[33m...^[[39margs)^[[33m;^[[39m
Verify	Run Jest tests	2026-10-10T15:44:51.8171377Z      ^[[90m 134 |^[[39m   }^[[33m;^[[39m^[[0m
Verify	Run Jest tests	2026-10-10T15:44:51.8171762Z 
Verify	Run Jest tests	2026-10-10T15:44:51.8172054Z       at warn (shared/lib/logger.ts:131:40)
Verify	Run Jest tests	2026-10-10T15:44:51.8172711Z       at Object.write [as warn] (shared/lib/logger.ts:142:33)
Verify	Run Jest tests	2026-10-10T15:44:51.8173410Z       at Object.warn (shared/session/authService.ts:148:14)
Verify	Run Jest tests	2026-10-10T15:44:51.8174053Z           at Generator.throw (<anonymous>)
Verify	Run Jest tests	2026-10-10T15:44:51.8174846Z       at asyncGeneratorStep (node_modules/@babel/runtime/helpers/asyncToGenerator.js:3:17)
Verify	Run Jest tests	2026-10-10T15:44:51.8175790Z       at _throw (node_modules/@babel/runtime/helpers/asyncToGenerator.js:20:9)
Verify	Run Jest tests	2026-10-10T15:44:51.8176327Z 
Verify	Run Jest tests	2026-10-10T15:44:51.8531616Z PASS __tests__/shared/http/httpClient.test.ts (16.329 s)
Verify	Run Jest tests	2026-10-10T15:44:51.9771497Z PASS __tests__/shared/config/env.test.ts
Verify	Run Jest tests	2026-10-10T15:44:52.1721802Z PASS __tests__/shared/http/api.test.ts
Verify	Run Jest tests	2026-10-10T15:44:52.1761849Z   ● Console
Verify	Run Jest tests	2026-10-10T15:44:52.1766044Z 
Verify	Run Jest tests	2026-10-10T15:44:52.1766429Z     console.warn
Verify	Run Jest tests	2026-10-10T15:44:52.1766970Z       API request failed: server (503)
Verify	Run Jest tests	2026-10-10T15:44:52.1767749Z 
Verify	Run Jest tests	2026-10-10T15:44:52.1768945Z     ^[[0m ^[[90m 129 |^[[39m     ^[[36mconst^[[39m args ^[[33m=^[[39m [message^[[33m,^[[39m ^[[33m...^[[39mdetails^[[33m.^[[39mfilter(item ^[[33m=>^[[39m item ^[[33m!==^[[39m undefined)]^[[33m;^[[39m
Verify	Run Jest tests	2026-10-10T15:44:52.1770403Z      ^[[90m 130 |^[[39m     ^[[36mif^[[39m (level ^[[33m===^[[39m ^[[32m'error'^[[39m) console^[[33m.^[[39merror(^[[33m...^[[39margs)^[[33m;^[[39m
Verify	Run Jest tests	2026-10-10T15:44:52.1771988Z     ^[[31m^[[1m>^[[22m^[[39m^[[90m 131 |^[[39m     ^[[36melse^[[39m ^[[36mif^[[39m (level ^[[33m===^[[39m ^[[32m'warn'^[[39m) console^[[33m.^[[39mwarn(^[[33m...^[[39margs)^[[33m;^[[39m
Verify	Run Jest tests	2026-10-10T15:44:52.1773046Z      ^[[90m     |^[[39m                                        ^[[31m^[[1m^^[[22m^[[39m
Verify	Run Jest tests	2026-10-10T15:44:52.1774117Z      ^[[90m 132 |^[[39m     ^[[36melse^[[39m ^[[36mif^[[39m (level ^[[33m===^[[39m ^[[32m'info'^[[39m) console^[[33m.^[[39minfo(^[[33m...^[[39margs)^[[33m;^[[39m
Verify	Run Jest tests	2026-10-10T15:44:52.1775174Z      ^[[90m 133 |^[[39m     ^[[36melse^[[39m console^[[33m.^[[39mdebug(^[[33m...^[[39margs)^[[33m;^[[39m
Verify	Run Jest tests	2026-10-10T15:44:52.1800294Z      ^[[90m 134 |^[[39m   }^[[33m;^[[39m^[[0m
Verify	Run Jest tests	2026-10-10T15:44:52.1800929Z 
Verify	Run Jest tests	2026-10-10T15:44:52.1801200Z       at warn (shared/lib/logger.ts:131:40)
Verify	Run Jest tests	2026-10-10T15:44:52.1801717Z       at Object.write [as warn] (shared/lib/logger.ts:142:33)
Verify	Run Jest tests	2026-10-10T15:44:52.1802520Z       at warn (shared/http/httpClient.ts:137:12)
Verify	Run Jest tests	2026-10-10T15:44:52.1803179Z       at asyncGeneratorStep (node_modules/@babel/runtime/helpers/asyncToGenerator.js:3:17)
Verify	Run Jest tests	2026-10-10T15:44:52.1803959Z       at _next (node_modules/@babel/runtime/helpers/asyncToGenerator.js:17:9)
Verify	Run Jest tests	2026-10-10T15:44:52.1804594Z       at node_modules/@babel/runtime/helpers/asyncToGenerator.js:22:7
Verify	Run Jest tests	2026-10-10T15:44:52.1805188Z       at node_modules/@babel/runtime/helpers/asyncToGenerator.js:14:12
Verify	Run Jest tests	2026-10-10T15:44:52.1805719Z       at apply (shared/http/httpClient.ts:143:4)
Verify	Run Jest tests	2026-10-10T15:44:52.1806266Z       at Axios.request (node_modules/axios/dist/browser/axios.cjs:5245:14)
Verify	Run Jest tests	2026-10-10T15:44:52.1806633Z 
Verify	Run Jest tests	2026-10-10T15:44:52.2831625Z PASS __tests__/shared/lib/useFetch.test.tsx
Verify	Run Jest tests	2026-10-10T15:44:54.6063786Z PASS __tests__/shared/ui/ErrorBoundary.test.tsx (9.231 s)
Verify	Run Jest tests	2026-10-10T15:44:54.6235341Z   ● Console
Verify	Run Jest tests	2026-10-10T15:44:54.6235811Z 
Verify	Run Jest tests	2026-10-10T15:44:54.6236143Z     console.debug
Verify	Run Jest tests	2026-10-10T15:44:54.6236626Z       [analytics] screen /boom
Verify	Run Jest tests	2026-10-10T15:44:54.6236971Z 
Verify	Run Jest tests	2026-10-10T15:44:54.6237305Z       at debug (shared/lib/logger.ts:133:18)
Verify	Run Jest tests	2026-10-10T15:44:54.6237684Z 
Verify	Run Jest tests	2026-10-10T15:44:54.6237939Z     console.debug
Verify	Run Jest tests	2026-10-10T15:44:54.6238378Z       [analytics] screen /
Verify	Run Jest tests	2026-10-10T15:44:54.6238710Z 
Verify	Run Jest tests	2026-10-10T15:44:54.6239018Z       at debug (shared/lib/logger.ts:133:18)
Verify	Run Jest tests	2026-10-10T15:44:54.6239392Z 
Verify	Run Jest tests	2026-10-10T15:44:54.6239697Z     console.debug
Verify	Run Jest tests	2026-10-10T15:44:54.6240091Z       [analytics] screen /
Verify	Run Jest tests	2026-10-10T15:44:54.6240423Z 
Verify	Run Jest tests	2026-10-10T15:44:54.6240863Z       at debug (shared/lib/logger.ts:133:18)
Verify	Run Jest tests	2026-10-10T15:44:54.6241241Z 
Verify	Run Jest tests	2026-10-10T15:44:54.6241478Z     console.debug
Verify	Run Jest tests	2026-10-10T15:44:54.6241911Z       [analytics] screen /boom
Verify	Run Jest tests	2026-10-10T15:44:54.6242961Z 
Verify	Run Jest tests	2026-10-10T15:44:54.6243349Z       at debug (shared/lib/logger.ts:133:18)
Verify	Run Jest tests	2026-10-10T15:44:54.6243759Z 
Verify	Run Jest tests	2026-10-10T15:44:54.6244019Z     console.debug
Verify	Run Jest tests	2026-10-10T15:44:54.6244441Z       [analytics] screen /
Verify	Run Jest tests	2026-10-10T15:44:54.6244791Z 
Verify	Run Jest tests	2026-10-10T15:44:54.6245104Z       at debug (shared/lib/logger.ts:133:18)
Verify	Run Jest tests	2026-10-10T15:44:54.6245496Z 
Verify	Run Jest tests	2026-10-10T15:44:54.6245751Z     console.debug
Verify	Run Jest tests	2026-10-10T15:44:54.6246161Z       [analytics] screen /
Verify	Run Jest tests	2026-10-10T15:44:54.6246489Z 
Verify	Run Jest tests	2026-10-10T15:44:54.6246796Z       at debug (shared/lib/logger.ts:133:18)
Verify	Run Jest tests	2026-10-10T15:44:54.6247172Z 
Verify	Run Jest tests	2026-10-10T15:44:54.6247424Z     console.debug
Verify	Run Jest tests	2026-10-10T15:44:54.6247866Z       [analytics] screen /boom
Verify	Run Jest tests	2026-10-10T15:44:54.6248219Z 
Verify	Run Jest tests	2026-10-10T15:44:54.6248527Z       at debug (shared/lib/logger.ts:133:18)
Verify	Run Jest tests	2026-10-10T15:44:54.6248903Z 
Verify	Run Jest tests	2026-10-10T15:44:54.6249149Z     console.debug
Verify	Run Jest tests	2026-10-10T15:44:54.6249563Z       [analytics] screen /
Verify	Run Jest tests	2026-10-10T15:44:54.6249895Z 
Verify	Run Jest tests	2026-10-10T15:44:54.6250177Z       at debug (shared/lib/logger.ts:133:18)
Verify	Run Jest tests	2026-10-10T15:44:54.6251062Z 
Verify	Run Jest tests	2026-10-10T15:44:54.6251282Z     console.debug
Verify	Run Jest tests	2026-10-10T15:44:54.6251669Z       [analytics] screen /boom
Verify	Run Jest tests	2026-10-10T15:44:54.6251971Z 
Verify	Run Jest tests	2026-10-10T15:44:54.6252251Z       at debug (shared/lib/logger.ts:133:18)
Verify	Run Jest tests	2026-10-10T15:44:54.6252591Z 
Verify	Run Jest tests	2026-10-10T15:44:54.6252815Z     console.debug
Verify	Run Jest tests	2026-10-10T15:44:54.6253161Z       [analytics] screen /
Verify	Run Jest tests	2026-10-10T15:44:54.6253462Z 
Verify	Run Jest tests	2026-10-10T15:44:54.6253748Z       at debug (shared/lib/logger.ts:133:18)
Verify	Run Jest tests	2026-10-10T15:44:54.6254129Z 
Verify	Run Jest tests	2026-10-10T15:44:54.6254366Z     console.debug
Verify	Run Jest tests	2026-10-10T15:44:54.6254764Z       [analytics] screen /boom
Verify	Run Jest tests	2026-10-10T15:44:54.6255082Z 
Verify	Run Jest tests	2026-10-10T15:44:54.6255364Z       at debug (shared/lib/logger.ts:133:18)
Verify	Run Jest tests	2026-10-10T15:44:54.6255715Z 
Verify	Run Jest tests	2026-10-10T15:44:54.8624052Z PASS __tests__/shared/session/tokenStore.test.tsx
Verify	Run Jest tests	2026-10-10T15:44:54.8707383Z   ● Console
Verify	Run Jest tests	2026-10-10T15:44:54.8707794Z 
Verify	Run Jest tests	2026-10-10T15:44:54.8708083Z     console.debug
Verify	Run Jest tests	2026-10-10T15:44:54.8708570Z       [analytics] screen /login
Verify	Run Jest tests	2026-10-10T15:44:54.8708933Z 
Verify	Run Jest tests	2026-10-10T15:44:54.8709267Z       at debug (shared/lib/logger.ts:133:18)
Verify	Run Jest tests	2026-10-10T15:44:54.8709682Z 
Verify	Run Jest tests	2026-10-10T15:44:54.8709929Z     console.debug
Verify	Run Jest tests	2026-10-10T15:44:54.8711288Z       [analytics] screen /
Verify	Run Jest tests	2026-10-10T15:44:54.8711612Z 
Verify	Run Jest tests	2026-10-10T15:44:54.8711881Z       at debug (shared/lib/logger.ts:133:18)
Verify	Run Jest tests	2026-10-10T15:44:54.8712205Z 
Verify	Run Jest tests	2026-10-10T15:44:54.8712407Z     console.debug
Verify	Run Jest tests	2026-10-10T15:44:54.8712798Z       [analytics] screen /login
Verify	Run Jest tests	2026-10-10T15:44:54.8713094Z 
Verify	Run Jest tests	2026-10-10T15:44:54.8713353Z       at debug (shared/lib/logger.ts:133:18)
Verify	Run Jest tests	2026-10-10T15:44:54.8713705Z 
Verify	Run Jest tests	2026-10-10T15:44:54.8713909Z     console.debug
Verify	Run Jest tests	2026-10-10T15:44:54.8714291Z       [analytics] screen /
Verify	Run Jest tests	2026-10-10T15:44:54.8714564Z 
Verify	Run Jest tests	2026-10-10T15:44:54.8714833Z       at debug (shared/lib/logger.ts:133:18)
Verify	Run Jest tests	2026-10-10T15:44:54.8715171Z 
Verify	Run Jest tests	2026-10-10T15:44:54.8715364Z     console.debug
Verify	Run Jest tests	2026-10-10T15:44:54.8715731Z       [analytics] screen /
Verify	Run Jest tests	2026-10-10T15:44:54.8716011Z 
Verify	Run Jest tests	2026-10-10T15:44:54.8716262Z       at debug (shared/lib/logger.ts:133:18)
Verify	Run Jest tests	2026-10-10T15:44:54.8716611Z 
Verify	Run Jest tests	2026-10-10T15:44:55.5243742Z PASS __tests__/features/auth/LoginScreen.test.tsx
Verify	Run Jest tests	2026-10-10T15:44:55.5281657Z   ● Console
Verify	Run Jest tests	2026-10-10T15:44:55.5311243Z 
Verify	Run Jest tests	2026-10-10T15:44:55.5320801Z     console.error
Verify	Run Jest tests	2026-10-10T15:44:55.5331652Z       An update to SessionProvider inside a test was not wrapped in act(...).
Verify	Run Jest tests	2026-10-10T15:44:55.5332463Z       
Verify	Run Jest tests	2026-10-10T15:44:55.5333244Z       When testing, code that causes React state updates should be wrapped into act(...):
Verify	Run Jest tests	2026-10-10T15:44:55.5333997Z       
Verify	Run Jest tests	2026-10-10T15:44:55.5334426Z       act(() => {
Verify	Run Jest tests	2026-10-10T15:44:55.5334955Z         /* fire events that update state */
Verify	Run Jest tests	2026-10-10T15:44:55.5335520Z       });
Verify	Run Jest tests	2026-10-10T15:44:55.5335997Z       /* assert on the output */
Verify	Run Jest tests	2026-10-10T15:44:55.5336510Z       
Verify	Run Jest tests	2026-10-10T15:44:55.5337497Z       This ensures that you're testing the behavior the user would see in the browser. Learn more at https://react.dev/link/wrap-tests-with-act
Verify	Run Jest tests	2026-10-10T15:44:55.5339165Z 
Verify	Run Jest tests	2026-10-10T15:44:55.5339965Z     ^[[0m ^[[90m 86 |^[[39m     readStoredSession()^[[33m.^[[39mthen(restored ^[[33m=>^[[39m {
Verify	Run Jest tests	2026-10-10T15:44:55.5341507Z      ^[[90m 87 |^[[39m       ^[[36mif^[[39m (^[[33m!^[[39mchangedRef^[[33m.^[[39mcurrent ^[[33m&&^[[39m isMountedRef^[[33m.^[[39mcurrent) {
Verify	Run Jest tests	2026-10-10T15:44:55.5342723Z     ^[[31m^[[1m>^[[22m^[[39m^[[90m 88 |^[[39m         setSession(restored)^[[33m;^[[39m
Verify	Run Jest tests	2026-10-10T15:44:55.5343522Z      ^[[90m    |^[[39m         ^[[31m^[[1m^^[[22m^[[39m
Verify	Run Jest tests	2026-10-10T15:44:55.5344140Z      ^[[90m 89 |^[[39m       }
Verify	Run Jest tests	2026-10-10T15:44:55.5344710Z      ^[[90m 90 |^[[39m     })^[[33m;^[[39m
Verify	Run Jest tests	2026-10-10T15:44:55.5345599Z      ^[[90m 91 |^[[39m     ^[[90m// The HTTP client has already cleared the stored session.^[[39m^[[0m
Verify	Run Jest tests	2026-10-10T15:44:55.5346231Z 
Verify	Run Jest tests	2026-10-10T15:44:55.5346805Z       at node_modules/react-test-renderer/cjs/react-test-renderer.development.js:14402:19
Verify	Run Jest tests	2026-10-10T15:44:55.5347983Z       at runWithFiberInDEV (node_modules/react-test-renderer/cjs/react-test-renderer.development.js:2315:13)
Verify	Run Jest tests	2026-10-10T15:44:55.5349314Z       at warnIfUpdatesNotWrappedWithActDEV (node_modules/react-test-renderer/cjs/react-test-renderer.development.js:14401:9)
Verify	Run Jest tests	2026-10-10T15:44:55.5351212Z       at scheduleUpdateOnFiber (node_modules/react-test-renderer/cjs/react-test-renderer.development.js:12086:9)
Verify	Run Jest tests	2026-10-10T15:44:55.5352486Z       at dispatchSetStateInternal (node_modules/react-test-renderer/cjs/react-test-renderer.development.js:6208:13)
Verify	Run Jest tests	2026-10-10T15:44:55.5353713Z       at dispatchSetState (node_modules/react-test-renderer/cjs/react-test-renderer.development.js:6165:7)
Verify	Run Jest tests	2026-10-10T15:44:55.5354637Z       at setSession (shared/session/SessionProvider.tsx:88:9)
Verify	Run Jest tests	2026-10-10T15:44:55.5355120Z 
Verify	Run Jest tests	2026-10-10T15:44:55.5355385Z     console.error
Verify	Run Jest tests	2026-10-10T15:44:55.5356028Z       An update to SessionProvider inside a test was not wrapped in act(...).
Verify	Run Jest tests	2026-10-10T15:44:55.5356673Z       
Verify	Run Jest tests	2026-10-10T15:44:55.5357544Z       When testing, code that causes React state updates should be wrapped into act(...):
Verify	Run Jest tests	2026-10-10T15:44:55.5358252Z       
Verify	Run Jest tests	2026-10-10T15:44:55.5358647Z       act(() => {
Verify	Run Jest tests	2026-10-10T15:44:55.5359154Z         /* fire events that update state */
Verify	Run Jest tests	2026-10-10T15:44:55.5359692Z       });
Verify	Run Jest tests	2026-10-10T15:44:55.5360135Z       /* assert on the output */
Verify	Run Jest tests	2026-10-10T15:44:55.5371405Z       
Verify	Run Jest tests	2026-10-10T15:44:55.5372408Z       This ensures that you're testing the behavior the user would see in the browser. Learn more at https://react.dev/link/wrap-tests-with-act
Verify	Run Jest tests	2026-10-10T15:44:55.5373241Z 
Verify	Run Jest tests	2026-10-10T15:44:55.5373850Z     ^[[0m ^[[90m 86 |^[[39m     readStoredSession()^[[33m.^[[39mthen(restored ^[[33m=>^[[39m {
Verify	Run Jest tests	2026-10-10T15:44:55.5391666Z      ^[[90m 87 |^[[39m       ^[[36mif^[[39m (^[[33m!^[[39mchangedRef^[[33m.^[[39mcurrent ^[[33m&&^[[39m isMountedRef^[[33m.^[[39mcurrent) {
Verify	Run Jest tests	2026-10-10T15:44:55.5392809Z     ^[[31m^[[1m>^[[22m^[[39m^[[90m 88 |^[[39m         setSession(restored)^[[33m;^[[39m
Verify	Run Jest tests	2026-10-10T15:44:55.5393555Z      ^[[90m    |^[[39m         ^[[31m^[[1m^^[[22m^[[39m
Verify	Run Jest tests	2026-10-10T15:44:55.5394123Z      ^[[90m 89 |^[[39m       }
Verify	Run Jest tests	2026-10-10T15:44:55.5394661Z      ^[[90m 90 |^[[39m     })^[[33m;^[[39m
Verify	Run Jest tests	2026-10-10T15:44:55.5395514Z      ^[[90m 91 |^[[39m     ^[[90m// The HTTP client has already cleared the stored session.^[[39m^[[0m
Verify	Run Jest tests	2026-10-10T15:44:55.5396098Z 
Verify	Run Jest tests	2026-10-10T15:44:55.5396654Z       at node_modules/react-test-renderer/cjs/react-test-renderer.development.js:14402:19
Verify	Run Jest tests	2026-10-10T15:44:55.5397792Z       at runWithFiberInDEV (node_modules/react-test-renderer/cjs/react-test-renderer.development.js:2315:13)
Verify	Run Jest tests	2026-10-10T15:44:55.5399110Z       at warnIfUpdatesNotWrappedWithActDEV (node_modules/react-test-renderer/cjs/react-test-renderer.development.js:14401:9)
Verify	Run Jest tests	2026-10-10T15:44:55.5400441Z       at scheduleUpdateOnFiber (node_modules/react-test-renderer/cjs/react-test-renderer.development.js:12086:9)
Verify	Run Jest tests	2026-10-10T15:44:55.5401868Z       at dispatchSetStateInternal (node_modules/react-test-renderer/cjs/react-test-renderer.development.js:6208:13)
Verify	Run Jest tests	2026-10-10T15:44:55.5403618Z       at dispatchSetState (node_modules/react-test-renderer/cjs/react-test-renderer.development.js:6165:7)
Verify	Run Jest tests	2026-10-10T15:44:55.5404568Z       at setSession (shared/session/SessionProvider.tsx:88:9)
Verify	Run Jest tests	2026-10-10T15:44:55.5405038Z 
Verify	Run Jest tests	2026-10-10T15:44:56.3992536Z PASS __tests__/features/home/HomeScreen.test.tsx
Verify	Run Jest tests	2026-10-10T15:44:56.5581790Z PASS __tests__/app/sessionRoutes.test.tsx
Verify	Run Jest tests	2026-10-10T15:44:56.6076361Z   ● Console
Verify	Run Jest tests	2026-10-10T15:44:56.6076860Z 
Verify	Run Jest tests	2026-10-10T15:44:56.6077136Z     console.debug
Verify	Run Jest tests	2026-10-10T15:44:56.6077677Z       [analytics] screen /profile
Verify	Run Jest tests	2026-10-10T15:44:56.6078108Z 
Verify	Run Jest tests	2026-10-10T15:44:56.6078583Z       at debug (shared/lib/logger.ts:133:18)
Verify	Run Jest tests	2026-10-10T15:44:56.6079001Z 
Verify	Run Jest tests	2026-10-10T15:44:56.6079271Z     console.debug
Verify	Run Jest tests	2026-10-10T15:44:56.6079746Z       [analytics] screen /profile
Verify	Run Jest tests	2026-10-10T15:44:56.6080130Z 
Verify	Run Jest tests	2026-10-10T15:44:56.6080447Z       at debug (shared/lib/logger.ts:133:18)
Verify	Run Jest tests	2026-10-10T15:44:56.6081687Z 
Verify	Run Jest tests	2026-10-10T15:44:56.6082024Z     console.debug
Verify	Run Jest tests	2026-10-10T15:44:56.6082472Z       [analytics] screen /
Verify	Run Jest tests	2026-10-10T15:44:56.6082823Z 
Verify	Run Jest tests	2026-10-10T15:44:56.6083149Z       at debug (shared/lib/logger.ts:133:18)
Verify	Run Jest tests	2026-10-10T15:44:56.6083552Z 
Verify	Run Jest tests	2026-10-10T15:44:56.6084295Z     console.debug
Verify	Run Jest tests	2026-10-10T15:44:56.6084753Z       [analytics] screen /login
Verify	Run Jest tests	2026-10-10T15:44:56.6085133Z 
Verify	Run Jest tests	2026-10-10T15:44:56.6085460Z       at debug (shared/lib/logger.ts:133:18)
Verify	Run Jest tests	2026-10-10T15:44:56.6085899Z 
Verify	Run Jest tests	2026-10-10T15:44:56.6086150Z     console.debug
Verify	Run Jest tests	2026-10-10T15:44:56.6086579Z       [analytics] screen /
Verify	Run Jest tests	2026-10-10T15:44:56.6086910Z 
Verify	Run Jest tests	2026-10-10T15:44:56.6087234Z       at debug (shared/lib/logger.ts:133:18)
Verify	Run Jest tests	2026-10-10T15:44:56.6087637Z 
Verify	Run Jest tests	2026-10-10T15:44:56.6087886Z     console.debug
Verify	Run Jest tests	2026-10-10T15:44:56.6088349Z       [analytics] screen /login
Verify	Run Jest tests	2026-10-10T15:44:56.6088714Z 
Verify	Run Jest tests	2026-10-10T15:44:56.6089023Z       at debug (shared/lib/logger.ts:133:18)
Verify	Run Jest tests	2026-10-10T15:44:56.6089422Z 
Verify	Run Jest tests	2026-10-10T15:44:56.6089664Z     console.debug
Verify	Run Jest tests	2026-10-10T15:44:56.6090087Z       [analytics] screen /
Verify	Run Jest tests	2026-10-10T15:44:56.6090429Z 
Verify	Run Jest tests	2026-10-10T15:44:56.6090895Z       at debug (shared/lib/logger.ts:133:18)
Verify	Run Jest tests	2026-10-10T15:44:56.6091298Z 
Verify	Run Jest tests	2026-10-10T15:44:56.6091572Z     console.debug
Verify	Run Jest tests	2026-10-10T15:44:56.6092049Z       [analytics] screen /profile
Verify	Run Jest tests	2026-10-10T15:44:56.6092424Z 
Verify	Run Jest tests	2026-10-10T15:44:56.6092746Z       at debug (shared/lib/logger.ts:133:18)
Verify	Run Jest tests	2026-10-10T15:44:56.6127113Z 
Verify	Run Jest tests	2026-10-10T15:44:56.6131403Z     console.debug
Verify	Run Jest tests	2026-10-10T15:44:56.6131976Z       [analytics] screen /
Verify	Run Jest tests	2026-10-10T15:44:56.6132366Z 
Verify	Run Jest tests	2026-10-10T15:44:56.6132698Z       at debug (shared/lib/logger.ts:133:18)
Verify	Run Jest tests	2026-10-10T15:44:56.6133097Z 
Verify	Run Jest tests	2026-10-10T15:44:56.6133353Z     console.debug
Verify	Run Jest tests	2026-10-10T15:44:56.6133828Z       [analytics] screen /profile
Verify	Run Jest tests	2026-10-10T15:44:56.6134194Z 
Verify	Run Jest tests	2026-10-10T15:44:56.6134522Z       at debug (shared/lib/logger.ts:133:18)
Verify	Run Jest tests	2026-10-10T15:44:56.6134933Z 
Verify	Run Jest tests	2026-10-10T15:44:56.6135218Z     console.debug
Verify	Run Jest tests	2026-10-10T15:44:56.6135675Z       [analytics] screen /
Verify	Run Jest tests	2026-10-10T15:44:56.6136045Z 
Verify	Run Jest tests	2026-10-10T15:44:56.6136392Z       at debug (shared/lib/logger.ts:133:18)
Verify	Run Jest tests	2026-10-10T15:44:56.6136839Z 
Verify	Run Jest tests	2026-10-10T15:44:56.6137120Z     console.debug
Verify	Run Jest tests	2026-10-10T15:44:56.6137621Z       [analytics] screen /profile
Verify	Run Jest tests	2026-10-10T15:44:56.6138050Z 
Verify	Run Jest tests	2026-10-10T15:44:56.6138394Z       at debug (shared/lib/logger.ts:133:18)
Verify	Run Jest tests	2026-10-10T15:44:56.6139628Z 
Verify	Run Jest tests	2026-10-10T15:44:56.6139970Z     console.debug
Verify	Run Jest tests	2026-10-10T15:44:56.6140465Z       [analytics] screen /
Verify	Run Jest tests	2026-10-10T15:44:56.6140994Z 
Verify	Run Jest tests	2026-10-10T15:44:56.6141343Z       at debug (shared/lib/logger.ts:133:18)
Verify	Run Jest tests	2026-10-10T15:44:56.6141766Z 
Verify	Run Jest tests	2026-10-10T15:44:56.6142037Z     console.debug
Verify	Run Jest tests	2026-10-10T15:44:56.6142499Z       [analytics] screen /profile
Verify	Run Jest tests	2026-10-10T15:44:56.6142871Z 
Verify	Run Jest tests	2026-10-10T15:44:56.6143217Z       at debug (shared/lib/logger.ts:133:18)
Verify	Run Jest tests	2026-10-10T15:44:56.6143629Z 
Verify	Run Jest tests	2026-10-10T15:44:56.6143899Z     console.debug
Verify	Run Jest tests	2026-10-10T15:44:56.6144335Z       [analytics] screen /
Verify	Run Jest tests	2026-10-10T15:44:56.6144692Z 
Verify	Run Jest tests	2026-10-10T15:44:56.6145047Z       at debug (shared/lib/logger.ts:133:18)
Verify	Run Jest tests	2026-10-10T15:44:56.6145476Z 
Verify	Run Jest tests	2026-10-10T15:44:56.6145767Z     console.debug
Verify	Run Jest tests	2026-10-10T15:44:56.6146245Z       [analytics] screen /
Verify	Run Jest tests	2026-10-10T15:44:56.6146625Z 
Verify	Run Jest tests	2026-10-10T15:44:56.6146966Z       at debug (shared/lib/logger.ts:133:18)
Verify	Run Jest tests	2026-10-10T15:44:56.6147424Z 
Verify	Run Jest tests	2026-10-10T15:44:56.6147712Z     console.debug
Verify	Run Jest tests	2026-10-10T15:44:56.6148203Z       [analytics] screen /profile
Verify	Run Jest tests	2026-10-10T15:44:56.6148620Z 
Verify	Run Jest tests	2026-10-10T15:44:56.6148969Z       at debug (shared/lib/logger.ts:133:18)
Verify	Run Jest tests	2026-10-10T15:44:56.6149399Z 
Verify	Run Jest tests	2026-10-10T15:44:56.6149697Z     console.debug
Verify	Run Jest tests	2026-10-10T15:44:56.6150151Z       [analytics] screen /
Verify	Run Jest tests	2026-10-10T15:44:56.6150516Z 
Verify	Run Jest tests	2026-10-10T15:44:56.6150999Z       at debug (shared/lib/logger.ts:133:18)
Verify	Run Jest tests	2026-10-10T15:44:56.6163040Z 
Verify	Run Jest tests	2026-10-10T15:44:56.6163431Z     console.debug
Verify	Run Jest tests	2026-10-10T15:44:56.6163980Z       [analytics] screen /profile
Verify	Run Jest tests	2026-10-10T15:44:56.6164402Z 
Verify	Run Jest tests	2026-10-10T15:44:56.6164771Z       at debug (shared/lib/logger.ts:133:18)
Verify	Run Jest tests	2026-10-10T15:44:56.6165244Z 
Verify	Run Jest tests	2026-10-10T15:44:56.6165727Z PASS __tests__/shared/integrations/seams.test.ts
Verify	Run Jest tests	2026-10-10T15:44:56.7117576Z PASS __tests__/app/appConfig.test.ts
Verify	Run Jest tests	2026-10-10T15:44:56.8061076Z PASS __tests__/shared/storage/storage.test.ts
Verify	Run Jest tests	2026-10-10T15:44:56.9082913Z PASS __tests__/features/demo-auth/dummyJsonAdapter.test.ts
Verify	Run Jest tests	2026-10-10T15:44:57.6112259Z PASS __tests__/features/demo-todos/TodosScreen.test.tsx
Verify	Run Jest tests	2026-10-10T15:44:57.6131627Z   ● Console
Verify	Run Jest tests	2026-10-10T15:44:57.6136893Z 
Verify	Run Jest tests	2026-10-10T15:44:57.6137267Z     console.warn
Verify	Run Jest tests	2026-10-10T15:44:57.6137831Z       API GET /todos failed: server (503)
Verify	Run Jest tests	2026-10-10T15:44:57.6138273Z 
Verify	Run Jest tests	2026-10-10T15:44:57.6139409Z     ^[[0m ^[[90m 129 |^[[39m     ^[[36mconst^[[39m args ^[[33m=^[[39m [message^[[33m,^[[39m ^[[33m...^[[39mdetails^[[33m.^[[39mfilter(item ^[[33m=>^[[39m item ^[[33m!==^[[39m undefined)]^[[33m;^[[39m
Verify	Run Jest tests	2026-10-10T15:44:57.6141117Z      ^[[90m 130 |^[[39m     ^[[36mif^[[39m (level ^[[33m===^[[39m ^[[32m'error'^[[39m) console^[[33m.^[[39merror(^[[33m...^[[39margs)^[[33m;^[[39m
Verify	Run Jest tests	2026-10-10T15:44:57.6142607Z     ^[[31m^[[1m>^[[22m^[[39m^[[90m 131 |^[[39m     ^[[36melse^[[39m ^[[36mif^[[39m (level ^[[33m===^[[39m ^[[32m'warn'^[[39m) console^[[33m.^[[39mwarn(^[[33m...^[[39margs)^[[33m;^[[39m
Verify	Run Jest tests	2026-10-10T15:44:57.6143748Z      ^[[90m     |^[[39m                                        ^[[31m^[[1m^^[[22m^[[39m
Verify	Run Jest tests	2026-10-10T15:44:57.6144941Z      ^[[90m 132 |^[[39m     ^[[36melse^[[39m ^[[36mif^[[39m (level ^[[33m===^[[39m ^[[32m'info'^[[39m) console^[[33m.^[[39minfo(^[[33m...^[[39margs)^[[33m;^[[39m
Verify	Run Jest tests	2026-10-10T15:44:57.6146476Z      ^[[90m 133 |^[[39m     ^[[36melse^[[39m console^[[33m.^[[39mdebug(^[[33m...^[[39margs)^[[33m;^[[39m
Verify	Run Jest tests	2026-10-10T15:44:57.6147243Z      ^[[90m 134 |^[[39m   }^[[33m;^[[39m^[[0m
Verify	Run Jest tests	2026-10-10T15:44:57.6147629Z 
Verify	Run Jest tests	2026-10-10T15:44:57.6147963Z       at warn (shared/lib/logger.ts:131:40)
Verify	Run Jest tests	2026-10-10T15:44:57.6148617Z       at Object.write [as warn] (shared/lib/logger.ts:142:33)
Verify	Run Jest tests	2026-10-10T15:44:57.6149291Z       at warn (shared/http/httpClient.ts:137:12)
Verify	Run Jest tests	2026-10-10T15:44:57.6150121Z       at asyncGeneratorStep (node_modules/@babel/runtime/helpers/asyncToGenerator.js:3:17)
Verify	Run Jest tests	2026-10-10T15:44:57.6151221Z       at _next (node_modules/@babel/runtime/helpers/asyncToGenerator.js:17:9)
Verify	Run Jest tests	2026-10-10T15:44:57.6152053Z       at node_modules/@babel/runtime/helpers/asyncToGenerator.js:22:7
Verify	Run Jest tests	2026-10-10T15:44:57.6152839Z       at node_modules/@babel/runtime/helpers/asyncToGenerator.js:14:12
Verify	Run Jest tests	2026-10-10T15:44:57.6153599Z       at apply (shared/http/httpClient.ts:143:4)
Verify	Run Jest tests	2026-10-10T15:44:57.6154348Z       at Axios.request (node_modules/axios/dist/browser/axios.cjs:5245:14)
Verify	Run Jest tests	2026-10-10T15:44:57.6154924Z 
Verify	Run Jest tests	2026-10-10T15:44:57.7085261Z PASS __tests__/shared/integrations/i18n.test.tsx
Verify	Run Jest tests	2026-10-10T15:44:57.7113200Z   ● Console
Verify	Run Jest tests	2026-10-10T15:44:57.7131404Z 
Verify	Run Jest tests	2026-10-10T15:44:57.7171557Z     console.debug
Verify	Run Jest tests	2026-10-10T15:44:57.7172094Z       [analytics] screen /
Verify	Run Jest tests	2026-10-10T15:44:57.7172561Z 
Verify	Run Jest tests	2026-10-10T15:44:57.7173032Z       at debug (shared/lib/logger.ts:133:18)
Verify	Run Jest tests	2026-10-10T15:44:57.7173347Z 
Verify	Run Jest tests	2026-10-10T15:44:57.7173482Z     console.debug
Verify	Run Jest tests	2026-10-10T15:44:57.7173810Z       [analytics] screen /login
Verify	Run Jest tests	2026-10-10T15:44:57.7174020Z 
Verify	Run Jest tests	2026-10-10T15:44:57.7174207Z       at debug (shared/lib/logger.ts:133:18)
Verify	Run Jest tests	2026-10-10T15:44:57.7174477Z 
Verify	Run Jest tests	2026-10-10T15:44:58.0738376Z PASS __tests__/shared/ui/theme.test.ts
Verify	Run Jest tests	2026-10-10T15:44:58.4391901Z PASS __tests__/app/tabBarTheme.test.tsx
Verify	Run Jest tests	2026-10-10T15:44:58.4422147Z   ● Console
Verify	Run Jest tests	2026-10-10T15:44:58.4430827Z 
Verify	Run Jest tests	2026-10-10T15:44:58.4431249Z     console.debug
Verify	Run Jest tests	2026-10-10T15:44:58.4431571Z       [analytics] screen /
Verify	Run Jest tests	2026-10-10T15:44:58.4431811Z 
Verify	Run Jest tests	2026-10-10T15:44:58.4432000Z       at debug (shared/lib/logger.ts:133:18)
Verify	Run Jest tests	2026-10-10T15:44:58.4432210Z 
Verify	Run Jest tests	2026-10-10T15:44:58.4432287Z     console.debug
Verify	Run Jest tests	2026-10-10T15:44:58.4432485Z       [analytics] screen /
Verify	Run Jest tests	2026-10-10T15:44:58.4432610Z 
Verify	Run Jest tests	2026-10-10T15:44:58.4432731Z       at debug (shared/lib/logger.ts:133:18)
Verify	Run Jest tests	2026-10-10T15:44:58.4432890Z 
Verify	Run Jest tests	2026-10-10T15:44:58.9285656Z PASS __tests__/app/initialRoute.test.tsx
Verify	Run Jest tests	2026-10-10T15:44:58.9349608Z   ● Console
Verify	Run Jest tests	2026-10-10T15:44:58.9350030Z 
Verify	Run Jest tests	2026-10-10T15:44:58.9350345Z     console.debug
Verify	Run Jest tests	2026-10-10T15:44:58.9352170Z       [analytics] screen /
Verify	Run Jest tests	2026-10-10T15:44:58.9352532Z 
Verify	Run Jest tests	2026-10-10T15:44:58.9352834Z       at debug (shared/lib/logger.ts:133:18)
Verify	Run Jest tests	2026-10-10T15:44:58.9385399Z 
Verify	Run Jest tests	2026-10-10T15:44:58.9413983Z     console.debug
Verify	Run Jest tests	2026-10-10T15:44:58.9441396Z       [analytics] screen /login
Verify	Run Jest tests	2026-10-10T15:44:58.9491112Z 
Verify	Run Jest tests	2026-10-10T15:44:58.9492425Z       at debug (shared/lib/logger.ts:133:18)
Verify	Run Jest tests	2026-10-10T15:44:58.9492968Z 
Verify	Run Jest tests	2026-10-10T15:44:58.9493255Z     console.debug
Verify	Run Jest tests	2026-10-10T15:44:58.9493771Z       [analytics] screen /login
Verify	Run Jest tests	2026-10-10T15:44:58.9494215Z 
Verify	Run Jest tests	2026-10-10T15:44:58.9494505Z       at debug (shared/lib/logger.ts:133:18)
Verify	Run Jest tests	2026-10-10T15:44:58.9494921Z 
Verify	Run Jest tests	2026-10-10T15:44:58.9495181Z     console.debug
Verify	Run Jest tests	2026-10-10T15:44:58.9495572Z       [analytics] screen /
Verify	Run Jest tests	2026-10-10T15:44:58.9495920Z 
Verify	Run Jest tests	2026-10-10T15:44:58.9496199Z       at debug (shared/lib/logger.ts:133:18)
Verify	Run Jest tests	2026-10-10T15:44:58.9496589Z 
Verify	Run Jest tests	2026-10-10T15:44:58.9497041Z PASS __tests__/shared/ui/LoadingScreen.test.tsx
Verify	Run Jest tests	2026-10-10T15:44:59.4231984Z PASS __tests__/features/demo-auth/DemoCredentialsHint.test.tsx
Verify	Run Jest tests	2026-10-10T15:44:59.5962029Z PASS __tests__/app/statusBar.test.tsx
Verify	Run Jest tests	2026-10-10T15:44:59.6021775Z   ● Console
Verify	Run Jest tests	2026-10-10T15:44:59.6050936Z 
Verify	Run Jest tests	2026-10-10T15:44:59.6071479Z     console.debug
Verify	Run Jest tests	2026-10-10T15:44:59.6111279Z       [analytics] screen /
Verify	Run Jest tests	2026-10-10T15:44:59.6138162Z 
Verify	Run Jest tests	2026-10-10T15:44:59.6143378Z       at debug (shared/lib/logger.ts:133:18)
Verify	Run Jest tests	2026-10-10T15:44:59.6143867Z 
Verify	Run Jest tests	2026-10-10T15:44:59.6144130Z     console.debug
Verify	Run Jest tests	2026-10-10T15:44:59.6148237Z       [analytics] screen /
Verify	Run Jest tests	2026-10-10T15:44:59.6148640Z 
Verify	Run Jest tests	2026-10-10T15:44:59.6148973Z       at debug (shared/lib/logger.ts:133:18)
Verify	Run Jest tests	2026-10-10T15:44:59.6149396Z 
Verify	Run Jest tests	2026-10-10T15:44:59.9861681Z PASS __tests__/app/configError.test.tsx
Verify	Run Jest tests	2026-10-10T15:44:59.9881415Z   ● Console
Verify	Run Jest tests	2026-10-10T15:44:59.9897720Z 
Verify	Run Jest tests	2026-10-10T15:44:59.9898115Z     console.debug
Verify	Run Jest tests	2026-10-10T15:44:59.9898593Z       [analytics] screen /
Verify	Run Jest tests	2026-10-10T15:44:59.9898911Z 
Verify	Run Jest tests	2026-10-10T15:44:59.9899208Z       at debug (shared/lib/logger.ts:133:18)
Verify	Run Jest tests	2026-10-10T15:44:59.9899577Z 
Verify	Run Jest tests	2026-10-10T15:45:00.2401906Z PASS __tests__/shared/integrations/screenTracking.test.tsx
Verify	Run Jest tests	2026-10-10T15:45:00.5066581Z PASS __tests__/features/demo-showcase/ShowcaseScreen.test.tsx
Verify	Run Jest tests	2026-10-10T15:45:00.8652868Z PASS __tests__/scripts/removeDemo.test.ts (8.555 s)
Verify	Run Jest tests	2026-10-10T15:45:01.6450375Z -----------------------------------|---------|----------|---------|---------|-------------------
Verify	Run Jest tests	2026-10-10T15:45:01.6451173Z File                               | % Stmts | % Branch | % Funcs | % Lines | Uncovered Line #s 
Verify	Run Jest tests	2026-10-10T15:45:01.6451701Z -----------------------------------|---------|----------|---------|---------|-------------------
Verify	Run Jest tests	2026-10-10T15:45:01.6457340Z All files                          |   97.51 |    91.46 |   95.04 |   97.69 |                   
Verify	Run Jest tests	2026-10-10T15:45:01.6458049Z  app                               |     100 |      100 |   57.14 |     100 |                   
Verify	Run Jest tests	2026-10-10T15:45:01.6458733Z   _layout.tsx                      |     100 |      100 |   57.14 |     100 |                   
Verify	Run Jest tests	2026-10-10T15:45:01.6459405Z   showcase.tsx                     |       0 |        0 |       0 |       0 |                   
Verify	Run Jest tests	2026-10-10T15:45:01.6460070Z  app/(app)                         |    87.5 |       75 |     100 |     100 |                   
Verify	Run Jest tests	2026-10-10T15:45:01.6460920Z   _layout.tsx                      |    87.5 |       75 |     100 |     100 | 24                
Verify	Run Jest tests	2026-10-10T15:45:01.6461591Z   profile.tsx                      |       0 |        0 |       0 |       0 |                   
Verify	Run Jest tests	2026-10-10T15:45:01.6462274Z  app/(auth)                        |     100 |      100 |     100 |     100 |                   
Verify	Run Jest tests	2026-10-10T15:45:01.6462916Z   _layout.tsx                      |     100 |      100 |     100 |     100 |                   
Verify	Run Jest tests	2026-10-10T15:45:01.6463565Z   login.tsx                        |       0 |        0 |       0 |       0 |                   
Verify	Run Jest tests	2026-10-10T15:45:01.6464195Z  app/(tabs)                        |     100 |      100 |     100 |     100 |                   
Verify	Run Jest tests	2026-10-10T15:45:01.6464817Z   _layout.tsx                      |     100 |      100 |     100 |     100 |                   
Verify	Run Jest tests	2026-10-10T15:45:01.6465471Z   explore.tsx                      |       0 |        0 |       0 |       0 |                   
Verify	Run Jest tests	2026-10-10T15:45:01.6466089Z   index.tsx                        |       0 |        0 |       0 |       0 |                   
Verify	Run Jest tests	2026-10-10T15:45:01.6467065Z  features/auth/screens             |   95.55 |    79.16 |   83.33 |   95.45 |                   
Verify	Run Jest tests	2026-10-10T15:45:01.6467790Z   LoginScreen.tsx                  |    92.3 |       80 |      60 |    92.3 | 132-136           
Verify	Run Jest tests	2026-10-10T15:45:01.6468489Z   ProfileScreen.tsx                |     100 |    78.57 |     100 |     100 | 38,67-72          
Verify	Run Jest tests	2026-10-10T15:45:01.6469215Z  features/demo-auth                |     100 |    91.66 |     100 |     100 |                   
Verify	Run Jest tests	2026-10-10T15:45:01.6469946Z   DemoCredentialsHint.tsx          |     100 |      100 |     100 |     100 |                   
Verify	Run Jest tests	2026-10-10T15:45:01.6470475Z   dummyJsonAdapter.ts              |     100 |       90 |     100 |     100 | 31                
Verify	Run Jest tests	2026-10-10T15:45:01.6471287Z  features/demo-showcase/components |     100 |      100 |     100 |     100 |                   
Verify	Run Jest tests	2026-10-10T15:45:01.6472035Z   ExampleLinks.tsx                 |     100 |      100 |     100 |     100 |                   
Verify	Run Jest tests	2026-10-10T15:45:01.6472802Z  features/demo-showcase/screens    |   77.77 |      100 |      60 |   71.42 |                   
Verify	Run Jest tests	2026-10-10T15:45:01.6473807Z   ShowcaseScreen.tsx               |   77.77 |      100 |      60 |   71.42 | 133-137           
Verify	Run Jest tests	2026-10-10T15:45:01.6474489Z  features/demo-todos               |       0 |        0 |       0 |       0 |                   
Verify	Run Jest tests	2026-10-10T15:45:01.6475137Z   types.ts                         |       0 |        0 |       0 |       0 |                   
Verify	Run Jest tests	2026-10-10T15:45:01.6475794Z  features/demo-todos/api           |     100 |      100 |     100 |     100 |                   
Verify	Run Jest tests	2026-10-10T15:45:01.6476468Z   todosApi.ts                      |     100 |      100 |     100 |     100 |                   
Verify	Run Jest tests	2026-10-10T15:45:01.6477158Z  features/demo-todos/screens       |     100 |    95.83 |     100 |     100 |                   
Verify	Run Jest tests	2026-10-10T15:45:01.6477867Z   TodosScreen.tsx                  |     100 |    95.83 |     100 |     100 | 65                
Verify	Run Jest tests	2026-10-10T15:45:01.6478583Z  features/home/screens             |     100 |     87.5 |     100 |     100 |                   
Verify	Run Jest tests	2026-10-10T15:45:01.6479313Z   HomeScreen.tsx                   |     100 |     87.5 |     100 |     100 | 38                
Verify	Run Jest tests	2026-10-10T15:45:01.6479995Z  shared/config                     |     100 |    97.95 |     100 |     100 |                   
Verify	Run Jest tests	2026-10-10T15:45:01.6480809Z   env.ts                           |     100 |    97.95 |     100 |     100 | 128               
Verify	Run Jest tests	2026-10-10T15:45:01.6481461Z   featureFlags.ts                  |     100 |      100 |     100 |     100 |                   
Verify	Run Jest tests	2026-10-10T15:45:01.6482128Z  shared/http                       |   98.78 |    95.18 |     100 |   98.66 |                   
Verify	Run Jest tests	2026-10-10T15:45:01.6482765Z   api.ts                           |     100 |      100 |     100 |     100 |                   
Verify	Run Jest tests	2026-10-10T15:45:01.6483408Z   apiError.ts                      |   97.29 |    95.55 |     100 |   96.77 | 66                
Verify	Run Jest tests	2026-10-10T15:45:01.6484093Z   httpClient.ts                    |     100 |    94.73 |     100 |     100 | 87                
Verify	Run Jest tests	2026-10-10T15:45:01.6484715Z  shared/i18n                       |     100 |    83.33 |     100 |     100 |                   
Verify	Run Jest tests	2026-10-10T15:45:01.6485338Z   en.ts                            |     100 |      100 |     100 |     100 |                   
Verify	Run Jest tests	2026-10-10T15:45:01.6485937Z   index.ts                         |     100 |    83.33 |     100 |     100 | 38                
Verify	Run Jest tests	2026-10-10T15:45:01.6486607Z  shared/integrations               |   95.91 |       75 |   96.55 |   95.34 |                   
Verify	Run Jest tests	2026-10-10T15:45:01.6487283Z   analytics.ts                     |     100 |     87.5 |     100 |     100 | 25                
Verify	Run Jest tests	2026-10-10T15:45:01.6487945Z   errorReporter.ts                 |   81.81 |       40 |   83.33 |   77.77 | 41,57             
Verify	Run Jest tests	2026-10-10T15:45:01.6488659Z   featureFlags.ts                  |     100 |      100 |     100 |     100 |                   
Verify	Run Jest tests	2026-10-10T15:45:01.6489570Z   pushNotifications.ts             |     100 |      100 |     100 |     100 |                   
Verify	Run Jest tests	2026-10-10T15:45:01.6490257Z   seam.ts                          |     100 |      100 |     100 |     100 |                   
Verify	Run Jest tests	2026-10-10T15:45:01.6491064Z   setup.ts                         |     100 |      100 |     100 |     100 |                   
Verify	Run Jest tests	2026-10-10T15:45:01.6491687Z   updates.ts                       |     100 |      100 |     100 |     100 |                   
Verify	Run Jest tests	2026-10-10T15:45:01.6492355Z   useScreenTracking.ts             |     100 |      100 |     100 |     100 |                   
Verify	Run Jest tests	2026-10-10T15:45:01.6493047Z  shared/lib                        |   98.01 |    95.38 |   95.23 |   98.86 |                   
Verify	Run Jest tests	2026-10-10T15:45:01.6493683Z   logger.ts                        |   96.87 |    96.15 |   91.66 |   98.18 | 84                
Verify	Run Jest tests	2026-10-10T15:45:01.6494326Z   useFetch.ts                      |     100 |     92.3 |     100 |     100 | 83                
Verify	Run Jest tests	2026-10-10T15:45:01.6495000Z  shared/session                    |   98.34 |    88.63 |   97.91 |   98.29 |                   
Verify	Run Jest tests	2026-10-10T15:45:01.6495693Z   SessionProvider.tsx              |   97.91 |    81.81 |     100 |   97.82 | 146               
Verify	Run Jest tests	2026-10-10T15:45:01.6496499Z   authService.ts                   |   97.22 |    91.66 |   91.66 |   97.14 | 77                
Verify	Run Jest tests	2026-10-10T15:45:01.6497094Z   session.ts                       |     100 |      100 |     100 |     100 |                   
Verify	Run Jest tests	2026-10-10T15:45:01.6497724Z   tokenStore.ts                    |     100 |      100 |     100 |     100 |                   
Verify	Run Jest tests	2026-10-10T15:45:01.6498371Z  shared/storage                    |      92 |       80 |     100 |      92 |                   
Verify	Run Jest tests	2026-10-10T15:45:01.6499039Z   secureStorage.ts                 |      80 |       75 |     100 |      80 | 18,26             
Verify	Run Jest tests	2026-10-10T15:45:01.6499713Z   storage.ts                       |     100 |      100 |     100 |     100 |                   
Verify	Run Jest tests	2026-10-10T15:45:01.6500344Z  shared/ui                         |    97.5 |    83.33 |     100 |   97.36 |                   
Verify	Run Jest tests	2026-10-10T15:45:01.6501183Z   ConfigErrorScreen.tsx            |     100 |      100 |     100 |     100 |                   
Verify	Run Jest tests	2026-10-10T15:45:01.6501893Z   ErrorBoundary.tsx                |   96.15 |       75 |     100 |   95.83 | 26                
Verify	Run Jest tests	2026-10-10T15:45:01.6502546Z   LoadingScreen.tsx                |     100 |      100 |     100 |     100 |                   
Verify	Run Jest tests	2026-10-10T15:45:01.6503205Z   theme.ts                         |     100 |      100 |     100 |     100 |                   
Verify	Run Jest tests	2026-10-10T15:45:01.6503948Z -----------------------------------|---------|----------|---------|---------|-------------------
Verify	Run Jest tests	2026-10-10T15:45:01.6861721Z 
Verify	Run Jest tests	2026-10-10T15:45:01.6864245Z Test Suites: 29 passed, 29 total
Verify	Run Jest tests	2026-10-10T15:45:01.6864770Z Tests:       251 passed, 251 total
Verify	Run Jest tests	2026-10-10T15:45:01.6865136Z Snapshots:   0 total
Verify	Run Jest tests	2026-10-10T15:45:01.6865430Z Time:        26.791 s
Verify	Run Jest tests	2026-10-10T15:45:01.6865778Z Ran all test suites.
Verify	Expo Doctor	﻿2026-10-10T15:45:01.7049664Z ##[group]Run npx expo-doctor
Verify	Expo Doctor	2026-10-10T15:45:01.7049931Z ^[[36;1mnpx expo-doctor^[[0m
Verify	Expo Doctor	2026-10-10T15:45:01.7105039Z shell: /usr/bin/bash -e {0}
Verify	Expo Doctor	2026-10-10T15:45:01.7105274Z ##[endgroup]
Verify	Expo Doctor	2026-10-10T15:45:02.8857582Z Running 21 checks on your project...
Verify	Expo Doctor	2026-10-10T15:45:05.8443548Z 21/21 checks passed. No issues detected!
Verify	Audit production dependencies (reviewed allowlist)	﻿2026-10-10T15:45:05.8781797Z ##[group]Run npm run audit:check
Verify	Audit production dependencies (reviewed allowlist)	2026-10-10T15:45:05.8782103Z ^[[36;1mnpm run audit:check^[[0m
Verify	Audit production dependencies (reviewed allowlist)	2026-10-10T15:45:05.8842387Z shell: /usr/bin/bash -e {0}
Verify	Audit production dependencies (reviewed allowlist)	2026-10-10T15:45:05.8842623Z ##[endgroup]
Verify	Audit production dependencies (reviewed allowlist)	2026-10-10T15:45:05.9669845Z 
Verify	Audit production dependencies (reviewed allowlist)	2026-10-10T15:45:05.9670537Z > react-native-starter@1.0.0 audit:check
Verify	Audit production dependencies (reviewed allowlist)	2026-10-10T15:45:05.9671307Z > node scripts/check-audit.js
Verify	Audit production dependencies (reviewed allowlist)	2026-10-10T15:45:05.9671556Z 
Verify	Audit production dependencies (reviewed allowlist)	2026-10-10T15:45:09.7277373Z high     braces GHSA-vfj7-8cjw-p6xm: allowlisted until 2027-01-09 (https://github.com/advisories/GHSA-vfj7-8cjw-p6xm)
Verify	Audit production dependencies (reviewed allowlist)	2026-10-10T15:45:09.7278617Z high     node-forge GHSA-86w9-cpqp-85rv: allowlisted until 2027-01-09 (https://github.com/advisories/GHSA-86w9-cpqp-85rv)
Verify	Audit production dependencies (reviewed allowlist)	2026-10-10T15:45:09.7279985Z moderate decode-uri-component GHSA-vcc3-ghjq-m6fr: reported (not gated)
Verify	Audit production dependencies (reviewed allowlist)	2026-10-10T15:45:09.7280828Z moderate sprintf-js GHSA-hp3w-g68c-fv3c: reported (not gated)
Verify	Audit production dependencies (reviewed allowlist)	2026-10-10T15:45:09.7281410Z moderate uuid GHSA-w5hq-g745-h8pq: reported (not gated)
Verify	Audit production dependencies (reviewed allowlist)	2026-10-10T15:45:09.7282117Z npm audit --omit=dev: 5 advisories (records: 0 critical, 45 high, 16 moderate, 0 low).
Verify	Audit production dependencies (reviewed allowlist)	2026-10-10T15:45:09.7282838Z No unreviewed high or critical advisories.
Verify	Export web build	﻿2026-10-10T15:45:09.7409908Z ##[group]Run npx expo export --platform web --output-dir dist
Verify	Export web build	2026-10-10T15:45:09.7410298Z ^[[36;1mnpx expo export --platform web --output-dir dist^[[0m
Verify	Export web build	2026-10-10T15:45:09.7466006Z shell: /usr/bin/bash -e {0}
Verify	Export web build	2026-10-10T15:45:09.7466233Z ##[endgroup]
Verify	Export web build	2026-10-10T15:45:10.6577957Z Starting Metro Bundler
Verify	Export web build	2026-10-10T15:45:10.6578253Z 
Verify	Export web build	2026-10-10T15:45:25.2407523Z Web Bundled 14316ms index.ts (1183 modules)
Verify	Export web build	2026-10-10T15:45:25.5451022Z 
Verify	Export web build	2026-10-10T15:45:25.5459209Z › Assets (19):
Verify	Export web build	2026-10-10T15:45:25.5521109Z node_modules/@expo/vector-icons/build/vendor/react-native-vector-icons/Fonts/MaterialCommunityIcons.6e435534bd35da5fef04168860a9b8fa.ttf (1.3MB)
Verify	Export web build	2026-10-10T15:45:25.5522408Z node_modules/expo-router/assets/arrow_down.017bc6ba3fc25503e5eb5e53826d48a8.png (9.5KB)
Verify	Export web build	2026-10-10T15:45:25.5522983Z node_modules/expo-router/assets/error.d1ea1496f9057eb392d5bbf3732a61b7.png (469B)
Verify	Export web build	2026-10-10T15:45:25.5523903Z node_modules/expo-router/assets/file.19eeb73b9593a38f8e9f418337fc7d10.png (138B)
Verify	Export web build	2026-10-10T15:45:25.5524763Z node_modules/expo-router/assets/forward.d8b800c443b8972542883e0b9de2bdc6.png (188B)
Verify	Export web build	2026-10-10T15:45:25.5525653Z node_modules/expo-router/assets/pkg.ab19f4cbc543357183a20571f68380a3.png (364B)
Verify	Export web build	2026-10-10T15:45:25.5526366Z node_modules/expo-router/assets/react-navigation/elements/back-icon-mask.0a328cd9c1afd0afe8e3b1ec5165b1b4.png (653B)
Verify	Export web build	2026-10-10T15:45:25.5527230Z node_modules/expo-router/assets/react-navigation/elements/back-icon.35ba0eaec5a4f5ed12ca16fabeae451d.png (207B)
Verify	Export web build	2026-10-10T15:45:25.5528144Z node_modules/expo-router/assets/react-navigation/elements/clear-icon.c94f6478e7ae0cdd9f15de1fcb9e5e55.png (4 variations | 425B)
Verify	Export web build	2026-10-10T15:45:25.5533314Z node_modules/expo-router/assets/react-navigation/elements/close-icon.808e1b1b9b53114ec2838071a7e6daa7.png (4 variations | 235B)
Verify	Export web build	2026-10-10T15:45:25.5534770Z node_modules/expo-router/assets/react-navigation/elements/search-icon.286d67d3f74808a60a78d3ebf1a5fb57.png (928B)
Verify	Export web build	2026-10-10T15:45:25.5535805Z node_modules/expo-router/assets/sitemap.412dd9275b6b48ad28f5e3d81bb1f626.png (465B)
Verify	Export web build	2026-10-10T15:45:25.5551858Z node_modules/expo-router/assets/unmatched.20e71bdf79e3a97bf55fd9e164041578.png (4.8KB)
Verify	Export web build	2026-10-10T15:45:25.5552389Z 
Verify	Export web build	2026-10-10T15:45:25.5552728Z › web bundles (1):
Verify	Export web build	2026-10-10T15:45:25.5568856Z _expo/static/js/web/index-e79d08adafa41d54c82f69bc0650575c.js (2.3MB)
Verify	Export web build	2026-10-10T15:45:25.5569232Z 
Verify	Export web build	2026-10-10T15:45:25.5569713Z › Files (3):
Verify	Export web build	2026-10-10T15:45:25.5570404Z favicon.ico (15KB)
Verify	Export web build	2026-10-10T15:45:25.5570870Z index.html (1.2KB)
Verify	Export web build	2026-10-10T15:45:25.5571115Z metadata.json (49B)
Verify	Export web build	2026-10-10T15:45:25.5649810Z 
Verify	Export web build	2026-10-10T15:45:25.5652475Z Exported: dist
Verify	Check docs (snippets compile, paths and scripts exist)	﻿2026-10-10T15:45:25.7098356Z ##[group]Run npm install --no-save zustand@5 @reduxjs/toolkit@2 react-redux@9 jotai@3 @tanstack/react-query@5
Verify	Check docs (snippets compile, paths and scripts exist)	2026-10-10T15:45:25.7099360Z ^[[36;1mnpm install --no-save zustand@5 @reduxjs/toolkit@2 react-redux@9 jotai@3 @tanstack/react-query@5^[[0m
Verify	Check docs (snippets compile, paths and scripts exist)	2026-10-10T15:45:25.7099999Z ^[[36;1mnpm run docs:check^[[0m
Verify	Check docs (snippets compile, paths and scripts exist)	2026-10-10T15:45:25.7174283Z shell: /usr/bin/bash -e {0}
Verify	Check docs (snippets compile, paths and scripts exist)	2026-10-10T15:45:25.7174522Z ##[endgroup]
Verify	Check docs (snippets compile, paths and scripts exist)	2026-10-10T15:45:28.4504495Z 
Verify	Check docs (snippets compile, paths and scripts exist)	2026-10-10T15:45:28.4505454Z added 14 packages, and audited 1082 packages in 3s
Verify	Check docs (snippets compile, paths and scripts exist)	2026-10-10T15:45:28.4505837Z 
Verify	Check docs (snippets compile, paths and scripts exist)	2026-10-10T15:45:28.4506032Z 183 packages are looking for funding
Verify	Check docs (snippets compile, paths and scripts exist)	2026-10-10T15:45:28.4506499Z   run `npm fund` for details
Verify	Check docs (snippets compile, paths and scripts exist)	2026-10-10T15:45:28.5962493Z 
Verify	Check docs (snippets compile, paths and scripts exist)	2026-10-10T15:45:28.5963238Z 65 vulnerabilities (16 moderate, 49 high)
Verify	Check docs (snippets compile, paths and scripts exist)	2026-10-10T15:45:28.5963581Z 
Verify	Check docs (snippets compile, paths and scripts exist)	2026-10-10T15:45:28.5963893Z To address all issues (including breaking changes), run:
Verify	Check docs (snippets compile, paths and scripts exist)	2026-10-10T15:45:28.5964878Z   npm audit fix --force
Verify	Check docs (snippets compile, paths and scripts exist)	2026-10-10T15:45:28.5965085Z 
Verify	Check docs (snippets compile, paths and scripts exist)	2026-10-10T15:45:28.5965240Z Run `npm audit` for details.
Verify	Check docs (snippets compile, paths and scripts exist)	2026-10-10T15:45:28.6983946Z 
Verify	Check docs (snippets compile, paths and scripts exist)	2026-10-10T15:45:28.6984517Z > react-native-starter@1.0.0 docs:check
Verify	Check docs (snippets compile, paths and scripts exist)	2026-10-10T15:45:28.6984945Z > node scripts/check-docs.js
Verify	Check docs (snippets compile, paths and scripts exist)	2026-10-10T15:45:28.6985099Z 
Verify	Check docs (snippets compile, paths and scripts exist)	2026-10-10T15:45:30.5043365Z Checked 22 files: 38 TypeScript snippets compiled with tsc.
Verify	Check docs (snippets compile, paths and scripts exist)	2026-10-10T15:45:30.5043899Z No problems.
Verify	Post Set up Node.js	﻿2026-10-10T15:45:30.5223517Z Post job cleanup.
Verify	Post Set up Node.js	2026-10-10T15:45:30.6202225Z (node:3096) [DEP0040] DeprecationWarning: The `punycode` module is deprecated. Please use a userland alternative instead.
Verify	Post Set up Node.js	2026-10-10T15:45:30.6202942Z (Use `node --trace-deprecation ...` to show where the warning was created)
Verify	Post Set up Node.js	2026-10-10T15:45:30.6204841Z Cache hit occurred on the primary key node-cache-Linux-x64-npm-10f9dc59c99c82563481e37a50745bae137261a45ffc8c4ba105eb544b91396b, not saving cache.
Verify	Post Check out repository	﻿2026-10-10T15:45:30.6331465Z Post job cleanup.
Verify	Post Check out repository	2026-10-10T15:45:30.7011100Z [command]/usr/bin/git version
Verify	Post Check out repository	2026-10-10T15:45:30.7046999Z git version 2.55.0
Verify	Post Check out repository	2026-10-10T15:45:30.7076003Z Temporarily overriding HOME='/home/runner/work/_temp/f1c6d52d-53ed-41ac-accc-9a060eebfa54' before making global git config changes
Verify	Post Check out repository	2026-10-10T15:45:30.7077248Z Adding repository directory to the temporary git global config as a safe directory
Verify	Post Check out repository	2026-10-10T15:45:30.7080286Z [command]/usr/bin/git config --global --add safe.directory /home/runner/work/react-native-starter/react-native-starter
Verify	Post Check out repository	2026-10-10T15:45:30.7111376Z [command]/usr/bin/git config --local --name-only --get-regexp core\.sshCommand
Verify	Post Check out repository	2026-10-10T15:45:30.7139319Z [command]/usr/bin/git submodule foreach --recursive sh -c "git config --local --name-only --get-regexp 'core\.sshCommand' && git config --local --unset-all 'core.sshCommand' || :"
Verify	Post Check out repository	2026-10-10T15:45:30.7362713Z [command]/usr/bin/git config --local --name-only --get-regexp http\.https\:\/\/github\.com\/\.extraheader
Verify	Post Check out repository	2026-10-10T15:45:30.7385820Z http.https://github.com/.extraheader
Verify	Post Check out repository	2026-10-10T15:45:30.7393925Z [command]/usr/bin/git config --local --unset-all http.https://github.com/.extraheader
Verify	Post Check out repository	2026-10-10T15:45:30.7425534Z [command]/usr/bin/git submodule foreach --recursive sh -c "git config --local --name-only --get-regexp 'http\.https\:\/\/github\.com\/\.extraheader' && git config --local --unset-all 'http.https://github.com/.extraheader' || :"
Verify	Post Check out repository	2026-10-10T15:45:30.7633567Z [command]/usr/bin/git config --local --name-only --get-regexp ^includeIf\.gitdir:
Verify	Post Check out repository	2026-10-10T15:45:30.7667245Z [command]/usr/bin/git submodule foreach --recursive git config --local --show-origin --name-only --get-regexp remote.origin.url
Verify	Complete job	﻿2026-10-10T15:45:30.8011503Z Cleaning up orphan processes
Verify	Complete job	2026-10-10T15:45:30.8285237Z ##[warning]Node.js 20 is deprecated. The following actions target Node.js 20 but are being forced to run on Node.js 24: actions/checkout@v4, actions/setup-node@v4. For more information see: https://github.blog/changelog/2025-09-19-deprecation-of-node-20-on-github-actions-runners/
