Verify	Set up job	﻿2026-10-10T06:41:48.0407153Z Current runner version: '2.337.0'
Verify	Set up job	2026-10-10T06:41:48.0442674Z ##[group]Runner Image Provisioner
Verify	Set up job	2026-10-10T06:41:48.0444288Z Hosted Compute Agent
Verify	Set up job	2026-10-10T06:41:48.0445289Z Version: 20261002.596
Verify	Set up job	2026-10-10T06:41:48.0446307Z Commit: c3d12f3313a95f25162a1503be624f3b0617f8c0
Verify	Set up job	2026-10-10T06:41:48.0447676Z Build Date: 2026-10-02T22:28:27Z
Verify	Set up job	2026-10-10T06:41:48.0448827Z Worker ID: {a1637135-68aa-4bd4-aa56-b98c6cd679d3}
Verify	Set up job	2026-10-10T06:41:48.0450055Z Region: eastus
Verify	Set up job	2026-10-10T06:41:48.0450954Z Cloud: Azure
Verify	Set up job	2026-10-10T06:41:48.0452316Z ##[endgroup]
Verify	Set up job	2026-10-10T06:41:48.0454670Z ##[group]Operating System
Verify	Set up job	2026-10-10T06:41:48.0455711Z Ubuntu
Verify	Set up job	2026-10-10T06:41:48.0457056Z 24.04.5
Verify	Set up job	2026-10-10T06:41:48.0457910Z LTS
Verify	Set up job	2026-10-10T06:41:48.0458829Z ##[endgroup]
Verify	Set up job	2026-10-10T06:41:48.0459885Z ##[group]Runner Image
Verify	Set up job	2026-10-10T06:41:48.0460807Z Image: ubuntu-24.04
Verify	Set up job	2026-10-10T06:41:48.0462105Z Version: 20261004.327.1
Verify	Set up job	2026-10-10T06:41:48.0463969Z Included Software: https://github.com/actions/runner-images/blob/ubuntu24/20261004.327/images/ubuntu/Ubuntu2404-Readme.md
Verify	Set up job	2026-10-10T06:41:48.0466983Z Image Release: https://github.com/actions/runner-images/releases/tag/ubuntu24%2F20261004.327
Verify	Set up job	2026-10-10T06:41:48.0468647Z ##[endgroup]
Verify	Set up job	2026-10-10T06:41:48.0470666Z ##[group]GITHUB_TOKEN Permissions
Verify	Set up job	2026-10-10T06:41:48.0473928Z Contents: read
Verify	Set up job	2026-10-10T06:41:48.0474934Z Metadata: read
Verify	Set up job	2026-10-10T06:41:48.0475798Z ##[endgroup]
Verify	Set up job	2026-10-10T06:41:48.0478767Z Secret source: Actions
Verify	Set up job	2026-10-10T06:41:48.0480223Z Cache mode: write
Verify	Set up job	2026-10-10T06:41:48.0482055Z Prepare workflow directory
Verify	Set up job	2026-10-10T06:41:48.0953773Z Prepare all required actions
Verify	Set up job	2026-10-10T06:41:48.1024937Z Getting action download info
Verify	Set up job	2026-10-10T06:41:48.2903461Z Download action repository 'actions/checkout@v4' (SHA:11d5960a326750d5838078e36cf38b85af677262)
Verify	Set up job	2026-10-10T06:41:48.3927252Z Download action repository 'actions/setup-node@v4' (SHA:49933ea5288caeca8642d1e84afbd3f7d6820020)
Verify	Set up job	2026-10-10T06:41:48.5894385Z Complete job name: Verify
Verify	Check out repository	﻿2026-10-10T06:41:48.6681902Z ##[group]Run actions/checkout@v4
Verify	Check out repository	2026-10-10T06:41:48.6682853Z with:
Verify	Check out repository	2026-10-10T06:41:48.6683334Z   repository: koniz-dev/react-native-starter
Verify	Check out repository	2026-10-10T06:41:48.6687046Z   token: ***
Verify	Check out repository	2026-10-10T06:41:48.6687464Z   ssh-strict: true
Verify	Check out repository	2026-10-10T06:41:48.6687905Z   ssh-user: git
Verify	Check out repository	2026-10-10T06:41:48.6688341Z   persist-credentials: true
Verify	Check out repository	2026-10-10T06:41:48.6688821Z   clean: true
Verify	Check out repository	2026-10-10T06:41:48.6689254Z   sparse-checkout-cone-mode: true
Verify	Check out repository	2026-10-10T06:41:48.6689776Z   fetch-depth: 1
Verify	Check out repository	2026-10-10T06:41:48.6690194Z   fetch-tags: false
Verify	Check out repository	2026-10-10T06:41:48.6690621Z   show-progress: true
Verify	Check out repository	2026-10-10T06:41:48.6691050Z   lfs: false
Verify	Check out repository	2026-10-10T06:41:48.6691451Z   submodules: false
Verify	Check out repository	2026-10-10T06:41:48.6692087Z   set-safe-directory: true
Verify	Check out repository	2026-10-10T06:41:48.6692591Z   allow-unsafe-pr-checkout: false
Verify	Check out repository	2026-10-10T06:41:48.6693352Z ##[endgroup]
Verify	Check out repository	2026-10-10T06:41:48.7719469Z Syncing repository: koniz-dev/react-native-starter
Verify	Check out repository	2026-10-10T06:41:48.7722440Z ##[group]Getting Git version info
Verify	Check out repository	2026-10-10T06:41:48.7724023Z Working directory is '/home/runner/work/react-native-starter/react-native-starter'
Verify	Check out repository	2026-10-10T06:41:48.7725987Z [command]/usr/bin/git version
Verify	Check out repository	2026-10-10T06:41:48.7819807Z git version 2.55.0
Verify	Check out repository	2026-10-10T06:41:48.7843234Z ##[endgroup]
Verify	Check out repository	2026-10-10T06:41:48.7858913Z Temporarily overriding HOME='/home/runner/work/_temp/4903dc77-5816-4496-980b-5467d479a9e4' before making global git config changes
Verify	Check out repository	2026-10-10T06:41:48.7861122Z Adding repository directory to the temporary git global config as a safe directory
Verify	Check out repository	2026-10-10T06:41:48.7865386Z [command]/usr/bin/git config --global --add safe.directory /home/runner/work/react-native-starter/react-native-starter
Verify	Check out repository	2026-10-10T06:41:48.7918506Z Deleting the contents of '/home/runner/work/react-native-starter/react-native-starter'
Verify	Check out repository	2026-10-10T06:41:48.7924522Z ##[group]Initializing the repository
Verify	Check out repository	2026-10-10T06:41:48.7929902Z [command]/usr/bin/git init /home/runner/work/react-native-starter/react-native-starter
Verify	Check out repository	2026-10-10T06:41:48.8037034Z hint: Using 'master' as the name for the initial branch. This default branch name
Verify	Check out repository	2026-10-10T06:41:48.8038744Z hint: will change to "main" in Git 3.0. To configure the initial branch name
Verify	Check out repository	2026-10-10T06:41:48.8039706Z hint: to use in all of your new repositories, which will suppress this warning,
Verify	Check out repository	2026-10-10T06:41:48.8040463Z hint: call:
Verify	Check out repository	2026-10-10T06:41:48.8040869Z hint:
Verify	Check out repository	2026-10-10T06:41:48.8041384Z hint: 	git config --global init.defaultBranch <name>
Verify	Check out repository	2026-10-10T06:41:48.8042173Z hint:
Verify	Check out repository	2026-10-10T06:41:48.8042771Z hint: Names commonly chosen instead of 'master' are 'main', 'trunk' and
Verify	Check out repository	2026-10-10T06:41:48.8043703Z hint: 'development'. The just-created branch can be renamed via this command:
Verify	Check out repository	2026-10-10T06:41:48.8044443Z hint:
Verify	Check out repository	2026-10-10T06:41:48.8044863Z hint: 	git branch -m <name>
Verify	Check out repository	2026-10-10T06:41:48.8045344Z hint:
Verify	Check out repository	2026-10-10T06:41:48.8045968Z hint: Disable this message with "git config set advice.defaultBranchName false"
Verify	Check out repository	2026-10-10T06:41:48.8050731Z Initialized empty Git repository in /home/runner/work/react-native-starter/react-native-starter/.git/
Verify	Check out repository	2026-10-10T06:41:48.8061295Z [command]/usr/bin/git remote add origin https://github.com/koniz-dev/react-native-starter
Verify	Check out repository	2026-10-10T06:41:48.8113868Z ##[endgroup]
Verify	Check out repository	2026-10-10T06:41:48.8115211Z ##[group]Disabling automatic garbage collection
Verify	Check out repository	2026-10-10T06:41:48.8117625Z [command]/usr/bin/git config --local gc.auto 0
Verify	Check out repository	2026-10-10T06:41:48.8150622Z ##[endgroup]
Verify	Check out repository	2026-10-10T06:41:48.8152342Z ##[group]Setting up auth
Verify	Check out repository	2026-10-10T06:41:48.8163070Z [command]/usr/bin/git config --local --name-only --get-regexp core\.sshCommand
Verify	Check out repository	2026-10-10T06:41:48.8199762Z [command]/usr/bin/git submodule foreach --recursive sh -c "git config --local --name-only --get-regexp 'core\.sshCommand' && git config --local --unset-all 'core.sshCommand' || :"
Verify	Check out repository	2026-10-10T06:41:48.8612778Z [command]/usr/bin/git config --local --name-only --get-regexp http\.https\:\/\/github\.com\/\.extraheader
Verify	Check out repository	2026-10-10T06:41:48.8658976Z [command]/usr/bin/git submodule foreach --recursive sh -c "git config --local --name-only --get-regexp 'http\.https\:\/\/github\.com\/\.extraheader' && git config --local --unset-all 'http.https://github.com/.extraheader' || :"
Verify	Check out repository	2026-10-10T06:41:48.8888316Z [command]/usr/bin/git config --local --name-only --get-regexp ^includeIf\.gitdir:
Verify	Check out repository	2026-10-10T06:41:48.8923578Z [command]/usr/bin/git submodule foreach --recursive git config --local --show-origin --name-only --get-regexp remote.origin.url
Verify	Check out repository	2026-10-10T06:41:48.9148140Z [command]/usr/bin/git config --local http.https://github.com/.extraheader AUTHORIZATION: basic ***
Verify	Check out repository	2026-10-10T06:41:48.9189086Z ##[endgroup]
Verify	Check out repository	2026-10-10T06:41:48.9190534Z ##[group]Fetching the repository
Verify	Check out repository	2026-10-10T06:41:48.9201471Z [command]/usr/bin/git -c protocol.version=2 fetch --no-tags --prune --no-recurse-submodules --depth=1 origin +f3f4bd7bb2e8080c3c2b8fad0eef3cc8c9c8ac69:refs/remotes/origin/main
Verify	Check out repository	2026-10-10T06:41:49.5644489Z From https://github.com/koniz-dev/react-native-starter
Verify	Check out repository	2026-10-10T06:41:49.5653861Z  * [new ref]         f3f4bd7bb2e8080c3c2b8fad0eef3cc8c9c8ac69 -> origin/main
Verify	Check out repository	2026-10-10T06:41:49.5658064Z ##[endgroup]
Verify	Check out repository	2026-10-10T06:41:49.5659992Z ##[group]Determining the checkout info
Verify	Check out repository	2026-10-10T06:41:49.5662648Z ##[endgroup]
Verify	Check out repository	2026-10-10T06:41:49.5663896Z [command]/usr/bin/git sparse-checkout disable
Verify	Check out repository	2026-10-10T06:41:49.5720913Z [command]/usr/bin/git config --local --unset-all extensions.worktreeConfig
Verify	Check out repository	2026-10-10T06:41:49.5756290Z ##[group]Checking out the ref
Verify	Check out repository	2026-10-10T06:41:49.5760179Z [command]/usr/bin/git checkout --progress --force -B main refs/remotes/origin/main
Verify	Check out repository	2026-10-10T06:41:49.6770891Z Switched to a new branch 'main'
Verify	Check out repository	2026-10-10T06:41:49.6775699Z branch 'main' set up to track 'origin/main'.
Verify	Check out repository	2026-10-10T06:41:49.6785776Z ##[endgroup]
Verify	Check out repository	2026-10-10T06:41:49.6834025Z [command]/usr/bin/git log -1 --format=%H
Verify	Check out repository	2026-10-10T06:41:49.6860406Z f3f4bd7bb2e8080c3c2b8fad0eef3cc8c9c8ac69
Verify	Set up Node.js	﻿2026-10-10T06:41:49.7233740Z ##[group]Run actions/setup-node@v4
Verify	Set up Node.js	2026-10-10T06:41:49.7235030Z with:
Verify	Set up Node.js	2026-10-10T06:41:49.7235995Z   node-version-file: .nvmrc
Verify	Set up Node.js	2026-10-10T06:41:49.7237104Z   cache: npm
Verify	Set up Node.js	2026-10-10T06:41:49.7238071Z   always-auth: false
Verify	Set up Node.js	2026-10-10T06:41:49.7239126Z   check-latest: false
Verify	Set up Node.js	2026-10-10T06:41:49.7248029Z   token: ***
Verify	Set up Node.js	2026-10-10T06:41:49.7249020Z ##[endgroup]
Verify	Set up Node.js	2026-10-10T06:41:49.8609780Z Resolved .nvmrc as 24
Verify	Set up Node.js	2026-10-10T06:41:49.8669256Z Found in cache @ /opt/hostedtoolcache/node/24.21.0/x64
Verify	Set up Node.js	2026-10-10T06:41:49.8673855Z (node:2293) [DEP0040] DeprecationWarning: The `punycode` module is deprecated. Please use a userland alternative instead.
Verify	Set up Node.js	2026-10-10T06:41:49.8678663Z (Use `node --trace-deprecation ...` to show where the warning was created)
Verify	Set up Node.js	2026-10-10T06:41:49.8683019Z ##[group]Environment details
Verify	Set up Node.js	2026-10-10T06:41:50.2696538Z node: v24.21.0
Verify	Set up Node.js	2026-10-10T06:41:50.2697165Z npm: 11.19.0
Verify	Set up Node.js	2026-10-10T06:41:50.2697727Z yarn: 1.22.22
Verify	Set up Node.js	2026-10-10T06:41:50.2698798Z ##[endgroup]
Verify	Set up Node.js	2026-10-10T06:41:50.2761485Z [command]/opt/hostedtoolcache/node/24.21.0/x64/bin/npm config get cache
Verify	Set up Node.js	2026-10-10T06:41:50.4051144Z /home/runner/.npm
Verify	Set up Node.js	2026-10-10T06:41:50.4727194Z Cache hit for: node-cache-Linux-x64-npm-10f9dc59c99c82563481e37a50745bae137261a45ffc8c4ba105eb544b91396b
Verify	Set up Node.js	2026-10-10T06:41:50.4833776Z (node:2293) [DEP0169] DeprecationWarning: `url.parse()` behavior is not standardized and prone to errors that have security implications. Use the WHATWG URL API instead. CVEs are not issued for `url.parse()` vulnerabilities.
Verify	Set up Node.js	2026-10-10T06:41:51.2016744Z Received 156509062 of 156509062 (100.0%), 217.6 MBs/sec
Verify	Set up Node.js	2026-10-10T06:41:51.2017989Z Cache Size: ~149 MB (156509062 B)
Verify	Set up Node.js	2026-10-10T06:41:51.2077821Z [command]/usr/bin/tar -xf /home/runner/work/_temp/9d0cb1d7-ecb7-46c5-9dbb-a3989c8a1854/cache.tzst -P -C /home/runner/work/react-native-starter/react-native-starter --use-compress-program unzstd
Verify	Set up Node.js	2026-10-10T06:41:51.7052782Z Cache restored successfully
Verify	Set up Node.js	2026-10-10T06:41:51.7128720Z Cache restored from key: node-cache-Linux-x64-npm-10f9dc59c99c82563481e37a50745bae137261a45ffc8c4ba105eb544b91396b
Verify	Install dependencies	﻿2026-10-10T06:41:51.7324573Z ##[group]Run npm ci
Verify	Install dependencies	2026-10-10T06:41:51.7324901Z ^[[36;1mnpm ci^[[0m
Verify	Install dependencies	2026-10-10T06:41:51.7600634Z shell: /usr/bin/bash -e {0}
Verify	Install dependencies	2026-10-10T06:41:51.7600953Z ##[endgroup]
Verify	Install dependencies	2026-10-10T06:41:56.2530965Z npm warn deprecated inflight@1.0.6: This module is not supported, and leaks memory. Do not use it. Check out lru-cache if you want a good and tested way to coalesce async requests by a key value, which is much more comprehensive and powerful.
Verify	Install dependencies	2026-10-10T06:41:56.5059640Z npm warn deprecated abab@2.0.6: Use your platform's native atob() and btoa() methods instead
Verify	Install dependencies	2026-10-10T06:41:56.5434351Z npm warn deprecated glob@7.2.3: Glob versions prior to v9 are no longer supported
Verify	Install dependencies	2026-10-10T06:41:56.5454781Z npm warn deprecated glob@7.2.3: Glob versions prior to v9 are no longer supported
Verify	Install dependencies	2026-10-10T06:41:56.5460228Z npm warn deprecated glob@7.2.3: Glob versions prior to v9 are no longer supported
Verify	Install dependencies	2026-10-10T06:41:56.5480105Z npm warn deprecated glob@7.2.3: Glob versions prior to v9 are no longer supported
Verify	Install dependencies	2026-10-10T06:41:56.8581143Z npm warn deprecated domexception@4.0.0: Use your platform's native DOMException instead
Verify	Install dependencies	2026-10-10T06:41:57.9738347Z npm warn deprecated uuid@7.0.3: uuid@10 and below is no longer supported.  For ESM codebases, update to uuid@latest.  For CommonJS codebases, use uuid@11 (but be aware this version will likely be deprecated in 2028).
Verify	Install dependencies	2026-10-10T06:42:11.3377425Z 
Verify	Install dependencies	2026-10-10T06:42:11.3378270Z added 1067 packages, and audited 1068 packages in 20s
Verify	Install dependencies	2026-10-10T06:42:11.3378868Z 
Verify	Install dependencies	2026-10-10T06:42:11.3379733Z 180 packages are looking for funding
Verify	Install dependencies	2026-10-10T06:42:11.3380653Z   run `npm fund` for details
Verify	Install dependencies	2026-10-10T06:42:11.5080622Z 
Verify	Install dependencies	2026-10-10T06:42:11.5081960Z 65 vulnerabilities (16 moderate, 49 high)
Verify	Install dependencies	2026-10-10T06:42:11.5082490Z 
Verify	Install dependencies	2026-10-10T06:42:11.5083014Z To address all issues (including breaking changes), run:
Verify	Install dependencies	2026-10-10T06:42:11.5083822Z   npm audit fix --force
Verify	Install dependencies	2026-10-10T06:42:11.5084206Z 
Verify	Install dependencies	2026-10-10T06:42:11.5084488Z Run `npm audit` for details.
Verify	Lint	﻿2026-10-10T06:42:11.6074059Z ##[group]Run npm run lint
Verify	Lint	2026-10-10T06:42:11.6074395Z ^[[36;1mnpm run lint^[[0m
Verify	Lint	2026-10-10T06:42:11.6149427Z shell: /usr/bin/bash -e {0}
Verify	Lint	2026-10-10T06:42:11.6149728Z ##[endgroup]
Verify	Lint	2026-10-10T06:42:11.7206933Z 
Verify	Lint	2026-10-10T06:42:11.7207852Z > react-native-starter@1.0.0 lint
Verify	Lint	2026-10-10T06:42:11.7208545Z > eslint . --max-warnings 0
Verify	Lint	2026-10-10T06:42:11.7208930Z 
Verify	Check formatting	﻿2026-10-10T06:42:18.7721213Z ##[group]Run npm run format:check
Verify	Check formatting	2026-10-10T06:42:18.7722276Z ^[[36;1mnpm run format:check^[[0m
Verify	Check formatting	2026-10-10T06:42:18.7785291Z shell: /usr/bin/bash -e {0}
Verify	Check formatting	2026-10-10T06:42:18.7785565Z ##[endgroup]
Verify	Check formatting	2026-10-10T06:42:18.8794302Z 
Verify	Check formatting	2026-10-10T06:42:18.8795018Z > react-native-starter@1.0.0 format:check
Verify	Check formatting	2026-10-10T06:42:18.8795620Z > prettier --check "**/*.{ts,tsx,js,jsx,json,md}"
Verify	Check formatting	2026-10-10T06:42:18.8795900Z 
Verify	Check formatting	2026-10-10T06:42:18.9664874Z Checking formatting...
Verify	Check formatting	2026-10-10T06:42:21.0654173Z All matched files use Prettier code style!
Verify	Type-check	﻿2026-10-10T06:42:21.1050103Z ##[group]Run npm run type-check
Verify	Type-check	2026-10-10T06:42:21.1050566Z ^[[36;1mnpm run type-check^[[0m
Verify	Type-check	2026-10-10T06:42:21.1115009Z shell: /usr/bin/bash -e {0}
Verify	Type-check	2026-10-10T06:42:21.1115446Z ##[endgroup]
Verify	Type-check	2026-10-10T06:42:21.2138920Z 
Verify	Type-check	2026-10-10T06:42:21.2139459Z > react-native-starter@1.0.0 type-check
Verify	Type-check	2026-10-10T06:42:21.2140248Z > tsc --noEmit
Verify	Type-check	2026-10-10T06:42:21.2140502Z 
Verify	Run Jest tests	﻿2026-10-10T06:42:24.2774819Z ##[group]Run npm run test:ci
Verify	Run Jest tests	2026-10-10T06:42:24.2775339Z ^[[36;1mnpm run test:ci^[[0m
Verify	Run Jest tests	2026-10-10T06:42:24.2837475Z shell: /usr/bin/bash -e {0}
Verify	Run Jest tests	2026-10-10T06:42:24.2837879Z ##[endgroup]
Verify	Run Jest tests	2026-10-10T06:42:24.3830184Z 
Verify	Run Jest tests	2026-10-10T06:42:24.3830874Z > react-native-starter@1.0.0 test:ci
Verify	Run Jest tests	2026-10-10T06:42:24.3831878Z > jest --coverage
Verify	Run Jest tests	2026-10-10T06:42:24.3832165Z 
Verify	Run Jest tests	2026-10-10T06:42:29.1376317Z PASS __tests__/shared/lib/logger.test.ts
Verify	Run Jest tests	2026-10-10T06:42:29.4578021Z PASS __tests__/shared/session/authService.test.ts
Verify	Run Jest tests	2026-10-10T06:42:29.7913027Z PASS __tests__/shared/config/env.test.ts
Verify	Run Jest tests	2026-10-10T06:42:31.1223041Z PASS __tests__/shared/lib/useFetch.test.tsx
Verify	Run Jest tests	2026-10-10T06:42:31.4243332Z PASS __tests__/shared/http/api.test.ts
Verify	Run Jest tests	2026-10-10T06:42:31.4392813Z   ● Console
Verify	Run Jest tests	2026-10-10T06:42:31.4393313Z 
Verify	Run Jest tests	2026-10-10T06:42:31.4393809Z     console.warn
Verify	Run Jest tests	2026-10-10T06:42:31.4394487Z       API request failed: server (503)
Verify	Run Jest tests	2026-10-10T06:42:31.4395026Z 
Verify	Run Jest tests	2026-10-10T06:42:31.4396576Z     ^[[0m ^[[90m 129 |^[[39m     ^[[36mconst^[[39m args ^[[33m=^[[39m [message^[[33m,^[[39m ^[[33m...^[[39mdetails^[[33m.^[[39mfilter(item ^[[33m=>^[[39m item ^[[33m!==^[[39m undefined)]^[[33m;^[[39m
Verify	Run Jest tests	2026-10-10T06:42:31.4398813Z      ^[[90m 130 |^[[39m     ^[[36mif^[[39m (level ^[[33m===^[[39m ^[[32m'error'^[[39m) console^[[33m.^[[39merror(^[[33m...^[[39margs)^[[33m;^[[39m
Verify	Run Jest tests	2026-10-10T06:42:31.4400885Z     ^[[31m^[[1m>^[[22m^[[39m^[[90m 131 |^[[39m     ^[[36melse^[[39m ^[[36mif^[[39m (level ^[[33m===^[[39m ^[[32m'warn'^[[39m) console^[[33m.^[[39mwarn(^[[33m...^[[39margs)^[[33m;^[[39m
Verify	Run Jest tests	2026-10-10T06:42:31.4402764Z      ^[[90m     |^[[39m                                        ^[[31m^[[1m^^[[22m^[[39m
Verify	Run Jest tests	2026-10-10T06:42:31.4404359Z      ^[[90m 132 |^[[39m     ^[[36melse^[[39m ^[[36mif^[[39m (level ^[[33m===^[[39m ^[[32m'info'^[[39m) console^[[33m.^[[39minfo(^[[33m...^[[39margs)^[[33m;^[[39m
Verify	Run Jest tests	2026-10-10T06:42:31.4406064Z      ^[[90m 133 |^[[39m     ^[[36melse^[[39m console^[[33m.^[[39mdebug(^[[33m...^[[39margs)^[[33m;^[[39m
Verify	Run Jest tests	2026-10-10T06:42:31.4407209Z      ^[[90m 134 |^[[39m   }^[[33m;^[[39m^[[0m
Verify	Run Jest tests	2026-10-10T06:42:31.4407758Z 
Verify	Run Jest tests	2026-10-10T06:42:31.4408199Z       at warn (shared/lib/logger.ts:131:40)
Verify	Run Jest tests	2026-10-10T06:42:31.4409131Z       at Object.write [as warn] (shared/lib/logger.ts:142:33)
Verify	Run Jest tests	2026-10-10T06:42:31.4410081Z       at warn (shared/http/httpClient.ts:139:12)
Verify	Run Jest tests	2026-10-10T06:42:31.4411229Z       at asyncGeneratorStep (node_modules/@babel/runtime/helpers/asyncToGenerator.js:3:17)
Verify	Run Jest tests	2026-10-10T06:42:31.4412800Z       at _next (node_modules/@babel/runtime/helpers/asyncToGenerator.js:17:9)
Verify	Run Jest tests	2026-10-10T06:42:31.4413943Z       at node_modules/@babel/runtime/helpers/asyncToGenerator.js:22:7
Verify	Run Jest tests	2026-10-10T06:42:31.4442483Z       at node_modules/@babel/runtime/helpers/asyncToGenerator.js:14:12
Verify	Run Jest tests	2026-10-10T06:42:31.4472400Z       at apply (shared/http/httpClient.ts:145:4)
Verify	Run Jest tests	2026-10-10T06:42:31.4502439Z       at Axios.request (node_modules/axios/dist/browser/axios.cjs:5245:14)
Verify	Run Jest tests	2026-10-10T06:42:31.4503143Z 
Verify	Run Jest tests	2026-10-10T06:42:40.6526535Z PASS __tests__/shared/http/httpClient.test.ts (14.788 s)
Verify	Run Jest tests	2026-10-10T06:42:42.9392103Z PASS __tests__/shared/ui/ErrorBoundary.test.tsx (17.045 s)
Verify	Run Jest tests	2026-10-10T06:42:42.9765435Z   ● Console
Verify	Run Jest tests	2026-10-10T06:42:42.9766113Z 
Verify	Run Jest tests	2026-10-10T06:42:42.9766653Z     console.debug
Verify	Run Jest tests	2026-10-10T06:42:42.9767317Z       [analytics] screen /boom
Verify	Run Jest tests	2026-10-10T06:42:42.9767833Z 
Verify	Run Jest tests	2026-10-10T06:42:42.9768244Z       at debug (shared/lib/logger.ts:133:18)
Verify	Run Jest tests	2026-10-10T06:42:42.9768822Z 
Verify	Run Jest tests	2026-10-10T06:42:42.9769130Z     console.debug
Verify	Run Jest tests	2026-10-10T06:42:42.9769893Z       [analytics] screen /
Verify	Run Jest tests	2026-10-10T06:42:42.9770376Z 
Verify	Run Jest tests	2026-10-10T06:42:42.9770788Z       at debug (shared/lib/logger.ts:133:18)
Verify	Run Jest tests	2026-10-10T06:42:42.9771343Z 
Verify	Run Jest tests	2026-10-10T06:42:42.9771906Z     console.debug
Verify	Run Jest tests	2026-10-10T06:42:42.9772514Z       [analytics] screen /
Verify	Run Jest tests	2026-10-10T06:42:42.9772987Z 
Verify	Run Jest tests	2026-10-10T06:42:42.9773372Z       at debug (shared/lib/logger.ts:133:18)
Verify	Run Jest tests	2026-10-10T06:42:42.9773918Z 
Verify	Run Jest tests	2026-10-10T06:42:42.9774220Z     console.debug
Verify	Run Jest tests	2026-10-10T06:42:42.9774832Z       [analytics] screen /boom
Verify	Run Jest tests	2026-10-10T06:42:42.9775310Z 
Verify	Run Jest tests	2026-10-10T06:42:42.9775743Z       at debug (shared/lib/logger.ts:133:18)
Verify	Run Jest tests	2026-10-10T06:42:42.9776276Z 
Verify	Run Jest tests	2026-10-10T06:42:42.9777170Z     console.debug
Verify	Run Jest tests	2026-10-10T06:42:42.9777806Z       [analytics] screen /
Verify	Run Jest tests	2026-10-10T06:42:42.9778305Z 
Verify	Run Jest tests	2026-10-10T06:42:42.9778694Z       at debug (shared/lib/logger.ts:133:18)
Verify	Run Jest tests	2026-10-10T06:42:42.9779234Z 
Verify	Run Jest tests	2026-10-10T06:42:42.9779535Z     console.debug
Verify	Run Jest tests	2026-10-10T06:42:42.9780109Z       [analytics] screen /
Verify	Run Jest tests	2026-10-10T06:42:42.9780565Z 
Verify	Run Jest tests	2026-10-10T06:42:42.9780957Z       at debug (shared/lib/logger.ts:133:18)
Verify	Run Jest tests	2026-10-10T06:42:42.9781490Z 
Verify	Run Jest tests	2026-10-10T06:42:42.9782047Z     console.debug
Verify	Run Jest tests	2026-10-10T06:42:42.9782683Z       [analytics] screen /boom
Verify	Run Jest tests	2026-10-10T06:42:42.9783164Z 
Verify	Run Jest tests	2026-10-10T06:42:42.9783558Z       at debug (shared/lib/logger.ts:133:18)
Verify	Run Jest tests	2026-10-10T06:42:42.9784095Z 
Verify	Run Jest tests	2026-10-10T06:42:42.9784396Z     console.debug
Verify	Run Jest tests	2026-10-10T06:42:42.9784980Z       [analytics] screen /
Verify	Run Jest tests	2026-10-10T06:42:42.9785442Z 
Verify	Run Jest tests	2026-10-10T06:42:42.9785822Z       at debug (shared/lib/logger.ts:133:18)
Verify	Run Jest tests	2026-10-10T06:42:42.9786380Z 
Verify	Run Jest tests	2026-10-10T06:42:42.9786763Z     console.debug
Verify	Run Jest tests	2026-10-10T06:42:42.9787384Z       [analytics] screen /boom
Verify	Run Jest tests	2026-10-10T06:42:42.9787883Z 
Verify	Run Jest tests	2026-10-10T06:42:42.9788277Z       at debug (shared/lib/logger.ts:133:18)
Verify	Run Jest tests	2026-10-10T06:42:42.9788829Z 
Verify	Run Jest tests	2026-10-10T06:42:42.9789132Z     console.debug
Verify	Run Jest tests	2026-10-10T06:42:42.9789692Z       [analytics] screen /
Verify	Run Jest tests	2026-10-10T06:42:42.9790141Z 
Verify	Run Jest tests	2026-10-10T06:42:42.9790528Z       at debug (shared/lib/logger.ts:133:18)
Verify	Run Jest tests	2026-10-10T06:42:42.9791060Z 
Verify	Run Jest tests	2026-10-10T06:42:42.9791349Z     console.debug
Verify	Run Jest tests	2026-10-10T06:42:42.9792147Z       [analytics] screen /boom
Verify	Run Jest tests	2026-10-10T06:42:42.9792695Z 
Verify	Run Jest tests	2026-10-10T06:42:42.9793123Z       at debug (shared/lib/logger.ts:133:18)
Verify	Run Jest tests	2026-10-10T06:42:42.9793679Z 
Verify	Run Jest tests	2026-10-10T06:42:43.1229502Z PASS __tests__/shared/session/tokenStore.test.tsx (11.658 s)
Verify	Run Jest tests	2026-10-10T06:42:43.1492859Z   ● Console
Verify	Run Jest tests	2026-10-10T06:42:43.1522078Z 
Verify	Run Jest tests	2026-10-10T06:42:43.1522625Z     console.debug
Verify	Run Jest tests	2026-10-10T06:42:43.1551909Z       [analytics] screen /login
Verify	Run Jest tests	2026-10-10T06:42:43.1565572Z 
Verify	Run Jest tests	2026-10-10T06:42:43.1566054Z       at debug (shared/lib/logger.ts:133:18)
Verify	Run Jest tests	2026-10-10T06:42:43.1566688Z 
Verify	Run Jest tests	2026-10-10T06:42:43.1567096Z     console.debug
Verify	Run Jest tests	2026-10-10T06:42:43.1567702Z       [analytics] screen /
Verify	Run Jest tests	2026-10-10T06:42:43.1568155Z 
Verify	Run Jest tests	2026-10-10T06:42:43.1568596Z       at debug (shared/lib/logger.ts:133:18)
Verify	Run Jest tests	2026-10-10T06:42:43.1569097Z 
Verify	Run Jest tests	2026-10-10T06:42:43.1569434Z     console.debug
Verify	Run Jest tests	2026-10-10T06:42:43.1570079Z       [analytics] screen /login
Verify	Run Jest tests	2026-10-10T06:42:43.1570568Z 
Verify	Run Jest tests	2026-10-10T06:42:43.1570992Z       at debug (shared/lib/logger.ts:133:18)
Verify	Run Jest tests	2026-10-10T06:42:43.1571769Z 
Verify	Run Jest tests	2026-10-10T06:42:43.1572119Z     console.debug
Verify	Run Jest tests	2026-10-10T06:42:43.1572688Z       [analytics] screen /
Verify	Run Jest tests	2026-10-10T06:42:43.1573123Z 
Verify	Run Jest tests	2026-10-10T06:42:43.1573540Z       at debug (shared/lib/logger.ts:133:18)
Verify	Run Jest tests	2026-10-10T06:42:43.1574063Z 
Verify	Run Jest tests	2026-10-10T06:42:43.1574368Z     console.debug
Verify	Run Jest tests	2026-10-10T06:42:43.1574958Z       [analytics] screen /
Verify	Run Jest tests	2026-10-10T06:42:43.1575418Z 
Verify	Run Jest tests	2026-10-10T06:42:43.1575864Z       at debug (shared/lib/logger.ts:133:18)
Verify	Run Jest tests	2026-10-10T06:42:43.1576829Z 
Verify	Run Jest tests	2026-10-10T06:42:43.7282730Z PASS __tests__/features/auth/LoginScreen.test.tsx
Verify	Run Jest tests	2026-10-10T06:42:43.7342644Z   ● Console
Verify	Run Jest tests	2026-10-10T06:42:43.7354876Z 
Verify	Run Jest tests	2026-10-10T06:42:43.7372464Z     console.error
Verify	Run Jest tests	2026-10-10T06:42:43.7373254Z       An update to SessionProvider inside a test was not wrapped in act(...).
Verify	Run Jest tests	2026-10-10T06:42:43.7373881Z       
Verify	Run Jest tests	2026-10-10T06:42:43.7374653Z       When testing, code that causes React state updates should be wrapped into act(...):
Verify	Run Jest tests	2026-10-10T06:42:43.7375246Z       
Verify	Run Jest tests	2026-10-10T06:42:43.7375691Z       act(() => {
Verify	Run Jest tests	2026-10-10T06:42:43.7376262Z         /* fire events that update state */
Verify	Run Jest tests	2026-10-10T06:42:43.7376754Z       });
Verify	Run Jest tests	2026-10-10T06:42:43.7377265Z       /* assert on the output */
Verify	Run Jest tests	2026-10-10T06:42:43.7377732Z       
Verify	Run Jest tests	2026-10-10T06:42:43.7378894Z       This ensures that you're testing the behavior the user would see in the browser. Learn more at https://react.dev/link/wrap-tests-with-act
Verify	Run Jest tests	2026-10-10T06:42:43.7379922Z 
Verify	Run Jest tests	2026-10-10T06:42:43.7380989Z     ^[[0m ^[[90m 86 |^[[39m     readStoredSession()^[[33m.^[[39mthen(restored ^[[33m=>^[[39m {
Verify	Run Jest tests	2026-10-10T06:42:43.7393676Z      ^[[90m 87 |^[[39m       ^[[36mif^[[39m (^[[33m!^[[39mchangedRef^[[33m.^[[39mcurrent ^[[33m&&^[[39m isMountedRef^[[33m.^[[39mcurrent) {
Verify	Run Jest tests	2026-10-10T06:42:43.7395263Z     ^[[31m^[[1m>^[[22m^[[39m^[[90m 88 |^[[39m         setSession(restored)^[[33m;^[[39m
Verify	Run Jest tests	2026-10-10T06:42:43.7396389Z      ^[[90m    |^[[39m         ^[[31m^[[1m^^[[22m^[[39m
Verify	Run Jest tests	2026-10-10T06:42:43.7397242Z      ^[[90m 89 |^[[39m       }
Verify	Run Jest tests	2026-10-10T06:42:43.7398040Z      ^[[90m 90 |^[[39m     })^[[33m;^[[39m
Verify	Run Jest tests	2026-10-10T06:42:43.7399231Z      ^[[90m 91 |^[[39m     ^[[90m// The HTTP client has already cleared the stored session.^[[39m^[[0m
Verify	Run Jest tests	2026-10-10T06:42:43.7400037Z 
Verify	Run Jest tests	2026-10-10T06:42:43.7400802Z       at node_modules/react-test-renderer/cjs/react-test-renderer.development.js:14402:19
Verify	Run Jest tests	2026-10-10T06:42:43.7402854Z       at runWithFiberInDEV (node_modules/react-test-renderer/cjs/react-test-renderer.development.js:2315:13)
Verify	Run Jest tests	2026-10-10T06:42:43.7404770Z       at warnIfUpdatesNotWrappedWithActDEV (node_modules/react-test-renderer/cjs/react-test-renderer.development.js:14401:9)
Verify	Run Jest tests	2026-10-10T06:42:43.7406744Z       at scheduleUpdateOnFiber (node_modules/react-test-renderer/cjs/react-test-renderer.development.js:12086:9)
Verify	Run Jest tests	2026-10-10T06:42:43.7408593Z       at dispatchSetStateInternal (node_modules/react-test-renderer/cjs/react-test-renderer.development.js:6208:13)
Verify	Run Jest tests	2026-10-10T06:42:43.7410437Z       at dispatchSetState (node_modules/react-test-renderer/cjs/react-test-renderer.development.js:6165:7)
Verify	Run Jest tests	2026-10-10T06:42:43.7412182Z       at setSession (shared/session/SessionProvider.tsx:88:9)
Verify	Run Jest tests	2026-10-10T06:42:43.7412880Z 
Verify	Run Jest tests	2026-10-10T06:42:43.7413299Z     console.error
Verify	Run Jest tests	2026-10-10T06:42:43.7414312Z       An update to SessionProvider inside a test was not wrapped in act(...).
Verify	Run Jest tests	2026-10-10T06:42:43.7415347Z       
Verify	Run Jest tests	2026-10-10T06:42:43.7416329Z       When testing, code that causes React state updates should be wrapped into act(...):
Verify	Run Jest tests	2026-10-10T06:42:43.7417374Z       
Verify	Run Jest tests	2026-10-10T06:42:43.7417942Z       act(() => {
Verify	Run Jest tests	2026-10-10T06:42:43.7418672Z         /* fire events that update state */
Verify	Run Jest tests	2026-10-10T06:42:43.7419447Z       });
Verify	Run Jest tests	2026-10-10T06:42:43.7420136Z       /* assert on the output */
Verify	Run Jest tests	2026-10-10T06:42:43.7420835Z       
Verify	Run Jest tests	2026-10-10T06:42:43.7422513Z       This ensures that you're testing the behavior the user would see in the browser. Learn more at https://react.dev/link/wrap-tests-with-act
Verify	Run Jest tests	2026-10-10T06:42:43.7445407Z 
Verify	Run Jest tests	2026-10-10T06:42:43.7446254Z     ^[[0m ^[[90m 86 |^[[39m     readStoredSession()^[[33m.^[[39mthen(restored ^[[33m=>^[[39m {
Verify	Run Jest tests	2026-10-10T06:42:43.7448066Z      ^[[90m 87 |^[[39m       ^[[36mif^[[39m (^[[33m!^[[39mchangedRef^[[33m.^[[39mcurrent ^[[33m&&^[[39m isMountedRef^[[33m.^[[39mcurrent) {
Verify	Run Jest tests	2026-10-10T06:42:43.7449703Z     ^[[31m^[[1m>^[[22m^[[39m^[[90m 88 |^[[39m         setSession(restored)^[[33m;^[[39m
Verify	Run Jest tests	2026-10-10T06:42:43.7450787Z      ^[[90m    |^[[39m         ^[[31m^[[1m^^[[22m^[[39m
Verify	Run Jest tests	2026-10-10T06:42:43.7452026Z      ^[[90m 89 |^[[39m       }
Verify	Run Jest tests	2026-10-10T06:42:43.7452641Z      ^[[90m 90 |^[[39m     })^[[33m;^[[39m
Verify	Run Jest tests	2026-10-10T06:42:43.7453981Z      ^[[90m 91 |^[[39m     ^[[90m// The HTTP client has already cleared the stored session.^[[39m^[[0m
Verify	Run Jest tests	2026-10-10T06:42:43.7454598Z 
Verify	Run Jest tests	2026-10-10T06:42:43.7455164Z       at node_modules/react-test-renderer/cjs/react-test-renderer.development.js:14402:19
Verify	Run Jest tests	2026-10-10T06:42:43.7456306Z       at runWithFiberInDEV (node_modules/react-test-renderer/cjs/react-test-renderer.development.js:2315:13)
Verify	Run Jest tests	2026-10-10T06:42:43.7457207Z       at warnIfUpdatesNotWrappedWithActDEV (node_modules/react-test-renderer/cjs/react-test-renderer.development.js:14401:9)
Verify	Run Jest tests	2026-10-10T06:42:43.7458132Z       at scheduleUpdateOnFiber (node_modules/react-test-renderer/cjs/react-test-renderer.development.js:12086:9)
Verify	Run Jest tests	2026-10-10T06:42:43.7458989Z       at dispatchSetStateInternal (node_modules/react-test-renderer/cjs/react-test-renderer.development.js:6208:13)
Verify	Run Jest tests	2026-10-10T06:42:43.7459828Z       at dispatchSetState (node_modules/react-test-renderer/cjs/react-test-renderer.development.js:6165:7)
Verify	Run Jest tests	2026-10-10T06:42:43.7460454Z       at setSession (shared/session/SessionProvider.tsx:88:9)
Verify	Run Jest tests	2026-10-10T06:42:43.7460716Z 
Verify	Run Jest tests	2026-10-10T06:42:43.9452686Z PASS __tests__/shared/integrations/seams.test.ts
Verify	Run Jest tests	2026-10-10T06:42:44.0858487Z PASS __tests__/app/sessionRoutes.test.tsx
Verify	Run Jest tests	2026-10-10T06:42:44.1273772Z   ● Console
Verify	Run Jest tests	2026-10-10T06:42:44.1274362Z 
Verify	Run Jest tests	2026-10-10T06:42:44.1274912Z     console.debug
Verify	Run Jest tests	2026-10-10T06:42:44.1275713Z       [analytics] screen /profile
Verify	Run Jest tests	2026-10-10T06:42:44.1276135Z 
Verify	Run Jest tests	2026-10-10T06:42:44.1276399Z       at debug (shared/lib/logger.ts:133:18)
Verify	Run Jest tests	2026-10-10T06:42:44.1276765Z 
Verify	Run Jest tests	2026-10-10T06:42:44.1276935Z     console.debug
Verify	Run Jest tests	2026-10-10T06:42:44.1277374Z       [analytics] screen /profile
Verify	Run Jest tests	2026-10-10T06:42:44.1277673Z 
Verify	Run Jest tests	2026-10-10T06:42:44.1277913Z       at debug (shared/lib/logger.ts:133:18)
Verify	Run Jest tests	2026-10-10T06:42:44.1278246Z 
Verify	Run Jest tests	2026-10-10T06:42:44.1278410Z     console.debug
Verify	Run Jest tests	2026-10-10T06:42:44.1278788Z       [analytics] screen /
Verify	Run Jest tests	2026-10-10T06:42:44.1279065Z 
Verify	Run Jest tests	2026-10-10T06:42:44.1279310Z       at debug (shared/lib/logger.ts:133:18)
Verify	Run Jest tests	2026-10-10T06:42:44.1279656Z 
Verify	Run Jest tests	2026-10-10T06:42:44.1279850Z     console.debug
Verify	Run Jest tests	2026-10-10T06:42:44.1280259Z       [analytics] screen /login
Verify	Run Jest tests	2026-10-10T06:42:44.1280564Z 
Verify	Run Jest tests	2026-10-10T06:42:44.1280807Z       at debug (shared/lib/logger.ts:133:18)
Verify	Run Jest tests	2026-10-10T06:42:44.1281147Z 
Verify	Run Jest tests	2026-10-10T06:42:44.1281307Z     console.debug
Verify	Run Jest tests	2026-10-10T06:42:44.1281926Z       [analytics] screen /
Verify	Run Jest tests	2026-10-10T06:42:44.1282205Z 
Verify	Run Jest tests	2026-10-10T06:42:44.1282453Z       at debug (shared/lib/logger.ts:133:18)
Verify	Run Jest tests	2026-10-10T06:42:44.1282799Z 
Verify	Run Jest tests	2026-10-10T06:42:44.1282966Z     console.debug
Verify	Run Jest tests	2026-10-10T06:42:44.1283373Z       [analytics] screen /login
Verify	Run Jest tests	2026-10-10T06:42:44.1283665Z 
Verify	Run Jest tests	2026-10-10T06:42:44.1283913Z       at debug (shared/lib/logger.ts:133:18)
Verify	Run Jest tests	2026-10-10T06:42:44.1284250Z 
Verify	Run Jest tests	2026-10-10T06:42:44.1284404Z     console.debug
Verify	Run Jest tests	2026-10-10T06:42:44.1284777Z       [analytics] screen /
Verify	Run Jest tests	2026-10-10T06:42:44.1285044Z 
Verify	Run Jest tests	2026-10-10T06:42:44.1285285Z       at debug (shared/lib/logger.ts:133:18)
Verify	Run Jest tests	2026-10-10T06:42:44.1285624Z 
Verify	Run Jest tests	2026-10-10T06:42:44.1285774Z     console.debug
Verify	Run Jest tests	2026-10-10T06:42:44.1286201Z       [analytics] screen /profile
Verify	Run Jest tests	2026-10-10T06:42:44.1286519Z 
Verify	Run Jest tests	2026-10-10T06:42:44.1286763Z       at debug (shared/lib/logger.ts:133:18)
Verify	Run Jest tests	2026-10-10T06:42:44.1287101Z 
Verify	Run Jest tests	2026-10-10T06:42:44.1287251Z     console.debug
Verify	Run Jest tests	2026-10-10T06:42:44.1287607Z       [analytics] screen /
Verify	Run Jest tests	2026-10-10T06:42:44.1287862Z 
Verify	Run Jest tests	2026-10-10T06:42:44.1288105Z       at debug (shared/lib/logger.ts:133:18)
Verify	Run Jest tests	2026-10-10T06:42:44.1288459Z 
Verify	Run Jest tests	2026-10-10T06:42:44.1288606Z     console.debug
Verify	Run Jest tests	2026-10-10T06:42:44.1289030Z       [analytics] screen /profile
Verify	Run Jest tests	2026-10-10T06:42:44.1289313Z 
Verify	Run Jest tests	2026-10-10T06:42:44.1289552Z       at debug (shared/lib/logger.ts:133:18)
Verify	Run Jest tests	2026-10-10T06:42:44.1289887Z 
Verify	Run Jest tests	2026-10-10T06:42:44.1290033Z     console.debug
Verify	Run Jest tests	2026-10-10T06:42:44.1290412Z       [analytics] screen /
Verify	Run Jest tests	2026-10-10T06:42:44.1290676Z 
Verify	Run Jest tests	2026-10-10T06:42:44.1290917Z       at debug (shared/lib/logger.ts:133:18)
Verify	Run Jest tests	2026-10-10T06:42:44.1291263Z 
Verify	Run Jest tests	2026-10-10T06:42:44.1291405Z     console.debug
Verify	Run Jest tests	2026-10-10T06:42:44.1292047Z       [analytics] screen /profile
Verify	Run Jest tests	2026-10-10T06:42:44.1292774Z 
Verify	Run Jest tests	2026-10-10T06:42:44.1293021Z       at debug (shared/lib/logger.ts:133:18)
Verify	Run Jest tests	2026-10-10T06:42:44.1293386Z 
Verify	Run Jest tests	2026-10-10T06:42:44.1293534Z     console.debug
Verify	Run Jest tests	2026-10-10T06:42:44.1293915Z       [analytics] screen /
Verify	Run Jest tests	2026-10-10T06:42:44.1294169Z 
Verify	Run Jest tests	2026-10-10T06:42:44.1294408Z       at debug (shared/lib/logger.ts:133:18)
Verify	Run Jest tests	2026-10-10T06:42:44.1294757Z 
Verify	Run Jest tests	2026-10-10T06:42:44.1294903Z     console.debug
Verify	Run Jest tests	2026-10-10T06:42:44.1295324Z       [analytics] screen /profile
Verify	Run Jest tests	2026-10-10T06:42:44.1295617Z 
Verify	Run Jest tests	2026-10-10T06:42:44.1295855Z       at debug (shared/lib/logger.ts:133:18)
Verify	Run Jest tests	2026-10-10T06:42:44.1296204Z 
Verify	Run Jest tests	2026-10-10T06:42:44.1296355Z     console.debug
Verify	Run Jest tests	2026-10-10T06:42:44.1296735Z       [analytics] screen /
Verify	Run Jest tests	2026-10-10T06:42:44.1296991Z 
Verify	Run Jest tests	2026-10-10T06:42:44.1297234Z       at debug (shared/lib/logger.ts:133:18)
Verify	Run Jest tests	2026-10-10T06:42:44.1297579Z 
Verify	Run Jest tests	2026-10-10T06:42:44.1297729Z     console.debug
Verify	Run Jest tests	2026-10-10T06:42:44.1298103Z       [analytics] screen /
Verify	Run Jest tests	2026-10-10T06:42:44.1298359Z 
Verify	Run Jest tests	2026-10-10T06:42:44.1298594Z       at debug (shared/lib/logger.ts:133:18)
Verify	Run Jest tests	2026-10-10T06:42:44.1298949Z 
Verify	Run Jest tests	2026-10-10T06:42:44.1299095Z     console.debug
Verify	Run Jest tests	2026-10-10T06:42:44.1299781Z       [analytics] screen /profile
Verify	Run Jest tests	2026-10-10T06:42:44.1300076Z 
Verify	Run Jest tests	2026-10-10T06:42:44.1300320Z       at debug (shared/lib/logger.ts:133:18)
Verify	Run Jest tests	2026-10-10T06:42:44.1300667Z 
Verify	Run Jest tests	2026-10-10T06:42:44.1300818Z     console.debug
Verify	Run Jest tests	2026-10-10T06:42:44.1301181Z       [analytics] screen /
Verify	Run Jest tests	2026-10-10T06:42:44.1301438Z 
Verify	Run Jest tests	2026-10-10T06:42:44.1301898Z       at debug (shared/lib/logger.ts:133:18)
Verify	Run Jest tests	2026-10-10T06:42:44.1302256Z 
Verify	Run Jest tests	2026-10-10T06:42:44.1302413Z     console.debug
Verify	Run Jest tests	2026-10-10T06:42:44.1302836Z       [analytics] screen /profile
Verify	Run Jest tests	2026-10-10T06:42:44.1303138Z 
Verify	Run Jest tests	2026-10-10T06:42:44.1303374Z       at debug (shared/lib/logger.ts:133:18)
Verify	Run Jest tests	2026-10-10T06:42:44.1303729Z 
Verify	Run Jest tests	2026-10-10T06:42:44.1332406Z PASS __tests__/features/home/HomeScreen.test.tsx
Verify	Run Jest tests	2026-10-10T06:42:44.2372698Z PASS __tests__/app/appConfig.test.ts
Verify	Run Jest tests	2026-10-10T06:42:44.3567852Z PASS __tests__/features/demo-auth/dummyJsonAdapter.test.ts
Verify	Run Jest tests	2026-10-10T06:42:44.3575492Z PASS __tests__/shared/storage/storage.test.ts
Verify	Run Jest tests	2026-10-10T06:42:44.9153824Z PASS __tests__/shared/ui/theme.test.ts
Verify	Run Jest tests	2026-10-10T06:42:45.1571866Z PASS __tests__/features/demo-todos/TodosScreen.test.tsx
Verify	Run Jest tests	2026-10-10T06:42:45.1591084Z   ● Console
Verify	Run Jest tests	2026-10-10T06:42:45.1591394Z 
Verify	Run Jest tests	2026-10-10T06:42:45.1602429Z     console.warn
Verify	Run Jest tests	2026-10-10T06:42:45.1603490Z       API GET /todos failed: server (503)
Verify	Run Jest tests	2026-10-10T06:42:45.1604057Z 
Verify	Run Jest tests	2026-10-10T06:42:45.1605563Z     ^[[0m ^[[90m 129 |^[[39m     ^[[36mconst^[[39m args ^[[33m=^[[39m [message^[[33m,^[[39m ^[[33m...^[[39mdetails^[[33m.^[[39mfilter(item ^[[33m=>^[[39m item ^[[33m!==^[[39m undefined)]^[[33m;^[[39m
Verify	Run Jest tests	2026-10-10T06:42:45.1607741Z      ^[[90m 130 |^[[39m     ^[[36mif^[[39m (level ^[[33m===^[[39m ^[[32m'error'^[[39m) console^[[33m.^[[39merror(^[[33m...^[[39margs)^[[33m;^[[39m
Verify	Run Jest tests	2026-10-10T06:42:45.1609887Z     ^[[31m^[[1m>^[[22m^[[39m^[[90m 131 |^[[39m     ^[[36melse^[[39m ^[[36mif^[[39m (level ^[[33m===^[[39m ^[[32m'warn'^[[39m) console^[[33m.^[[39mwarn(^[[33m...^[[39margs)^[[33m;^[[39m
Verify	Run Jest tests	2026-10-10T06:42:45.1611728Z      ^[[90m     |^[[39m                                        ^[[31m^[[1m^^[[22m^[[39m
Verify	Run Jest tests	2026-10-10T06:42:45.1613546Z      ^[[90m 132 |^[[39m     ^[[36melse^[[39m ^[[36mif^[[39m (level ^[[33m===^[[39m ^[[32m'info'^[[39m) console^[[33m.^[[39minfo(^[[33m...^[[39margs)^[[33m;^[[39m
Verify	Run Jest tests	2026-10-10T06:42:45.1615233Z      ^[[90m 133 |^[[39m     ^[[36melse^[[39m console^[[33m.^[[39mdebug(^[[33m...^[[39margs)^[[33m;^[[39m
Verify	Run Jest tests	2026-10-10T06:42:45.1616395Z      ^[[90m 134 |^[[39m   }^[[33m;^[[39m^[[0m
Verify	Run Jest tests	2026-10-10T06:42:45.1616917Z 
Verify	Run Jest tests	2026-10-10T06:42:45.1617343Z       at warn (shared/lib/logger.ts:131:40)
Verify	Run Jest tests	2026-10-10T06:42:45.1618200Z       at Object.write [as warn] (shared/lib/logger.ts:142:33)
Verify	Run Jest tests	2026-10-10T06:42:45.1619205Z       at warn (shared/http/httpClient.ts:139:12)
Verify	Run Jest tests	2026-10-10T06:42:45.1620355Z       at asyncGeneratorStep (node_modules/@babel/runtime/helpers/asyncToGenerator.js:3:17)
Verify	Run Jest tests	2026-10-10T06:42:45.1621975Z       at _next (node_modules/@babel/runtime/helpers/asyncToGenerator.js:17:9)
Verify	Run Jest tests	2026-10-10T06:42:45.1623203Z       at node_modules/@babel/runtime/helpers/asyncToGenerator.js:22:7
Verify	Run Jest tests	2026-10-10T06:42:45.1624828Z       at node_modules/@babel/runtime/helpers/asyncToGenerator.js:14:12
Verify	Run Jest tests	2026-10-10T06:42:45.1625867Z       at apply (shared/http/httpClient.ts:145:4)
Verify	Run Jest tests	2026-10-10T06:42:45.1626911Z       at Axios.request (node_modules/axios/dist/browser/axios.cjs:5245:14)
Verify	Run Jest tests	2026-10-10T06:42:45.1627604Z 
Verify	Run Jest tests	2026-10-10T06:42:45.3049601Z PASS __tests__/shared/integrations/i18n.test.tsx
Verify	Run Jest tests	2026-10-10T06:42:45.3109916Z   ● Console
Verify	Run Jest tests	2026-10-10T06:42:45.3110431Z 
Verify	Run Jest tests	2026-10-10T06:42:45.3110813Z     console.debug
Verify	Run Jest tests	2026-10-10T06:42:45.3111479Z       [analytics] screen /
Verify	Run Jest tests	2026-10-10T06:42:45.3112273Z 
Verify	Run Jest tests	2026-10-10T06:42:45.3112748Z       at debug (shared/lib/logger.ts:133:18)
Verify	Run Jest tests	2026-10-10T06:42:45.3113344Z 
Verify	Run Jest tests	2026-10-10T06:42:45.3113693Z     console.debug
Verify	Run Jest tests	2026-10-10T06:42:45.3114383Z       [analytics] screen /login
Verify	Run Jest tests	2026-10-10T06:42:45.3114920Z 
Verify	Run Jest tests	2026-10-10T06:42:45.3115382Z       at debug (shared/lib/logger.ts:133:18)
Verify	Run Jest tests	2026-10-10T06:42:45.3115973Z 
Verify	Run Jest tests	2026-10-10T06:42:45.7702635Z PASS __tests__/app/tabBarTheme.test.tsx
Verify	Run Jest tests	2026-10-10T06:42:45.7852697Z   ● Console
Verify	Run Jest tests	2026-10-10T06:42:45.7911938Z 
Verify	Run Jest tests	2026-10-10T06:42:45.7952190Z     console.debug
Verify	Run Jest tests	2026-10-10T06:42:45.8002152Z       [analytics] screen /
Verify	Run Jest tests	2026-10-10T06:42:45.8002493Z 
Verify	Run Jest tests	2026-10-10T06:42:45.8002780Z       at debug (shared/lib/logger.ts:133:18)
Verify	Run Jest tests	2026-10-10T06:42:45.8003140Z 
Verify	Run Jest tests	2026-10-10T06:42:45.8003308Z     console.debug
Verify	Run Jest tests	2026-10-10T06:42:45.8003711Z       [analytics] screen /
Verify	Run Jest tests	2026-10-10T06:42:45.8003996Z 
Verify	Run Jest tests	2026-10-10T06:42:45.8004252Z       at debug (shared/lib/logger.ts:133:18)
Verify	Run Jest tests	2026-10-10T06:42:45.8004602Z 
Verify	Run Jest tests	2026-10-10T06:42:46.0072795Z PASS __tests__/shared/ui/LoadingScreen.test.tsx
Verify	Run Jest tests	2026-10-10T06:42:46.3450673Z PASS __tests__/app/initialRoute.test.tsx
Verify	Run Jest tests	2026-10-10T06:42:46.3613885Z   ● Console
Verify	Run Jest tests	2026-10-10T06:42:46.3614518Z 
Verify	Run Jest tests	2026-10-10T06:42:46.3614976Z     console.debug
Verify	Run Jest tests	2026-10-10T06:42:46.3615862Z       [analytics] screen /
Verify	Run Jest tests	2026-10-10T06:42:46.3616423Z 
Verify	Run Jest tests	2026-10-10T06:42:46.3617147Z       at debug (shared/lib/logger.ts:133:18)
Verify	Run Jest tests	2026-10-10T06:42:46.3617766Z 
Verify	Run Jest tests	2026-10-10T06:42:46.3618234Z     console.debug
Verify	Run Jest tests	2026-10-10T06:42:46.3618993Z       [analytics] screen /login
Verify	Run Jest tests	2026-10-10T06:42:46.3619611Z 
Verify	Run Jest tests	2026-10-10T06:42:46.3620131Z       at debug (shared/lib/logger.ts:133:18)
Verify	Run Jest tests	2026-10-10T06:42:46.3620791Z 
Verify	Run Jest tests	2026-10-10T06:42:46.3621191Z     console.debug
Verify	Run Jest tests	2026-10-10T06:42:46.3622179Z       [analytics] screen /login
Verify	Run Jest tests	2026-10-10T06:42:46.3622739Z 
Verify	Run Jest tests	2026-10-10T06:42:46.3623223Z       at debug (shared/lib/logger.ts:133:18)
Verify	Run Jest tests	2026-10-10T06:42:46.3623813Z 
Verify	Run Jest tests	2026-10-10T06:42:46.3624189Z     console.debug
Verify	Run Jest tests	2026-10-10T06:42:46.3624821Z       [analytics] screen /
Verify	Run Jest tests	2026-10-10T06:42:46.3625336Z 
Verify	Run Jest tests	2026-10-10T06:42:46.3625808Z       at debug (shared/lib/logger.ts:133:18)
Verify	Run Jest tests	2026-10-10T06:42:46.3626406Z 
Verify	Run Jest tests	2026-10-10T06:42:46.5183231Z PASS __tests__/features/demo-auth/DemoCredentialsHint.test.tsx
Verify	Run Jest tests	2026-10-10T06:42:46.8237147Z PASS __tests__/app/statusBar.test.tsx
Verify	Run Jest tests	2026-10-10T06:42:46.8283495Z   ● Console
Verify	Run Jest tests	2026-10-10T06:42:46.8284062Z 
Verify	Run Jest tests	2026-10-10T06:42:46.8284678Z     console.debug
Verify	Run Jest tests	2026-10-10T06:42:46.8285450Z       [analytics] screen /
Verify	Run Jest tests	2026-10-10T06:42:46.8286019Z 
Verify	Run Jest tests	2026-10-10T06:42:46.8286501Z       at debug (shared/lib/logger.ts:133:18)
Verify	Run Jest tests	2026-10-10T06:42:46.8287181Z 
Verify	Run Jest tests	2026-10-10T06:42:46.8287577Z     console.debug
Verify	Run Jest tests	2026-10-10T06:42:46.8288217Z       [analytics] screen /
Verify	Run Jest tests	2026-10-10T06:42:46.8288754Z 
Verify	Run Jest tests	2026-10-10T06:42:46.8289341Z       at debug (shared/lib/logger.ts:133:18)
Verify	Run Jest tests	2026-10-10T06:42:46.8289999Z 
Verify	Run Jest tests	2026-10-10T06:42:47.0562822Z PASS __tests__/app/configError.test.tsx
Verify	Run Jest tests	2026-10-10T06:42:47.0582954Z   ● Console
Verify	Run Jest tests	2026-10-10T06:42:47.0612176Z 
Verify	Run Jest tests	2026-10-10T06:42:47.0622457Z     console.debug
Verify	Run Jest tests	2026-10-10T06:42:47.0622767Z       [analytics] screen /
Verify	Run Jest tests	2026-10-10T06:42:47.0622961Z 
Verify	Run Jest tests	2026-10-10T06:42:47.0623116Z       at debug (shared/lib/logger.ts:133:18)
Verify	Run Jest tests	2026-10-10T06:42:47.0623337Z 
Verify	Run Jest tests	2026-10-10T06:42:47.2871358Z PASS __tests__/shared/integrations/screenTracking.test.tsx
Verify	Run Jest tests	2026-10-10T06:42:47.4209984Z PASS __tests__/features/demo-showcase/ShowcaseScreen.test.tsx
Verify	Run Jest tests	2026-10-10T06:42:48.3208695Z -----------------------------------|---------|----------|---------|---------|-------------------
Verify	Run Jest tests	2026-10-10T06:42:48.3210377Z File                               | % Stmts | % Branch | % Funcs | % Lines | Uncovered Line #s 
Verify	Run Jest tests	2026-10-10T06:42:48.3211867Z -----------------------------------|---------|----------|---------|---------|-------------------
Verify	Run Jest tests	2026-10-10T06:42:48.3218782Z All files                          |   97.31 |    91.28 |   94.55 |   97.49 |                   
Verify	Run Jest tests	2026-10-10T06:42:48.3219934Z  app                               |     100 |      100 |   57.14 |     100 |                   
Verify	Run Jest tests	2026-10-10T06:42:48.3220940Z   _layout.tsx                      |     100 |      100 |   57.14 |     100 |                   
Verify	Run Jest tests	2026-10-10T06:42:48.3222092Z   showcase.tsx                     |       0 |        0 |       0 |       0 |                   
Verify	Run Jest tests	2026-10-10T06:42:48.3223128Z  app/(app)                         |    87.5 |       75 |     100 |     100 |                   
Verify	Run Jest tests	2026-10-10T06:42:48.3224381Z   _layout.tsx                      |    87.5 |       75 |     100 |     100 | 24                
Verify	Run Jest tests	2026-10-10T06:42:48.3225482Z   profile.tsx                      |       0 |        0 |       0 |       0 |                   
Verify	Run Jest tests	2026-10-10T06:42:48.3226782Z  app/(auth)                        |     100 |      100 |     100 |     100 |                   
Verify	Run Jest tests	2026-10-10T06:42:48.3227838Z   _layout.tsx                      |     100 |      100 |     100 |     100 |                   
Verify	Run Jest tests	2026-10-10T06:42:48.3228883Z   login.tsx                        |       0 |        0 |       0 |       0 |                   
Verify	Run Jest tests	2026-10-10T06:42:48.3229917Z  app/(tabs)                        |     100 |      100 |     100 |     100 |                   
Verify	Run Jest tests	2026-10-10T06:42:48.3231023Z   _layout.tsx                      |     100 |      100 |     100 |     100 |                   
Verify	Run Jest tests	2026-10-10T06:42:48.3232287Z   explore.tsx                      |       0 |        0 |       0 |       0 |                   
Verify	Run Jest tests	2026-10-10T06:42:48.3233344Z   index.tsx                        |       0 |        0 |       0 |       0 |                   
Verify	Run Jest tests	2026-10-10T06:42:48.3234471Z  features/auth/screens             |   95.55 |    79.16 |   83.33 |   95.45 |                   
Verify	Run Jest tests	2026-10-10T06:42:48.3235648Z   LoginScreen.tsx                  |    92.3 |       80 |      60 |    92.3 | 132-136           
Verify	Run Jest tests	2026-10-10T06:42:48.3236659Z   ProfileScreen.tsx                |     100 |    78.57 |     100 |     100 | 38,67-72          
Verify	Run Jest tests	2026-10-10T06:42:48.3237633Z  features/demo-auth                |     100 |    91.66 |     100 |     100 |                   
Verify	Run Jest tests	2026-10-10T06:42:48.3238636Z   DemoCredentialsHint.tsx          |     100 |      100 |     100 |     100 |                   
Verify	Run Jest tests	2026-10-10T06:42:48.3239636Z   dummyJsonAdapter.ts              |     100 |       90 |     100 |     100 | 31                
Verify	Run Jest tests	2026-10-10T06:42:48.3240437Z  features/demo-showcase/components |     100 |      100 |     100 |     100 |                   
Verify	Run Jest tests	2026-10-10T06:42:48.3241069Z   ExampleLinks.tsx                 |     100 |      100 |     100 |     100 |                   
Verify	Run Jest tests	2026-10-10T06:42:48.3242118Z  features/demo-showcase/screens    |   77.77 |      100 |      60 |   71.42 |                   
Verify	Run Jest tests	2026-10-10T06:42:48.3243066Z   ShowcaseScreen.tsx               |   77.77 |      100 |      60 |   71.42 | 133-137           
Verify	Run Jest tests	2026-10-10T06:42:48.3244096Z  features/demo-todos               |       0 |        0 |       0 |       0 |                   
Verify	Run Jest tests	2026-10-10T06:42:48.3245033Z   types.ts                         |       0 |        0 |       0 |       0 |                   
Verify	Run Jest tests	2026-10-10T06:42:48.3245973Z  features/demo-todos/api           |     100 |      100 |     100 |     100 |                   
Verify	Run Jest tests	2026-10-10T06:42:48.3246931Z   todosApi.ts                      |     100 |      100 |     100 |     100 |                   
Verify	Run Jest tests	2026-10-10T06:42:48.3247901Z  features/demo-todos/screens       |     100 |    95.83 |     100 |     100 |                   
Verify	Run Jest tests	2026-10-10T06:42:48.3248876Z   TodosScreen.tsx                  |     100 |    95.83 |     100 |     100 | 65                
Verify	Run Jest tests	2026-10-10T06:42:48.3249618Z  features/home/screens             |     100 |     87.5 |     100 |     100 |                   
Verify	Run Jest tests	2026-10-10T06:42:48.3250158Z   HomeScreen.tsx                   |     100 |     87.5 |     100 |     100 | 38                
Verify	Run Jest tests	2026-10-10T06:42:48.3250668Z  shared/config                     |     100 |    97.95 |     100 |     100 |                   
Verify	Run Jest tests	2026-10-10T06:42:48.3251167Z   env.ts                           |     100 |    97.95 |     100 |     100 | 128               
Verify	Run Jest tests	2026-10-10T06:42:48.3252092Z   featureFlags.ts                  |     100 |      100 |     100 |     100 |                   
Verify	Run Jest tests	2026-10-10T06:42:48.3252633Z  shared/http                       |   98.71 |    94.66 |     100 |   98.61 |                   
Verify	Run Jest tests	2026-10-10T06:42:48.3253119Z   api.ts                           |     100 |      100 |     100 |     100 |                   
Verify	Run Jest tests	2026-10-10T06:42:48.3253623Z   apiError.ts                      |   96.96 |    94.59 |     100 |   96.42 | 58                
Verify	Run Jest tests	2026-10-10T06:42:48.3254125Z   httpClient.ts                    |     100 |    94.73 |     100 |     100 | 89                
Verify	Run Jest tests	2026-10-10T06:42:48.3254788Z  shared/i18n                       |     100 |    83.33 |     100 |     100 |                   
Verify	Run Jest tests	2026-10-10T06:42:48.3255256Z   en.ts                            |     100 |      100 |     100 |     100 |                   
Verify	Run Jest tests	2026-10-10T06:42:48.3255716Z   index.ts                         |     100 |    83.33 |     100 |     100 | 38                
Verify	Run Jest tests	2026-10-10T06:42:48.3256225Z  shared/integrations               |   95.91 |       75 |   96.55 |   95.34 |                   
Verify	Run Jest tests	2026-10-10T06:42:48.3256740Z   analytics.ts                     |     100 |     87.5 |     100 |     100 | 25                
Verify	Run Jest tests	2026-10-10T06:42:48.3257247Z   errorReporter.ts                 |   81.81 |       40 |   83.33 |   77.77 | 41,57             
Verify	Run Jest tests	2026-10-10T06:42:48.3257763Z   featureFlags.ts                  |     100 |      100 |     100 |     100 |                   
Verify	Run Jest tests	2026-10-10T06:42:48.3258288Z   pushNotifications.ts             |     100 |      100 |     100 |     100 |                   
Verify	Run Jest tests	2026-10-10T06:42:48.3258839Z   seam.ts                          |     100 |      100 |     100 |     100 |                   
Verify	Run Jest tests	2026-10-10T06:42:48.3259310Z   setup.ts                         |     100 |      100 |     100 |     100 |                   
Verify	Run Jest tests	2026-10-10T06:42:48.3259801Z   updates.ts                       |     100 |      100 |     100 |     100 |                   
Verify	Run Jest tests	2026-10-10T06:42:48.3260323Z   useScreenTracking.ts             |     100 |      100 |     100 |     100 |                   
Verify	Run Jest tests	2026-10-10T06:42:48.3260845Z  shared/lib                        |   98.01 |    95.38 |   95.23 |   98.86 |                   
Verify	Run Jest tests	2026-10-10T06:42:48.3261333Z   logger.ts                        |   96.87 |    96.15 |   91.66 |   98.18 | 84                
Verify	Run Jest tests	2026-10-10T06:42:48.3262165Z   useFetch.ts                      |     100 |     92.3 |     100 |     100 | 83                
Verify	Run Jest tests	2026-10-10T06:42:48.3262692Z  shared/session                    |   97.45 |    88.63 |   95.83 |   97.36 |                   
Verify	Run Jest tests	2026-10-10T06:42:48.3263247Z   SessionProvider.tsx              |   97.91 |    81.81 |     100 |   97.82 | 146               
Verify	Run Jest tests	2026-10-10T06:42:48.3263796Z   authService.ts                   |   93.93 |    91.66 |   83.33 |   93.75 | 68,81             
Verify	Run Jest tests	2026-10-10T06:42:48.3264302Z   session.ts                       |     100 |      100 |     100 |     100 |                   
Verify	Run Jest tests	2026-10-10T06:42:48.3264801Z   tokenStore.ts                    |     100 |      100 |     100 |     100 |                   
Verify	Run Jest tests	2026-10-10T06:42:48.3265319Z  shared/storage                    |      92 |       80 |     100 |      92 |                   
Verify	Run Jest tests	2026-10-10T06:42:48.3265827Z   secureStorage.ts                 |      80 |       75 |     100 |      80 | 18,26             
Verify	Run Jest tests	2026-10-10T06:42:48.3266327Z   storage.ts                       |     100 |      100 |     100 |     100 |                   
Verify	Run Jest tests	2026-10-10T06:42:48.3266848Z  shared/ui                         |    97.5 |    83.33 |     100 |   97.36 |                   
Verify	Run Jest tests	2026-10-10T06:42:48.3267748Z   ConfigErrorScreen.tsx            |     100 |      100 |     100 |     100 |                   
Verify	Run Jest tests	2026-10-10T06:42:48.3268304Z   ErrorBoundary.tsx                |   96.15 |       75 |     100 |   95.83 | 26                
Verify	Run Jest tests	2026-10-10T06:42:48.3268835Z   LoadingScreen.tsx                |     100 |      100 |     100 |     100 |                   
Verify	Run Jest tests	2026-10-10T06:42:48.3269329Z   theme.ts                         |     100 |      100 |     100 |     100 |                   
Verify	Run Jest tests	2026-10-10T06:42:48.3269881Z -----------------------------------|---------|----------|---------|---------|-------------------
Verify	Run Jest tests	2026-10-10T06:42:48.3727729Z 
Verify	Run Jest tests	2026-10-10T06:42:48.3731365Z Test Suites: 26 passed, 26 total
Verify	Run Jest tests	2026-10-10T06:42:48.3732209Z Tests:       205 passed, 205 total
Verify	Run Jest tests	2026-10-10T06:42:48.3732750Z Snapshots:   0 total
Verify	Run Jest tests	2026-10-10T06:42:48.3733208Z Time:        23.286 s
Verify	Run Jest tests	2026-10-10T06:42:48.3733652Z Ran all test suites.
Verify	Expo Doctor	﻿2026-10-10T06:42:48.3940366Z ##[group]Run npx expo-doctor
Verify	Expo Doctor	2026-10-10T06:42:48.3940697Z ^[[36;1mnpx expo-doctor^[[0m
Verify	Expo Doctor	2026-10-10T06:42:48.4002460Z shell: /usr/bin/bash -e {0}
Verify	Expo Doctor	2026-10-10T06:42:48.4002728Z ##[endgroup]
Verify	Expo Doctor	2026-10-10T06:42:49.8805012Z Running 21 checks on your project...
Verify	Expo Doctor	2026-10-10T06:42:53.7501223Z 21/21 checks passed. No issues detected!
Verify	Audit production dependencies (reviewed allowlist)	﻿2026-10-10T06:42:53.7873836Z ##[group]Run npm run audit:check
Verify	Audit production dependencies (reviewed allowlist)	2026-10-10T06:42:53.7874374Z ^[[36;1mnpm run audit:check^[[0m
Verify	Audit production dependencies (reviewed allowlist)	2026-10-10T06:42:53.7936945Z shell: /usr/bin/bash -e {0}
Verify	Audit production dependencies (reviewed allowlist)	2026-10-10T06:42:53.7937220Z ##[endgroup]
Verify	Audit production dependencies (reviewed allowlist)	2026-10-10T06:42:53.8968912Z 
Verify	Audit production dependencies (reviewed allowlist)	2026-10-10T06:42:53.8969430Z > react-native-starter@1.0.0 audit:check
Verify	Audit production dependencies (reviewed allowlist)	2026-10-10T06:42:53.8970051Z > node scripts/check-audit.js
Verify	Audit production dependencies (reviewed allowlist)	2026-10-10T06:42:53.8970279Z 
Verify	Audit production dependencies (reviewed allowlist)	2026-10-10T06:42:57.8496391Z high     braces GHSA-vfj7-8cjw-p6xm: allowlisted until 2027-01-09 (https://github.com/koniz-dev/react-native-starter/issues/43)
Verify	Audit production dependencies (reviewed allowlist)	2026-10-10T06:42:57.8498213Z high     node-forge GHSA-86w9-cpqp-85rv: allowlisted until 2027-01-09 (https://github.com/koniz-dev/react-native-starter/issues/43)
Verify	Audit production dependencies (reviewed allowlist)	2026-10-10T06:42:57.8499401Z moderate decode-uri-component GHSA-vcc3-ghjq-m6fr: reported (not gated)
Verify	Audit production dependencies (reviewed allowlist)	2026-10-10T06:42:57.8500071Z moderate sprintf-js GHSA-hp3w-g68c-fv3c: reported (not gated)
Verify	Audit production dependencies (reviewed allowlist)	2026-10-10T06:42:57.8500631Z moderate uuid GHSA-w5hq-g745-h8pq: reported (not gated)
Verify	Audit production dependencies (reviewed allowlist)	2026-10-10T06:42:57.8501318Z npm audit --omit=dev: 5 advisories (records: 0 critical, 45 high, 16 moderate, 0 low).
Verify	Audit production dependencies (reviewed allowlist)	2026-10-10T06:42:57.8502326Z No unreviewed high or critical advisories.
Verify	Export web build	﻿2026-10-10T06:42:57.8625407Z ##[group]Run npx expo export --platform web --output-dir dist
Verify	Export web build	2026-10-10T06:42:57.8625901Z ^[[36;1mnpx expo export --platform web --output-dir dist^[[0m
Verify	Export web build	2026-10-10T06:42:57.8688065Z shell: /usr/bin/bash -e {0}
Verify	Export web build	2026-10-10T06:42:57.8688336Z ##[endgroup]
Verify	Export web build	2026-10-10T06:42:58.9927704Z Starting Metro Bundler
Verify	Export web build	2026-10-10T06:42:58.9927998Z 
Verify	Export web build	2026-10-10T06:43:17.3680997Z Web Bundled 18088ms index.ts (1183 modules)
Verify	Export web build	2026-10-10T06:43:17.7322910Z 
Verify	Export web build	2026-10-10T06:43:17.7328372Z › Assets (19):
Verify	Export web build	2026-10-10T06:43:17.7399327Z node_modules/@expo/vector-icons/build/vendor/react-native-vector-icons/Fonts/MaterialCommunityIcons.6e435534bd35da5fef04168860a9b8fa.ttf (1.3MB)
Verify	Export web build	2026-10-10T06:43:17.7401195Z node_modules/expo-router/assets/arrow_down.017bc6ba3fc25503e5eb5e53826d48a8.png (9.5KB)
Verify	Export web build	2026-10-10T06:43:17.7402746Z node_modules/expo-router/assets/error.d1ea1496f9057eb392d5bbf3732a61b7.png (469B)
Verify	Export web build	2026-10-10T06:43:17.7403959Z node_modules/expo-router/assets/file.19eeb73b9593a38f8e9f418337fc7d10.png (138B)
Verify	Export web build	2026-10-10T06:43:17.7405158Z node_modules/expo-router/assets/forward.d8b800c443b8972542883e0b9de2bdc6.png (188B)
Verify	Export web build	2026-10-10T06:43:17.7406436Z node_modules/expo-router/assets/pkg.ab19f4cbc543357183a20571f68380a3.png (364B)
Verify	Export web build	2026-10-10T06:43:17.7407845Z node_modules/expo-router/assets/react-navigation/elements/back-icon-mask.0a328cd9c1afd0afe8e3b1ec5165b1b4.png (653B)
Verify	Export web build	2026-10-10T06:43:17.7408966Z node_modules/expo-router/assets/react-navigation/elements/back-icon.35ba0eaec5a4f5ed12ca16fabeae451d.png (207B)
Verify	Export web build	2026-10-10T06:43:17.7410137Z node_modules/expo-router/assets/react-navigation/elements/clear-icon.c94f6478e7ae0cdd9f15de1fcb9e5e55.png (4 variations | 425B)
Verify	Export web build	2026-10-10T06:43:17.7414459Z node_modules/expo-router/assets/react-navigation/elements/close-icon.808e1b1b9b53114ec2838071a7e6daa7.png (4 variations | 235B)
Verify	Export web build	2026-10-10T06:43:17.7415653Z node_modules/expo-router/assets/react-navigation/elements/search-icon.286d67d3f74808a60a78d3ebf1a5fb57.png (928B)
Verify	Export web build	2026-10-10T06:43:17.7416610Z node_modules/expo-router/assets/sitemap.412dd9275b6b48ad28f5e3d81bb1f626.png (465B)
Verify	Export web build	2026-10-10T06:43:17.7417337Z node_modules/expo-router/assets/unmatched.20e71bdf79e3a97bf55fd9e164041578.png (4.8KB)
Verify	Export web build	2026-10-10T06:43:17.7417695Z 
Verify	Export web build	2026-10-10T06:43:17.7417934Z › web bundles (1):
Verify	Export web build	2026-10-10T06:43:17.7446129Z _expo/static/js/web/index-63dbf8f09ff9b5edb74f09c5ca97fa56.js (2.3MB)
Verify	Export web build	2026-10-10T06:43:17.7446558Z 
Verify	Export web build	2026-10-10T06:43:17.7446868Z › Files (3):
Verify	Export web build	2026-10-10T06:43:17.7447766Z favicon.ico (15KB)
Verify	Export web build	2026-10-10T06:43:17.7448211Z index.html (1.2KB)
Verify	Export web build	2026-10-10T06:43:17.7448620Z metadata.json (49B)
Verify	Export web build	2026-10-10T06:43:17.7543174Z 
Verify	Export web build	2026-10-10T06:43:17.7546304Z Exported: dist
Verify	Check docs (snippets compile, paths and scripts exist)	﻿2026-10-10T06:43:17.9095169Z ##[group]Run npm install --no-save zustand@5 @reduxjs/toolkit@2 react-redux@9 jotai@3 @tanstack/react-query@5
Verify	Check docs (snippets compile, paths and scripts exist)	2026-10-10T06:43:17.9096012Z ^[[36;1mnpm install --no-save zustand@5 @reduxjs/toolkit@2 react-redux@9 jotai@3 @tanstack/react-query@5^[[0m
Verify	Check docs (snippets compile, paths and scripts exist)	2026-10-10T06:43:17.9096511Z ^[[36;1mnpm run docs:check^[[0m
Verify	Check docs (snippets compile, paths and scripts exist)	2026-10-10T06:43:17.9159136Z shell: /usr/bin/bash -e {0}
Verify	Check docs (snippets compile, paths and scripts exist)	2026-10-10T06:43:17.9159420Z ##[endgroup]
Verify	Check docs (snippets compile, paths and scripts exist)	2026-10-10T06:43:21.2587879Z 
Verify	Check docs (snippets compile, paths and scripts exist)	2026-10-10T06:43:21.2588648Z added 14 packages, and audited 1082 packages in 3s
Verify	Check docs (snippets compile, paths and scripts exist)	2026-10-10T06:43:21.2589114Z 
Verify	Check docs (snippets compile, paths and scripts exist)	2026-10-10T06:43:21.2590104Z 183 packages are looking for funding
Verify	Check docs (snippets compile, paths and scripts exist)	2026-10-10T06:43:21.2590929Z   run `npm fund` for details
Verify	Check docs (snippets compile, paths and scripts exist)	2026-10-10T06:43:21.4427136Z 
Verify	Check docs (snippets compile, paths and scripts exist)	2026-10-10T06:43:21.4427835Z 65 vulnerabilities (16 moderate, 49 high)
Verify	Check docs (snippets compile, paths and scripts exist)	2026-10-10T06:43:21.4428261Z 
Verify	Check docs (snippets compile, paths and scripts exist)	2026-10-10T06:43:21.4428530Z To address all issues (including breaking changes), run:
Verify	Check docs (snippets compile, paths and scripts exist)	2026-10-10T06:43:21.4428941Z   npm audit fix --force
Verify	Check docs (snippets compile, paths and scripts exist)	2026-10-10T06:43:21.4429144Z 
Verify	Check docs (snippets compile, paths and scripts exist)	2026-10-10T06:43:21.4429285Z Run `npm audit` for details.
Verify	Check docs (snippets compile, paths and scripts exist)	2026-10-10T06:43:21.5688953Z 
Verify	Check docs (snippets compile, paths and scripts exist)	2026-10-10T06:43:21.5689628Z > react-native-starter@1.0.0 docs:check
Verify	Check docs (snippets compile, paths and scripts exist)	2026-10-10T06:43:21.5690253Z > node scripts/check-docs.js
Verify	Check docs (snippets compile, paths and scripts exist)	2026-10-10T06:43:21.5690560Z 
Verify	Check docs (snippets compile, paths and scripts exist)	2026-10-10T06:43:23.8765306Z Checked 17 files: 37 TypeScript snippets compiled with tsc.
Verify	Check docs (snippets compile, paths and scripts exist)	2026-10-10T06:43:23.8766152Z No problems.
Verify	Post Set up Node.js	﻿2026-10-10T06:43:23.8962860Z Post job cleanup.
Verify	Post Set up Node.js	2026-10-10T06:43:24.0195287Z (node:2863) [DEP0040] DeprecationWarning: The `punycode` module is deprecated. Please use a userland alternative instead.
Verify	Post Set up Node.js	2026-10-10T06:43:24.0197088Z (Use `node --trace-deprecation ...` to show where the warning was created)
Verify	Post Set up Node.js	2026-10-10T06:43:24.0199369Z Cache hit occurred on the primary key node-cache-Linux-x64-npm-10f9dc59c99c82563481e37a50745bae137261a45ffc8c4ba105eb544b91396b, not saving cache.
Verify	Post Check out repository	﻿2026-10-10T06:43:24.0345274Z Post job cleanup.
Verify	Post Check out repository	2026-10-10T06:43:24.1192995Z [command]/usr/bin/git version
Verify	Post Check out repository	2026-10-10T06:43:24.1240020Z git version 2.55.0
Verify	Post Check out repository	2026-10-10T06:43:24.1285826Z Temporarily overriding HOME='/home/runner/work/_temp/39d1de06-665b-4bfd-ad89-46dd1abd1604' before making global git config changes
Verify	Post Check out repository	2026-10-10T06:43:24.1287428Z Adding repository directory to the temporary git global config as a safe directory
Verify	Post Check out repository	2026-10-10T06:43:24.1293237Z [command]/usr/bin/git config --global --add safe.directory /home/runner/work/react-native-starter/react-native-starter
Verify	Post Check out repository	2026-10-10T06:43:24.1332653Z [command]/usr/bin/git config --local --name-only --get-regexp core\.sshCommand
Verify	Post Check out repository	2026-10-10T06:43:24.1368462Z [command]/usr/bin/git submodule foreach --recursive sh -c "git config --local --name-only --get-regexp 'core\.sshCommand' && git config --local --unset-all 'core.sshCommand' || :"
Verify	Post Check out repository	2026-10-10T06:43:24.1622868Z [command]/usr/bin/git config --local --name-only --get-regexp http\.https\:\/\/github\.com\/\.extraheader
Verify	Post Check out repository	2026-10-10T06:43:24.1653760Z http.https://github.com/.extraheader
Verify	Post Check out repository	2026-10-10T06:43:24.1665297Z [command]/usr/bin/git config --local --unset-all http.https://github.com/.extraheader
Verify	Post Check out repository	2026-10-10T06:43:24.1702469Z [command]/usr/bin/git submodule foreach --recursive sh -c "git config --local --name-only --get-regexp 'http\.https\:\/\/github\.com\/\.extraheader' && git config --local --unset-all 'http.https://github.com/.extraheader' || :"
Verify	Post Check out repository	2026-10-10T06:43:24.1957234Z [command]/usr/bin/git config --local --name-only --get-regexp ^includeIf\.gitdir:
Verify	Post Check out repository	2026-10-10T06:43:24.2004138Z [command]/usr/bin/git submodule foreach --recursive git config --local --show-origin --name-only --get-regexp remote.origin.url
Verify	Complete job	﻿2026-10-10T06:43:24.2418353Z Cleaning up orphan processes
Verify	Complete job	2026-10-10T06:43:24.2744004Z ##[warning]Node.js 20 is deprecated. The following actions target Node.js 20 but are being forced to run on Node.js 24: actions/checkout@v4, actions/setup-node@v4. For more information see: https://github.blog/changelog/2025-09-19-deprecation-of-node-20-on-github-actions-runners/
