Verify	Set up job	﻿2026-10-10T08:14:19.6671477Z Current runner version: '2.337.0'
Verify	Set up job	2026-10-10T08:14:19.6692160Z ##[group]Runner Image Provisioner
Verify	Set up job	2026-10-10T08:14:19.6692871Z Hosted Compute Agent
Verify	Set up job	2026-10-10T08:14:19.6693349Z Version: 20261002.596
Verify	Set up job	2026-10-10T08:14:19.6693928Z Commit: c3d12f3313a95f25162a1503be624f3b0617f8c0
Verify	Set up job	2026-10-10T08:14:19.6694701Z Build Date: 2026-10-02T22:28:27Z
Verify	Set up job	2026-10-10T08:14:19.6695344Z Worker ID: {b0e2a39b-d07f-47e3-ba04-febcaff8fcae}
Verify	Set up job	2026-10-10T08:14:19.6695966Z Region: westus3
Verify	Set up job	2026-10-10T08:14:19.6696423Z Cloud: Azure
Verify	Set up job	2026-10-10T08:14:19.6696909Z ##[endgroup]
Verify	Set up job	2026-10-10T08:14:19.6698147Z ##[group]Operating System
Verify	Set up job	2026-10-10T08:14:19.6698724Z Ubuntu
Verify	Set up job	2026-10-10T08:14:19.6699169Z 24.04.5
Verify	Set up job	2026-10-10T08:14:19.6699603Z LTS
Verify	Set up job	2026-10-10T08:14:19.6700074Z ##[endgroup]
Verify	Set up job	2026-10-10T08:14:19.6700535Z ##[group]Runner Image
Verify	Set up job	2026-10-10T08:14:19.6701067Z Image: ubuntu-24.04
Verify	Set up job	2026-10-10T08:14:19.6701593Z Version: 20261004.327.1
Verify	Set up job	2026-10-10T08:14:19.6702450Z Included Software: https://github.com/actions/runner-images/blob/ubuntu24/20261004.327/images/ubuntu/Ubuntu2404-Readme.md
Verify	Set up job	2026-10-10T08:14:19.6704152Z Image Release: https://github.com/actions/runner-images/releases/tag/ubuntu24%2F20261004.327
Verify	Set up job	2026-10-10T08:14:19.6705077Z ##[endgroup]
Verify	Set up job	2026-10-10T08:14:19.6706067Z ##[group]GITHUB_TOKEN Permissions
Verify	Set up job	2026-10-10T08:14:19.6707833Z Contents: read
Verify	Set up job	2026-10-10T08:14:19.6708371Z Metadata: read
Verify	Set up job	2026-10-10T08:14:19.6708959Z ##[endgroup]
Verify	Set up job	2026-10-10T08:14:19.6710642Z Secret source: Actions
Verify	Set up job	2026-10-10T08:14:19.6711385Z Cache mode: write
Verify	Set up job	2026-10-10T08:14:19.6712192Z Prepare workflow directory
Verify	Set up job	2026-10-10T08:14:19.6962717Z Prepare all required actions
Verify	Set up job	2026-10-10T08:14:19.7006075Z Getting action download info
Verify	Set up job	2026-10-10T08:14:19.9968474Z Download action repository 'actions/checkout@v4' (SHA:11d5960a326750d5838078e36cf38b85af677262)
Verify	Set up job	2026-10-10T08:14:20.0649025Z Download action repository 'actions/setup-node@v4' (SHA:49933ea5288caeca8642d1e84afbd3f7d6820020)
Verify	Set up job	2026-10-10T08:14:20.2545402Z Complete job name: Verify
Verify	Check out repository	﻿2026-10-10T08:14:20.3145937Z ##[group]Run actions/checkout@v4
Verify	Check out repository	2026-10-10T08:14:20.3146607Z with:
Verify	Check out repository	2026-10-10T08:14:20.3146998Z   repository: koniz-dev/react-native-starter
Verify	Check out repository	2026-10-10T08:14:20.3150201Z   token: ***
Verify	Check out repository	2026-10-10T08:14:20.3150545Z   ssh-strict: true
Verify	Check out repository	2026-10-10T08:14:20.3150899Z   ssh-user: git
Verify	Check out repository	2026-10-10T08:14:20.3151246Z   persist-credentials: true
Verify	Check out repository	2026-10-10T08:14:20.3151632Z   clean: true
Verify	Check out repository	2026-10-10T08:14:20.3151984Z   sparse-checkout-cone-mode: true
Verify	Check out repository	2026-10-10T08:14:20.3152396Z   fetch-depth: 1
Verify	Check out repository	2026-10-10T08:14:20.3152733Z   fetch-tags: false
Verify	Check out repository	2026-10-10T08:14:20.3153077Z   show-progress: true
Verify	Check out repository	2026-10-10T08:14:20.3153426Z   lfs: false
Verify	Check out repository	2026-10-10T08:14:20.3153747Z   submodules: false
Verify	Check out repository	2026-10-10T08:14:20.3154095Z   set-safe-directory: true
Verify	Check out repository	2026-10-10T08:14:20.3154626Z   allow-unsafe-pr-checkout: false
Verify	Check out repository	2026-10-10T08:14:20.3155171Z ##[endgroup]
Verify	Check out repository	2026-10-10T08:14:20.3948537Z Syncing repository: koniz-dev/react-native-starter
Verify	Check out repository	2026-10-10T08:14:20.3950626Z ##[group]Getting Git version info
Verify	Check out repository	2026-10-10T08:14:20.3951646Z Working directory is '/home/runner/work/react-native-starter/react-native-starter'
Verify	Check out repository	2026-10-10T08:14:20.3953143Z [command]/usr/bin/git version
Verify	Check out repository	2026-10-10T08:14:20.3997850Z git version 2.55.0
Verify	Check out repository	2026-10-10T08:14:20.4012659Z ##[endgroup]
Verify	Check out repository	2026-10-10T08:14:20.4023752Z Temporarily overriding HOME='/home/runner/work/_temp/1076edb5-4a82-422e-ad36-c6bdf9181d5a' before making global git config changes
Verify	Check out repository	2026-10-10T08:14:20.4025724Z Adding repository directory to the temporary git global config as a safe directory
Verify	Check out repository	2026-10-10T08:14:20.4027779Z [command]/usr/bin/git config --global --add safe.directory /home/runner/work/react-native-starter/react-native-starter
Verify	Check out repository	2026-10-10T08:14:20.4066816Z Deleting the contents of '/home/runner/work/react-native-starter/react-native-starter'
Verify	Check out repository	2026-10-10T08:14:20.4072511Z ##[group]Initializing the repository
Verify	Check out repository	2026-10-10T08:14:20.4073625Z [command]/usr/bin/git init /home/runner/work/react-native-starter/react-native-starter
Verify	Check out repository	2026-10-10T08:14:20.4164677Z hint: Using 'master' as the name for the initial branch. This default branch name
Verify	Check out repository	2026-10-10T08:14:20.4167547Z hint: will change to "main" in Git 3.0. To configure the initial branch name
Verify	Check out repository	2026-10-10T08:14:20.4168699Z hint: to use in all of your new repositories, which will suppress this warning,
Verify	Check out repository	2026-10-10T08:14:20.4169901Z hint: call:
Verify	Check out repository	2026-10-10T08:14:20.4170389Z hint:
Verify	Check out repository	2026-10-10T08:14:20.4170985Z hint: 	git config --global init.defaultBranch <name>
Verify	Check out repository	2026-10-10T08:14:20.4171749Z hint:
Verify	Check out repository	2026-10-10T08:14:20.4172460Z hint: Names commonly chosen instead of 'master' are 'main', 'trunk' and
Verify	Check out repository	2026-10-10T08:14:20.4173598Z hint: 'development'. The just-created branch can be renamed via this command:
Verify	Check out repository	2026-10-10T08:14:20.4175651Z hint:
Verify	Check out repository	2026-10-10T08:14:20.4176198Z hint: 	git branch -m <name>
Verify	Check out repository	2026-10-10T08:14:20.4176776Z hint:
Verify	Check out repository	2026-10-10T08:14:20.4177536Z hint: Disable this message with "git config set advice.defaultBranchName false"
Verify	Check out repository	2026-10-10T08:14:20.4179122Z Initialized empty Git repository in /home/runner/work/react-native-starter/react-native-starter/.git/
Verify	Check out repository	2026-10-10T08:14:20.4181802Z [command]/usr/bin/git remote add origin https://github.com/koniz-dev/react-native-starter
Verify	Check out repository	2026-10-10T08:14:20.4214397Z ##[endgroup]
Verify	Check out repository	2026-10-10T08:14:20.4215525Z ##[group]Disabling automatic garbage collection
Verify	Check out repository	2026-10-10T08:14:20.4217247Z [command]/usr/bin/git config --local gc.auto 0
Verify	Check out repository	2026-10-10T08:14:20.4243963Z ##[endgroup]
Verify	Check out repository	2026-10-10T08:14:20.4245017Z ##[group]Setting up auth
Verify	Check out repository	2026-10-10T08:14:20.4249090Z [command]/usr/bin/git config --local --name-only --get-regexp core\.sshCommand
Verify	Check out repository	2026-10-10T08:14:20.4275552Z [command]/usr/bin/git submodule foreach --recursive sh -c "git config --local --name-only --get-regexp 'core\.sshCommand' && git config --local --unset-all 'core.sshCommand' || :"
Verify	Check out repository	2026-10-10T08:14:20.4561040Z [command]/usr/bin/git config --local --name-only --get-regexp http\.https\:\/\/github\.com\/\.extraheader
Verify	Check out repository	2026-10-10T08:14:20.4592375Z [command]/usr/bin/git submodule foreach --recursive sh -c "git config --local --name-only --get-regexp 'http\.https\:\/\/github\.com\/\.extraheader' && git config --local --unset-all 'http.https://github.com/.extraheader' || :"
Verify	Check out repository	2026-10-10T08:14:20.4794592Z [command]/usr/bin/git config --local --name-only --get-regexp ^includeIf\.gitdir:
Verify	Check out repository	2026-10-10T08:14:20.4823729Z [command]/usr/bin/git submodule foreach --recursive git config --local --show-origin --name-only --get-regexp remote.origin.url
Verify	Check out repository	2026-10-10T08:14:20.5011867Z [command]/usr/bin/git config --local http.https://github.com/.extraheader AUTHORIZATION: basic ***
Verify	Check out repository	2026-10-10T08:14:20.5046429Z ##[endgroup]
Verify	Check out repository	2026-10-10T08:14:20.5047318Z ##[group]Fetching the repository
Verify	Check out repository	2026-10-10T08:14:20.5053692Z [command]/usr/bin/git -c protocol.version=2 fetch --no-tags --prune --no-recurse-submodules --depth=1 origin +7b95174b918668deb20c1caea0bb2d0b4fbf14e3:refs/remotes/origin/main
Verify	Check out repository	2026-10-10T08:14:22.5251352Z From https://github.com/koniz-dev/react-native-starter
Verify	Check out repository	2026-10-10T08:14:22.5253151Z  * [new ref]         7b95174b918668deb20c1caea0bb2d0b4fbf14e3 -> origin/main
Verify	Check out repository	2026-10-10T08:14:22.5257303Z ##[endgroup]
Verify	Check out repository	2026-10-10T08:14:22.5258359Z ##[group]Determining the checkout info
Verify	Check out repository	2026-10-10T08:14:22.5259576Z ##[endgroup]
Verify	Check out repository	2026-10-10T08:14:22.5260449Z [command]/usr/bin/git sparse-checkout disable
Verify	Check out repository	2026-10-10T08:14:22.5304629Z [command]/usr/bin/git config --local --unset-all extensions.worktreeConfig
Verify	Check out repository	2026-10-10T08:14:22.5334179Z ##[group]Checking out the ref
Verify	Check out repository	2026-10-10T08:14:22.5338092Z [command]/usr/bin/git checkout --progress --force -B main refs/remotes/origin/main
Verify	Check out repository	2026-10-10T08:14:22.6343581Z Switched to a new branch 'main'
Verify	Check out repository	2026-10-10T08:14:22.6348500Z branch 'main' set up to track 'origin/main'.
Verify	Check out repository	2026-10-10T08:14:22.6356868Z ##[endgroup]
Verify	Check out repository	2026-10-10T08:14:22.6393324Z [command]/usr/bin/git log -1 --format=%H
Verify	Check out repository	2026-10-10T08:14:22.6415533Z 7b95174b918668deb20c1caea0bb2d0b4fbf14e3
Verify	Set up Node.js	﻿2026-10-10T08:14:22.6723603Z ##[group]Run actions/setup-node@v4
Verify	Set up Node.js	2026-10-10T08:14:22.6724724Z with:
Verify	Set up Node.js	2026-10-10T08:14:22.6725460Z   node-version-file: .nvmrc
Verify	Set up Node.js	2026-10-10T08:14:22.6726317Z   cache: npm
Verify	Set up Node.js	2026-10-10T08:14:22.6727053Z   always-auth: false
Verify	Set up Node.js	2026-10-10T08:14:22.6727858Z   check-latest: false
Verify	Set up Node.js	2026-10-10T08:14:22.6736031Z   token: ***
Verify	Set up Node.js	2026-10-10T08:14:22.6736765Z ##[endgroup]
Verify	Set up Node.js	2026-10-10T08:14:22.7843532Z Resolved .nvmrc as 24
Verify	Set up Node.js	2026-10-10T08:14:22.7884284Z Found in cache @ /opt/hostedtoolcache/node/24.21.0/x64
Verify	Set up Node.js	2026-10-10T08:14:22.7887166Z (node:2185) [DEP0040] DeprecationWarning: The `punycode` module is deprecated. Please use a userland alternative instead.
Verify	Set up Node.js	2026-10-10T08:14:22.7889522Z (Use `node --trace-deprecation ...` to show where the warning was created)
Verify	Set up Node.js	2026-10-10T08:14:22.7891589Z ##[group]Environment details
Verify	Set up Node.js	2026-10-10T08:14:23.0790146Z node: v24.21.0
Verify	Set up Node.js	2026-10-10T08:14:23.0855696Z npm: 11.19.0
Verify	Set up Node.js	2026-10-10T08:14:23.0856105Z yarn: 1.22.22
Verify	Set up Node.js	2026-10-10T08:14:23.0857183Z ##[endgroup]
Verify	Set up Node.js	2026-10-10T08:14:23.0857798Z [command]/opt/hostedtoolcache/node/24.21.0/x64/bin/npm config get cache
Verify	Set up Node.js	2026-10-10T08:14:23.1660848Z /home/runner/.npm
Verify	Set up Node.js	2026-10-10T08:14:23.3711662Z Cache hit for: node-cache-Linux-x64-npm-10f9dc59c99c82563481e37a50745bae137261a45ffc8c4ba105eb544b91396b
Verify	Set up Node.js	2026-10-10T08:14:23.3790176Z (node:2185) [DEP0169] DeprecationWarning: `url.parse()` behavior is not standardized and prone to errors that have security implications. Use the WHATWG URL API instead. CVEs are not issued for `url.parse()` vulnerabilities.
Verify	Set up Node.js	2026-10-10T08:14:24.5971068Z Received 29360128 of 156509062 (18.8%), 28.0 MBs/sec
Verify	Set up Node.js	2026-10-10T08:14:25.3855748Z Received 156509062 of 156509062 (100.0%), 83.4 MBs/sec
Verify	Set up Node.js	2026-10-10T08:14:25.3856417Z Cache Size: ~149 MB (156509062 B)
Verify	Set up Node.js	2026-10-10T08:14:25.3950149Z [command]/usr/bin/tar -xf /home/runner/work/_temp/ee537802-7f21-4718-9bdb-e39663c0bcc0/cache.tzst -P -C /home/runner/work/react-native-starter/react-native-starter --use-compress-program unzstd
Verify	Set up Node.js	2026-10-10T08:14:25.7714369Z Cache restored successfully
Verify	Set up Node.js	2026-10-10T08:14:25.7785124Z Cache restored from key: node-cache-Linux-x64-npm-10f9dc59c99c82563481e37a50745bae137261a45ffc8c4ba105eb544b91396b
Verify	Install dependencies	﻿2026-10-10T08:14:25.7938275Z ##[group]Run npm ci
Verify	Install dependencies	2026-10-10T08:14:25.7938531Z ^[[36;1mnpm ci^[[0m
Verify	Install dependencies	2026-10-10T08:14:25.8142437Z shell: /usr/bin/bash -e {0}
Verify	Install dependencies	2026-10-10T08:14:25.8142737Z ##[endgroup]
Verify	Install dependencies	2026-10-10T08:14:29.2648938Z npm warn deprecated inflight@1.0.6: This module is not supported, and leaks memory. Do not use it. Check out lru-cache if you want a good and tested way to coalesce async requests by a key value, which is much more comprehensive and powerful.
Verify	Install dependencies	2026-10-10T08:14:29.4317788Z npm warn deprecated abab@2.0.6: Use your platform's native atob() and btoa() methods instead
Verify	Install dependencies	2026-10-10T08:14:29.4553892Z npm warn deprecated glob@7.2.3: Glob versions prior to v9 are no longer supported
Verify	Install dependencies	2026-10-10T08:14:29.4561544Z npm warn deprecated glob@7.2.3: Glob versions prior to v9 are no longer supported
Verify	Install dependencies	2026-10-10T08:14:29.4563909Z npm warn deprecated glob@7.2.3: Glob versions prior to v9 are no longer supported
Verify	Install dependencies	2026-10-10T08:14:29.4577031Z npm warn deprecated glob@7.2.3: Glob versions prior to v9 are no longer supported
Verify	Install dependencies	2026-10-10T08:14:29.6522493Z npm warn deprecated domexception@4.0.0: Use your platform's native DOMException instead
Verify	Install dependencies	2026-10-10T08:14:30.3879914Z npm warn deprecated uuid@7.0.3: uuid@10 and below is no longer supported.  For ESM codebases, update to uuid@latest.  For CommonJS codebases, use uuid@11 (but be aware this version will likely be deprecated in 2028).
Verify	Install dependencies	2026-10-10T08:14:39.6182330Z 
Verify	Install dependencies	2026-10-10T08:14:39.6183150Z added 1067 packages, and audited 1068 packages in 14s
Verify	Install dependencies	2026-10-10T08:14:39.6183545Z 
Verify	Install dependencies	2026-10-10T08:14:39.6183754Z 180 packages are looking for funding
Verify	Install dependencies	2026-10-10T08:14:39.6184176Z   run `npm fund` for details
Verify	Install dependencies	2026-10-10T08:14:39.7510778Z 
Verify	Install dependencies	2026-10-10T08:14:39.7511331Z 65 vulnerabilities (16 moderate, 49 high)
Verify	Install dependencies	2026-10-10T08:14:39.7511625Z 
Verify	Install dependencies	2026-10-10T08:14:39.7511907Z To address all issues (including breaking changes), run:
Verify	Install dependencies	2026-10-10T08:14:39.7512228Z   npm audit fix --force
Verify	Install dependencies	2026-10-10T08:14:39.7512387Z 
Verify	Install dependencies	2026-10-10T08:14:39.7512538Z Run `npm audit` for details.
Verify	Lint	﻿2026-10-10T08:14:39.8378532Z ##[group]Run npm run lint
Verify	Lint	2026-10-10T08:14:39.8378789Z ^[[36;1mnpm run lint^[[0m
Verify	Lint	2026-10-10T08:14:39.8446539Z shell: /usr/bin/bash -e {0}
Verify	Lint	2026-10-10T08:14:39.8446984Z ##[endgroup]
Verify	Lint	2026-10-10T08:14:39.9225720Z 
Verify	Lint	2026-10-10T08:14:39.9226350Z > react-native-starter@1.0.0 lint
Verify	Lint	2026-10-10T08:14:39.9226735Z > eslint . --max-warnings 0
Verify	Lint	2026-10-10T08:14:39.9226891Z 
Verify	Check formatting	﻿2026-10-10T08:14:45.5573007Z ##[group]Run npm run format:check
Verify	Check formatting	2026-10-10T08:14:45.5573291Z ^[[36;1mnpm run format:check^[[0m
Verify	Check formatting	2026-10-10T08:14:45.5628832Z shell: /usr/bin/bash -e {0}
Verify	Check formatting	2026-10-10T08:14:45.5629076Z ##[endgroup]
Verify	Check formatting	2026-10-10T08:14:45.6415615Z 
Verify	Check formatting	2026-10-10T08:14:45.6416052Z > react-native-starter@1.0.0 format:check
Verify	Check formatting	2026-10-10T08:14:45.6416631Z > prettier --check "**/*.{ts,tsx,js,jsx,json,md}"
Verify	Check formatting	2026-10-10T08:14:45.6416933Z 
Verify	Check formatting	2026-10-10T08:14:45.7094774Z Checking formatting...
Verify	Check formatting	2026-10-10T08:14:47.3156033Z All matched files use Prettier code style!
Verify	Type-check	﻿2026-10-10T08:14:47.3464990Z ##[group]Run npm run type-check
Verify	Type-check	2026-10-10T08:14:47.3465280Z ^[[36;1mnpm run type-check^[[0m
Verify	Type-check	2026-10-10T08:14:47.3520960Z shell: /usr/bin/bash -e {0}
Verify	Type-check	2026-10-10T08:14:47.3521197Z ##[endgroup]
Verify	Type-check	2026-10-10T08:14:47.4295333Z 
Verify	Type-check	2026-10-10T08:14:47.4295805Z > react-native-starter@1.0.0 type-check
Verify	Type-check	2026-10-10T08:14:47.4296204Z > tsc --noEmit
Verify	Type-check	2026-10-10T08:14:47.4296348Z 
Verify	Run Jest tests	﻿2026-10-10T08:14:49.6152264Z ##[group]Run npm run test:ci
Verify	Run Jest tests	2026-10-10T08:14:49.6152529Z ^[[36;1mnpm run test:ci^[[0m
Verify	Run Jest tests	2026-10-10T08:14:49.6206874Z shell: /usr/bin/bash -e {0}
Verify	Run Jest tests	2026-10-10T08:14:49.6207111Z ##[endgroup]
Verify	Run Jest tests	2026-10-10T08:14:49.6995956Z 
Verify	Run Jest tests	2026-10-10T08:14:49.6996433Z > react-native-starter@1.0.0 test:ci
Verify	Run Jest tests	2026-10-10T08:14:49.6996827Z > jest --coverage
Verify	Run Jest tests	2026-10-10T08:14:49.6996949Z 
Verify	Run Jest tests	2026-10-10T08:14:53.2565823Z PASS __tests__/shared/lib/logger.test.ts
Verify	Run Jest tests	2026-10-10T08:14:53.6065959Z PASS __tests__/shared/session/authService.test.ts
Verify	Run Jest tests	2026-10-10T08:14:53.8002139Z PASS __tests__/shared/config/env.test.ts
Verify	Run Jest tests	2026-10-10T08:14:55.1134103Z PASS __tests__/shared/lib/useFetch.test.tsx
Verify	Run Jest tests	2026-10-10T08:14:55.3825792Z PASS __tests__/shared/http/api.test.ts
Verify	Run Jest tests	2026-10-10T08:14:55.4212515Z   ● Console
Verify	Run Jest tests	2026-10-10T08:14:55.4254956Z 
Verify	Run Jest tests	2026-10-10T08:14:55.4255832Z     console.warn
Verify	Run Jest tests	2026-10-10T08:14:55.4285537Z       API request failed: server (503)
Verify	Run Jest tests	2026-10-10T08:14:55.4295820Z 
Verify	Run Jest tests	2026-10-10T08:14:55.4297344Z     ^[[0m ^[[90m 129 |^[[39m     ^[[36mconst^[[39m args ^[[33m=^[[39m [message^[[33m,^[[39m ^[[33m...^[[39mdetails^[[33m.^[[39mfilter(item ^[[33m=>^[[39m item ^[[33m!==^[[39m undefined)]^[[33m;^[[39m
Verify	Run Jest tests	2026-10-10T08:14:55.4299009Z      ^[[90m 130 |^[[39m     ^[[36mif^[[39m (level ^[[33m===^[[39m ^[[32m'error'^[[39m) console^[[33m.^[[39merror(^[[33m...^[[39margs)^[[33m;^[[39m
Verify	Run Jest tests	2026-10-10T08:14:55.4300583Z     ^[[31m^[[1m>^[[22m^[[39m^[[90m 131 |^[[39m     ^[[36melse^[[39m ^[[36mif^[[39m (level ^[[33m===^[[39m ^[[32m'warn'^[[39m) console^[[33m.^[[39mwarn(^[[33m...^[[39margs)^[[33m;^[[39m
Verify	Run Jest tests	2026-10-10T08:14:55.4309144Z      ^[[90m     |^[[39m                                        ^[[31m^[[1m^^[[22m^[[39m
Verify	Run Jest tests	2026-10-10T08:14:55.4326156Z      ^[[90m 132 |^[[39m     ^[[36melse^[[39m ^[[36mif^[[39m (level ^[[33m===^[[39m ^[[32m'info'^[[39m) console^[[33m.^[[39minfo(^[[33m...^[[39margs)^[[33m;^[[39m
Verify	Run Jest tests	2026-10-10T08:14:55.4355508Z      ^[[90m 133 |^[[39m     ^[[36melse^[[39m console^[[33m.^[[39mdebug(^[[33m...^[[39margs)^[[33m;^[[39m
Verify	Run Jest tests	2026-10-10T08:14:55.4385308Z      ^[[90m 134 |^[[39m   }^[[33m;^[[39m^[[0m
Verify	Run Jest tests	2026-10-10T08:14:55.4391953Z 
Verify	Run Jest tests	2026-10-10T08:14:55.4430807Z       at warn (shared/lib/logger.ts:131:40)
Verify	Run Jest tests	2026-10-10T08:14:55.4475134Z       at Object.write [as warn] (shared/lib/logger.ts:142:33)
Verify	Run Jest tests	2026-10-10T08:14:55.4505236Z       at warn (shared/http/httpClient.ts:139:12)
Verify	Run Jest tests	2026-10-10T08:14:55.4535449Z       at asyncGeneratorStep (node_modules/@babel/runtime/helpers/asyncToGenerator.js:3:17)
Verify	Run Jest tests	2026-10-10T08:14:55.4536277Z       at _next (node_modules/@babel/runtime/helpers/asyncToGenerator.js:17:9)
Verify	Run Jest tests	2026-10-10T08:14:55.4536949Z       at node_modules/@babel/runtime/helpers/asyncToGenerator.js:22:7
Verify	Run Jest tests	2026-10-10T08:14:55.4537599Z       at node_modules/@babel/runtime/helpers/asyncToGenerator.js:14:12
Verify	Run Jest tests	2026-10-10T08:14:55.4538140Z       at apply (shared/http/httpClient.ts:145:4)
Verify	Run Jest tests	2026-10-10T08:14:55.4538732Z       at Axios.request (node_modules/axios/dist/browser/axios.cjs:5245:14)
Verify	Run Jest tests	2026-10-10T08:14:55.4539106Z 
Verify	Run Jest tests	2026-10-10T08:15:02.2395472Z PASS __tests__/shared/http/httpClient.test.ts (11.452 s)
Verify	Run Jest tests	2026-10-10T08:15:04.1818226Z PASS __tests__/shared/ui/ErrorBoundary.test.tsx (13.254 s)
Verify	Run Jest tests	2026-10-10T08:15:04.2102835Z   ● Console
Verify	Run Jest tests	2026-10-10T08:15:04.2115027Z 
Verify	Run Jest tests	2026-10-10T08:15:04.2139617Z     console.debug
Verify	Run Jest tests	2026-10-10T08:15:04.2140207Z       [analytics] screen /boom
Verify	Run Jest tests	2026-10-10T08:15:04.2140817Z 
Verify	Run Jest tests	2026-10-10T08:15:04.2145592Z       at debug (shared/lib/logger.ts:133:18)
Verify	Run Jest tests	2026-10-10T08:15:04.2145975Z 
Verify	Run Jest tests	2026-10-10T08:15:04.2146187Z     console.debug
Verify	Run Jest tests	2026-10-10T08:15:04.2146615Z       [analytics] screen /
Verify	Run Jest tests	2026-10-10T08:15:04.2146896Z 
Verify	Run Jest tests	2026-10-10T08:15:04.2147160Z       at debug (shared/lib/logger.ts:133:18)
Verify	Run Jest tests	2026-10-10T08:15:04.2147492Z 
Verify	Run Jest tests	2026-10-10T08:15:04.2147678Z     console.debug
Verify	Run Jest tests	2026-10-10T08:15:04.2148049Z       [analytics] screen /
Verify	Run Jest tests	2026-10-10T08:15:04.2148314Z 
Verify	Run Jest tests	2026-10-10T08:15:04.2148572Z       at debug (shared/lib/logger.ts:133:18)
Verify	Run Jest tests	2026-10-10T08:15:04.2148882Z 
Verify	Run Jest tests	2026-10-10T08:15:04.2149064Z     console.debug
Verify	Run Jest tests	2026-10-10T08:15:04.2149431Z       [analytics] screen /boom
Verify	Run Jest tests	2026-10-10T08:15:04.2149733Z 
Verify	Run Jest tests	2026-10-10T08:15:04.2149966Z       at debug (shared/lib/logger.ts:133:18)
Verify	Run Jest tests	2026-10-10T08:15:04.2150322Z 
Verify	Run Jest tests	2026-10-10T08:15:04.2150919Z     console.debug
Verify	Run Jest tests	2026-10-10T08:15:04.2151365Z       [analytics] screen /
Verify	Run Jest tests	2026-10-10T08:15:04.2151723Z 
Verify	Run Jest tests	2026-10-10T08:15:04.2151985Z       at debug (shared/lib/logger.ts:133:18)
Verify	Run Jest tests	2026-10-10T08:15:04.2152307Z 
Verify	Run Jest tests	2026-10-10T08:15:04.2152510Z     console.debug
Verify	Run Jest tests	2026-10-10T08:15:04.2152892Z       [analytics] screen /
Verify	Run Jest tests	2026-10-10T08:15:04.2154271Z 
Verify	Run Jest tests	2026-10-10T08:15:04.2154805Z       at debug (shared/lib/logger.ts:133:18)
Verify	Run Jest tests	2026-10-10T08:15:04.2155171Z 
Verify	Run Jest tests	2026-10-10T08:15:04.2155388Z     console.debug
Verify	Run Jest tests	2026-10-10T08:15:04.2155790Z       [analytics] screen /boom
Verify	Run Jest tests	2026-10-10T08:15:04.2156093Z 
Verify	Run Jest tests	2026-10-10T08:15:04.2156363Z       at debug (shared/lib/logger.ts:133:18)
Verify	Run Jest tests	2026-10-10T08:15:04.2156708Z 
Verify	Run Jest tests	2026-10-10T08:15:04.2156899Z     console.debug
Verify	Run Jest tests	2026-10-10T08:15:04.2157278Z       [analytics] screen /
Verify	Run Jest tests	2026-10-10T08:15:04.2157555Z 
Verify	Run Jest tests	2026-10-10T08:15:04.2157848Z       at debug (shared/lib/logger.ts:133:18)
Verify	Run Jest tests	2026-10-10T08:15:04.2158192Z 
Verify	Run Jest tests	2026-10-10T08:15:04.2158395Z     console.debug
Verify	Run Jest tests	2026-10-10T08:15:04.2158779Z       [analytics] screen /boom
Verify	Run Jest tests	2026-10-10T08:15:04.2159094Z 
Verify	Run Jest tests	2026-10-10T08:15:04.2159346Z       at debug (shared/lib/logger.ts:133:18)
Verify	Run Jest tests	2026-10-10T08:15:04.2159687Z 
Verify	Run Jest tests	2026-10-10T08:15:04.2159887Z     console.debug
Verify	Run Jest tests	2026-10-10T08:15:04.2160252Z       [analytics] screen /
Verify	Run Jest tests	2026-10-10T08:15:04.2160537Z 
Verify	Run Jest tests	2026-10-10T08:15:04.2160797Z       at debug (shared/lib/logger.ts:133:18)
Verify	Run Jest tests	2026-10-10T08:15:04.2161124Z 
Verify	Run Jest tests	2026-10-10T08:15:04.2161322Z     console.debug
Verify	Run Jest tests	2026-10-10T08:15:04.2161714Z       [analytics] screen /boom
Verify	Run Jest tests	2026-10-10T08:15:04.2162008Z 
Verify	Run Jest tests	2026-10-10T08:15:04.2162269Z       at debug (shared/lib/logger.ts:133:18)
Verify	Run Jest tests	2026-10-10T08:15:04.2162599Z 
Verify	Run Jest tests	2026-10-10T08:15:04.3793387Z PASS __tests__/shared/session/tokenStore.test.tsx (8.92 s)
Verify	Run Jest tests	2026-10-10T08:15:04.3874350Z   ● Console
Verify	Run Jest tests	2026-10-10T08:15:04.3875167Z 
Verify	Run Jest tests	2026-10-10T08:15:04.3875550Z     console.debug
Verify	Run Jest tests	2026-10-10T08:15:04.3876123Z       [analytics] screen /login
Verify	Run Jest tests	2026-10-10T08:15:04.3876532Z 
Verify	Run Jest tests	2026-10-10T08:15:04.3876852Z       at debug (shared/lib/logger.ts:133:18)
Verify	Run Jest tests	2026-10-10T08:15:04.3877304Z 
Verify	Run Jest tests	2026-10-10T08:15:04.3877542Z     console.debug
Verify	Run Jest tests	2026-10-10T08:15:04.3877997Z       [analytics] screen /
Verify	Run Jest tests	2026-10-10T08:15:04.3878365Z 
Verify	Run Jest tests	2026-10-10T08:15:04.3878680Z       at debug (shared/lib/logger.ts:133:18)
Verify	Run Jest tests	2026-10-10T08:15:04.3879116Z 
Verify	Run Jest tests	2026-10-10T08:15:04.3879362Z     console.debug
Verify	Run Jest tests	2026-10-10T08:15:04.3879835Z       [analytics] screen /login
Verify	Run Jest tests	2026-10-10T08:15:04.3880217Z 
Verify	Run Jest tests	2026-10-10T08:15:04.3880518Z       at debug (shared/lib/logger.ts:133:18)
Verify	Run Jest tests	2026-10-10T08:15:04.3880955Z 
Verify	Run Jest tests	2026-10-10T08:15:04.3881191Z     console.debug
Verify	Run Jest tests	2026-10-10T08:15:04.3881637Z       [analytics] screen /
Verify	Run Jest tests	2026-10-10T08:15:04.3881992Z 
Verify	Run Jest tests	2026-10-10T08:15:04.3882292Z       at debug (shared/lib/logger.ts:133:18)
Verify	Run Jest tests	2026-10-10T08:15:04.3882703Z 
Verify	Run Jest tests	2026-10-10T08:15:04.3882936Z     console.debug
Verify	Run Jest tests	2026-10-10T08:15:04.3883373Z       [analytics] screen /
Verify	Run Jest tests	2026-10-10T08:15:04.3884088Z 
Verify	Run Jest tests	2026-10-10T08:15:04.3884374Z       at debug (shared/lib/logger.ts:133:18)
Verify	Run Jest tests	2026-10-10T08:15:04.3886977Z 
Verify	Run Jest tests	2026-10-10T08:15:04.8905592Z PASS __tests__/features/auth/LoginScreen.test.tsx
Verify	Run Jest tests	2026-10-10T08:15:04.8945987Z   ● Console
Verify	Run Jest tests	2026-10-10T08:15:04.8950607Z 
Verify	Run Jest tests	2026-10-10T08:15:04.8951145Z     console.error
Verify	Run Jest tests	2026-10-10T08:15:04.8951688Z       An update to SessionProvider inside a test was not wrapped in act(...).
Verify	Run Jest tests	2026-10-10T08:15:04.8952205Z       
Verify	Run Jest tests	2026-10-10T08:15:04.8952727Z       When testing, code that causes React state updates should be wrapped into act(...):
Verify	Run Jest tests	2026-10-10T08:15:04.8953295Z       
Verify	Run Jest tests	2026-10-10T08:15:04.8953542Z       act(() => {
Verify	Run Jest tests	2026-10-10T08:15:04.8953882Z         /* fire events that update state */
Verify	Run Jest tests	2026-10-10T08:15:04.8954244Z       });
Verify	Run Jest tests	2026-10-10T08:15:04.8954704Z       /* assert on the output */
Verify	Run Jest tests	2026-10-10T08:15:04.8955014Z       
Verify	Run Jest tests	2026-10-10T08:15:04.8955805Z       This ensures that you're testing the behavior the user would see in the browser. Learn more at https://react.dev/link/wrap-tests-with-act
Verify	Run Jest tests	2026-10-10T08:15:04.8956499Z 
Verify	Run Jest tests	2026-10-10T08:15:04.8957006Z     ^[[0m ^[[90m 86 |^[[39m     readStoredSession()^[[33m.^[[39mthen(restored ^[[33m=>^[[39m {
Verify	Run Jest tests	2026-10-10T08:15:04.8958560Z      ^[[90m 87 |^[[39m       ^[[36mif^[[39m (^[[33m!^[[39mchangedRef^[[33m.^[[39mcurrent ^[[33m&&^[[39m isMountedRef^[[33m.^[[39mcurrent) {
Verify	Run Jest tests	2026-10-10T08:15:04.8959496Z     ^[[31m^[[1m>^[[22m^[[39m^[[90m 88 |^[[39m         setSession(restored)^[[33m;^[[39m
Verify	Run Jest tests	2026-10-10T08:15:04.8960093Z      ^[[90m    |^[[39m         ^[[31m^[[1m^^[[22m^[[39m
Verify	Run Jest tests	2026-10-10T08:15:04.8960524Z      ^[[90m 89 |^[[39m       }
Verify	Run Jest tests	2026-10-10T08:15:04.8960936Z      ^[[90m 90 |^[[39m     })^[[33m;^[[39m
Verify	Run Jest tests	2026-10-10T08:15:04.8961629Z      ^[[90m 91 |^[[39m     ^[[90m// The HTTP client has already cleared the stored session.^[[39m^[[0m
Verify	Run Jest tests	2026-10-10T08:15:04.8962070Z 
Verify	Run Jest tests	2026-10-10T08:15:04.8962486Z       at node_modules/react-test-renderer/cjs/react-test-renderer.development.js:14402:19
Verify	Run Jest tests	2026-10-10T08:15:04.8963482Z       at runWithFiberInDEV (node_modules/react-test-renderer/cjs/react-test-renderer.development.js:2315:13)
Verify	Run Jest tests	2026-10-10T08:15:04.8964834Z       at warnIfUpdatesNotWrappedWithActDEV (node_modules/react-test-renderer/cjs/react-test-renderer.development.js:14401:9)
Verify	Run Jest tests	2026-10-10T08:15:04.8966082Z       at scheduleUpdateOnFiber (node_modules/react-test-renderer/cjs/react-test-renderer.development.js:12086:9)
Verify	Run Jest tests	2026-10-10T08:15:04.8967241Z       at dispatchSetStateInternal (node_modules/react-test-renderer/cjs/react-test-renderer.development.js:6208:13)
Verify	Run Jest tests	2026-10-10T08:15:04.8968288Z       at dispatchSetState (node_modules/react-test-renderer/cjs/react-test-renderer.development.js:6165:7)
Verify	Run Jest tests	2026-10-10T08:15:04.8969053Z       at setSession (shared/session/SessionProvider.tsx:88:9)
Verify	Run Jest tests	2026-10-10T08:15:04.8969353Z 
Verify	Run Jest tests	2026-10-10T08:15:04.8969473Z     console.error
Verify	Run Jest tests	2026-10-10T08:15:04.8969925Z       An update to SessionProvider inside a test was not wrapped in act(...).
Verify	Run Jest tests	2026-10-10T08:15:04.8970401Z       
Verify	Run Jest tests	2026-10-10T08:15:04.8970882Z       When testing, code that causes React state updates should be wrapped into act(...):
Verify	Run Jest tests	2026-10-10T08:15:04.8971407Z       
Verify	Run Jest tests	2026-10-10T08:15:04.8971642Z       act(() => {
Verify	Run Jest tests	2026-10-10T08:15:04.8971946Z         /* fire events that update state */
Verify	Run Jest tests	2026-10-10T08:15:04.8972285Z       });
Verify	Run Jest tests	2026-10-10T08:15:04.8972554Z       /* assert on the output */
Verify	Run Jest tests	2026-10-10T08:15:04.8972865Z       
Verify	Run Jest tests	2026-10-10T08:15:04.8973621Z       This ensures that you're testing the behavior the user would see in the browser. Learn more at https://react.dev/link/wrap-tests-with-act
Verify	Run Jest tests	2026-10-10T08:15:04.8974268Z 
Verify	Run Jest tests	2026-10-10T08:15:04.8975134Z     ^[[0m ^[[90m 86 |^[[39m     readStoredSession()^[[33m.^[[39mthen(restored ^[[33m=>^[[39m {
Verify	Run Jest tests	2026-10-10T08:15:04.8976090Z      ^[[90m 87 |^[[39m       ^[[36mif^[[39m (^[[33m!^[[39mchangedRef^[[33m.^[[39mcurrent ^[[33m&&^[[39m isMountedRef^[[33m.^[[39mcurrent) {
Verify	Run Jest tests	2026-10-10T08:15:04.8976929Z     ^[[31m^[[1m>^[[22m^[[39m^[[90m 88 |^[[39m         setSession(restored)^[[33m;^[[39m
Verify	Run Jest tests	2026-10-10T08:15:04.8998944Z      ^[[90m    |^[[39m         ^[[31m^[[1m^^[[22m^[[39m
Verify	Run Jest tests	2026-10-10T08:15:04.8999397Z      ^[[90m 89 |^[[39m       }
Verify	Run Jest tests	2026-10-10T08:15:04.9000101Z      ^[[90m 90 |^[[39m     })^[[33m;^[[39m
Verify	Run Jest tests	2026-10-10T08:15:04.9000789Z      ^[[90m 91 |^[[39m     ^[[90m// The HTTP client has already cleared the stored session.^[[39m^[[0m
Verify	Run Jest tests	2026-10-10T08:15:04.9001217Z 
Verify	Run Jest tests	2026-10-10T08:15:04.9001644Z       at node_modules/react-test-renderer/cjs/react-test-renderer.development.js:14402:19
Verify	Run Jest tests	2026-10-10T08:15:04.9002634Z       at runWithFiberInDEV (node_modules/react-test-renderer/cjs/react-test-renderer.development.js:2315:13)
Verify	Run Jest tests	2026-10-10T08:15:04.9003840Z       at warnIfUpdatesNotWrappedWithActDEV (node_modules/react-test-renderer/cjs/react-test-renderer.development.js:14401:9)
Verify	Run Jest tests	2026-10-10T08:15:04.9005226Z       at scheduleUpdateOnFiber (node_modules/react-test-renderer/cjs/react-test-renderer.development.js:12086:9)
Verify	Run Jest tests	2026-10-10T08:15:04.9006340Z       at dispatchSetStateInternal (node_modules/react-test-renderer/cjs/react-test-renderer.development.js:6208:13)
Verify	Run Jest tests	2026-10-10T08:15:04.9007382Z       at dispatchSetState (node_modules/react-test-renderer/cjs/react-test-renderer.development.js:6165:7)
Verify	Run Jest tests	2026-10-10T08:15:04.9008193Z       at setSession (shared/session/SessionProvider.tsx:88:9)
Verify	Run Jest tests	2026-10-10T08:15:04.9008514Z 
Verify	Run Jest tests	2026-10-10T08:15:05.0321866Z PASS __tests__/shared/integrations/seams.test.ts
Verify	Run Jest tests	2026-10-10T08:15:05.1777456Z PASS __tests__/app/sessionRoutes.test.tsx
Verify	Run Jest tests	2026-10-10T08:15:05.2056499Z   ● Console
Verify	Run Jest tests	2026-10-10T08:15:05.2083510Z 
Verify	Run Jest tests	2026-10-10T08:15:05.2084317Z     console.debug
Verify	Run Jest tests	2026-10-10T08:15:05.2085133Z       [analytics] screen /profile
Verify	Run Jest tests	2026-10-10T08:15:05.2085547Z 
Verify	Run Jest tests	2026-10-10T08:15:05.2085925Z       at debug (shared/lib/logger.ts:133:18)
Verify	Run Jest tests	2026-10-10T08:15:05.2086365Z 
Verify	Run Jest tests	2026-10-10T08:15:05.2086643Z     console.debug
Verify	Run Jest tests	2026-10-10T08:15:05.2087130Z       [analytics] screen /profile
Verify	Run Jest tests	2026-10-10T08:15:05.2087526Z 
Verify	Run Jest tests	2026-10-10T08:15:05.2087843Z       at debug (shared/lib/logger.ts:133:18)
Verify	Run Jest tests	2026-10-10T08:15:05.2088241Z 
Verify	Run Jest tests	2026-10-10T08:15:05.2088530Z     console.debug
Verify	Run Jest tests	2026-10-10T08:15:05.2088973Z       [analytics] screen /
Verify	Run Jest tests	2026-10-10T08:15:05.2089328Z 
Verify	Run Jest tests	2026-10-10T08:15:05.2089686Z       at debug (shared/lib/logger.ts:133:18)
Verify	Run Jest tests	2026-10-10T08:15:05.2090078Z 
Verify	Run Jest tests	2026-10-10T08:15:05.2090341Z     console.debug
Verify	Run Jest tests	2026-10-10T08:15:05.2090804Z       [analytics] screen /login
Verify	Run Jest tests	2026-10-10T08:15:05.2091179Z 
Verify	Run Jest tests	2026-10-10T08:15:05.2091510Z       at debug (shared/lib/logger.ts:133:18)
Verify	Run Jest tests	2026-10-10T08:15:05.2091928Z 
Verify	Run Jest tests	2026-10-10T08:15:05.2092185Z     console.debug
Verify	Run Jest tests	2026-10-10T08:15:05.2092626Z       [analytics] screen /
Verify	Run Jest tests	2026-10-10T08:15:05.2092983Z 
Verify	Run Jest tests	2026-10-10T08:15:05.2093309Z       at debug (shared/lib/logger.ts:133:18)
Verify	Run Jest tests	2026-10-10T08:15:05.2093723Z 
Verify	Run Jest tests	2026-10-10T08:15:05.2093987Z     console.debug
Verify	Run Jest tests	2026-10-10T08:15:05.2094581Z       [analytics] screen /login
Verify	Run Jest tests	2026-10-10T08:15:05.2094969Z 
Verify	Run Jest tests	2026-10-10T08:15:05.2095293Z       at debug (shared/lib/logger.ts:133:18)
Verify	Run Jest tests	2026-10-10T08:15:05.2095695Z 
Verify	Run Jest tests	2026-10-10T08:15:05.2095966Z     console.debug
Verify	Run Jest tests	2026-10-10T08:15:05.2096392Z       [analytics] screen /
Verify	Run Jest tests	2026-10-10T08:15:05.2096741Z 
Verify	Run Jest tests	2026-10-10T08:15:05.2097076Z       at debug (shared/lib/logger.ts:133:18)
Verify	Run Jest tests	2026-10-10T08:15:05.2097485Z 
Verify	Run Jest tests	2026-10-10T08:15:05.2097760Z     console.debug
Verify	Run Jest tests	2026-10-10T08:15:05.2098227Z       [analytics] screen /profile
Verify	Run Jest tests	2026-10-10T08:15:05.2098606Z 
Verify	Run Jest tests	2026-10-10T08:15:05.2098947Z       at debug (shared/lib/logger.ts:133:18)
Verify	Run Jest tests	2026-10-10T08:15:05.2100429Z 
Verify	Run Jest tests	2026-10-10T08:15:05.2100705Z     console.debug
Verify	Run Jest tests	2026-10-10T08:15:05.2101157Z       [analytics] screen /
Verify	Run Jest tests	2026-10-10T08:15:05.2101500Z 
Verify	Run Jest tests	2026-10-10T08:15:05.2101836Z       at debug (shared/lib/logger.ts:133:18)
Verify	Run Jest tests	2026-10-10T08:15:05.2102245Z 
Verify	Run Jest tests	2026-10-10T08:15:05.2102512Z     console.debug
Verify	Run Jest tests	2026-10-10T08:15:05.2102972Z       [analytics] screen /profile
Verify	Run Jest tests	2026-10-10T08:15:05.2103504Z 
Verify	Run Jest tests	2026-10-10T08:15:05.2103825Z       at debug (shared/lib/logger.ts:133:18)
Verify	Run Jest tests	2026-10-10T08:15:05.2104237Z 
Verify	Run Jest tests	2026-10-10T08:15:05.2104633Z     console.debug
Verify	Run Jest tests	2026-10-10T08:15:05.2105072Z       [analytics] screen /
Verify	Run Jest tests	2026-10-10T08:15:05.2105409Z 
Verify	Run Jest tests	2026-10-10T08:15:05.2105734Z       at debug (shared/lib/logger.ts:133:18)
Verify	Run Jest tests	2026-10-10T08:15:05.2106127Z 
Verify	Run Jest tests	2026-10-10T08:15:05.2106404Z     console.debug
Verify	Run Jest tests	2026-10-10T08:15:05.2107226Z       [analytics] screen /profile
Verify	Run Jest tests	2026-10-10T08:15:05.2107614Z 
Verify	Run Jest tests	2026-10-10T08:15:05.2107948Z       at debug (shared/lib/logger.ts:133:18)
Verify	Run Jest tests	2026-10-10T08:15:05.2108373Z 
Verify	Run Jest tests	2026-10-10T08:15:05.2108655Z     console.debug
Verify	Run Jest tests	2026-10-10T08:15:05.2109109Z       [analytics] screen /
Verify	Run Jest tests	2026-10-10T08:15:05.2109455Z 
Verify	Run Jest tests	2026-10-10T08:15:05.2109790Z       at debug (shared/lib/logger.ts:133:18)
Verify	Run Jest tests	2026-10-10T08:15:05.2110204Z 
Verify	Run Jest tests	2026-10-10T08:15:05.2110615Z     console.debug
Verify	Run Jest tests	2026-10-10T08:15:05.2111176Z       [analytics] screen /profile
Verify	Run Jest tests	2026-10-10T08:15:05.2111608Z 
Verify	Run Jest tests	2026-10-10T08:15:05.2111949Z       at debug (shared/lib/logger.ts:133:18)
Verify	Run Jest tests	2026-10-10T08:15:05.2112359Z 
Verify	Run Jest tests	2026-10-10T08:15:05.2112634Z     console.debug
Verify	Run Jest tests	2026-10-10T08:15:05.2113067Z       [analytics] screen /
Verify	Run Jest tests	2026-10-10T08:15:05.2113416Z 
Verify	Run Jest tests	2026-10-10T08:15:05.2113748Z       at debug (shared/lib/logger.ts:133:18)
Verify	Run Jest tests	2026-10-10T08:15:05.2114168Z 
Verify	Run Jest tests	2026-10-10T08:15:05.2114586Z     console.debug
Verify	Run Jest tests	2026-10-10T08:15:05.2115127Z       [analytics] screen /
Verify	Run Jest tests	2026-10-10T08:15:05.2116388Z 
Verify	Run Jest tests	2026-10-10T08:15:05.2116766Z       at debug (shared/lib/logger.ts:133:18)
Verify	Run Jest tests	2026-10-10T08:15:05.2117178Z 
Verify	Run Jest tests	2026-10-10T08:15:05.2117434Z     console.debug
Verify	Run Jest tests	2026-10-10T08:15:05.2118158Z       [analytics] screen /profile
Verify	Run Jest tests	2026-10-10T08:15:05.2118559Z 
Verify	Run Jest tests	2026-10-10T08:15:05.2118905Z       at debug (shared/lib/logger.ts:133:18)
Verify	Run Jest tests	2026-10-10T08:15:05.2119480Z 
Verify	Run Jest tests	2026-10-10T08:15:05.2119750Z     console.debug
Verify	Run Jest tests	2026-10-10T08:15:05.2120198Z       [analytics] screen /
Verify	Run Jest tests	2026-10-10T08:15:05.2120550Z 
Verify	Run Jest tests	2026-10-10T08:15:05.2120887Z       at debug (shared/lib/logger.ts:133:18)
Verify	Run Jest tests	2026-10-10T08:15:05.2121298Z 
Verify	Run Jest tests	2026-10-10T08:15:05.2121566Z     console.debug
Verify	Run Jest tests	2026-10-10T08:15:05.2122062Z       [analytics] screen /profile
Verify	Run Jest tests	2026-10-10T08:15:05.2122451Z 
Verify	Run Jest tests	2026-10-10T08:15:05.2122794Z       at debug (shared/lib/logger.ts:133:18)
Verify	Run Jest tests	2026-10-10T08:15:05.2123229Z 
Verify	Run Jest tests	2026-10-10T08:15:05.2131682Z PASS __tests__/features/home/HomeScreen.test.tsx
Verify	Run Jest tests	2026-10-10T08:15:05.3401099Z PASS __tests__/app/appConfig.test.ts
Verify	Run Jest tests	2026-10-10T08:15:05.3551473Z PASS __tests__/shared/storage/storage.test.ts
Verify	Run Jest tests	2026-10-10T08:15:05.4273822Z PASS __tests__/features/demo-auth/dummyJsonAdapter.test.ts
Verify	Run Jest tests	2026-10-10T08:15:05.7238060Z PASS __tests__/features/demo-todos/TodosScreen.test.tsx
Verify	Run Jest tests	2026-10-10T08:15:05.7275627Z   ● Console
Verify	Run Jest tests	2026-10-10T08:15:05.7295298Z 
Verify	Run Jest tests	2026-10-10T08:15:05.7315491Z     console.warn
Verify	Run Jest tests	2026-10-10T08:15:05.7316119Z       API GET /todos failed: server (503)
Verify	Run Jest tests	2026-10-10T08:15:05.7316556Z 
Verify	Run Jest tests	2026-10-10T08:15:05.7317748Z     ^[[0m ^[[90m 129 |^[[39m     ^[[36mconst^[[39m args ^[[33m=^[[39m [message^[[33m,^[[39m ^[[33m...^[[39mdetails^[[33m.^[[39mfilter(item ^[[33m=>^[[39m item ^[[33m!==^[[39m undefined)]^[[33m;^[[39m
Verify	Run Jest tests	2026-10-10T08:15:05.7319209Z      ^[[90m 130 |^[[39m     ^[[36mif^[[39m (level ^[[33m===^[[39m ^[[32m'error'^[[39m) console^[[33m.^[[39merror(^[[33m...^[[39margs)^[[33m;^[[39m
Verify	Run Jest tests	2026-10-10T08:15:05.7320698Z     ^[[31m^[[1m>^[[22m^[[39m^[[90m 131 |^[[39m     ^[[36melse^[[39m ^[[36mif^[[39m (level ^[[33m===^[[39m ^[[32m'warn'^[[39m) console^[[33m.^[[39mwarn(^[[33m...^[[39margs)^[[33m;^[[39m
Verify	Run Jest tests	2026-10-10T08:15:05.7321803Z      ^[[90m     |^[[39m                                        ^[[31m^[[1m^^[[22m^[[39m
Verify	Run Jest tests	2026-10-10T08:15:05.7323000Z      ^[[90m 132 |^[[39m     ^[[36melse^[[39m ^[[36mif^[[39m (level ^[[33m===^[[39m ^[[32m'info'^[[39m) console^[[33m.^[[39minfo(^[[33m...^[[39margs)^[[33m;^[[39m
Verify	Run Jest tests	2026-10-10T08:15:05.7324207Z      ^[[90m 133 |^[[39m     ^[[36melse^[[39m console^[[33m.^[[39mdebug(^[[33m...^[[39margs)^[[33m;^[[39m
Verify	Run Jest tests	2026-10-10T08:15:05.7325175Z      ^[[90m 134 |^[[39m   }^[[33m;^[[39m^[[0m
Verify	Run Jest tests	2026-10-10T08:15:05.7325571Z 
Verify	Run Jest tests	2026-10-10T08:15:05.7325908Z       at warn (shared/lib/logger.ts:131:40)
Verify	Run Jest tests	2026-10-10T08:15:05.7326547Z       at Object.write [as warn] (shared/lib/logger.ts:142:33)
Verify	Run Jest tests	2026-10-10T08:15:05.7327212Z       at warn (shared/http/httpClient.ts:139:12)
Verify	Run Jest tests	2026-10-10T08:15:05.7328037Z       at asyncGeneratorStep (node_modules/@babel/runtime/helpers/asyncToGenerator.js:3:17)
Verify	Run Jest tests	2026-10-10T08:15:05.7328973Z       at _next (node_modules/@babel/runtime/helpers/asyncToGenerator.js:17:9)
Verify	Run Jest tests	2026-10-10T08:15:05.7329787Z       at node_modules/@babel/runtime/helpers/asyncToGenerator.js:22:7
Verify	Run Jest tests	2026-10-10T08:15:05.7331069Z       at node_modules/@babel/runtime/helpers/asyncToGenerator.js:14:12
Verify	Run Jest tests	2026-10-10T08:15:05.7331783Z       at apply (shared/http/httpClient.ts:145:4)
Verify	Run Jest tests	2026-10-10T08:15:05.7332517Z       at Axios.request (node_modules/axios/dist/browser/axios.cjs:5245:14)
Verify	Run Jest tests	2026-10-10T08:15:05.7333064Z 
Verify	Run Jest tests	2026-10-10T08:15:05.7899658Z PASS __tests__/shared/ui/theme.test.ts
Verify	Run Jest tests	2026-10-10T08:15:06.0237998Z PASS __tests__/shared/integrations/i18n.test.tsx
Verify	Run Jest tests	2026-10-10T08:15:06.0266194Z   ● Console
Verify	Run Jest tests	2026-10-10T08:15:06.0266585Z 
Verify	Run Jest tests	2026-10-10T08:15:06.0266937Z     console.debug
Verify	Run Jest tests	2026-10-10T08:15:06.0267450Z       [analytics] screen /
Verify	Run Jest tests	2026-10-10T08:15:06.0267816Z 
Verify	Run Jest tests	2026-10-10T08:15:06.0268157Z       at debug (shared/lib/logger.ts:133:18)
Verify	Run Jest tests	2026-10-10T08:15:06.0268570Z 
Verify	Run Jest tests	2026-10-10T08:15:06.0268836Z     console.debug
Verify	Run Jest tests	2026-10-10T08:15:06.0269318Z       [analytics] screen /login
Verify	Run Jest tests	2026-10-10T08:15:06.0269666Z 
Verify	Run Jest tests	2026-10-10T08:15:06.0270002Z       at debug (shared/lib/logger.ts:133:18)
Verify	Run Jest tests	2026-10-10T08:15:06.0270451Z 
Verify	Run Jest tests	2026-10-10T08:15:06.4055778Z PASS __tests__/app/tabBarTheme.test.tsx
Verify	Run Jest tests	2026-10-10T08:15:06.4075539Z   ● Console
Verify	Run Jest tests	2026-10-10T08:15:06.4076196Z 
Verify	Run Jest tests	2026-10-10T08:15:06.4082975Z     console.debug
Verify	Run Jest tests	2026-10-10T08:15:06.4083501Z       [analytics] screen /
Verify	Run Jest tests	2026-10-10T08:15:06.4083882Z 
Verify	Run Jest tests	2026-10-10T08:15:06.4084250Z       at debug (shared/lib/logger.ts:133:18)
Verify	Run Jest tests	2026-10-10T08:15:06.4084851Z 
Verify	Run Jest tests	2026-10-10T08:15:06.4085129Z     console.debug
Verify	Run Jest tests	2026-10-10T08:15:06.4085579Z       [analytics] screen /
Verify	Run Jest tests	2026-10-10T08:15:06.4085950Z 
Verify	Run Jest tests	2026-10-10T08:15:06.4086283Z       at debug (shared/lib/logger.ts:133:18)
Verify	Run Jest tests	2026-10-10T08:15:06.4086708Z 
Verify	Run Jest tests	2026-10-10T08:15:06.4973474Z PASS __tests__/app/initialRoute.test.tsx
Verify	Run Jest tests	2026-10-10T08:15:06.5025446Z   ● Console
Verify	Run Jest tests	2026-10-10T08:15:06.5027937Z 
Verify	Run Jest tests	2026-10-10T08:15:06.5028318Z     console.debug
Verify	Run Jest tests	2026-10-10T08:15:06.5028947Z       [analytics] screen /
Verify	Run Jest tests	2026-10-10T08:15:06.5029199Z 
Verify	Run Jest tests	2026-10-10T08:15:06.5029404Z       at debug (shared/lib/logger.ts:133:18)
Verify	Run Jest tests	2026-10-10T08:15:06.5029690Z 
Verify	Run Jest tests	2026-10-10T08:15:06.5029835Z     console.debug
Verify	Run Jest tests	2026-10-10T08:15:06.5030147Z       [analytics] screen /login
Verify	Run Jest tests	2026-10-10T08:15:06.5030361Z 
Verify	Run Jest tests	2026-10-10T08:15:06.5030545Z       at debug (shared/lib/logger.ts:133:18)
Verify	Run Jest tests	2026-10-10T08:15:06.5030820Z 
Verify	Run Jest tests	2026-10-10T08:15:06.5030920Z     console.debug
Verify	Run Jest tests	2026-10-10T08:15:06.5031233Z       [analytics] screen /login
Verify	Run Jest tests	2026-10-10T08:15:06.5031439Z 
Verify	Run Jest tests	2026-10-10T08:15:06.5031607Z       at debug (shared/lib/logger.ts:133:18)
Verify	Run Jest tests	2026-10-10T08:15:06.5031846Z 
Verify	Run Jest tests	2026-10-10T08:15:06.5031942Z     console.debug
Verify	Run Jest tests	2026-10-10T08:15:06.5032192Z       [analytics] screen /
Verify	Run Jest tests	2026-10-10T08:15:06.5032386Z 
Verify	Run Jest tests	2026-10-10T08:15:06.5032564Z       at debug (shared/lib/logger.ts:133:18)
Verify	Run Jest tests	2026-10-10T08:15:06.5032799Z 
Verify	Run Jest tests	2026-10-10T08:15:06.5055235Z PASS __tests__/shared/ui/LoadingScreen.test.tsx
Verify	Run Jest tests	2026-10-10T08:15:06.8678288Z PASS __tests__/features/demo-auth/DemoCredentialsHint.test.tsx
Verify	Run Jest tests	2026-10-10T08:15:07.0326895Z PASS __tests__/app/configError.test.tsx
Verify	Run Jest tests	2026-10-10T08:15:07.0333092Z   ● Console
Verify	Run Jest tests	2026-10-10T08:15:07.0335751Z 
Verify	Run Jest tests	2026-10-10T08:15:07.0336284Z     console.debug
Verify	Run Jest tests	2026-10-10T08:15:07.0336738Z       [analytics] screen /
Verify	Run Jest tests	2026-10-10T08:15:07.0337080Z 
Verify	Run Jest tests	2026-10-10T08:15:07.0337401Z       at debug (shared/lib/logger.ts:133:18)
Verify	Run Jest tests	2026-10-10T08:15:07.0337809Z 
Verify	Run Jest tests	2026-10-10T08:15:07.0976120Z PASS __tests__/app/statusBar.test.tsx
Verify	Run Jest tests	2026-10-10T08:15:07.1040210Z   ● Console
Verify	Run Jest tests	2026-10-10T08:15:07.1040541Z 
Verify	Run Jest tests	2026-10-10T08:15:07.1040827Z     console.debug
Verify	Run Jest tests	2026-10-10T08:15:07.1041269Z       [analytics] screen /
Verify	Run Jest tests	2026-10-10T08:15:07.1041661Z 
Verify	Run Jest tests	2026-10-10T08:15:07.1041994Z       at debug (shared/lib/logger.ts:133:18)
Verify	Run Jest tests	2026-10-10T08:15:07.1042393Z 
Verify	Run Jest tests	2026-10-10T08:15:07.1042651Z     console.debug
Verify	Run Jest tests	2026-10-10T08:15:07.1043077Z       [analytics] screen /
Verify	Run Jest tests	2026-10-10T08:15:07.1043424Z 
Verify	Run Jest tests	2026-10-10T08:15:07.1043737Z       at debug (shared/lib/logger.ts:133:18)
Verify	Run Jest tests	2026-10-10T08:15:07.1044133Z 
Verify	Run Jest tests	2026-10-10T08:15:07.4486068Z PASS __tests__/shared/integrations/screenTracking.test.tsx
Verify	Run Jest tests	2026-10-10T08:15:07.5585587Z PASS __tests__/features/demo-showcase/ShowcaseScreen.test.tsx
Verify	Run Jest tests	2026-10-10T08:15:08.2377933Z -----------------------------------|---------|----------|---------|---------|-------------------
Verify	Run Jest tests	2026-10-10T08:15:08.2378916Z File                               | % Stmts | % Branch | % Funcs | % Lines | Uncovered Line #s 
Verify	Run Jest tests	2026-10-10T08:15:08.2379782Z -----------------------------------|---------|----------|---------|---------|-------------------
Verify	Run Jest tests	2026-10-10T08:15:08.2384409Z All files                          |   97.31 |    91.28 |   94.55 |   97.49 |                   
Verify	Run Jest tests	2026-10-10T08:15:08.2385275Z  app                               |     100 |      100 |   57.14 |     100 |                   
Verify	Run Jest tests	2026-10-10T08:15:08.2385954Z   _layout.tsx                      |     100 |      100 |   57.14 |     100 |                   
Verify	Run Jest tests	2026-10-10T08:15:08.2386636Z   showcase.tsx                     |       0 |        0 |       0 |       0 |                   
Verify	Run Jest tests	2026-10-10T08:15:08.2387302Z  app/(app)                         |    87.5 |       75 |     100 |     100 |                   
Verify	Run Jest tests	2026-10-10T08:15:08.2387964Z   _layout.tsx                      |    87.5 |       75 |     100 |     100 | 24                
Verify	Run Jest tests	2026-10-10T08:15:08.2388619Z   profile.tsx                      |       0 |        0 |       0 |       0 |                   
Verify	Run Jest tests	2026-10-10T08:15:08.2389613Z  app/(auth)                        |     100 |      100 |     100 |     100 |                   
Verify	Run Jest tests	2026-10-10T08:15:08.2390268Z   _layout.tsx                      |     100 |      100 |     100 |     100 |                   
Verify	Run Jest tests	2026-10-10T08:15:08.2390921Z   login.tsx                        |       0 |        0 |       0 |       0 |                   
Verify	Run Jest tests	2026-10-10T08:15:08.2391568Z  app/(tabs)                        |     100 |      100 |     100 |     100 |                   
Verify	Run Jest tests	2026-10-10T08:15:08.2392207Z   _layout.tsx                      |     100 |      100 |     100 |     100 |                   
Verify	Run Jest tests	2026-10-10T08:15:08.2392860Z   explore.tsx                      |       0 |        0 |       0 |       0 |                   
Verify	Run Jest tests	2026-10-10T08:15:08.2393495Z   index.tsx                        |       0 |        0 |       0 |       0 |                   
Verify	Run Jest tests	2026-10-10T08:15:08.2394197Z  features/auth/screens             |   95.55 |    79.16 |   83.33 |   95.45 |                   
Verify	Run Jest tests	2026-10-10T08:15:08.2395079Z   LoginScreen.tsx                  |    92.3 |       80 |      60 |    92.3 | 132-136           
Verify	Run Jest tests	2026-10-10T08:15:08.2395779Z   ProfileScreen.tsx                |     100 |    78.57 |     100 |     100 | 38,67-72          
Verify	Run Jest tests	2026-10-10T08:15:08.2396494Z  features/demo-auth                |     100 |    91.66 |     100 |     100 |                   
Verify	Run Jest tests	2026-10-10T08:15:08.2397239Z   DemoCredentialsHint.tsx          |     100 |      100 |     100 |     100 |                   
Verify	Run Jest tests	2026-10-10T08:15:08.2397985Z   dummyJsonAdapter.ts              |     100 |       90 |     100 |     100 | 31                
Verify	Run Jest tests	2026-10-10T08:15:08.2398753Z  features/demo-showcase/components |     100 |      100 |     100 |     100 |                   
Verify	Run Jest tests	2026-10-10T08:15:08.2399523Z   ExampleLinks.tsx                 |     100 |      100 |     100 |     100 |                   
Verify	Run Jest tests	2026-10-10T08:15:08.2400280Z  features/demo-showcase/screens    |   77.77 |      100 |      60 |   71.42 |                   
Verify	Run Jest tests	2026-10-10T08:15:08.2401026Z   ShowcaseScreen.tsx               |   77.77 |      100 |      60 |   71.42 | 133-137           
Verify	Run Jest tests	2026-10-10T08:15:08.2401725Z  features/demo-todos               |       0 |        0 |       0 |       0 |                   
Verify	Run Jest tests	2026-10-10T08:15:08.2402375Z   types.ts                         |       0 |        0 |       0 |       0 |                   
Verify	Run Jest tests	2026-10-10T08:15:08.2403035Z  features/demo-todos/api           |     100 |      100 |     100 |     100 |                   
Verify	Run Jest tests	2026-10-10T08:15:08.2403733Z   todosApi.ts                      |     100 |      100 |     100 |     100 |                   
Verify	Run Jest tests	2026-10-10T08:15:08.2404662Z  features/demo-todos/screens       |     100 |    95.83 |     100 |     100 |                   
Verify	Run Jest tests	2026-10-10T08:15:08.2405405Z   TodosScreen.tsx                  |     100 |    95.83 |     100 |     100 | 65                
Verify	Run Jest tests	2026-10-10T08:15:08.2406326Z  features/home/screens             |     100 |     87.5 |     100 |     100 |                   
Verify	Run Jest tests	2026-10-10T08:15:08.2407056Z   HomeScreen.tsx                   |     100 |     87.5 |     100 |     100 | 38                
Verify	Run Jest tests	2026-10-10T08:15:08.2407732Z  shared/config                     |     100 |    97.95 |     100 |     100 |                   
Verify	Run Jest tests	2026-10-10T08:15:08.2408392Z   env.ts                           |     100 |    97.95 |     100 |     100 | 128               
Verify	Run Jest tests	2026-10-10T08:15:08.2409006Z   featureFlags.ts                  |     100 |      100 |     100 |     100 |                   
Verify	Run Jest tests	2026-10-10T08:15:08.2409672Z  shared/http                       |   98.71 |    94.66 |     100 |   98.61 |                   
Verify	Run Jest tests	2026-10-10T08:15:08.2410293Z   api.ts                           |     100 |      100 |     100 |     100 |                   
Verify	Run Jest tests	2026-10-10T08:15:08.2410910Z   apiError.ts                      |   96.96 |    94.59 |     100 |   96.42 | 58                
Verify	Run Jest tests	2026-10-10T08:15:08.2411563Z   httpClient.ts                    |     100 |    94.73 |     100 |     100 | 89                
Verify	Run Jest tests	2026-10-10T08:15:08.2412393Z  shared/i18n                       |     100 |    83.33 |     100 |     100 |                   
Verify	Run Jest tests	2026-10-10T08:15:08.2413007Z   en.ts                            |     100 |      100 |     100 |     100 |                   
Verify	Run Jest tests	2026-10-10T08:15:08.2413625Z   index.ts                         |     100 |    83.33 |     100 |     100 | 38                
Verify	Run Jest tests	2026-10-10T08:15:08.2414284Z  shared/integrations               |   95.91 |       75 |   96.55 |   95.34 |                   
Verify	Run Jest tests	2026-10-10T08:15:08.2415214Z   analytics.ts                     |     100 |     87.5 |     100 |     100 | 25                
Verify	Run Jest tests	2026-10-10T08:15:08.2415885Z   errorReporter.ts                 |   81.81 |       40 |   83.33 |   77.77 | 41,57             
Verify	Run Jest tests	2026-10-10T08:15:08.2416561Z   featureFlags.ts                  |     100 |      100 |     100 |     100 |                   
Verify	Run Jest tests	2026-10-10T08:15:08.2417264Z   pushNotifications.ts             |     100 |      100 |     100 |     100 |                   
Verify	Run Jest tests	2026-10-10T08:15:08.2417968Z   seam.ts                          |     100 |      100 |     100 |     100 |                   
Verify	Run Jest tests	2026-10-10T08:15:08.2418574Z   setup.ts                         |     100 |      100 |     100 |     100 |                   
Verify	Run Jest tests	2026-10-10T08:15:08.2419239Z   updates.ts                       |     100 |      100 |     100 |     100 |                   
Verify	Run Jest tests	2026-10-10T08:15:08.2419907Z   useScreenTracking.ts             |     100 |      100 |     100 |     100 |                   
Verify	Run Jest tests	2026-10-10T08:15:08.2420523Z  shared/lib                        |   98.01 |    95.38 |   95.23 |   98.86 |                   
Verify	Run Jest tests	2026-10-10T08:15:08.2421139Z   logger.ts                        |   96.87 |    96.15 |   91.66 |   98.18 | 84                
Verify	Run Jest tests	2026-10-10T08:15:08.2421726Z   useFetch.ts                      |     100 |     92.3 |     100 |     100 | 83                
Verify	Run Jest tests	2026-10-10T08:15:08.2422398Z  shared/session                    |   97.45 |    88.63 |   95.83 |   97.36 |                   
Verify	Run Jest tests	2026-10-10T08:15:08.2423089Z   SessionProvider.tsx              |   97.91 |    81.81 |     100 |   97.82 | 146               
Verify	Run Jest tests	2026-10-10T08:15:08.2423792Z   authService.ts                   |   93.93 |    91.66 |   83.33 |   93.75 | 68,81             
Verify	Run Jest tests	2026-10-10T08:15:08.2424597Z   session.ts                       |     100 |      100 |     100 |     100 |                   
Verify	Run Jest tests	2026-10-10T08:15:08.2425240Z   tokenStore.ts                    |     100 |      100 |     100 |     100 |                   
Verify	Run Jest tests	2026-10-10T08:15:08.2425885Z  shared/storage                    |      92 |       80 |     100 |      92 |                   
Verify	Run Jest tests	2026-10-10T08:15:08.2426527Z   secureStorage.ts                 |      80 |       75 |     100 |      80 | 18,26             
Verify	Run Jest tests	2026-10-10T08:15:08.2427174Z   storage.ts                       |     100 |      100 |     100 |     100 |                   
Verify	Run Jest tests	2026-10-10T08:15:08.2427996Z  shared/ui                         |    97.5 |    83.33 |     100 |   97.36 |                   
Verify	Run Jest tests	2026-10-10T08:15:08.2428685Z   ConfigErrorScreen.tsx            |     100 |      100 |     100 |     100 |                   
Verify	Run Jest tests	2026-10-10T08:15:08.2429403Z   ErrorBoundary.tsx                |   96.15 |       75 |     100 |   95.83 | 26                
Verify	Run Jest tests	2026-10-10T08:15:08.2430101Z   LoadingScreen.tsx                |     100 |      100 |     100 |     100 |                   
Verify	Run Jest tests	2026-10-10T08:15:08.2430744Z   theme.ts                         |     100 |      100 |     100 |     100 |                   
Verify	Run Jest tests	2026-10-10T08:15:08.2431470Z -----------------------------------|---------|----------|---------|---------|-------------------
Verify	Run Jest tests	2026-10-10T08:15:08.2791164Z 
Verify	Run Jest tests	2026-10-10T08:15:08.2793770Z Test Suites: 26 passed, 26 total
Verify	Run Jest tests	2026-10-10T08:15:08.2794256Z Tests:       205 passed, 205 total
Verify	Run Jest tests	2026-10-10T08:15:08.2794792Z Snapshots:   0 total
Verify	Run Jest tests	2026-10-10T08:15:08.2795096Z Time:        18.012 s
Verify	Run Jest tests	2026-10-10T08:15:08.2795418Z Ran all test suites.
Verify	Expo Doctor	﻿2026-10-10T08:15:08.2977894Z ##[group]Run npx expo-doctor
Verify	Expo Doctor	2026-10-10T08:15:08.2978164Z ^[[36;1mnpx expo-doctor^[[0m
Verify	Expo Doctor	2026-10-10T08:15:08.3032512Z shell: /usr/bin/bash -e {0}
Verify	Expo Doctor	2026-10-10T08:15:08.3032772Z ##[endgroup]
Verify	Expo Doctor	2026-10-10T08:15:09.5175972Z Running 21 checks on your project...
Verify	Expo Doctor	2026-10-10T08:15:12.4896043Z 21/21 checks passed. No issues detected!
Verify	Audit production dependencies (reviewed allowlist)	﻿2026-10-10T08:15:12.5213176Z ##[group]Run npm run audit:check
Verify	Audit production dependencies (reviewed allowlist)	2026-10-10T08:15:12.5213477Z ^[[36;1mnpm run audit:check^[[0m
Verify	Audit production dependencies (reviewed allowlist)	2026-10-10T08:15:12.5268522Z shell: /usr/bin/bash -e {0}
Verify	Audit production dependencies (reviewed allowlist)	2026-10-10T08:15:12.5268756Z ##[endgroup]
Verify	Audit production dependencies (reviewed allowlist)	2026-10-10T08:15:12.6083071Z 
Verify	Audit production dependencies (reviewed allowlist)	2026-10-10T08:15:12.6083733Z > react-native-starter@1.0.0 audit:check
Verify	Audit production dependencies (reviewed allowlist)	2026-10-10T08:15:12.6084250Z > node scripts/check-audit.js
Verify	Audit production dependencies (reviewed allowlist)	2026-10-10T08:15:12.6084722Z 
Verify	Audit production dependencies (reviewed allowlist)	2026-10-10T08:15:14.4025915Z high     braces GHSA-vfj7-8cjw-p6xm: allowlisted until 2027-01-09 (https://github.com/koniz-dev/react-native-starter/issues/43)
Verify	Audit production dependencies (reviewed allowlist)	2026-10-10T08:15:14.4027297Z high     node-forge GHSA-86w9-cpqp-85rv: allowlisted until 2027-01-09 (https://github.com/koniz-dev/react-native-starter/issues/43)
Verify	Audit production dependencies (reviewed allowlist)	2026-10-10T08:15:14.4028324Z moderate decode-uri-component GHSA-vcc3-ghjq-m6fr: reported (not gated)
Verify	Audit production dependencies (reviewed allowlist)	2026-10-10T08:15:14.4028994Z moderate sprintf-js GHSA-hp3w-g68c-fv3c: reported (not gated)
Verify	Audit production dependencies (reviewed allowlist)	2026-10-10T08:15:14.4029651Z moderate uuid GHSA-w5hq-g745-h8pq: reported (not gated)
Verify	Audit production dependencies (reviewed allowlist)	2026-10-10T08:15:14.4030388Z npm audit --omit=dev: 5 advisories (records: 0 critical, 45 high, 16 moderate, 0 low).
Verify	Audit production dependencies (reviewed allowlist)	2026-10-10T08:15:14.4031123Z No unreviewed high or critical advisories.
Verify	Export web build	﻿2026-10-10T08:15:14.4138825Z ##[group]Run npx expo export --platform web --output-dir dist
Verify	Export web build	2026-10-10T08:15:14.4139249Z ^[[36;1mnpx expo export --platform web --output-dir dist^[[0m
Verify	Export web build	2026-10-10T08:15:14.4194853Z shell: /usr/bin/bash -e {0}
Verify	Export web build	2026-10-10T08:15:14.4195089Z ##[endgroup]
Verify	Export web build	2026-10-10T08:15:15.2966578Z Starting Metro Bundler
Verify	Export web build	2026-10-10T08:15:15.2966898Z 
Verify	Export web build	2026-10-10T08:15:28.7067191Z Web Bundled 13197ms index.ts (1183 modules)
Verify	Export web build	2026-10-10T08:15:29.0064820Z 
Verify	Export web build	2026-10-10T08:15:29.0073554Z › Assets (19):
Verify	Export web build	2026-10-10T08:15:29.0140221Z node_modules/@expo/vector-icons/build/vendor/react-native-vector-icons/Fonts/MaterialCommunityIcons.6e435534bd35da5fef04168860a9b8fa.ttf (1.3MB)
Verify	Export web build	2026-10-10T08:15:29.0141485Z node_modules/expo-router/assets/arrow_down.017bc6ba3fc25503e5eb5e53826d48a8.png (9.5KB)
Verify	Export web build	2026-10-10T08:15:29.0142324Z node_modules/expo-router/assets/error.d1ea1496f9057eb392d5bbf3732a61b7.png (469B)
Verify	Export web build	2026-10-10T08:15:29.0143249Z node_modules/expo-router/assets/file.19eeb73b9593a38f8e9f418337fc7d10.png (138B)
Verify	Export web build	2026-10-10T08:15:29.0144160Z node_modules/expo-router/assets/forward.d8b800c443b8972542883e0b9de2bdc6.png (188B)
Verify	Export web build	2026-10-10T08:15:29.0149964Z node_modules/expo-router/assets/pkg.ab19f4cbc543357183a20571f68380a3.png (364B)
Verify	Export web build	2026-10-10T08:15:29.0150847Z node_modules/expo-router/assets/react-navigation/elements/back-icon-mask.0a328cd9c1afd0afe8e3b1ec5165b1b4.png (653B)
Verify	Export web build	2026-10-10T08:15:29.0151577Z node_modules/expo-router/assets/react-navigation/elements/back-icon.35ba0eaec5a4f5ed12ca16fabeae451d.png (207B)
Verify	Export web build	2026-10-10T08:15:29.0152915Z node_modules/expo-router/assets/react-navigation/elements/clear-icon.c94f6478e7ae0cdd9f15de1fcb9e5e55.png (4 variations | 425B)
Verify	Export web build	2026-10-10T08:15:29.0153694Z node_modules/expo-router/assets/react-navigation/elements/close-icon.808e1b1b9b53114ec2838071a7e6daa7.png (4 variations | 235B)
Verify	Export web build	2026-10-10T08:15:29.0154405Z node_modules/expo-router/assets/react-navigation/elements/search-icon.286d67d3f74808a60a78d3ebf1a5fb57.png (928B)
Verify	Export web build	2026-10-10T08:15:29.0155851Z node_modules/expo-router/assets/sitemap.412dd9275b6b48ad28f5e3d81bb1f626.png (465B)
Verify	Export web build	2026-10-10T08:15:29.0156394Z node_modules/expo-router/assets/unmatched.20e71bdf79e3a97bf55fd9e164041578.png (4.8KB)
Verify	Export web build	2026-10-10T08:15:29.0156675Z 
Verify	Export web build	2026-10-10T08:15:29.0156935Z › web bundles (1):
Verify	Export web build	2026-10-10T08:15:29.0187050Z _expo/static/js/web/index-63dbf8f09ff9b5edb74f09c5ca97fa56.js (2.3MB)
Verify	Export web build	2026-10-10T08:15:29.0187402Z 
Verify	Export web build	2026-10-10T08:15:29.0187693Z › Files (3):
Verify	Export web build	2026-10-10T08:15:29.0188120Z favicon.ico (15KB)
Verify	Export web build	2026-10-10T08:15:29.0188471Z index.html (1.2KB)
Verify	Export web build	2026-10-10T08:15:29.0188744Z metadata.json (49B)
Verify	Export web build	2026-10-10T08:15:29.0266781Z 
Verify	Export web build	2026-10-10T08:15:29.0268982Z Exported: dist
Verify	Check docs (snippets compile, paths and scripts exist)	﻿2026-10-10T08:15:29.1524317Z ##[group]Run npm install --no-save zustand@5 @reduxjs/toolkit@2 react-redux@9 jotai@3 @tanstack/react-query@5
Verify	Check docs (snippets compile, paths and scripts exist)	2026-10-10T08:15:29.1525204Z ^[[36;1mnpm install --no-save zustand@5 @reduxjs/toolkit@2 react-redux@9 jotai@3 @tanstack/react-query@5^[[0m
Verify	Check docs (snippets compile, paths and scripts exist)	2026-10-10T08:15:29.1525629Z ^[[36;1mnpm run docs:check^[[0m
Verify	Check docs (snippets compile, paths and scripts exist)	2026-10-10T08:15:29.1580744Z shell: /usr/bin/bash -e {0}
Verify	Check docs (snippets compile, paths and scripts exist)	2026-10-10T08:15:29.1580969Z ##[endgroup]
Verify	Check docs (snippets compile, paths and scripts exist)	2026-10-10T08:15:32.0764151Z 
Verify	Check docs (snippets compile, paths and scripts exist)	2026-10-10T08:15:32.0764909Z added 14 packages, and audited 1082 packages in 3s
Verify	Check docs (snippets compile, paths and scripts exist)	2026-10-10T08:15:32.0765161Z 
Verify	Check docs (snippets compile, paths and scripts exist)	2026-10-10T08:15:32.0765647Z 183 packages are looking for funding
Verify	Check docs (snippets compile, paths and scripts exist)	2026-10-10T08:15:32.0766277Z   run `npm fund` for details
Verify	Check docs (snippets compile, paths and scripts exist)	2026-10-10T08:15:32.2162994Z 
Verify	Check docs (snippets compile, paths and scripts exist)	2026-10-10T08:15:32.2163912Z 65 vulnerabilities (16 moderate, 49 high)
Verify	Check docs (snippets compile, paths and scripts exist)	2026-10-10T08:15:32.2164384Z 
Verify	Check docs (snippets compile, paths and scripts exist)	2026-10-10T08:15:32.2164988Z To address all issues (including breaking changes), run:
Verify	Check docs (snippets compile, paths and scripts exist)	2026-10-10T08:15:32.2165646Z   npm audit fix --force
Verify	Check docs (snippets compile, paths and scripts exist)	2026-10-10T08:15:32.2165882Z 
Verify	Check docs (snippets compile, paths and scripts exist)	2026-10-10T08:15:32.2166311Z Run `npm audit` for details.
Verify	Check docs (snippets compile, paths and scripts exist)	2026-10-10T08:15:32.3158921Z 
Verify	Check docs (snippets compile, paths and scripts exist)	2026-10-10T08:15:32.3159708Z > react-native-starter@1.0.0 docs:check
Verify	Check docs (snippets compile, paths and scripts exist)	2026-10-10T08:15:32.3160290Z > node scripts/check-docs.js
Verify	Check docs (snippets compile, paths and scripts exist)	2026-10-10T08:15:32.3160503Z 
Verify	Check docs (snippets compile, paths and scripts exist)	2026-10-10T08:15:34.0889668Z Checked 17 files: 37 TypeScript snippets compiled with tsc.
Verify	Check docs (snippets compile, paths and scripts exist)	2026-10-10T08:15:34.0890529Z No problems.
Verify	Post Set up Node.js	﻿2026-10-10T08:15:34.1066018Z Post job cleanup.
Verify	Post Set up Node.js	2026-10-10T08:15:34.2077183Z (node:2757) [DEP0040] DeprecationWarning: The `punycode` module is deprecated. Please use a userland alternative instead.
Verify	Post Set up Node.js	2026-10-10T08:15:34.2078264Z (Use `node --trace-deprecation ...` to show where the warning was created)
Verify	Post Set up Node.js	2026-10-10T08:15:34.2081616Z Cache hit occurred on the primary key node-cache-Linux-x64-npm-10f9dc59c99c82563481e37a50745bae137261a45ffc8c4ba105eb544b91396b, not saving cache.
Verify	Post Check out repository	﻿2026-10-10T08:15:34.2200931Z Post job cleanup.
Verify	Post Check out repository	2026-10-10T08:15:34.2886422Z [command]/usr/bin/git version
Verify	Post Check out repository	2026-10-10T08:15:34.2920819Z git version 2.55.0
Verify	Post Check out repository	2026-10-10T08:15:34.2950210Z Temporarily overriding HOME='/home/runner/work/_temp/1e65506b-1ec7-44fc-881f-89d265a21a0b' before making global git config changes
Verify	Post Check out repository	2026-10-10T08:15:34.2951436Z Adding repository directory to the temporary git global config as a safe directory
Verify	Post Check out repository	2026-10-10T08:15:34.2954749Z [command]/usr/bin/git config --global --add safe.directory /home/runner/work/react-native-starter/react-native-starter
Verify	Post Check out repository	2026-10-10T08:15:34.2985127Z [command]/usr/bin/git config --local --name-only --get-regexp core\.sshCommand
Verify	Post Check out repository	2026-10-10T08:15:34.3011890Z [command]/usr/bin/git submodule foreach --recursive sh -c "git config --local --name-only --get-regexp 'core\.sshCommand' && git config --local --unset-all 'core.sshCommand' || :"
Verify	Post Check out repository	2026-10-10T08:15:34.3215457Z [command]/usr/bin/git config --local --name-only --get-regexp http\.https\:\/\/github\.com\/\.extraheader
Verify	Post Check out repository	2026-10-10T08:15:34.3240965Z http.https://github.com/.extraheader
Verify	Post Check out repository	2026-10-10T08:15:34.3250759Z [command]/usr/bin/git config --local --unset-all http.https://github.com/.extraheader
Verify	Post Check out repository	2026-10-10T08:15:34.3281777Z [command]/usr/bin/git submodule foreach --recursive sh -c "git config --local --name-only --get-regexp 'http\.https\:\/\/github\.com\/\.extraheader' && git config --local --unset-all 'http.https://github.com/.extraheader' || :"
Verify	Post Check out repository	2026-10-10T08:15:34.3491411Z [command]/usr/bin/git config --local --name-only --get-regexp ^includeIf\.gitdir:
Verify	Post Check out repository	2026-10-10T08:15:34.3522283Z [command]/usr/bin/git submodule foreach --recursive git config --local --show-origin --name-only --get-regexp remote.origin.url
Verify	Complete job	﻿2026-10-10T08:15:34.3859335Z Cleaning up orphan processes
Verify	Complete job	2026-10-10T08:15:34.4121011Z ##[warning]Node.js 20 is deprecated. The following actions target Node.js 20 but are being forced to run on Node.js 24: actions/checkout@v4, actions/setup-node@v4. For more information see: https://github.blog/changelog/2025-09-19-deprecation-of-node-20-on-github-actions-runners/
