env: load .env
env: export EXPO_PUBLIC_API_TRUSTED_ORIGINS EXPO_PUBLIC_AUTH_API_URL
Starting project at /home/runner/work/react-native-starter/react-native-starter
Metro is running in CI mode, reloads are disabled. Remove CI=true to enable watch mode.
Starting Metro Bundler

warning: Bundler cache is empty, rebuilding (this may take a minute)
Waiting on http://localhost:8081

Logs for your project will appear below.
 ERROR  An unknown error occurred while installing React Native DevTools. Details:

[5008:1010/065002.870839:FATAL:sandbox/linux/suid/client/setuid_sandbox_host.cc:166] The SUID sandbox helper binary was found, but is not configured correctly. Rather than run without sandboxing I'm aborting now. You need to make sure that /home/runner/.cache/dotslash/64/ed7915e5fef86802e862c274e17f780fa75388/React Native DevTools-linux-x64/chrome-sandbox is owned by root and has mode 4755.

Android Bundled 17933ms index.ts (1770 modules)
Android Bundled 12098ms index.ts (1738 modules)
 DEBUG  [analytics] screen /
Android Bundled 60ms index.ts (1 module)
 DEBUG  [analytics] screen /
 DEBUG  [analytics] screen /login
 DEBUG  [analytics] screen /
Android Bundled 91ms index.ts (1 module)
 DEBUG  [analytics] screen /
 DEBUG  [analytics] screen /explore
 DEBUG  [analytics] screen /
Android Bundled 70ms index.ts (1 module)
 DEBUG  [analytics] screen /
 DEBUG  [analytics] screen /login
 DEBUG  [analytics] screen /
Android Bundled 57ms index.ts (1 module)
 DEBUG  [analytics] screen /
Android Bundled 58ms index.ts (1 module)
 DEBUG  [analytics] screen /
Android Bundled 61ms index.ts (1 module)
 DEBUG  [analytics] screen /
 DEBUG  [analytics] screen /login
 DEBUG  [analytics] screen /
Android Bundled 42ms index.ts (1 module)
 DEBUG  [analytics] screen /
 DEBUG  [analytics] screen /explore
 WARN  API GET /todos failed: server (503)
Android Bundled 110ms index.ts (1 module)
 DEBUG  [analytics] screen /
 DEBUG  [analytics] screen /explore
 DEBUG  [analytics] screen /
