Verify	Set up job	﻿2026-10-07T14:20:40.9492055Z Current runner version: '2.337.0'
Verify	Set up job	2026-10-07T14:20:40.9521508Z ##[group]Runner Image Provisioner
Verify	Set up job	2026-10-07T14:20:40.9522548Z Hosted Compute Agent
Verify	Set up job	2026-10-07T14:20:40.9523262Z Version: 20260901.588
Verify	Set up job	2026-10-07T14:20:40.9524103Z Commit: f88ec8081b781fac6c440065ac7ff9e710ce3d0b
Verify	Set up job	2026-10-07T14:20:40.9525063Z Build Date: 2026-09-01T19:56:44Z
Verify	Set up job	2026-10-07T14:20:40.9525885Z Worker ID: {f260424a-0a18-480e-9a43-ded31d8c92eb}
Verify	Set up job	2026-10-07T14:20:40.9526843Z Azure Region: eastus
Verify	Set up job	2026-10-07T14:20:40.9527725Z ##[endgroup]
Verify	Set up job	2026-10-07T14:20:40.9529834Z ##[group]Operating System
Verify	Set up job	2026-10-07T14:20:40.9530782Z Ubuntu
Verify	Set up job	2026-10-07T14:20:40.9531464Z 24.04.5
Verify	Set up job	2026-10-07T14:20:40.9532097Z LTS
Verify	Set up job	2026-10-07T14:20:40.9532706Z ##[endgroup]
Verify	Set up job	2026-10-07T14:20:40.9533897Z ##[group]Runner Image
Verify	Set up job	2026-10-07T14:20:40.9534633Z Image: ubuntu-24.04
Verify	Set up job	2026-10-07T14:20:40.9535297Z Version: 20260927.320.1
Verify	Set up job	2026-10-07T14:20:40.9536658Z Included Software: https://github.com/actions/runner-images/blob/ubuntu24/20260927.320/images/ubuntu/Ubuntu2404-Readme.md
Verify	Set up job	2026-10-07T14:20:40.9539230Z Image Release: https://github.com/actions/runner-images/releases/tag/ubuntu24%2F20260927.320
Verify	Set up job	2026-10-07T14:20:40.9540477Z ##[endgroup]
Verify	Set up job	2026-10-07T14:20:40.9541942Z ##[group]GITHUB_TOKEN Permissions
Verify	Set up job	2026-10-07T14:20:40.9544171Z Contents: read
Verify	Set up job	2026-10-07T14:20:40.9545065Z Metadata: read
Verify	Set up job	2026-10-07T14:20:40.9545721Z ##[endgroup]
Verify	Set up job	2026-10-07T14:20:40.9548370Z Secret source: Actions
Verify	Set up job	2026-10-07T14:20:40.9549472Z Cache mode: write
Verify	Set up job	2026-10-07T14:20:40.9550738Z Prepare workflow directory
Verify	Set up job	2026-10-07T14:20:40.9911831Z Prepare all required actions
Verify	Set up job	2026-10-07T14:20:40.9967895Z Getting action download info
Verify	Set up job	2026-10-07T14:20:41.1664594Z Download action repository 'actions/checkout@v4' (SHA:11d5960a326750d5838078e36cf38b85af677262)
Verify	Set up job	2026-10-07T14:20:41.2734863Z Download action repository 'actions/setup-node@v4' (SHA:49933ea5288caeca8642d1e84afbd3f7d6820020)
Verify	Set up job	2026-10-07T14:20:41.4737127Z Complete job name: Verify
Verify	Check out repository	﻿2026-10-07T14:20:41.5340641Z ##[group]Run actions/checkout@v4
Verify	Check out repository	2026-10-07T14:20:41.5341288Z with:
Verify	Check out repository	2026-10-07T14:20:41.5341683Z   repository: koniz-dev/react-native-starter
Verify	Check out repository	2026-10-07T14:20:41.5344910Z   token: ***
Verify	Check out repository	2026-10-07T14:20:41.5345253Z   ssh-strict: true
Verify	Check out repository	2026-10-07T14:20:41.5345607Z   ssh-user: git
Verify	Check out repository	2026-10-07T14:20:41.5345956Z   persist-credentials: true
Verify	Check out repository	2026-10-07T14:20:41.5346332Z   clean: true
Verify	Check out repository	2026-10-07T14:20:41.5346682Z   sparse-checkout-cone-mode: true
Verify	Check out repository	2026-10-07T14:20:41.5347100Z   fetch-depth: 1
Verify	Check out repository	2026-10-07T14:20:41.5347589Z   fetch-tags: false
Verify	Check out repository	2026-10-07T14:20:41.5347937Z   show-progress: true
Verify	Check out repository	2026-10-07T14:20:41.5348304Z   lfs: false
Verify	Check out repository	2026-10-07T14:20:41.5348628Z   submodules: false
Verify	Check out repository	2026-10-07T14:20:41.5348981Z   set-safe-directory: true
Verify	Check out repository	2026-10-07T14:20:41.5349385Z   allow-unsafe-pr-checkout: false
Verify	Check out repository	2026-10-07T14:20:41.5349935Z ##[endgroup]
Verify	Check out repository	2026-10-07T14:20:41.6155218Z Syncing repository: koniz-dev/react-native-starter
Verify	Check out repository	2026-10-07T14:20:41.6156733Z ##[group]Getting Git version info
Verify	Check out repository	2026-10-07T14:20:41.6157655Z Working directory is '/home/runner/work/react-native-starter/react-native-starter'
Verify	Check out repository	2026-10-07T14:20:41.6158661Z [command]/usr/bin/git version
Verify	Check out repository	2026-10-07T14:20:41.6202617Z git version 2.55.0
Verify	Check out repository	2026-10-07T14:20:41.6219847Z ##[endgroup]
Verify	Check out repository	2026-10-07T14:20:41.6234439Z Temporarily overriding HOME='/home/runner/work/_temp/84c0283e-dc0c-445d-a432-108e2ed67b30' before making global git config changes
Verify	Check out repository	2026-10-07T14:20:41.6236499Z Adding repository directory to the temporary git global config as a safe directory
Verify	Check out repository	2026-10-07T14:20:41.6239512Z [command]/usr/bin/git config --global --add safe.directory /home/runner/work/react-native-starter/react-native-starter
Verify	Check out repository	2026-10-07T14:20:41.6292505Z Deleting the contents of '/home/runner/work/react-native-starter/react-native-starter'
Verify	Check out repository	2026-10-07T14:20:41.6296019Z ##[group]Initializing the repository
Verify	Check out repository	2026-10-07T14:20:41.6300283Z [command]/usr/bin/git init /home/runner/work/react-native-starter/react-native-starter
Verify	Check out repository	2026-10-07T14:20:41.6376291Z hint: Using 'master' as the name for the initial branch. This default branch name
Verify	Check out repository	2026-10-07T14:20:41.6377799Z hint: will change to "main" in Git 3.0. To configure the initial branch name
Verify	Check out repository	2026-10-07T14:20:41.6379444Z hint: to use in all of your new repositories, which will suppress this warning,
Verify	Check out repository	2026-10-07T14:20:41.6380579Z hint: call:
Verify	Check out repository	2026-10-07T14:20:41.6381063Z hint:
Verify	Check out repository	2026-10-07T14:20:41.6381684Z hint: 	git config --global init.defaultBranch <name>
Verify	Check out repository	2026-10-07T14:20:41.6382413Z hint:
Verify	Check out repository	2026-10-07T14:20:41.6383115Z hint: Names commonly chosen instead of 'master' are 'main', 'trunk' and
Verify	Check out repository	2026-10-07T14:20:41.6384256Z hint: 'development'. The just-created branch can be renamed via this command:
Verify	Check out repository	2026-10-07T14:20:41.6385219Z hint:
Verify	Check out repository	2026-10-07T14:20:41.6385740Z hint: 	git branch -m <name>
Verify	Check out repository	2026-10-07T14:20:41.6386308Z hint:
Verify	Check out repository	2026-10-07T14:20:41.6387080Z hint: Disable this message with "git config set advice.defaultBranchName false"
Verify	Check out repository	2026-10-07T14:20:41.6388617Z Initialized empty Git repository in /home/runner/work/react-native-starter/react-native-starter/.git/
Verify	Check out repository	2026-10-07T14:20:41.6390898Z [command]/usr/bin/git remote add origin https://github.com/koniz-dev/react-native-starter
Verify	Check out repository	2026-10-07T14:20:41.6433617Z ##[endgroup]
Verify	Check out repository	2026-10-07T14:20:41.6434574Z ##[group]Disabling automatic garbage collection
Verify	Check out repository	2026-10-07T14:20:41.6437050Z [command]/usr/bin/git config --local gc.auto 0
Verify	Check out repository	2026-10-07T14:20:41.6465304Z ##[endgroup]
Verify	Check out repository	2026-10-07T14:20:41.6466188Z ##[group]Setting up auth
Verify	Check out repository	2026-10-07T14:20:41.6471853Z [command]/usr/bin/git config --local --name-only --get-regexp core\.sshCommand
Verify	Check out repository	2026-10-07T14:20:41.6499068Z [command]/usr/bin/git submodule foreach --recursive sh -c "git config --local --name-only --get-regexp 'core\.sshCommand' && git config --local --unset-all 'core.sshCommand' || :"
Verify	Check out repository	2026-10-07T14:20:41.6815202Z [command]/usr/bin/git config --local --name-only --get-regexp http\.https\:\/\/github\.com\/\.extraheader
Verify	Check out repository	2026-10-07T14:20:41.6848193Z [command]/usr/bin/git submodule foreach --recursive sh -c "git config --local --name-only --get-regexp 'http\.https\:\/\/github\.com\/\.extraheader' && git config --local --unset-all 'http.https://github.com/.extraheader' || :"
Verify	Check out repository	2026-10-07T14:20:41.7039232Z [command]/usr/bin/git config --local --name-only --get-regexp ^includeIf\.gitdir:
Verify	Check out repository	2026-10-07T14:20:41.7069269Z [command]/usr/bin/git submodule foreach --recursive git config --local --show-origin --name-only --get-regexp remote.origin.url
Verify	Check out repository	2026-10-07T14:20:41.7259827Z [command]/usr/bin/git config --local http.https://github.com/.extraheader AUTHORIZATION: basic ***
Verify	Check out repository	2026-10-07T14:20:41.7295296Z ##[endgroup]
Verify	Check out repository	2026-10-07T14:20:41.7296312Z ##[group]Fetching the repository
Verify	Check out repository	2026-10-07T14:20:41.7304101Z [command]/usr/bin/git -c protocol.version=2 fetch --no-tags --prune --no-recurse-submodules --depth=1 origin +bd8bc7cdd0ad78024c301686738a1c1936aea651:refs/remotes/origin/main
Verify	Check out repository	2026-10-07T14:20:43.2497131Z From https://github.com/koniz-dev/react-native-starter
Verify	Check out repository	2026-10-07T14:20:43.2498764Z  * [new ref]         bd8bc7cdd0ad78024c301686738a1c1936aea651 -> origin/main
Verify	Check out repository	2026-10-07T14:20:43.2502433Z ##[endgroup]
Verify	Check out repository	2026-10-07T14:20:43.2503794Z ##[group]Determining the checkout info
Verify	Check out repository	2026-10-07T14:20:43.2505197Z ##[endgroup]
Verify	Check out repository	2026-10-07T14:20:43.2506202Z [command]/usr/bin/git sparse-checkout disable
Verify	Check out repository	2026-10-07T14:20:43.2551364Z [command]/usr/bin/git config --local --unset-all extensions.worktreeConfig
Verify	Check out repository	2026-10-07T14:20:43.2580029Z ##[group]Checking out the ref
Verify	Check out repository	2026-10-07T14:20:43.2582831Z [command]/usr/bin/git checkout --progress --force -B main refs/remotes/origin/main
Verify	Check out repository	2026-10-07T14:20:43.3137909Z Switched to a new branch 'main'
Verify	Check out repository	2026-10-07T14:20:43.3139342Z branch 'main' set up to track 'origin/main'.
Verify	Check out repository	2026-10-07T14:20:43.3147566Z ##[endgroup]
Verify	Check out repository	2026-10-07T14:20:43.3186199Z [command]/usr/bin/git log -1 --format=%H
Verify	Check out repository	2026-10-07T14:20:43.3210431Z bd8bc7cdd0ad78024c301686738a1c1936aea651
Verify	Set up Node.js	﻿2026-10-07T14:20:43.3525501Z ##[group]Run actions/setup-node@v4
Verify	Set up Node.js	2026-10-07T14:20:43.3526481Z with:
Verify	Set up Node.js	2026-10-07T14:20:43.3527200Z   node-version-file: .nvmrc
Verify	Set up Node.js	2026-10-07T14:20:43.3528237Z   cache: npm
Verify	Set up Node.js	2026-10-07T14:20:43.3528957Z   always-auth: false
Verify	Set up Node.js	2026-10-07T14:20:43.3529753Z   check-latest: false
Verify	Set up Node.js	2026-10-07T14:20:43.3537719Z   token: ***
Verify	Set up Node.js	2026-10-07T14:20:43.3538453Z ##[endgroup]
Verify	Set up Node.js	2026-10-07T14:20:43.4655423Z Resolved .nvmrc as 24
Verify	Set up Node.js	2026-10-07T14:20:43.4694540Z Found in cache @ /opt/hostedtoolcache/node/24.21.0/x64
Verify	Set up Node.js	2026-10-07T14:20:43.4697678Z (node:2083) [DEP0040] DeprecationWarning: The `punycode` module is deprecated. Please use a userland alternative instead.
Verify	Set up Node.js	2026-10-07T14:20:43.4700195Z (Use `node --trace-deprecation ...` to show where the warning was created)
Verify	Set up Node.js	2026-10-07T14:20:43.4702073Z ##[group]Environment details
Verify	Set up Node.js	2026-10-07T14:20:43.8511514Z node: v24.21.0
Verify	Set up Node.js	2026-10-07T14:20:43.8512430Z npm: 11.19.0
Verify	Set up Node.js	2026-10-07T14:20:43.8512696Z yarn: 1.22.22
Verify	Set up Node.js	2026-10-07T14:20:43.8513380Z ##[endgroup]
Verify	Set up Node.js	2026-10-07T14:20:43.8551257Z [command]/opt/hostedtoolcache/node/24.21.0/x64/bin/npm config get cache
Verify	Set up Node.js	2026-10-07T14:20:43.9443742Z /home/runner/.npm
Verify	Set up Node.js	2026-10-07T14:20:44.0493697Z Cache hit for: node-cache-Linux-x64-npm-9a82033345870d620287ae0ca8b0f11fd380bcf572aa61d4d09e5388351df534
Verify	Set up Node.js	2026-10-07T14:20:44.0572356Z (node:2083) [DEP0169] DeprecationWarning: `url.parse()` behavior is not standardized and prone to errors that have security implications. Use the WHATWG URL API instead. CVEs are not issued for `url.parse()` vulnerabilities.
Verify	Set up Node.js	2026-10-07T14:20:44.9579261Z Received 154629666 of 154629666 (100.0%), 168.7 MBs/sec
Verify	Set up Node.js	2026-10-07T14:20:44.9579885Z Cache Size: ~147 MB (154629666 B)
Verify	Set up Node.js	2026-10-07T14:20:44.9607859Z [command]/usr/bin/tar -xf /home/runner/work/_temp/3eefbbaa-9060-4220-8b5a-6d4286480db7/cache.tzst -P -C /home/runner/work/react-native-starter/react-native-starter --use-compress-program unzstd
Verify	Set up Node.js	2026-10-07T14:20:45.3001279Z Cache restored successfully
Verify	Set up Node.js	2026-10-07T14:20:45.3067547Z Cache restored from key: node-cache-Linux-x64-npm-9a82033345870d620287ae0ca8b0f11fd380bcf572aa61d4d09e5388351df534
Verify	Install dependencies	﻿2026-10-07T14:20:45.3243004Z ##[group]Run npm ci
Verify	Install dependencies	2026-10-07T14:20:45.3243276Z ^[[36;1mnpm ci^[[0m
Verify	Install dependencies	2026-10-07T14:20:45.3440685Z shell: /usr/bin/bash -e {0}
Verify	Install dependencies	2026-10-07T14:20:45.3440973Z ##[endgroup]
Verify	Install dependencies	2026-10-07T14:20:51.3708923Z npm warn deprecated inflight@1.0.6: This module is not supported, and leaks memory. Do not use it. Check out lru-cache if you want a good and tested way to coalesce async requests by a key value, which is much more comprehensive and powerful.
Verify	Install dependencies	2026-10-07T14:20:51.5322571Z npm warn deprecated abab@2.0.6: Use your platform's native atob() and btoa() methods instead
Verify	Install dependencies	2026-10-07T14:20:51.5564322Z npm warn deprecated glob@7.2.3: Glob versions prior to v9 are no longer supported
Verify	Install dependencies	2026-10-07T14:20:51.5573618Z npm warn deprecated glob@7.2.3: Glob versions prior to v9 are no longer supported
Verify	Install dependencies	2026-10-07T14:20:51.5577708Z npm warn deprecated glob@7.2.3: Glob versions prior to v9 are no longer supported
Verify	Install dependencies	2026-10-07T14:20:51.5590805Z npm warn deprecated glob@7.2.3: Glob versions prior to v9 are no longer supported
Verify	Install dependencies	2026-10-07T14:20:51.7988510Z npm warn deprecated domexception@4.0.0: Use your platform's native DOMException instead
Verify	Install dependencies	2026-10-07T14:20:52.5685491Z npm warn deprecated uuid@7.0.3: uuid@10 and below is no longer supported.  For ESM codebases, update to uuid@latest.  For CommonJS codebases, use uuid@11 (but be aware this version will likely be deprecated in 2028).
Verify	Install dependencies	2026-10-07T14:20:54.0299994Z npm warn deprecated react-native-vector-icons@10.3.0: react-native-vector-icons package has moved to a new model of per-icon-family packages. See the https://github.com/oblador/react-native-vector-icons/blob/master/MIGRATION.md on how to migrate
Verify	Install dependencies	2026-10-07T14:21:01.3428543Z 
Verify	Install dependencies	2026-10-07T14:21:01.3430176Z added 1071 packages, and audited 1072 packages in 16s
Verify	Install dependencies	2026-10-07T14:21:01.3442641Z 
Verify	Install dependencies	2026-10-07T14:21:01.3443515Z 180 packages are looking for funding
Verify	Install dependencies	2026-10-07T14:21:01.3450207Z   run `npm fund` for details
Verify	Install dependencies	2026-10-07T14:21:01.4990466Z 
Verify	Install dependencies	2026-10-07T14:21:01.4990987Z 70 vulnerabilities (1 low, 15 moderate, 54 high)
Verify	Install dependencies	2026-10-07T14:21:01.4991402Z 
Verify	Install dependencies	2026-10-07T14:21:01.4991740Z To address issues that do not require attention, run:
Verify	Install dependencies	2026-10-07T14:21:01.4992183Z   npm audit fix
Verify	Install dependencies	2026-10-07T14:21:01.4992359Z 
Verify	Install dependencies	2026-10-07T14:21:01.4992741Z To address all issues (including breaking changes), run:
Verify	Install dependencies	2026-10-07T14:21:01.4993601Z   npm audit fix --force
Verify	Install dependencies	2026-10-07T14:21:01.4993814Z 
Verify	Install dependencies	2026-10-07T14:21:01.4993972Z Run `npm audit` for details.
Verify	Lint	﻿2026-10-07T14:21:01.6680846Z ##[group]Run npm run lint
Verify	Lint	2026-10-07T14:21:01.6681210Z ^[[36;1mnpm run lint^[[0m
Verify	Lint	2026-10-07T14:21:01.6746043Z shell: /usr/bin/bash -e {0}
Verify	Lint	2026-10-07T14:21:01.6746302Z ##[endgroup]
Verify	Lint	2026-10-07T14:21:01.8685519Z 
Verify	Lint	2026-10-07T14:21:01.8686505Z > react-native-starter@1.0.0 lint
Verify	Lint	2026-10-07T14:21:01.8687161Z > eslint .
Verify	Lint	2026-10-07T14:21:01.8687643Z 
Verify	Lint	2026-10-07T14:21:06.3818116Z 
Verify	Lint	2026-10-07T14:21:06.3819714Z /home/runner/work/react-native-starter/react-native-starter/components/ThemedText.tsx
Verify	Lint	2026-10-07T14:21:06.3902336Z ##[warning]  24:3  warning  Unused style detected: styles.default          react-native/no-unused-styles
Verify	Lint	2026-10-07T14:21:06.3971955Z ##[warning]  25:3  warning  Unused style detected: styles.defaultSemiBold  react-native/no-unused-styles
Verify	Lint	2026-10-07T14:21:06.3998553Z ##[warning]  26:3  warning  Unused style detected: styles.title            react-native/no-unused-styles
Verify	Lint	2026-10-07T14:21:06.4058792Z ##[warning]  27:3  warning  Unused style detected: styles.subtitle         react-native/no-unused-styles
Verify	Lint	2026-10-07T14:21:06.4081773Z ##[warning]  28:3  warning  Unused style detected: styles.link             react-native/no-unused-styles
Verify	Lint	2026-10-07T14:21:06.4108457Z ##[warning]  28:9  warning  Color literal: { color: '#0a7ea4' }            react-native/no-color-literals
Verify	Lint	2026-10-07T14:21:06.4137605Z 
Verify	Lint	2026-10-07T14:21:06.4158285Z ✖ 6 problems (0 errors, 6 warnings)
Verify	Lint	2026-10-07T14:21:06.4197475Z 
Verify	Check formatting	﻿2026-10-07T14:21:06.6924981Z ##[group]Run npm run format:check
Verify	Check formatting	2026-10-07T14:21:06.6925266Z ^[[36;1mnpm run format:check^[[0m
Verify	Check formatting	2026-10-07T14:21:06.6981845Z shell: /usr/bin/bash -e {0}
Verify	Check formatting	2026-10-07T14:21:06.6982064Z ##[endgroup]
Verify	Check formatting	2026-10-07T14:21:06.7771813Z 
Verify	Check formatting	2026-10-07T14:21:06.7772309Z > react-native-starter@1.0.0 format:check
Verify	Check formatting	2026-10-07T14:21:06.7772903Z > prettier --check "**/*.{ts,tsx,js,jsx,json,md}"
Verify	Check formatting	2026-10-07T14:21:06.7773212Z 
Verify	Check formatting	2026-10-07T14:21:06.8454165Z Checking formatting...
Verify	Check formatting	2026-10-07T14:21:08.2353561Z All matched files use Prettier code style!
Verify	Type-check	﻿2026-10-07T14:21:08.2647141Z ##[group]Run npm run type-check
Verify	Type-check	2026-10-07T14:21:08.2647571Z ^[[36;1mnpm run type-check^[[0m
Verify	Type-check	2026-10-07T14:21:08.2704024Z shell: /usr/bin/bash -e {0}
Verify	Type-check	2026-10-07T14:21:08.2704267Z ##[endgroup]
Verify	Type-check	2026-10-07T14:21:08.3481880Z 
Verify	Type-check	2026-10-07T14:21:08.3482539Z > react-native-starter@1.0.0 type-check
Verify	Type-check	2026-10-07T14:21:08.3482909Z > tsc --noEmit
Verify	Type-check	2026-10-07T14:21:08.3483027Z 
Verify	Run Jest tests	﻿2026-10-07T14:21:10.4556354Z ##[group]Run npm run test:ci
Verify	Run Jest tests	2026-10-07T14:21:10.4556761Z ^[[36;1mnpm run test:ci^[[0m
Verify	Run Jest tests	2026-10-07T14:21:10.4612591Z shell: /usr/bin/bash -e {0}
Verify	Run Jest tests	2026-10-07T14:21:10.4612840Z ##[endgroup]
Verify	Run Jest tests	2026-10-07T14:21:10.5439031Z 
Verify	Run Jest tests	2026-10-07T14:21:10.5439875Z > react-native-starter@1.0.0 test:ci
Verify	Run Jest tests	2026-10-07T14:21:10.5440456Z > jest
Verify	Run Jest tests	2026-10-07T14:21:10.5440608Z 
Verify	Run Jest tests	2026-10-07T14:21:14.1077720Z PASS __tests__/utils/logger.test.ts
Verify	Run Jest tests	2026-10-07T14:21:14.2793570Z PASS __tests__/services/api.test.ts
Verify	Run Jest tests	2026-10-07T14:21:14.3011967Z   ● Console
Verify	Run Jest tests	2026-10-07T14:21:14.3027882Z 
Verify	Run Jest tests	2026-10-07T14:21:14.3028438Z     console.error
Verify	Run Jest tests	2026-10-07T14:21:14.3029483Z       API Error: { message: 'Unavailable', status: 503, data: { message: 'Try again' } }
Verify	Run Jest tests	2026-10-07T14:21:14.3030180Z 
Verify	Run Jest tests	2026-10-07T14:21:14.3037191Z     ^[[0m ^[[90m 93 |^[[39m
Verify	Run Jest tests	2026-10-07T14:21:14.3038228Z      ^[[90m 94 |^[[39m     ^[[90m// Log error for debugging^[[39m
Verify	Run Jest tests	2026-10-07T14:21:14.3040267Z     ^[[31m^[[1m>^[[22m^[[39m^[[90m 95 |^[[39m     console^[[33m.^[[39merror(^[[32m'API Error:'^[[39m^[[33m,^[[39m apiError)^[[33m;^[[39m
Verify	Run Jest tests	2026-10-07T14:21:14.3041401Z      ^[[90m    |^[[39m             ^[[31m^[[1m^^[[22m^[[39m
Verify	Run Jest tests	2026-10-07T14:21:14.3041942Z      ^[[90m 96 |^[[39m
Verify	Run Jest tests	2026-10-07T14:21:14.3042870Z      ^[[90m 97 |^[[39m     ^[[36mreturn^[[39m ^[[33mPromise^[[39m^[[33m.^[[39mreject(apiError)^[[33m;^[[39m
Verify	Run Jest tests	2026-10-07T14:21:14.3050415Z      ^[[90m 98 |^[[39m   }^[[0m
Verify	Run Jest tests	2026-10-07T14:21:14.3050822Z 
Verify	Run Jest tests	2026-10-07T14:21:14.3051151Z       at error (services/api.ts:95:13)
Verify	Run Jest tests	2026-10-07T14:21:14.3051907Z       at Axios.request (node_modules/axios/dist/browser/axios.cjs:5245:14)
Verify	Run Jest tests	2026-10-07T14:21:14.3052749Z 
Verify	Run Jest tests	2026-10-07T14:21:14.3692843Z PASS __tests__/config/env.test.ts
Verify	Run Jest tests	2026-10-07T14:21:14.4550954Z PASS __tests__/services/auth.test.ts
Verify	Run Jest tests	2026-10-07T14:21:14.6362886Z PASS __tests__/integrations/seams.test.ts
Verify	Run Jest tests	2026-10-07T14:21:14.7685027Z PASS __tests__/config/appConfig.test.ts
Verify	Run Jest tests	2026-10-07T14:21:21.5208731Z PASS __tests__/components/LoginScreen.test.tsx (9.636 s)
Verify	Run Jest tests	2026-10-07T14:21:21.9946077Z PASS __tests__/components/HomeScreen.test.tsx (7.621 s)
Verify	Run Jest tests	2026-10-07T14:21:24.6516754Z PASS __tests__/navigation/tabBarTheme.test.tsx (9.87 s)
Verify	Run Jest tests	2026-10-07T14:21:24.6518376Z   ● Console
Verify	Run Jest tests	2026-10-07T14:21:24.6519280Z 
Verify	Run Jest tests	2026-10-07T14:21:24.6519688Z     console.log
Verify	Run Jest tests	2026-10-07T14:21:24.6520327Z       🐛 [analytics] screen /
Verify	Run Jest tests	2026-10-07T14:21:24.6520742Z 
Verify	Run Jest tests	2026-10-07T14:21:24.6521134Z       at Object.log [as debug] (utils/logger.ts:98:17)
Verify	Run Jest tests	2026-10-07T14:21:24.6521622Z 
Verify	Run Jest tests	2026-10-07T14:21:24.6521922Z     console.log
Verify	Run Jest tests	2026-10-07T14:21:24.6522732Z       🐛 [analytics] screen /
Verify	Run Jest tests	2026-10-07T14:21:24.6523182Z 
Verify	Run Jest tests	2026-10-07T14:21:24.6523588Z       at Object.log [as debug] (utils/logger.ts:98:17)
Verify	Run Jest tests	2026-10-07T14:21:24.6524063Z 
Verify	Run Jest tests	2026-10-07T14:21:24.6834165Z PASS __tests__/integrations/i18n.test.tsx
Verify	Run Jest tests	2026-10-07T14:21:24.6862076Z   ● Console
Verify	Run Jest tests	2026-10-07T14:21:24.6862483Z 
Verify	Run Jest tests	2026-10-07T14:21:24.6862912Z     console.log
Verify	Run Jest tests	2026-10-07T14:21:24.6882715Z       🐛 [analytics] screen /
Verify	Run Jest tests	2026-10-07T14:21:24.6907795Z 
Verify	Run Jest tests	2026-10-07T14:21:24.6938336Z       at Object.log [as debug] (utils/logger.ts:98:17)
Verify	Run Jest tests	2026-10-07T14:21:24.6967658Z 
Verify	Run Jest tests	2026-10-07T14:21:24.6968240Z     console.log
Verify	Run Jest tests	2026-10-07T14:21:24.6998303Z       🐛 [analytics] screen /login
Verify	Run Jest tests	2026-10-07T14:21:24.7016345Z 
Verify	Run Jest tests	2026-10-07T14:21:24.7050086Z       at Object.log [as debug] (utils/logger.ts:98:17)
Verify	Run Jest tests	2026-10-07T14:21:24.7075890Z 
Verify	Run Jest tests	2026-10-07T14:21:24.9048822Z PASS __tests__/navigation/initialRoute.test.tsx
Verify	Run Jest tests	2026-10-07T14:21:24.9196002Z   ● Console
Verify	Run Jest tests	2026-10-07T14:21:24.9217780Z 
Verify	Run Jest tests	2026-10-07T14:21:24.9221262Z     console.log
Verify	Run Jest tests	2026-10-07T14:21:24.9222639Z       🐛 [analytics] screen /
Verify	Run Jest tests	2026-10-07T14:21:24.9223117Z 
Verify	Run Jest tests	2026-10-07T14:21:24.9223468Z       at Object.log [as debug] (utils/logger.ts:98:17)
Verify	Run Jest tests	2026-10-07T14:21:24.9223876Z 
Verify	Run Jest tests	2026-10-07T14:21:24.9224065Z     console.log
Verify	Run Jest tests	2026-10-07T14:21:24.9224539Z       🐛 [analytics] screen /login
Verify	Run Jest tests	2026-10-07T14:21:24.9224860Z 
Verify	Run Jest tests	2026-10-07T14:21:24.9225163Z       at Object.log [as debug] (utils/logger.ts:98:17)
Verify	Run Jest tests	2026-10-07T14:21:24.9225547Z 
Verify	Run Jest tests	2026-10-07T14:21:24.9225741Z     console.log
Verify	Run Jest tests	2026-10-07T14:21:24.9226183Z       🐛 [analytics] screen /login
Verify	Run Jest tests	2026-10-07T14:21:24.9227140Z 
Verify	Run Jest tests	2026-10-07T14:21:24.9227660Z       at Object.log [as debug] (utils/logger.ts:98:17)
Verify	Run Jest tests	2026-10-07T14:21:24.9228127Z 
Verify	Run Jest tests	2026-10-07T14:21:24.9228333Z     console.log
Verify	Run Jest tests	2026-10-07T14:21:24.9228760Z       🐛 [analytics] screen /
Verify	Run Jest tests	2026-10-07T14:21:24.9229055Z 
Verify	Run Jest tests	2026-10-07T14:21:24.9229344Z       at Object.log [as debug] (utils/logger.ts:98:17)
Verify	Run Jest tests	2026-10-07T14:21:24.9229701Z 
Verify	Run Jest tests	2026-10-07T14:21:25.1882056Z PASS __tests__/navigation/configError.test.tsx
Verify	Run Jest tests	2026-10-07T14:21:25.1903180Z   ● Console
Verify	Run Jest tests	2026-10-07T14:21:25.1903650Z 
Verify	Run Jest tests	2026-10-07T14:21:25.1903962Z     console.log
Verify	Run Jest tests	2026-10-07T14:21:25.1904489Z       🐛 [analytics] screen /
Verify	Run Jest tests	2026-10-07T14:21:25.1904879Z 
Verify	Run Jest tests	2026-10-07T14:21:25.1905243Z       at Object.log [as debug] (utils/logger.ts:98:17)
Verify	Run Jest tests	2026-10-07T14:21:25.1905712Z 
Verify	Run Jest tests	2026-10-07T14:21:25.3398829Z PASS __tests__/navigation/statusBar.test.tsx
Verify	Run Jest tests	2026-10-07T14:21:25.3427530Z   ● Console
Verify	Run Jest tests	2026-10-07T14:21:25.3447777Z 
Verify	Run Jest tests	2026-10-07T14:21:25.3455239Z     console.log
Verify	Run Jest tests	2026-10-07T14:21:25.3456193Z       🐛 [analytics] screen /
Verify	Run Jest tests	2026-10-07T14:21:25.3469288Z 
Verify	Run Jest tests	2026-10-07T14:21:25.3477188Z       at Object.log [as debug] (utils/logger.ts:98:17)
Verify	Run Jest tests	2026-10-07T14:21:25.3477958Z 
Verify	Run Jest tests	2026-10-07T14:21:25.3478164Z     console.log
Verify	Run Jest tests	2026-10-07T14:21:25.3478697Z       🐛 [analytics] screen /
Verify	Run Jest tests	2026-10-07T14:21:25.3479014Z 
Verify	Run Jest tests	2026-10-07T14:21:25.3479335Z       at Object.log [as debug] (utils/logger.ts:98:17)
Verify	Run Jest tests	2026-10-07T14:21:25.3479731Z 
Verify	Run Jest tests	2026-10-07T14:21:25.4248613Z PASS __tests__/services/storage.test.ts
Verify	Run Jest tests	2026-10-07T14:21:25.4308651Z   ● Console
Verify	Run Jest tests	2026-10-07T14:21:25.4334935Z 
Verify	Run Jest tests	2026-10-07T14:21:25.4342622Z     console.error
Verify	Run Jest tests	2026-10-07T14:21:25.4369026Z       Error retrieving bad-json: SyntaxError: Expected property name or '}' in JSON at position 1 (line 1 column 2)
Verify	Run Jest tests	2026-10-07T14:21:25.4370021Z           at JSON.parse (<anonymous>)
Verify	Run Jest tests	2026-10-07T14:21:25.4370880Z           at parse (/home/runner/work/react-native-starter/react-native-starter/services/storage.ts:34:38)
Verify	Run Jest tests	2026-10-07T14:21:25.4371734Z           at Generator.next (<anonymous>)
Verify	Run Jest tests	2026-10-07T14:21:25.4372867Z           at asyncGeneratorStep (/home/runner/work/react-native-starter/react-native-starter/node_modules/@babel/runtime/helpers/asyncToGenerator.js:3:17)
Verify	Run Jest tests	2026-10-07T14:21:25.4374413Z           at _next (/home/runner/work/react-native-starter/react-native-starter/node_modules/@babel/runtime/helpers/asyncToGenerator.js:17:9)
Verify	Run Jest tests	2026-10-07T14:21:25.4375546Z           at processTicksAndRejections (node:internal/process/task_queues:104:5)
Verify	Run Jest tests	2026-10-07T14:21:25.4376053Z 
Verify	Run Jest tests	2026-10-07T14:21:25.4377449Z     ^[[0m ^[[90m 34 |^[[39m     ^[[36mreturn^[[39m jsonValue ^[[33m!=^[[39m ^[[36mnull^[[39m ^[[33m?^[[39m (^[[33mJSON^[[39m^[[33m.^[[39mparse(jsonValue) ^[[36mas^[[39m ^[[33mT^[[39m) ^[[33m:^[[39m ^[[36mnull^[[39m^[[33m;^[[39m
Verify	Run Jest tests	2026-10-07T14:21:25.4378608Z      ^[[90m 35 |^[[39m   } ^[[36mcatch^[[39m (error) {
Verify	Run Jest tests	2026-10-07T14:21:25.4379597Z     ^[[31m^[[1m>^[[22m^[[39m^[[90m 36 |^[[39m     console^[[33m.^[[39merror(^[[32m`Error retrieving ${key}:`^[[39m^[[33m,^[[39m error)^[[33m;^[[39m
Verify	Run Jest tests	2026-10-07T14:21:25.4380485Z      ^[[90m    |^[[39m             ^[[31m^[[1m^^[[22m^[[39m
Verify	Run Jest tests	2026-10-07T14:21:25.4381154Z      ^[[90m 37 |^[[39m     ^[[36mreturn^[[39m ^[[36mnull^[[39m^[[33m;^[[39m
Verify	Run Jest tests	2026-10-07T14:21:25.4381695Z      ^[[90m 38 |^[[39m   }
Verify	Run Jest tests	2026-10-07T14:21:25.4382121Z      ^[[90m 39 |^[[39m }^[[0m
Verify	Run Jest tests	2026-10-07T14:21:25.4382428Z 
Verify	Run Jest tests	2026-10-07T14:21:25.4382735Z       at error (services/storage.ts:36:13)
Verify	Run Jest tests	2026-10-07T14:21:25.4383476Z       at asyncGeneratorStep (node_modules/@babel/runtime/helpers/asyncToGenerator.js:3:17)
Verify	Run Jest tests	2026-10-07T14:21:25.4384355Z       at _next (node_modules/@babel/runtime/helpers/asyncToGenerator.js:17:9)
Verify	Run Jest tests	2026-10-07T14:21:25.4384904Z 
Verify	Run Jest tests	2026-10-07T14:21:25.4385252Z PASS __tests__/components/LoadingScreen.test.tsx
Verify	Run Jest tests	2026-10-07T14:21:25.5390336Z PASS __tests__/utils/sum.test.ts
Verify	Run Jest tests	2026-10-07T14:21:25.6020660Z PASS __tests__/hooks/useFetch.test.tsx
Verify	Run Jest tests	2026-10-07T14:21:25.6133169Z PASS __tests__/integrations/screenTracking.test.tsx
Verify	Run Jest tests	2026-10-07T14:21:25.7222044Z 
Verify	Run Jest tests	2026-10-07T14:21:25.7224671Z Test Suites: 18 passed, 18 total
Verify	Run Jest tests	2026-10-07T14:21:25.7225220Z Tests:       111 passed, 111 total
Verify	Run Jest tests	2026-10-07T14:21:25.7226085Z Snapshots:   0 total
Verify	Run Jest tests	2026-10-07T14:21:25.7226392Z Time:        14.542 s
Verify	Run Jest tests	2026-10-07T14:21:25.7226703Z Ran all test suites.
Verify	Expo Doctor	﻿2026-10-07T14:21:25.7408614Z ##[group]Run npx expo-doctor
Verify	Expo Doctor	2026-10-07T14:21:25.7408888Z ^[[36;1mnpx expo-doctor^[[0m
Verify	Expo Doctor	2026-10-07T14:21:25.7463747Z shell: /usr/bin/bash -e {0}
Verify	Expo Doctor	2026-10-07T14:21:25.7463973Z ##[endgroup]
Verify	Expo Doctor	2026-10-07T14:21:27.3099982Z Running 21 checks on your project...
Verify	Expo Doctor	2026-10-07T14:21:30.2630097Z 21/21 checks passed. No issues detected!
Verify	Export web build	﻿2026-10-07T14:21:30.2982155Z ##[group]Run npx expo export --platform web --output-dir dist
Verify	Export web build	2026-10-07T14:21:30.2982555Z ^[[36;1mnpx expo export --platform web --output-dir dist^[[0m
Verify	Export web build	2026-10-07T14:21:30.3038354Z shell: /usr/bin/bash -e {0}
Verify	Export web build	2026-10-07T14:21:30.3038587Z ##[endgroup]
Verify	Export web build	2026-10-07T14:21:31.1928821Z Starting Metro Bundler
Verify	Export web build	2026-10-07T14:21:31.1929153Z 
Verify	Export web build	2026-10-07T14:21:45.4618581Z Web Bundled 14035ms index.ts (1165 modules)
Verify	Export web build	2026-10-07T14:21:45.7586289Z 
Verify	Export web build	2026-10-07T14:21:45.7591993Z › Assets (19):
Verify	Export web build	2026-10-07T14:21:45.7654240Z node_modules/@expo/vector-icons/build/vendor/react-native-vector-icons/Fonts/MaterialCommunityIcons.6e435534bd35da5fef04168860a9b8fa.ttf (1.3MB)
Verify	Export web build	2026-10-07T14:21:45.7655740Z node_modules/expo-router/assets/arrow_down.017bc6ba3fc25503e5eb5e53826d48a8.png (9.5KB)
Verify	Export web build	2026-10-07T14:21:45.7656908Z node_modules/expo-router/assets/error.d1ea1496f9057eb392d5bbf3732a61b7.png (469B)
Verify	Export web build	2026-10-07T14:21:45.7657961Z node_modules/expo-router/assets/file.19eeb73b9593a38f8e9f418337fc7d10.png (138B)
Verify	Export web build	2026-10-07T14:21:45.7659317Z node_modules/expo-router/assets/forward.d8b800c443b8972542883e0b9de2bdc6.png (188B)
Verify	Export web build	2026-10-07T14:21:45.7660231Z node_modules/expo-router/assets/pkg.ab19f4cbc543357183a20571f68380a3.png (364B)
Verify	Export web build	2026-10-07T14:21:45.7661285Z node_modules/expo-router/assets/react-navigation/elements/back-icon-mask.0a328cd9c1afd0afe8e3b1ec5165b1b4.png (653B)
Verify	Export web build	2026-10-07T14:21:45.7662448Z node_modules/expo-router/assets/react-navigation/elements/back-icon.35ba0eaec5a4f5ed12ca16fabeae451d.png (207B)
Verify	Export web build	2026-10-07T14:21:45.7663702Z node_modules/expo-router/assets/react-navigation/elements/clear-icon.c94f6478e7ae0cdd9f15de1fcb9e5e55.png (4 variations | 425B)
Verify	Export web build	2026-10-07T14:21:45.7664999Z node_modules/expo-router/assets/react-navigation/elements/close-icon.808e1b1b9b53114ec2838071a7e6daa7.png (4 variations | 235B)
Verify	Export web build	2026-10-07T14:21:45.7666215Z node_modules/expo-router/assets/react-navigation/elements/search-icon.286d67d3f74808a60a78d3ebf1a5fb57.png (928B)
Verify	Export web build	2026-10-07T14:21:45.7667165Z node_modules/expo-router/assets/sitemap.412dd9275b6b48ad28f5e3d81bb1f626.png (465B)
Verify	Export web build	2026-10-07T14:21:45.7668240Z node_modules/expo-router/assets/unmatched.20e71bdf79e3a97bf55fd9e164041578.png (4.8KB)
Verify	Export web build	2026-10-07T14:21:45.7668701Z 
Verify	Export web build	2026-10-07T14:21:45.7668982Z › web bundles (1):
Verify	Export web build	2026-10-07T14:21:45.7701596Z _expo/static/js/web/index-8894c04bf968219c17f1cefd0bef774b.js (2.3MB)
Verify	Export web build	2026-10-07T14:21:45.7702209Z 
Verify	Export web build	2026-10-07T14:21:45.7702632Z › Files (3):
Verify	Export web build	2026-10-07T14:21:45.7703037Z favicon.ico (15KB)
Verify	Export web build	2026-10-07T14:21:45.7703401Z index.html (1.2KB)
Verify	Export web build	2026-10-07T14:21:45.7703741Z metadata.json (49B)
Verify	Export web build	2026-10-07T14:21:45.7786805Z 
Verify	Export web build	2026-10-07T14:21:45.7789750Z Exported: dist
Verify	Post Set up Node.js	﻿2026-10-07T14:21:45.9239553Z Post job cleanup.
Verify	Post Set up Node.js	2026-10-07T14:21:46.0192689Z (node:2535) [DEP0040] DeprecationWarning: The `punycode` module is deprecated. Please use a userland alternative instead.
Verify	Post Set up Node.js	2026-10-07T14:21:46.0193393Z (Use `node --trace-deprecation ...` to show where the warning was created)
Verify	Post Set up Node.js	2026-10-07T14:21:46.0195190Z Cache hit occurred on the primary key node-cache-Linux-x64-npm-9a82033345870d620287ae0ca8b0f11fd380bcf572aa61d4d09e5388351df534, not saving cache.
Verify	Post Check out repository	﻿2026-10-07T14:21:46.0327070Z Post job cleanup.
Verify	Post Check out repository	2026-10-07T14:21:46.1030739Z [command]/usr/bin/git version
Verify	Post Check out repository	2026-10-07T14:21:46.1067574Z git version 2.55.0
Verify	Post Check out repository	2026-10-07T14:21:46.1099768Z Temporarily overriding HOME='/home/runner/work/_temp/6090b5a7-1541-48ad-b063-dc6ef448f567' before making global git config changes
Verify	Post Check out repository	2026-10-07T14:21:46.1100943Z Adding repository directory to the temporary git global config as a safe directory
Verify	Post Check out repository	2026-10-07T14:21:46.1104784Z [command]/usr/bin/git config --global --add safe.directory /home/runner/work/react-native-starter/react-native-starter
Verify	Post Check out repository	2026-10-07T14:21:46.1136756Z [command]/usr/bin/git config --local --name-only --get-regexp core\.sshCommand
Verify	Post Check out repository	2026-10-07T14:21:46.1166512Z [command]/usr/bin/git submodule foreach --recursive sh -c "git config --local --name-only --get-regexp 'core\.sshCommand' && git config --local --unset-all 'core.sshCommand' || :"
Verify	Post Check out repository	2026-10-07T14:21:46.1377515Z [command]/usr/bin/git config --local --name-only --get-regexp http\.https\:\/\/github\.com\/\.extraheader
Verify	Post Check out repository	2026-10-07T14:21:46.1401966Z http.https://github.com/.extraheader
Verify	Post Check out repository	2026-10-07T14:21:46.1410326Z [command]/usr/bin/git config --local --unset-all http.https://github.com/.extraheader
Verify	Post Check out repository	2026-10-07T14:21:46.1457072Z [command]/usr/bin/git submodule foreach --recursive sh -c "git config --local --name-only --get-regexp 'http\.https\:\/\/github\.com\/\.extraheader' && git config --local --unset-all 'http.https://github.com/.extraheader' || :"
Verify	Post Check out repository	2026-10-07T14:21:46.1664535Z [command]/usr/bin/git config --local --name-only --get-regexp ^includeIf\.gitdir:
Verify	Post Check out repository	2026-10-07T14:21:46.1700468Z [command]/usr/bin/git submodule foreach --recursive git config --local --show-origin --name-only --get-regexp remote.origin.url
Verify	Complete job	﻿2026-10-07T14:21:46.2054848Z Cleaning up orphan processes
Verify	Complete job	2026-10-07T14:21:46.2356177Z ##[warning]Node.js 20 is deprecated. The following actions target Node.js 20 but are being forced to run on Node.js 24: actions/checkout@v4, actions/setup-node@v4. For more information see: https://github.blog/changelog/2025-09-19-deprecation-of-node-20-on-github-actions-runners/
