Verify	Set up job	﻿2026-10-06T15:50:24.4407274Z Current runner version: '2.337.0'
Verify	Set up job	2026-10-06T15:50:24.4444335Z ##[group]Runner Image Provisioner
Verify	Set up job	2026-10-06T15:50:24.4445841Z Hosted Compute Agent
Verify	Set up job	2026-10-06T15:50:24.4446850Z Version: 20260901.588
Verify	Set up job	2026-10-06T15:50:24.4448090Z Commit: f88ec8081b781fac6c440065ac7ff9e710ce3d0b
Verify	Set up job	2026-10-06T15:50:24.4449831Z Build Date: 2026-09-01T19:56:44Z
Verify	Set up job	2026-10-06T15:50:24.4451019Z Worker ID: {4b2ed9b6-59e6-45ca-9438-90f91cead2c4}
Verify	Set up job	2026-10-06T15:50:24.4452469Z Azure Region: eastus
Verify	Set up job	2026-10-06T15:50:24.4453546Z ##[endgroup]
Verify	Set up job	2026-10-06T15:50:24.4455871Z ##[group]Operating System
Verify	Set up job	2026-10-06T15:50:24.4457118Z Ubuntu
Verify	Set up job	2026-10-06T15:50:24.4458012Z 24.04.5
Verify	Set up job	2026-10-06T15:50:24.4459363Z LTS
Verify	Set up job	2026-10-06T15:50:24.4460271Z ##[endgroup]
Verify	Set up job	2026-10-06T15:50:24.4461365Z ##[group]Runner Image
Verify	Set up job	2026-10-06T15:50:24.4462594Z Image: ubuntu-24.04
Verify	Set up job	2026-10-06T15:50:24.4463629Z Version: 20260927.320.1
Verify	Set up job	2026-10-06T15:50:24.4465681Z Included Software: https://github.com/actions/runner-images/blob/ubuntu24/20260927.320/images/ubuntu/Ubuntu2404-Readme.md
Verify	Set up job	2026-10-06T15:50:24.4470445Z Image Release: https://github.com/actions/runner-images/releases/tag/ubuntu24%2F20260927.320
Verify	Set up job	2026-10-06T15:50:24.4472390Z ##[endgroup]
Verify	Set up job	2026-10-06T15:50:24.4474359Z ##[group]GITHUB_TOKEN Permissions
Verify	Set up job	2026-10-06T15:50:24.4477333Z Contents: read
Verify	Set up job	2026-10-06T15:50:24.4478674Z Metadata: read
Verify	Set up job	2026-10-06T15:50:24.4479804Z ##[endgroup]
Verify	Set up job	2026-10-06T15:50:24.4483120Z Secret source: Actions
Verify	Set up job	2026-10-06T15:50:24.4484817Z Cache mode: write
Verify	Set up job	2026-10-06T15:50:24.4486298Z Prepare workflow directory
Verify	Set up job	2026-10-06T15:50:24.4961790Z Prepare all required actions
Verify	Set up job	2026-10-06T15:50:24.5032167Z Getting action download info
Verify	Set up job	2026-10-06T15:50:24.7116567Z Download action repository 'actions/checkout@v4' (SHA:11d5960a326750d5838078e36cf38b85af677262)
Verify	Set up job	2026-10-06T15:50:24.8313943Z Download action repository 'actions/setup-node@v4' (SHA:49933ea5288caeca8642d1e84afbd3f7d6820020)
Verify	Set up job	2026-10-06T15:50:25.0256389Z Complete job name: Verify
Verify	Check out repository	﻿2026-10-06T15:50:25.1055438Z ##[group]Run actions/checkout@v4
Verify	Check out repository	2026-10-06T15:50:25.1056362Z with:
Verify	Check out repository	2026-10-06T15:50:25.1056873Z   repository: koniz-dev/react-native-starter
Verify	Check out repository	2026-10-06T15:50:25.1061444Z   token: ***
Verify	Check out repository	2026-10-06T15:50:25.1061888Z   ssh-strict: true
Verify	Check out repository	2026-10-06T15:50:25.1062313Z   ssh-user: git
Verify	Check out repository	2026-10-06T15:50:25.1062763Z   persist-credentials: true
Verify	Check out repository	2026-10-06T15:50:25.1063244Z   clean: true
Verify	Check out repository	2026-10-06T15:50:25.1063682Z   sparse-checkout-cone-mode: true
Verify	Check out repository	2026-10-06T15:50:25.1064193Z   fetch-depth: 1
Verify	Check out repository	2026-10-06T15:50:25.1064619Z   fetch-tags: false
Verify	Check out repository	2026-10-06T15:50:25.1065055Z   show-progress: true
Verify	Check out repository	2026-10-06T15:50:25.1065521Z   lfs: false
Verify	Check out repository	2026-10-06T15:50:25.1065994Z   submodules: false
Verify	Check out repository	2026-10-06T15:50:25.1066499Z   set-safe-directory: true
Verify	Check out repository	2026-10-06T15:50:25.1067037Z   allow-unsafe-pr-checkout: false
Verify	Check out repository	2026-10-06T15:50:25.1067842Z ##[endgroup]
Verify	Check out repository	2026-10-06T15:50:25.2134772Z Syncing repository: koniz-dev/react-native-starter
Verify	Check out repository	2026-10-06T15:50:25.2137569Z ##[group]Getting Git version info
Verify	Check out repository	2026-10-06T15:50:25.2139178Z Working directory is '/home/runner/work/react-native-starter/react-native-starter'
Verify	Check out repository	2026-10-06T15:50:25.2141168Z [command]/usr/bin/git version
Verify	Check out repository	2026-10-06T15:50:25.2208221Z git version 2.55.0
Verify	Check out repository	2026-10-06T15:50:25.2240518Z ##[endgroup]
Verify	Check out repository	2026-10-06T15:50:25.2265776Z Temporarily overriding HOME='/home/runner/work/_temp/2077fc14-d1ae-47b1-8eab-2f72d4bde290' before making global git config changes
Verify	Check out repository	2026-10-06T15:50:25.2270440Z Adding repository directory to the temporary git global config as a safe directory
Verify	Check out repository	2026-10-06T15:50:25.2273457Z [command]/usr/bin/git config --global --add safe.directory /home/runner/work/react-native-starter/react-native-starter
Verify	Check out repository	2026-10-06T15:50:25.2318888Z Deleting the contents of '/home/runner/work/react-native-starter/react-native-starter'
Verify	Check out repository	2026-10-06T15:50:25.2325461Z ##[group]Initializing the repository
Verify	Check out repository	2026-10-06T15:50:25.2330926Z [command]/usr/bin/git init /home/runner/work/react-native-starter/react-native-starter
Verify	Check out repository	2026-10-06T15:50:25.2446376Z hint: Using 'master' as the name for the initial branch. This default branch name
Verify	Check out repository	2026-10-06T15:50:25.2448125Z hint: will change to "main" in Git 3.0. To configure the initial branch name
Verify	Check out repository	2026-10-06T15:50:25.2450072Z hint: to use in all of your new repositories, which will suppress this warning,
Verify	Check out repository	2026-10-06T15:50:25.2451095Z hint: call:
Verify	Check out repository	2026-10-06T15:50:25.2451629Z hint:
Verify	Check out repository	2026-10-06T15:50:25.2452271Z hint: 	git config --global init.defaultBranch <name>
Verify	Check out repository	2026-10-06T15:50:25.2453027Z hint:
Verify	Check out repository	2026-10-06T15:50:25.2453730Z hint: Names commonly chosen instead of 'master' are 'main', 'trunk' and
Verify	Check out repository	2026-10-06T15:50:25.2454890Z hint: 'development'. The just-created branch can be renamed via this command:
Verify	Check out repository	2026-10-06T15:50:25.2455814Z hint:
Verify	Check out repository	2026-10-06T15:50:25.2456310Z hint: 	git branch -m <name>
Verify	Check out repository	2026-10-06T15:50:25.2456885Z hint:
Verify	Check out repository	2026-10-06T15:50:25.2457657Z hint: Disable this message with "git config set advice.defaultBranchName false"
Verify	Check out repository	2026-10-06T15:50:25.2464792Z Initialized empty Git repository in /home/runner/work/react-native-starter/react-native-starter/.git/
Verify	Check out repository	2026-10-06T15:50:25.2476152Z [command]/usr/bin/git remote add origin https://github.com/koniz-dev/react-native-starter
Verify	Check out repository	2026-10-06T15:50:25.2531760Z ##[endgroup]
Verify	Check out repository	2026-10-06T15:50:25.2533226Z ##[group]Disabling automatic garbage collection
Verify	Check out repository	2026-10-06T15:50:25.2537064Z [command]/usr/bin/git config --local gc.auto 0
Verify	Check out repository	2026-10-06T15:50:25.2572238Z ##[endgroup]
Verify	Check out repository	2026-10-06T15:50:25.2573568Z ##[group]Setting up auth
Verify	Check out repository	2026-10-06T15:50:25.2579656Z [command]/usr/bin/git config --local --name-only --get-regexp core\.sshCommand
Verify	Check out repository	2026-10-06T15:50:25.2616229Z [command]/usr/bin/git submodule foreach --recursive sh -c "git config --local --name-only --get-regexp 'core\.sshCommand' && git config --local --unset-all 'core.sshCommand' || :"
Verify	Check out repository	2026-10-06T15:50:25.3010696Z [command]/usr/bin/git config --local --name-only --get-regexp http\.https\:\/\/github\.com\/\.extraheader
Verify	Check out repository	2026-10-06T15:50:25.3056913Z [command]/usr/bin/git submodule foreach --recursive sh -c "git config --local --name-only --get-regexp 'http\.https\:\/\/github\.com\/\.extraheader' && git config --local --unset-all 'http.https://github.com/.extraheader' || :"
Verify	Check out repository	2026-10-06T15:50:25.3300187Z [command]/usr/bin/git config --local --name-only --get-regexp ^includeIf\.gitdir:
Verify	Check out repository	2026-10-06T15:50:25.3339995Z [command]/usr/bin/git submodule foreach --recursive git config --local --show-origin --name-only --get-regexp remote.origin.url
Verify	Check out repository	2026-10-06T15:50:25.3574598Z [command]/usr/bin/git config --local http.https://github.com/.extraheader AUTHORIZATION: basic ***
Verify	Check out repository	2026-10-06T15:50:25.3617380Z ##[endgroup]
Verify	Check out repository	2026-10-06T15:50:25.3618860Z ##[group]Fetching the repository
Verify	Check out repository	2026-10-06T15:50:25.3627927Z [command]/usr/bin/git -c protocol.version=2 fetch --no-tags --prune --no-recurse-submodules --depth=1 origin +a81e800af29737ea5227f8c23caab348178dfcf9:refs/remotes/origin/main
Verify	Check out repository	2026-10-06T15:50:26.3477285Z From https://github.com/koniz-dev/react-native-starter
Verify	Check out repository	2026-10-06T15:50:26.3480195Z  * [new ref]         a81e800af29737ea5227f8c23caab348178dfcf9 -> origin/main
Verify	Check out repository	2026-10-06T15:50:26.3485103Z ##[endgroup]
Verify	Check out repository	2026-10-06T15:50:26.3487829Z ##[group]Determining the checkout info
Verify	Check out repository	2026-10-06T15:50:26.3491376Z ##[endgroup]
Verify	Check out repository	2026-10-06T15:50:26.3501095Z [command]/usr/bin/git sparse-checkout disable
Verify	Check out repository	2026-10-06T15:50:26.3562484Z [command]/usr/bin/git config --local --unset-all extensions.worktreeConfig
Verify	Check out repository	2026-10-06T15:50:26.3601259Z ##[group]Checking out the ref
Verify	Check out repository	2026-10-06T15:50:26.3605197Z [command]/usr/bin/git checkout --progress --force -B main refs/remotes/origin/main
Verify	Check out repository	2026-10-06T15:50:26.4212547Z Switched to a new branch 'main'
Verify	Check out repository	2026-10-06T15:50:26.4219099Z branch 'main' set up to track 'origin/main'.
Verify	Check out repository	2026-10-06T15:50:26.4228922Z ##[endgroup]
Verify	Check out repository	2026-10-06T15:50:26.4277749Z [command]/usr/bin/git log -1 --format=%H
Verify	Check out repository	2026-10-06T15:50:26.4306760Z a81e800af29737ea5227f8c23caab348178dfcf9
Verify	Set up Node.js	﻿2026-10-06T15:50:26.4696942Z ##[group]Run actions/setup-node@v4
Verify	Set up Node.js	2026-10-06T15:50:26.4698560Z with:
Verify	Set up Node.js	2026-10-06T15:50:26.4699605Z   node-version-file: .nvmrc
Verify	Set up Node.js	2026-10-06T15:50:26.4700710Z   cache: npm
Verify	Set up Node.js	2026-10-06T15:50:26.4701665Z   always-auth: false
Verify	Set up Node.js	2026-10-06T15:50:26.4702711Z   check-latest: false
Verify	Set up Node.js	2026-10-06T15:50:26.4712705Z   token: ***
Verify	Set up Node.js	2026-10-06T15:50:26.4713691Z ##[endgroup]
Verify	Set up Node.js	2026-10-06T15:50:26.6188672Z Resolved .nvmrc as 24
Verify	Set up Node.js	2026-10-06T15:50:26.6243840Z Found in cache @ /opt/hostedtoolcache/node/24.21.0/x64
Verify	Set up Node.js	2026-10-06T15:50:26.6247276Z (node:2320) [DEP0040] DeprecationWarning: The `punycode` module is deprecated. Please use a userland alternative instead.
Verify	Set up Node.js	2026-10-06T15:50:26.6250532Z (Use `node --trace-deprecation ...` to show where the warning was created)
Verify	Set up Node.js	2026-10-06T15:50:26.6259395Z ##[group]Environment details
Verify	Set up Node.js	2026-10-06T15:50:27.0306231Z node: v24.21.0
Verify	Set up Node.js	2026-10-06T15:50:27.0307642Z npm: 11.19.0
Verify	Set up Node.js	2026-10-06T15:50:27.0308044Z yarn: 1.22.22
Verify	Set up Node.js	2026-10-06T15:50:27.0309311Z ##[endgroup]
Verify	Set up Node.js	2026-10-06T15:50:27.0350442Z [command]/opt/hostedtoolcache/node/24.21.0/x64/bin/npm config get cache
Verify	Set up Node.js	2026-10-06T15:50:27.1480755Z /home/runner/.npm
Verify	Set up Node.js	2026-10-06T15:50:27.2496491Z Cache hit for: node-cache-Linux-x64-npm-1b7ee3cd27ae9241835bccb86c8ecee27f01338d2ffffeb4fbeb21f3bf6233e6
Verify	Set up Node.js	2026-10-06T15:50:27.2609729Z (node:2320) [DEP0169] DeprecationWarning: `url.parse()` behavior is not standardized and prone to errors that have security implications. Use the WHATWG URL API instead. CVEs are not issued for `url.parse()` vulnerabilities.
Verify	Set up Node.js	2026-10-06T15:50:28.0060015Z Received 153374195 of 153374195 (100.0%), 205.1 MBs/sec
Verify	Set up Node.js	2026-10-06T15:50:28.0078969Z Cache Size: ~146 MB (153374195 B)
Verify	Set up Node.js	2026-10-06T15:50:28.0141187Z [command]/usr/bin/tar -xf /home/runner/work/_temp/5b7648f9-6afb-4a64-b2e9-1ad014fea944/cache.tzst -P -C /home/runner/work/react-native-starter/react-native-starter --use-compress-program unzstd
Verify	Set up Node.js	2026-10-06T15:50:28.4675243Z Cache restored successfully
Verify	Set up Node.js	2026-10-06T15:50:28.4780907Z Cache restored from key: node-cache-Linux-x64-npm-1b7ee3cd27ae9241835bccb86c8ecee27f01338d2ffffeb4fbeb21f3bf6233e6
Verify	Install dependencies	﻿2026-10-06T15:50:28.4992989Z ##[group]Run npm ci
Verify	Install dependencies	2026-10-06T15:50:28.4993336Z ^[[36;1mnpm ci^[[0m
Verify	Install dependencies	2026-10-06T15:50:28.5279040Z shell: /usr/bin/bash -e {0}
Verify	Install dependencies	2026-10-06T15:50:28.5279693Z ##[endgroup]
Verify	Install dependencies	2026-10-06T15:50:33.2044605Z npm warn deprecated inflight@1.0.6: This module is not supported, and leaks memory. Do not use it. Check out lru-cache if you want a good and tested way to coalesce async requests by a key value, which is much more comprehensive and powerful.
Verify	Install dependencies	2026-10-06T15:50:33.4704986Z npm warn deprecated abab@2.0.6: Use your platform's native atob() and btoa() methods instead
Verify	Install dependencies	2026-10-06T15:50:33.5083238Z npm warn deprecated glob@7.2.3: Glob versions prior to v9 are no longer supported
Verify	Install dependencies	2026-10-06T15:50:33.5099639Z npm warn deprecated glob@7.2.3: Glob versions prior to v9 are no longer supported
Verify	Install dependencies	2026-10-06T15:50:33.5112425Z npm warn deprecated glob@7.2.3: Glob versions prior to v9 are no longer supported
Verify	Install dependencies	2026-10-06T15:50:33.5124013Z npm warn deprecated glob@7.2.3: Glob versions prior to v9 are no longer supported
Verify	Install dependencies	2026-10-06T15:50:33.8675617Z npm warn deprecated domexception@4.0.0: Use your platform's native DOMException instead
Verify	Install dependencies	2026-10-06T15:50:35.1417493Z npm warn deprecated uuid@7.0.3: uuid@10 and below is no longer supported.  For ESM codebases, update to uuid@latest.  For CommonJS codebases, use uuid@11 (but be aware this version will likely be deprecated in 2028).
Verify	Install dependencies	2026-10-06T15:50:38.1502572Z npm warn deprecated react-native-vector-icons@10.3.0: react-native-vector-icons package has moved to a new model of per-icon-family packages. See the https://github.com/oblador/react-native-vector-icons/blob/master/MIGRATION.md on how to migrate
Verify	Install dependencies	2026-10-06T15:50:45.9067713Z 
Verify	Install dependencies	2026-10-06T15:50:45.9069095Z added 1069 packages, and audited 1070 packages in 17s
Verify	Install dependencies	2026-10-06T15:50:45.9069813Z 
Verify	Install dependencies	2026-10-06T15:50:45.9070465Z 179 packages are looking for funding
Verify	Install dependencies	2026-10-06T15:50:45.9081500Z   run `npm fund` for details
Verify	Install dependencies	2026-10-06T15:50:46.0931666Z 
Verify	Install dependencies	2026-10-06T15:50:46.0932619Z 69 vulnerabilities (1 low, 14 moderate, 54 high)
Verify	Install dependencies	2026-10-06T15:50:46.0933246Z 
Verify	Install dependencies	2026-10-06T15:50:46.0933783Z To address issues that do not require attention, run:
Verify	Install dependencies	2026-10-06T15:50:46.0934679Z   npm audit fix
Verify	Install dependencies	2026-10-06T15:50:46.0935045Z 
Verify	Install dependencies	2026-10-06T15:50:46.0935814Z To address all issues (including breaking changes), run:
Verify	Install dependencies	2026-10-06T15:50:46.0937636Z   npm audit fix --force
Verify	Install dependencies	2026-10-06T15:50:46.0937944Z 
Verify	Install dependencies	2026-10-06T15:50:46.0938509Z Run `npm audit` for details.
Verify	Lint	﻿2026-10-06T15:50:46.1986787Z ##[group]Run npm run lint
Verify	Lint	2026-10-06T15:50:46.1987289Z ^[[36;1mnpm run lint^[[0m
Verify	Lint	2026-10-06T15:50:46.2057347Z shell: /usr/bin/bash -e {0}
Verify	Lint	2026-10-06T15:50:46.2057709Z ##[endgroup]
Verify	Lint	2026-10-06T15:50:46.3132063Z 
Verify	Lint	2026-10-06T15:50:46.3132828Z > react-native-starter@1.0.0 lint
Verify	Lint	2026-10-06T15:50:46.3133371Z > eslint .
Verify	Lint	2026-10-06T15:50:46.3133571Z 
Verify	Lint	2026-10-06T15:50:51.2891802Z 
Verify	Lint	2026-10-06T15:50:51.2893030Z /home/runner/work/react-native-starter/react-native-starter/components/ThemedText.tsx
Verify	Lint	2026-10-06T15:50:51.2923626Z ##[warning]  24:3  warning  Unused style detected: styles.default          react-native/no-unused-styles
Verify	Lint	2026-10-06T15:50:51.2934090Z ##[warning]  25:3  warning  Unused style detected: styles.defaultSemiBold  react-native/no-unused-styles
Verify	Lint	2026-10-06T15:50:51.2936799Z ##[warning]  26:3  warning  Unused style detected: styles.title            react-native/no-unused-styles
Verify	Lint	2026-10-06T15:50:51.2939723Z ##[warning]  27:3  warning  Unused style detected: styles.subtitle         react-native/no-unused-styles
Verify	Lint	2026-10-06T15:50:51.2942254Z ##[warning]  28:3  warning  Unused style detected: styles.link             react-native/no-unused-styles
Verify	Lint	2026-10-06T15:50:51.2944604Z ##[warning]  28:9  warning  Color literal: { color: '#0a7ea4' }            react-native/no-color-literals
Verify	Lint	2026-10-06T15:50:51.2946053Z 
Verify	Lint	2026-10-06T15:50:51.2946690Z ✖ 6 problems (0 errors, 6 warnings)
Verify	Lint	2026-10-06T15:50:51.2947044Z 
Verify	Check formatting	﻿2026-10-06T15:50:51.5056386Z ##[group]Run npm run format:check
Verify	Check formatting	2026-10-06T15:50:51.5056764Z ^[[36;1mnpm run format:check^[[0m
Verify	Check formatting	2026-10-06T15:50:51.5122104Z shell: /usr/bin/bash -e {0}
Verify	Check formatting	2026-10-06T15:50:51.5122480Z ##[endgroup]
Verify	Check formatting	2026-10-06T15:50:51.6189638Z 
Verify	Check formatting	2026-10-06T15:50:51.6190230Z > react-native-starter@1.0.0 format:check
Verify	Check formatting	2026-10-06T15:50:51.6191104Z > prettier --check "**/*.{ts,tsx,js,jsx,json,md}"
Verify	Check formatting	2026-10-06T15:50:51.6191581Z 
Verify	Check formatting	2026-10-06T15:50:51.7109099Z Checking formatting...
Verify	Check formatting	2026-10-06T15:50:53.3147650Z All matched files use Prettier code style!
Verify	Type-check	﻿2026-10-06T15:50:53.3534512Z ##[group]Run npm run type-check
Verify	Type-check	2026-10-06T15:50:53.3534868Z ^[[36;1mnpm run type-check^[[0m
Verify	Type-check	2026-10-06T15:50:53.3601073Z shell: /usr/bin/bash -e {0}
Verify	Type-check	2026-10-06T15:50:53.3601408Z ##[endgroup]
Verify	Type-check	2026-10-06T15:50:53.4637082Z 
Verify	Type-check	2026-10-06T15:50:53.4637920Z > react-native-starter@1.0.0 type-check
Verify	Type-check	2026-10-06T15:50:53.4638777Z > tsc --noEmit
Verify	Type-check	2026-10-06T15:50:53.4638994Z 
Verify	Run Jest tests	﻿2026-10-06T15:50:55.9105340Z ##[group]Run npm run test:ci
Verify	Run Jest tests	2026-10-06T15:50:55.9105676Z ^[[36;1mnpm run test:ci^[[0m
Verify	Run Jest tests	2026-10-06T15:50:55.9171835Z shell: /usr/bin/bash -e {0}
Verify	Run Jest tests	2026-10-06T15:50:55.9172168Z ##[endgroup]
Verify	Run Jest tests	2026-10-06T15:50:56.0221646Z 
Verify	Run Jest tests	2026-10-06T15:50:56.0222485Z > react-native-starter@1.0.0 test:ci
Verify	Run Jest tests	2026-10-06T15:50:56.0223154Z > jest
Verify	Run Jest tests	2026-10-06T15:50:56.0223380Z 
Verify	Run Jest tests	2026-10-06T15:51:00.7670009Z PASS __tests__/utils/logger.test.ts
Verify	Run Jest tests	2026-10-06T15:51:00.9660122Z PASS __tests__/services/api.test.ts
Verify	Run Jest tests	2026-10-06T15:51:00.9875102Z   ● Console
Verify	Run Jest tests	2026-10-06T15:51:00.9889076Z 
Verify	Run Jest tests	2026-10-06T15:51:00.9889648Z     console.error
Verify	Run Jest tests	2026-10-06T15:51:00.9890935Z       API Error: { message: 'Unavailable', status: 503, data: { message: 'Try again' } }
Verify	Run Jest tests	2026-10-06T15:51:00.9891988Z 
Verify	Run Jest tests	2026-10-06T15:51:00.9899854Z     ^[[0m ^[[90m 94 |^[[39m
Verify	Run Jest tests	2026-10-06T15:51:00.9900896Z      ^[[90m 95 |^[[39m     ^[[90m// Log error for debugging^[[39m
Verify	Run Jest tests	2026-10-06T15:51:00.9902422Z     ^[[31m^[[1m>^[[22m^[[39m^[[90m 96 |^[[39m     console^[[33m.^[[39merror(^[[32m'API Error:'^[[39m^[[33m,^[[39m apiError)^[[33m;^[[39m
Verify	Run Jest tests	2026-10-06T15:51:00.9903992Z      ^[[90m    |^[[39m             ^[[31m^[[1m^^[[22m^[[39m
Verify	Run Jest tests	2026-10-06T15:51:00.9904899Z      ^[[90m 97 |^[[39m
Verify	Run Jest tests	2026-10-06T15:51:00.9906206Z      ^[[90m 98 |^[[39m     ^[[36mreturn^[[39m ^[[33mPromise^[[39m^[[33m.^[[39mreject(apiError)^[[33m;^[[39m
Verify	Run Jest tests	2026-10-06T15:51:00.9910920Z      ^[[90m 99 |^[[39m   }^[[0m
Verify	Run Jest tests	2026-10-06T15:51:00.9911506Z 
Verify	Run Jest tests	2026-10-06T15:51:00.9911971Z       at error (services/api.ts:96:13)
Verify	Run Jest tests	2026-10-06T15:51:00.9913060Z       at Axios.request (node_modules/axios/dist/browser/axios.cjs:5245:14)
Verify	Run Jest tests	2026-10-06T15:51:00.9914413Z 
Verify	Run Jest tests	2026-10-06T15:51:01.0499911Z PASS __tests__/services/auth.test.ts
Verify	Run Jest tests	2026-10-06T15:51:10.6512375Z PASS __tests__/components/LoginScreen.test.tsx (13.063 s)
Verify	Run Jest tests	2026-10-06T15:51:11.1078897Z PASS __tests__/components/HomeScreen.test.tsx (10.106 s)
Verify	Run Jest tests	2026-10-06T15:51:14.4254403Z PASS __tests__/navigation/tabBarTheme.test.tsx (13.371 s)
Verify	Run Jest tests	2026-10-06T15:51:14.6059125Z PASS __tests__/navigation/statusBar.test.tsx
Verify	Run Jest tests	2026-10-06T15:51:14.7207208Z PASS __tests__/services/storage.test.ts
Verify	Run Jest tests	2026-10-06T15:51:14.7238533Z   ● Console
Verify	Run Jest tests	2026-10-06T15:51:14.7238991Z 
Verify	Run Jest tests	2026-10-06T15:51:14.7259430Z     console.error
Verify	Run Jest tests	2026-10-06T15:51:14.7269477Z       Error retrieving bad-json: SyntaxError: Expected property name or '}' in JSON at position 1 (line 1 column 2)
Verify	Run Jest tests	2026-10-06T15:51:14.7283885Z           at JSON.parse (<anonymous>)
Verify	Run Jest tests	2026-10-06T15:51:14.7285330Z           at parse (/home/runner/work/react-native-starter/react-native-starter/services/storage.ts:34:38)
Verify	Run Jest tests	2026-10-06T15:51:14.7298934Z           at Generator.next (<anonymous>)
Verify	Run Jest tests	2026-10-06T15:51:14.7312220Z           at asyncGeneratorStep (/home/runner/work/react-native-starter/react-native-starter/node_modules/@babel/runtime/helpers/asyncToGenerator.js:3:17)
Verify	Run Jest tests	2026-10-06T15:51:14.7314735Z           at _next (/home/runner/work/react-native-starter/react-native-starter/node_modules/@babel/runtime/helpers/asyncToGenerator.js:17:9)
Verify	Run Jest tests	2026-10-06T15:51:14.7324240Z           at processTicksAndRejections (node:internal/process/task_queues:104:5)
Verify	Run Jest tests	2026-10-06T15:51:14.7325108Z 
Verify	Run Jest tests	2026-10-06T15:51:14.7326965Z     ^[[0m ^[[90m 34 |^[[39m     ^[[36mreturn^[[39m jsonValue ^[[33m!=^[[39m ^[[36mnull^[[39m ^[[33m?^[[39m (^[[33mJSON^[[39m^[[33m.^[[39mparse(jsonValue) ^[[36mas^[[39m ^[[33mT^[[39m) ^[[33m:^[[39m ^[[36mnull^[[39m^[[33m;^[[39m
Verify	Run Jest tests	2026-10-06T15:51:14.7329117Z      ^[[90m 35 |^[[39m   } ^[[36mcatch^[[39m (error) {
Verify	Run Jest tests	2026-10-06T15:51:14.7330555Z     ^[[31m^[[1m>^[[22m^[[39m^[[90m 36 |^[[39m     console^[[33m.^[[39merror(^[[32m`Error retrieving ${key}:`^[[39m^[[33m,^[[39m error)^[[33m;^[[39m
Verify	Run Jest tests	2026-10-06T15:51:14.7331810Z      ^[[90m    |^[[39m             ^[[31m^[[1m^^[[22m^[[39m
Verify	Run Jest tests	2026-10-06T15:51:14.7332672Z      ^[[90m 37 |^[[39m     ^[[36mreturn^[[39m ^[[36mnull^[[39m^[[33m;^[[39m
Verify	Run Jest tests	2026-10-06T15:51:14.7333384Z      ^[[90m 38 |^[[39m   }
Verify	Run Jest tests	2026-10-06T15:51:14.7333896Z      ^[[90m 39 |^[[39m }^[[0m
Verify	Run Jest tests	2026-10-06T15:51:14.7334197Z 
Verify	Run Jest tests	2026-10-06T15:51:14.7334458Z       at error (services/storage.ts:36:13)
Verify	Run Jest tests	2026-10-06T15:51:14.7335433Z       at asyncGeneratorStep (node_modules/@babel/runtime/helpers/asyncToGenerator.js:3:17)
Verify	Run Jest tests	2026-10-06T15:51:14.7337249Z       at _next (node_modules/@babel/runtime/helpers/asyncToGenerator.js:17:9)
Verify	Run Jest tests	2026-10-06T15:51:14.7337846Z 
Verify	Run Jest tests	2026-10-06T15:51:14.8028735Z PASS __tests__/components/LoadingScreen.test.tsx
Verify	Run Jest tests	2026-10-06T15:51:14.8233917Z PASS __tests__/navigation/initialRoute.test.tsx
Verify	Run Jest tests	2026-10-06T15:51:14.9073719Z PASS __tests__/utils/sum.test.ts
Verify	Run Jest tests	2026-10-06T15:51:14.9449543Z PASS __tests__/hooks/useFetch.test.tsx
Verify	Run Jest tests	2026-10-06T15:51:15.0675707Z 
Verify	Run Jest tests	2026-10-06T15:51:15.0679853Z Test Suites: 12 passed, 12 total
Verify	Run Jest tests	2026-10-06T15:51:15.0680708Z Tests:       79 passed, 79 total
Verify	Run Jest tests	2026-10-06T15:51:15.0681284Z Snapshots:   0 total
Verify	Run Jest tests	2026-10-06T15:51:15.0681802Z Time:        18.332 s
Verify	Run Jest tests	2026-10-06T15:51:15.0682371Z Ran all test suites.
Verify	Expo Doctor	﻿2026-10-06T15:51:15.0880723Z ##[group]Run npx expo-doctor
Verify	Expo Doctor	2026-10-06T15:51:15.0881101Z ^[[36;1mnpx expo-doctor^[[0m
Verify	Expo Doctor	2026-10-06T15:51:15.0947054Z shell: /usr/bin/bash -e {0}
Verify	Expo Doctor	2026-10-06T15:51:15.0947433Z ##[endgroup]
Verify	Expo Doctor	2026-10-06T15:51:16.3170903Z Running 21 checks on your project...
Verify	Expo Doctor	2026-10-06T15:51:20.2576843Z 21/21 checks passed. No issues detected!
Verify	Export web build	﻿2026-10-06T15:51:20.3002212Z ##[group]Run npx expo export --platform web --output-dir dist
Verify	Export web build	2026-10-06T15:51:20.3002872Z ^[[36;1mnpx expo export --platform web --output-dir dist^[[0m
Verify	Export web build	2026-10-06T15:51:20.3068017Z shell: /usr/bin/bash -e {0}
Verify	Export web build	2026-10-06T15:51:20.3068610Z ##[endgroup]
Verify	Export web build	2026-10-06T15:51:21.1813902Z Starting Metro Bundler
Verify	Export web build	2026-10-06T15:51:21.1814343Z 
Verify	Export web build	2026-10-06T15:51:37.7601176Z Web Bundled 16296ms index.ts (1061 modules)
Verify	Export web build	2026-10-06T15:51:38.1827198Z 
Verify	Export web build	2026-10-06T15:51:38.1834153Z › Assets (19):
Verify	Export web build	2026-10-06T15:51:38.1909849Z node_modules/@expo/vector-icons/build/vendor/react-native-vector-icons/Fonts/MaterialCommunityIcons.6e435534bd35da5fef04168860a9b8fa.ttf (1.3MB)
Verify	Export web build	2026-10-06T15:51:38.1912243Z node_modules/expo-router/assets/arrow_down.017bc6ba3fc25503e5eb5e53826d48a8.png (9.5KB)
Verify	Export web build	2026-10-06T15:51:38.1913905Z node_modules/expo-router/assets/error.d1ea1496f9057eb392d5bbf3732a61b7.png (469B)
Verify	Export web build	2026-10-06T15:51:38.1915495Z node_modules/expo-router/assets/file.19eeb73b9593a38f8e9f418337fc7d10.png (138B)
Verify	Export web build	2026-10-06T15:51:38.1917092Z node_modules/expo-router/assets/forward.d8b800c443b8972542883e0b9de2bdc6.png (188B)
Verify	Export web build	2026-10-06T15:51:38.1924254Z node_modules/expo-router/assets/pkg.ab19f4cbc543357183a20571f68380a3.png (364B)
Verify	Export web build	2026-10-06T15:51:38.1925917Z node_modules/expo-router/assets/react-navigation/elements/back-icon-mask.0a328cd9c1afd0afe8e3b1ec5165b1b4.png (653B)
Verify	Export web build	2026-10-06T15:51:38.1927453Z node_modules/expo-router/assets/react-navigation/elements/back-icon.35ba0eaec5a4f5ed12ca16fabeae451d.png (207B)
Verify	Export web build	2026-10-06T15:51:38.1928918Z node_modules/expo-router/assets/react-navigation/elements/clear-icon.c94f6478e7ae0cdd9f15de1fcb9e5e55.png (4 variations | 425B)
Verify	Export web build	2026-10-06T15:51:38.1930460Z node_modules/expo-router/assets/react-navigation/elements/close-icon.808e1b1b9b53114ec2838071a7e6daa7.png (4 variations | 235B)
Verify	Export web build	2026-10-06T15:51:38.1931699Z node_modules/expo-router/assets/react-navigation/elements/search-icon.286d67d3f74808a60a78d3ebf1a5fb57.png (928B)
Verify	Export web build	2026-10-06T15:51:38.1932520Z node_modules/expo-router/assets/sitemap.412dd9275b6b48ad28f5e3d81bb1f626.png (465B)
Verify	Export web build	2026-10-06T15:51:38.1933269Z node_modules/expo-router/assets/unmatched.20e71bdf79e3a97bf55fd9e164041578.png (4.8KB)
Verify	Export web build	2026-10-06T15:51:38.1933632Z 
Verify	Export web build	2026-10-06T15:51:38.1933921Z › web bundles (1):
Verify	Export web build	2026-10-06T15:51:38.1957452Z _expo/static/js/web/index-0218dfd7c118fd9e21b98fe18f7f509b.js (1.8MB)
Verify	Export web build	2026-10-06T15:51:38.1958009Z 
Verify	Export web build	2026-10-06T15:51:38.1958660Z › Files (3):
Verify	Export web build	2026-10-06T15:51:38.1959587Z favicon.ico (15KB)
Verify	Export web build	2026-10-06T15:51:38.1960079Z index.html (1.2KB)
Verify	Export web build	2026-10-06T15:51:38.1960547Z metadata.json (49B)
Verify	Export web build	2026-10-06T15:51:38.2053571Z 
Verify	Export web build	2026-10-06T15:51:38.2056643Z Exported: dist
Verify	Post Set up Node.js	﻿2026-10-06T15:51:38.3509029Z Post job cleanup.
Verify	Post Set up Node.js	2026-10-06T15:51:38.4792113Z (node:2770) [DEP0040] DeprecationWarning: The `punycode` module is deprecated. Please use a userland alternative instead.
Verify	Post Set up Node.js	2026-10-06T15:51:38.4793399Z (Use `node --trace-deprecation ...` to show where the warning was created)
Verify	Post Set up Node.js	2026-10-06T15:51:38.4796663Z Cache hit occurred on the primary key node-cache-Linux-x64-npm-1b7ee3cd27ae9241835bccb86c8ecee27f01338d2ffffeb4fbeb21f3bf6233e6, not saving cache.
Verify	Post Check out repository	﻿2026-10-06T15:51:38.4962624Z Post job cleanup.
Verify	Post Check out repository	2026-10-06T15:51:38.5859321Z [command]/usr/bin/git version
Verify	Post Check out repository	2026-10-06T15:51:38.5905742Z git version 2.55.0
Verify	Post Check out repository	2026-10-06T15:51:38.5946722Z Temporarily overriding HOME='/home/runner/work/_temp/902b73f0-a46f-4b33-b1cb-df9c66c6af1e' before making global git config changes
Verify	Post Check out repository	2026-10-06T15:51:38.5948829Z Adding repository directory to the temporary git global config as a safe directory
Verify	Post Check out repository	2026-10-06T15:51:38.5952919Z [command]/usr/bin/git config --global --add safe.directory /home/runner/work/react-native-starter/react-native-starter
Verify	Post Check out repository	2026-10-06T15:51:38.5996938Z [command]/usr/bin/git config --local --name-only --get-regexp core\.sshCommand
Verify	Post Check out repository	2026-10-06T15:51:38.6034989Z [command]/usr/bin/git submodule foreach --recursive sh -c "git config --local --name-only --get-regexp 'core\.sshCommand' && git config --local --unset-all 'core.sshCommand' || :"
Verify	Post Check out repository	2026-10-06T15:51:38.6292237Z [command]/usr/bin/git config --local --name-only --get-regexp http\.https\:\/\/github\.com\/\.extraheader
Verify	Post Check out repository	2026-10-06T15:51:38.6332647Z http.https://github.com/.extraheader
Verify	Post Check out repository	2026-10-06T15:51:38.6341435Z [command]/usr/bin/git config --local --unset-all http.https://github.com/.extraheader
Verify	Post Check out repository	2026-10-06T15:51:38.6380032Z [command]/usr/bin/git submodule foreach --recursive sh -c "git config --local --name-only --get-regexp 'http\.https\:\/\/github\.com\/\.extraheader' && git config --local --unset-all 'http.https://github.com/.extraheader' || :"
Verify	Post Check out repository	2026-10-06T15:51:38.6684966Z [command]/usr/bin/git config --local --name-only --get-regexp ^includeIf\.gitdir:
Verify	Post Check out repository	2026-10-06T15:51:38.6759972Z [command]/usr/bin/git submodule foreach --recursive git config --local --show-origin --name-only --get-regexp remote.origin.url
Verify	Complete job	﻿2026-10-06T15:51:38.7257583Z Cleaning up orphan processes
Verify	Complete job	2026-10-06T15:51:38.7602450Z ##[warning]Node.js 20 is deprecated. The following actions target Node.js 20 but are being forced to run on Node.js 24: actions/checkout@v4, actions/setup-node@v4. For more information see: https://github.blog/changelog/2025-09-19-deprecation-of-node-20-on-github-actions-runners/
