$ git log --oneline -1
b02f576 fix: remove every demo reference with remove-demo: docs, README, .env.example, Maestro
$ npm run remove-demo

> react-native-starter@1.0.0 remove-demo
> node scripts/remove-demo.js

Removing the demo...
  delete features/demo-auth
  delete features/demo-todos
  delete features/demo-showcase
  delete app/(tabs)/explore.tsx
  delete app/showcase.tsx
  delete __tests__/features/demo-auth
  delete __tests__/features/demo-todos
  delete __tests__/features/demo-showcase
  delete .maestro/02-tabs.yaml
  delete .maestro/03-auth-session.yaml
  delete .maestro/04-login-keyboard.yaml
  delete .maestro/05-explore-error-retry.yaml
  delete .maestro/subflows/sign-in.yaml
  delete docs/remove-demo.md
  delete __tests__/scripts/removeDemo.test.ts
  delete scripts/remove-demo.js
  strip app/(tabs)/_layout.tsx
  strip app/README.md
  strip features/auth/screens/LoginScreen.tsx
  strip features/home/screens/HomeScreen.tsx
  strip shared/i18n/en.ts
  strip shared/integrations/setup.ts
  strip __tests__/app/tabBarTheme.test.tsx
  strip __tests__/features/home/HomeScreen.test.tsx
  strip __tests__/shared/integrations/i18n.test.tsx
  strip docs/README.md
  strip docs/api-and-storage.md
  strip docs/connect-your-backend.md
  strip docs/conventions.md
  strip docs/environment-variables.md
  strip docs/getting-started.md
  strip docs/make-it-yours.md
  strip docs/testing.md
  strip docs/ui-and-theming.md
  strip .maestro/config.yaml
  strip .maestro/dark-mode.yaml
  strip scripts/README.md
  strip scripts/e2e/run.sh
  strip README.md
  strip AGENTS.md
  strip .env.example
  update package.json: remove the remove-demo script
Done. Next: register your AuthAdapter in shared/integrations/setup.ts, set your backend URLs in .env, then run npm run lint, npm run type-check, and npm run test:ci.
[exit 0]
