$ git show --stat HEAD
remove demo

 .env.example                                       |  23 +--
 .maestro/02-tabs.yaml                              |  17 --
 .maestro/03-auth-session.yaml                      |  29 ---
 .maestro/04-login-keyboard.yaml                    |  50 -----
 .maestro/05-explore-error-retry.yaml               |  32 ----
 .maestro/config.yaml                               |   6 -
 .maestro/dark-mode.yaml                            |  10 -
 .maestro/subflows/sign-in.yaml                     |  40 ----
 AGENTS.md                                          |  15 --
 README.md                                          |  16 --
 __tests__/app/tabBarTheme.test.tsx                 |   3 -
 .../demo-auth/DemoCredentialsHint.test.tsx         |  33 ----
 .../features/demo-auth/dummyJsonAdapter.test.ts    |  68 -------
 .../features/demo-showcase/ShowcaseScreen.test.tsx |  22 ---
 __tests__/features/demo-todos/TodosScreen.test.tsx |  93 ---------
 __tests__/features/home/HomeScreen.test.tsx        |  18 --
 __tests__/scripts/removeDemo.test.ts               | 192 -------------------
 __tests__/shared/integrations/i18n.test.tsx        |   6 -
 app/(tabs)/_layout.tsx                             |  12 --
 app/(tabs)/explore.tsx                             |   2 -
 app/README.md                                      |   7 -
 app/showcase.tsx                                   |   2 -
 docs/README.md                                     |   6 -
 docs/api-and-storage.md                            |   7 -
 docs/connect-your-backend.md                       |  14 --
 docs/conventions.md                                |  12 --
 docs/environment-variables.md                      |   9 -
 docs/getting-started.md                            |  22 ---
 docs/make-it-yours.md                              |   7 -
 docs/remove-demo.md                                | 112 -----------
 docs/testing.md                                    |  24 ---
 docs/ui-and-theming.md                             |   8 -
 features/auth/screens/LoginScreen.tsx              |   7 -
 features/demo-auth/DemoCredentialsHint.tsx         |  31 ---
 features/demo-auth/dummyJsonAdapter.ts             |  53 ------
 features/demo-showcase/components/ExampleLinks.tsx |  26 ---
 features/demo-showcase/screens/ShowcaseScreen.tsx  | 191 -------------------
 features/demo-todos/api/todosApi.ts                |  10 -
 features/demo-todos/screens/TodosScreen.tsx        | 208 ---------------------
 features/demo-todos/types.ts                       |   7 -
 features/home/screens/HomeScreen.tsx               |   7 -
 package.json                                       |   1 -
 scripts/README.md                                  |  10 -
 scripts/e2e/run.sh                                 |  14 +-
 scripts/remove-demo.js                             | 177 ------------------
 shared/i18n/en.ts                                  |  28 ---
 shared/integrations/setup.ts                       |   7 -
 47 files changed, 9 insertions(+), 1685 deletions(-)
