Verify	Set up job	﻿2026-10-10T09:37:36.1149960Z Current runner version: '2.337.0'
Verify	Set up job	2026-10-10T09:37:36.1167252Z ##[group]Runner Image Provisioner
Verify	Set up job	2026-10-10T09:37:36.1167917Z Hosted Compute Agent
Verify	Set up job	2026-10-10T09:37:36.1168271Z Version: 20261002.596
Verify	Set up job	2026-10-10T09:37:36.1168683Z Commit: c3d12f3313a95f25162a1503be624f3b0617f8c0
Verify	Set up job	2026-10-10T09:37:36.1169111Z Build Date: 2026-10-02T22:28:27Z
Verify	Set up job	2026-10-10T09:37:36.1169537Z Worker ID: {175b6470-b4fe-4a1a-a743-e15123fd09a0}
Verify	Set up job	2026-10-10T09:37:36.1169993Z Region: westus2
Verify	Set up job	2026-10-10T09:37:36.1170330Z Cloud: Azure
Verify	Set up job	2026-10-10T09:37:36.1170674Z ##[endgroup]
Verify	Set up job	2026-10-10T09:37:36.1171599Z ##[group]Operating System
Verify	Set up job	2026-10-10T09:37:36.1171949Z Ubuntu
Verify	Set up job	2026-10-10T09:37:36.1172310Z 24.04.5
Verify	Set up job	2026-10-10T09:37:36.1172622Z LTS
Verify	Set up job	2026-10-10T09:37:36.1172956Z ##[endgroup]
Verify	Set up job	2026-10-10T09:37:36.1173373Z ##[group]Runner Image
Verify	Set up job	2026-10-10T09:37:36.1173765Z Image: ubuntu-24.04
Verify	Set up job	2026-10-10T09:37:36.1174142Z Version: 20261004.327.1
Verify	Set up job	2026-10-10T09:37:36.1174746Z Included Software: https://github.com/actions/runner-images/blob/ubuntu24/20261004.327/images/ubuntu/Ubuntu2404-Readme.md
Verify	Set up job	2026-10-10T09:37:36.1176034Z Image Release: https://github.com/actions/runner-images/releases/tag/ubuntu24%2F20261004.327
Verify	Set up job	2026-10-10T09:37:36.1176587Z ##[endgroup]
Verify	Set up job	2026-10-10T09:37:36.1177435Z ##[group]GITHUB_TOKEN Permissions
Verify	Set up job	2026-10-10T09:37:36.1178915Z Contents: read
Verify	Set up job	2026-10-10T09:37:36.1179359Z Metadata: read
Verify	Set up job	2026-10-10T09:37:36.1179693Z ##[endgroup]
Verify	Set up job	2026-10-10T09:37:36.1181001Z Secret source: Actions
Verify	Set up job	2026-10-10T09:37:36.1181543Z Cache mode: write
Verify	Set up job	2026-10-10T09:37:36.1182136Z Prepare workflow directory
Verify	Set up job	2026-10-10T09:37:36.1378911Z Prepare all required actions
Verify	Set up job	2026-10-10T09:37:36.1409561Z Getting action download info
Verify	Set up job	2026-10-10T09:37:36.4877259Z Download action repository 'actions/checkout@v4' (SHA:11d5960a326750d5838078e36cf38b85af677262)
Verify	Set up job	2026-10-10T09:37:36.5590984Z Download action repository 'actions/setup-node@v4' (SHA:49933ea5288caeca8642d1e84afbd3f7d6820020)
Verify	Set up job	2026-10-10T09:37:36.7309232Z Complete job name: Verify
Verify	Check out repository	﻿2026-10-10T09:37:36.7770241Z ##[group]Run actions/checkout@v4
Verify	Check out repository	2026-10-10T09:37:36.7770679Z with:
Verify	Check out repository	2026-10-10T09:37:36.7770939Z   repository: koniz-dev/react-native-starter
Verify	Check out repository	2026-10-10T09:37:36.7772902Z   token: ***
Verify	Check out repository	2026-10-10T09:37:36.7773140Z   ssh-strict: true
Verify	Check out repository	2026-10-10T09:37:36.7773378Z   ssh-user: git
Verify	Check out repository	2026-10-10T09:37:36.7773621Z   persist-credentials: true
Verify	Check out repository	2026-10-10T09:37:36.7773884Z   clean: true
Verify	Check out repository	2026-10-10T09:37:36.7774126Z   sparse-checkout-cone-mode: true
Verify	Check out repository	2026-10-10T09:37:36.7774403Z   fetch-depth: 1
Verify	Check out repository	2026-10-10T09:37:36.7774636Z   fetch-tags: false
Verify	Check out repository	2026-10-10T09:37:36.7774876Z   show-progress: true
Verify	Check out repository	2026-10-10T09:37:36.7775118Z   lfs: false
Verify	Check out repository	2026-10-10T09:37:36.7775340Z   submodules: false
Verify	Check out repository	2026-10-10T09:37:36.7775584Z   set-safe-directory: true
Verify	Check out repository	2026-10-10T09:37:36.7775858Z   allow-unsafe-pr-checkout: false
Verify	Check out repository	2026-10-10T09:37:36.7776200Z ##[endgroup]
Verify	Check out repository	2026-10-10T09:37:36.8425504Z Syncing repository: koniz-dev/react-native-starter
Verify	Check out repository	2026-10-10T09:37:36.8427079Z ##[group]Getting Git version info
Verify	Check out repository	2026-10-10T09:37:36.8427932Z Working directory is '/home/runner/work/react-native-starter/react-native-starter'
Verify	Check out repository	2026-10-10T09:37:36.8429035Z [command]/usr/bin/git version
Verify	Check out repository	2026-10-10T09:37:36.8514075Z git version 2.55.0
Verify	Check out repository	2026-10-10T09:37:36.8526669Z ##[endgroup]
Verify	Check out repository	2026-10-10T09:37:36.8537897Z Temporarily overriding HOME='/home/runner/work/_temp/461e7b7a-6952-48cb-95dd-8f2986a92253' before making global git config changes
Verify	Check out repository	2026-10-10T09:37:36.8539240Z Adding repository directory to the temporary git global config as a safe directory
Verify	Check out repository	2026-10-10T09:37:36.8541464Z [command]/usr/bin/git config --global --add safe.directory /home/runner/work/react-native-starter/react-native-starter
Verify	Check out repository	2026-10-10T09:37:36.8587719Z Deleting the contents of '/home/runner/work/react-native-starter/react-native-starter'
Verify	Check out repository	2026-10-10T09:37:36.8591540Z ##[group]Initializing the repository
Verify	Check out repository	2026-10-10T09:37:36.8594473Z [command]/usr/bin/git init /home/runner/work/react-native-starter/react-native-starter
Verify	Check out repository	2026-10-10T09:37:36.8686421Z hint: Using 'master' as the name for the initial branch. This default branch name
Verify	Check out repository	2026-10-10T09:37:36.8687906Z hint: will change to "main" in Git 3.0. To configure the initial branch name
Verify	Check out repository	2026-10-10T09:37:36.8688814Z hint: to use in all of your new repositories, which will suppress this warning,
Verify	Check out repository	2026-10-10T09:37:36.8690003Z hint: call:
Verify	Check out repository	2026-10-10T09:37:36.8690485Z hint:
Verify	Check out repository	2026-10-10T09:37:36.8691021Z hint: 	git config --global init.defaultBranch <name>
Verify	Check out repository	2026-10-10T09:37:36.8691633Z hint:
Verify	Check out repository	2026-10-10T09:37:36.8692229Z hint: Names commonly chosen instead of 'master' are 'main', 'trunk' and
Verify	Check out repository	2026-10-10T09:37:36.8693150Z hint: 'development'. The just-created branch can be renamed via this command:
Verify	Check out repository	2026-10-10T09:37:36.8693895Z hint:
Verify	Check out repository	2026-10-10T09:37:36.8694332Z hint: 	git branch -m <name>
Verify	Check out repository	2026-10-10T09:37:36.8694824Z hint:
Verify	Check out repository	2026-10-10T09:37:36.8695431Z hint: Disable this message with "git config set advice.defaultBranchName false"
Verify	Check out repository	2026-10-10T09:37:36.8696697Z Initialized empty Git repository in /home/runner/work/react-native-starter/react-native-starter/.git/
Verify	Check out repository	2026-10-10T09:37:36.8698702Z [command]/usr/bin/git remote add origin https://github.com/koniz-dev/react-native-starter
Verify	Check out repository	2026-10-10T09:37:36.8744429Z ##[endgroup]
Verify	Check out repository	2026-10-10T09:37:36.8745156Z ##[group]Disabling automatic garbage collection
Verify	Check out repository	2026-10-10T09:37:36.8748190Z [command]/usr/bin/git config --local gc.auto 0
Verify	Check out repository	2026-10-10T09:37:36.8775103Z ##[endgroup]
Verify	Check out repository	2026-10-10T09:37:36.8775752Z ##[group]Setting up auth
Verify	Check out repository	2026-10-10T09:37:36.8780572Z [command]/usr/bin/git config --local --name-only --get-regexp core\.sshCommand
Verify	Check out repository	2026-10-10T09:37:36.8809162Z [command]/usr/bin/git submodule foreach --recursive sh -c "git config --local --name-only --get-regexp 'core\.sshCommand' && git config --local --unset-all 'core.sshCommand' || :"
Verify	Check out repository	2026-10-10T09:37:36.9096361Z [command]/usr/bin/git config --local --name-only --get-regexp http\.https\:\/\/github\.com\/\.extraheader
Verify	Check out repository	2026-10-10T09:37:36.9125307Z [command]/usr/bin/git submodule foreach --recursive sh -c "git config --local --name-only --get-regexp 'http\.https\:\/\/github\.com\/\.extraheader' && git config --local --unset-all 'http.https://github.com/.extraheader' || :"
Verify	Check out repository	2026-10-10T09:37:36.9298296Z [command]/usr/bin/git config --local --name-only --get-regexp ^includeIf\.gitdir:
Verify	Check out repository	2026-10-10T09:37:36.9326253Z [command]/usr/bin/git submodule foreach --recursive git config --local --show-origin --name-only --get-regexp remote.origin.url
Verify	Check out repository	2026-10-10T09:37:36.9491419Z [command]/usr/bin/git config --local http.https://github.com/.extraheader AUTHORIZATION: basic ***
Verify	Check out repository	2026-10-10T09:37:36.9523888Z ##[endgroup]
Verify	Check out repository	2026-10-10T09:37:36.9524514Z ##[group]Fetching the repository
Verify	Check out repository	2026-10-10T09:37:36.9530075Z [command]/usr/bin/git -c protocol.version=2 fetch --no-tags --prune --no-recurse-submodules --depth=1 origin +ad2a8a8c1946ccdd428393414e5247f460b1db05:refs/remotes/origin/main
Verify	Check out repository	2026-10-10T09:37:37.3148723Z From https://github.com/koniz-dev/react-native-starter
Verify	Check out repository	2026-10-10T09:37:37.3149460Z  * [new ref]         ad2a8a8c1946ccdd428393414e5247f460b1db05 -> origin/main
Verify	Check out repository	2026-10-10T09:37:37.3151740Z ##[endgroup]
Verify	Check out repository	2026-10-10T09:37:37.3152455Z ##[group]Determining the checkout info
Verify	Check out repository	2026-10-10T09:37:37.3153765Z ##[endgroup]
Verify	Check out repository	2026-10-10T09:37:37.3157788Z [command]/usr/bin/git sparse-checkout disable
Verify	Check out repository	2026-10-10T09:37:37.3199713Z [command]/usr/bin/git config --local --unset-all extensions.worktreeConfig
Verify	Check out repository	2026-10-10T09:37:37.3224917Z ##[group]Checking out the ref
Verify	Check out repository	2026-10-10T09:37:37.3227378Z [command]/usr/bin/git checkout --progress --force -B main refs/remotes/origin/main
Verify	Check out repository	2026-10-10T09:37:37.3339384Z Switched to a new branch 'main'
Verify	Check out repository	2026-10-10T09:37:37.3343355Z branch 'main' set up to track 'origin/main'.
Verify	Check out repository	2026-10-10T09:37:37.3347257Z ##[endgroup]
Verify	Check out repository	2026-10-10T09:37:37.3378767Z [command]/usr/bin/git log -1 --format=%H
Verify	Check out repository	2026-10-10T09:37:37.3398935Z ad2a8a8c1946ccdd428393414e5247f460b1db05
Verify	Set up Node.js	﻿2026-10-10T09:37:37.3595431Z ##[group]Run actions/setup-node@v4
Verify	Set up Node.js	2026-10-10T09:37:37.3595780Z with:
Verify	Set up Node.js	2026-10-10T09:37:37.3596025Z   node-version-file: .nvmrc
Verify	Set up Node.js	2026-10-10T09:37:37.3596300Z   cache: npm
Verify	Set up Node.js	2026-10-10T09:37:37.3596536Z   always-auth: false
Verify	Set up Node.js	2026-10-10T09:37:37.3596792Z   check-latest: false
Verify	Set up Node.js	2026-10-10T09:37:37.3599078Z   token: ***
Verify	Set up Node.js	2026-10-10T09:37:37.3599326Z ##[endgroup]
Verify	Set up Node.js	2026-10-10T09:37:37.4453014Z Resolved .nvmrc as 24
Verify	Set up Node.js	2026-10-10T09:37:37.4489418Z Found in cache @ /opt/hostedtoolcache/node/24.21.0/x64
Verify	Set up Node.js	2026-10-10T09:37:37.4492813Z (node:2072) [DEP0040] DeprecationWarning: The `punycode` module is deprecated. Please use a userland alternative instead.
Verify	Set up Node.js	2026-10-10T09:37:37.4494071Z (Use `node --trace-deprecation ...` to show where the warning was created)
Verify	Set up Node.js	2026-10-10T09:37:37.4495419Z ##[group]Environment details
Verify	Set up Node.js	2026-10-10T09:37:37.7311296Z node: v24.21.0
Verify	Set up Node.js	2026-10-10T09:37:37.7311879Z npm: 11.19.0
Verify	Set up Node.js	2026-10-10T09:37:37.7312149Z yarn: 1.22.22
Verify	Set up Node.js	2026-10-10T09:37:37.7312954Z ##[endgroup]
Verify	Set up Node.js	2026-10-10T09:37:37.7322528Z [command]/opt/hostedtoolcache/node/24.21.0/x64/bin/npm config get cache
Verify	Set up Node.js	2026-10-10T09:37:37.8187008Z /home/runner/.npm
Verify	Set up Node.js	2026-10-10T09:37:38.0676506Z Cache hit for: node-cache-Linux-x64-npm-10f9dc59c99c82563481e37a50745bae137261a45ffc8c4ba105eb544b91396b
Verify	Set up Node.js	2026-10-10T09:37:38.0742327Z (node:2072) [DEP0169] DeprecationWarning: `url.parse()` behavior is not standardized and prone to errors that have security implications. Use the WHATWG URL API instead. CVEs are not issued for `url.parse()` vulnerabilities.
Verify	Set up Node.js	2026-10-10T09:37:39.3740156Z Received 4194304 of 156509062 (2.7%), 4.0 MBs/sec
Verify	Set up Node.js	2026-10-10T09:37:40.3788921Z Received 148120454 of 156509062 (94.6%), 70.6 MBs/sec
Verify	Set up Node.js	2026-10-10T09:37:40.6413599Z Received 156509062 of 156509062 (100.0%), 65.8 MBs/sec
Verify	Set up Node.js	2026-10-10T09:37:40.6414296Z Cache Size: ~149 MB (156509062 B)
Verify	Set up Node.js	2026-10-10T09:37:40.6434679Z [command]/usr/bin/tar -xf /home/runner/work/_temp/9e55f0e2-3160-405f-86ae-588d8ac0ebf2/cache.tzst -P -C /home/runner/work/react-native-starter/react-native-starter --use-compress-program unzstd
Verify	Set up Node.js	2026-10-10T09:37:40.9693027Z Cache restored successfully
Verify	Set up Node.js	2026-10-10T09:37:40.9761366Z Cache restored from key: node-cache-Linux-x64-npm-10f9dc59c99c82563481e37a50745bae137261a45ffc8c4ba105eb544b91396b
Verify	Install dependencies	﻿2026-10-10T09:37:40.9913981Z ##[group]Run npm ci
Verify	Install dependencies	2026-10-10T09:37:40.9914237Z ^[[36;1mnpm ci^[[0m
Verify	Install dependencies	2026-10-10T09:37:41.0211258Z shell: /usr/bin/bash -e {0}
Verify	Install dependencies	2026-10-10T09:37:41.0211512Z ##[endgroup]
Verify	Install dependencies	2026-10-10T09:37:43.6805871Z npm warn deprecated inflight@1.0.6: This module is not supported, and leaks memory. Do not use it. Check out lru-cache if you want a good and tested way to coalesce async requests by a key value, which is much more comprehensive and powerful.
Verify	Install dependencies	2026-10-10T09:37:43.7918722Z npm warn deprecated abab@2.0.6: Use your platform's native atob() and btoa() methods instead
Verify	Install dependencies	2026-10-10T09:37:43.8064684Z npm warn deprecated glob@7.2.3: Glob versions prior to v9 are no longer supported
Verify	Install dependencies	2026-10-10T09:37:43.8069982Z npm warn deprecated glob@7.2.3: Glob versions prior to v9 are no longer supported
Verify	Install dependencies	2026-10-10T09:37:43.8071398Z npm warn deprecated glob@7.2.3: Glob versions prior to v9 are no longer supported
Verify	Install dependencies	2026-10-10T09:37:43.8091553Z npm warn deprecated glob@7.2.3: Glob versions prior to v9 are no longer supported
Verify	Install dependencies	2026-10-10T09:37:43.9482374Z npm warn deprecated domexception@4.0.0: Use your platform's native DOMException instead
Verify	Install dependencies	2026-10-10T09:37:44.4017301Z npm warn deprecated uuid@7.0.3: uuid@10 and below is no longer supported.  For ESM codebases, update to uuid@latest.  For CommonJS codebases, use uuid@11 (but be aware this version will likely be deprecated in 2028).
Verify	Install dependencies	2026-10-10T09:37:50.8152200Z 
Verify	Install dependencies	2026-10-10T09:37:50.8153055Z added 1067 packages, and audited 1068 packages in 10s
Verify	Install dependencies	2026-10-10T09:37:50.8153367Z 
Verify	Install dependencies	2026-10-10T09:37:50.8153527Z 180 packages are looking for funding
Verify	Install dependencies	2026-10-10T09:37:50.8153826Z   run `npm fund` for details
Verify	Install dependencies	2026-10-10T09:37:50.9142802Z 
Verify	Install dependencies	2026-10-10T09:37:50.9143699Z 65 vulnerabilities (16 moderate, 49 high)
Verify	Install dependencies	2026-10-10T09:37:50.9143990Z 
Verify	Install dependencies	2026-10-10T09:37:50.9144252Z To address all issues (including breaking changes), run:
Verify	Install dependencies	2026-10-10T09:37:50.9144570Z   npm audit fix --force
Verify	Install dependencies	2026-10-10T09:37:50.9144763Z 
Verify	Install dependencies	2026-10-10T09:37:50.9144889Z Run `npm audit` for details.
Verify	Lint	﻿2026-10-10T09:37:51.0039398Z ##[group]Run npm run lint
Verify	Lint	2026-10-10T09:37:51.0039595Z ^[[36;1mnpm run lint^[[0m
Verify	Lint	2026-10-10T09:37:51.0093113Z shell: /usr/bin/bash -e {0}
Verify	Lint	2026-10-10T09:37:51.0093258Z ##[endgroup]
Verify	Lint	2026-10-10T09:37:51.0723472Z 
Verify	Lint	2026-10-10T09:37:51.0724589Z > react-native-starter@1.0.0 lint
Verify	Lint	2026-10-10T09:37:51.0725039Z > eslint . --max-warnings 0
Verify	Lint	2026-10-10T09:37:51.0725196Z 
Verify	Check formatting	﻿2026-10-10T09:37:55.5079275Z ##[group]Run npm run format:check
Verify	Check formatting	2026-10-10T09:37:55.5079471Z ^[[36;1mnpm run format:check^[[0m
Verify	Check formatting	2026-10-10T09:37:55.5129372Z shell: /usr/bin/bash -e {0}
Verify	Check formatting	2026-10-10T09:37:55.5129522Z ##[endgroup]
Verify	Check formatting	2026-10-10T09:37:55.5735148Z 
Verify	Check formatting	2026-10-10T09:37:55.5735860Z > react-native-starter@1.0.0 format:check
Verify	Check formatting	2026-10-10T09:37:55.5736273Z > prettier --check "**/*.{ts,tsx,js,jsx,json,md}"
Verify	Check formatting	2026-10-10T09:37:55.5736470Z 
Verify	Check formatting	2026-10-10T09:37:55.6272297Z Checking formatting...
Verify	Check formatting	2026-10-10T09:37:56.5186959Z All matched files use Prettier code style!
Verify	Type-check	﻿2026-10-10T09:37:56.5480587Z ##[group]Run npm run type-check
Verify	Type-check	2026-10-10T09:37:56.5480780Z ^[[36;1mnpm run type-check^[[0m
Verify	Type-check	2026-10-10T09:37:56.5532357Z shell: /usr/bin/bash -e {0}
Verify	Type-check	2026-10-10T09:37:56.5532536Z ##[endgroup]
Verify	Type-check	2026-10-10T09:37:56.6149173Z 
Verify	Type-check	2026-10-10T09:37:56.6149896Z > react-native-starter@1.0.0 type-check
Verify	Type-check	2026-10-10T09:37:56.6150270Z > tsc --noEmit
Verify	Type-check	2026-10-10T09:37:56.6150391Z 
Verify	Run Jest tests	﻿2026-10-10T09:37:58.3547416Z ##[group]Run npm run test:ci
Verify	Run Jest tests	2026-10-10T09:37:58.3549009Z ^[[36;1mnpm run test:ci^[[0m
Verify	Run Jest tests	2026-10-10T09:37:58.3613072Z shell: /usr/bin/bash -e {0}
Verify	Run Jest tests	2026-10-10T09:37:58.3613244Z ##[endgroup]
Verify	Run Jest tests	2026-10-10T09:37:58.4233311Z 
Verify	Run Jest tests	2026-10-10T09:37:58.4233990Z > react-native-starter@1.0.0 test:ci
Verify	Run Jest tests	2026-10-10T09:37:58.4234326Z > jest --coverage
Verify	Run Jest tests	2026-10-10T09:37:58.4234445Z 
Verify	Run Jest tests	2026-10-10T09:38:01.3664491Z PASS __tests__/shared/lib/logger.test.ts
Verify	Run Jest tests	2026-10-10T09:38:01.6223978Z PASS __tests__/shared/session/authService.test.ts
Verify	Run Jest tests	2026-10-10T09:38:01.7774006Z PASS __tests__/shared/config/env.test.ts
Verify	Run Jest tests	2026-10-10T09:38:02.7768511Z PASS __tests__/shared/lib/useFetch.test.tsx
Verify	Run Jest tests	2026-10-10T09:38:02.9734154Z PASS __tests__/shared/http/api.test.ts
Verify	Run Jest tests	2026-10-10T09:38:02.9899149Z   ● Console
Verify	Run Jest tests	2026-10-10T09:38:02.9908037Z 
Verify	Run Jest tests	2026-10-10T09:38:02.9924557Z     console.warn
Verify	Run Jest tests	2026-10-10T09:38:02.9951914Z       API request failed: server (503)
Verify	Run Jest tests	2026-10-10T09:38:02.9952712Z 
Verify	Run Jest tests	2026-10-10T09:38:02.9953765Z     ^[[0m ^[[90m 129 |^[[39m     ^[[36mconst^[[39m args ^[[33m=^[[39m [message^[[33m,^[[39m ^[[33m...^[[39mdetails^[[33m.^[[39mfilter(item ^[[33m=>^[[39m item ^[[33m!==^[[39m undefined)]^[[33m;^[[39m
Verify	Run Jest tests	2026-10-10T09:38:02.9954922Z      ^[[90m 130 |^[[39m     ^[[36mif^[[39m (level ^[[33m===^[[39m ^[[32m'error'^[[39m) console^[[33m.^[[39merror(^[[33m...^[[39margs)^[[33m;^[[39m
Verify	Run Jest tests	2026-10-10T09:38:02.9956047Z     ^[[31m^[[1m>^[[22m^[[39m^[[90m 131 |^[[39m     ^[[36melse^[[39m ^[[36mif^[[39m (level ^[[33m===^[[39m ^[[32m'warn'^[[39m) console^[[33m.^[[39mwarn(^[[33m...^[[39margs)^[[33m;^[[39m
Verify	Run Jest tests	2026-10-10T09:38:02.9956832Z      ^[[90m     |^[[39m                                        ^[[31m^[[1m^^[[22m^[[39m
Verify	Run Jest tests	2026-10-10T09:38:02.9957739Z      ^[[90m 132 |^[[39m     ^[[36melse^[[39m ^[[36mif^[[39m (level ^[[33m===^[[39m ^[[32m'info'^[[39m) console^[[33m.^[[39minfo(^[[33m...^[[39margs)^[[33m;^[[39m
Verify	Run Jest tests	2026-10-10T09:38:02.9988561Z      ^[[90m 133 |^[[39m     ^[[36melse^[[39m console^[[33m.^[[39mdebug(^[[33m...^[[39margs)^[[33m;^[[39m
Verify	Run Jest tests	2026-10-10T09:38:03.0018156Z      ^[[90m 134 |^[[39m   }^[[33m;^[[39m^[[0m
Verify	Run Jest tests	2026-10-10T09:38:03.0047835Z 
Verify	Run Jest tests	2026-10-10T09:38:03.0057046Z       at warn (shared/lib/logger.ts:131:40)
Verify	Run Jest tests	2026-10-10T09:38:03.0078121Z       at Object.write [as warn] (shared/lib/logger.ts:142:33)
Verify	Run Jest tests	2026-10-10T09:38:03.0107927Z       at warn (shared/http/httpClient.ts:139:12)
Verify	Run Jest tests	2026-10-10T09:38:03.0138069Z       at asyncGeneratorStep (node_modules/@babel/runtime/helpers/asyncToGenerator.js:3:17)
Verify	Run Jest tests	2026-10-10T09:38:03.0138803Z       at _next (node_modules/@babel/runtime/helpers/asyncToGenerator.js:17:9)
Verify	Run Jest tests	2026-10-10T09:38:03.0168118Z       at node_modules/@babel/runtime/helpers/asyncToGenerator.js:22:7
Verify	Run Jest tests	2026-10-10T09:38:03.0188224Z       at node_modules/@babel/runtime/helpers/asyncToGenerator.js:14:12
Verify	Run Jest tests	2026-10-10T09:38:03.0215187Z       at apply (shared/http/httpClient.ts:145:4)
Verify	Run Jest tests	2026-10-10T09:38:03.0229750Z       at Axios.request (node_modules/axios/dist/browser/axios.cjs:5245:14)
Verify	Run Jest tests	2026-10-10T09:38:03.0257875Z 
Verify	Run Jest tests	2026-10-10T09:38:09.3049354Z PASS __tests__/shared/http/httpClient.test.ts (9.98 s)
Verify	Run Jest tests	2026-10-10T09:38:11.0576313Z PASS __tests__/shared/ui/ErrorBoundary.test.tsx (11.714 s)
Verify	Run Jest tests	2026-10-10T09:38:11.0720637Z   ● Console
Verify	Run Jest tests	2026-10-10T09:38:11.0721224Z 
Verify	Run Jest tests	2026-10-10T09:38:11.0721713Z     console.debug
Verify	Run Jest tests	2026-10-10T09:38:11.0732737Z       [analytics] screen /boom
Verify	Run Jest tests	2026-10-10T09:38:11.0733202Z 
Verify	Run Jest tests	2026-10-10T09:38:11.0733543Z       at debug (shared/lib/logger.ts:133:18)
Verify	Run Jest tests	2026-10-10T09:38:11.0733987Z 
Verify	Run Jest tests	2026-10-10T09:38:11.0734217Z     console.debug
Verify	Run Jest tests	2026-10-10T09:38:11.0734826Z       [analytics] screen /
Verify	Run Jest tests	2026-10-10T09:38:11.0749606Z 
Verify	Run Jest tests	2026-10-10T09:38:11.0751142Z       at debug (shared/lib/logger.ts:133:18)
Verify	Run Jest tests	2026-10-10T09:38:11.0751576Z 
Verify	Run Jest tests	2026-10-10T09:38:11.0751808Z     console.debug
Verify	Run Jest tests	2026-10-10T09:38:11.0752709Z       [analytics] screen /
Verify	Run Jest tests	2026-10-10T09:38:11.0753044Z 
Verify	Run Jest tests	2026-10-10T09:38:11.0753313Z       at debug (shared/lib/logger.ts:133:18)
Verify	Run Jest tests	2026-10-10T09:38:11.0753667Z 
Verify	Run Jest tests	2026-10-10T09:38:11.0753928Z     console.debug
Verify	Run Jest tests	2026-10-10T09:38:11.0754331Z       [analytics] screen /boom
Verify	Run Jest tests	2026-10-10T09:38:11.0754649Z 
Verify	Run Jest tests	2026-10-10T09:38:11.0754903Z       at debug (shared/lib/logger.ts:133:18)
Verify	Run Jest tests	2026-10-10T09:38:11.0755251Z 
Verify	Run Jest tests	2026-10-10T09:38:11.0756085Z     console.debug
Verify	Run Jest tests	2026-10-10T09:38:11.0756464Z       [analytics] screen /
Verify	Run Jest tests	2026-10-10T09:38:11.0756764Z 
Verify	Run Jest tests	2026-10-10T09:38:11.0757019Z       at debug (shared/lib/logger.ts:133:18)
Verify	Run Jest tests	2026-10-10T09:38:11.0757365Z 
Verify	Run Jest tests	2026-10-10T09:38:11.0757738Z     console.debug
Verify	Run Jest tests	2026-10-10T09:38:11.0758115Z       [analytics] screen /
Verify	Run Jest tests	2026-10-10T09:38:11.0758431Z 
Verify	Run Jest tests	2026-10-10T09:38:11.0758823Z       at debug (shared/lib/logger.ts:133:18)
Verify	Run Jest tests	2026-10-10T09:38:11.0759217Z 
Verify	Run Jest tests	2026-10-10T09:38:11.0772240Z     console.debug
Verify	Run Jest tests	2026-10-10T09:38:11.0772718Z       [analytics] screen /boom
Verify	Run Jest tests	2026-10-10T09:38:11.0773059Z 
Verify	Run Jest tests	2026-10-10T09:38:11.0773326Z       at debug (shared/lib/logger.ts:133:18)
Verify	Run Jest tests	2026-10-10T09:38:11.0773683Z 
Verify	Run Jest tests	2026-10-10T09:38:11.0773898Z     console.debug
Verify	Run Jest tests	2026-10-10T09:38:11.0774295Z       [analytics] screen /
Verify	Run Jest tests	2026-10-10T09:38:11.0774618Z 
Verify	Run Jest tests	2026-10-10T09:38:11.0774879Z       at debug (shared/lib/logger.ts:133:18)
Verify	Run Jest tests	2026-10-10T09:38:11.0775234Z 
Verify	Run Jest tests	2026-10-10T09:38:11.0775452Z     console.debug
Verify	Run Jest tests	2026-10-10T09:38:11.0775847Z       [analytics] screen /boom
Verify	Run Jest tests	2026-10-10T09:38:11.0776249Z 
Verify	Run Jest tests	2026-10-10T09:38:11.0776508Z       at debug (shared/lib/logger.ts:133:18)
Verify	Run Jest tests	2026-10-10T09:38:11.0776861Z 
Verify	Run Jest tests	2026-10-10T09:38:11.0777077Z     console.debug
Verify	Run Jest tests	2026-10-10T09:38:11.0777451Z       [analytics] screen /
Verify	Run Jest tests	2026-10-10T09:38:11.0777899Z 
Verify	Run Jest tests	2026-10-10T09:38:11.0778151Z       at debug (shared/lib/logger.ts:133:18)
Verify	Run Jest tests	2026-10-10T09:38:11.0778490Z 
Verify	Run Jest tests	2026-10-10T09:38:11.0778702Z     console.debug
Verify	Run Jest tests	2026-10-10T09:38:11.0779090Z       [analytics] screen /boom
Verify	Run Jest tests	2026-10-10T09:38:11.0779408Z 
Verify	Run Jest tests	2026-10-10T09:38:11.0779661Z       at debug (shared/lib/logger.ts:133:18)
Verify	Run Jest tests	2026-10-10T09:38:11.0780003Z 
Verify	Run Jest tests	2026-10-10T09:38:11.5228821Z PASS __tests__/shared/session/tokenStore.test.tsx (8.52 s)
Verify	Run Jest tests	2026-10-10T09:38:11.5308744Z   ● Console
Verify	Run Jest tests	2026-10-10T09:38:11.5350530Z 
Verify	Run Jest tests	2026-10-10T09:38:11.5378679Z     console.debug
Verify	Run Jest tests	2026-10-10T09:38:11.5379046Z       [analytics] screen /login
Verify	Run Jest tests	2026-10-10T09:38:11.5379202Z 
Verify	Run Jest tests	2026-10-10T09:38:11.5379351Z       at debug (shared/lib/logger.ts:133:18)
Verify	Run Jest tests	2026-10-10T09:38:11.5379565Z 
Verify	Run Jest tests	2026-10-10T09:38:11.5379644Z     console.debug
Verify	Run Jest tests	2026-10-10T09:38:11.5379826Z       [analytics] screen /
Verify	Run Jest tests	2026-10-10T09:38:11.5379953Z 
Verify	Run Jest tests	2026-10-10T09:38:11.5380050Z       at debug (shared/lib/logger.ts:133:18)
Verify	Run Jest tests	2026-10-10T09:38:11.5380153Z 
Verify	Run Jest tests	2026-10-10T09:38:11.5380201Z     console.debug
Verify	Run Jest tests	2026-10-10T09:38:11.5380328Z       [analytics] screen /login
Verify	Run Jest tests	2026-10-10T09:38:11.5380415Z 
Verify	Run Jest tests	2026-10-10T09:38:11.5380485Z       at debug (shared/lib/logger.ts:133:18)
Verify	Run Jest tests	2026-10-10T09:38:11.5380583Z 
Verify	Run Jest tests	2026-10-10T09:38:11.5380632Z     console.debug
Verify	Run Jest tests	2026-10-10T09:38:11.5380746Z       [analytics] screen /
Verify	Run Jest tests	2026-10-10T09:38:11.5380829Z 
Verify	Run Jest tests	2026-10-10T09:38:11.5380899Z       at debug (shared/lib/logger.ts:133:18)
Verify	Run Jest tests	2026-10-10T09:38:11.5380996Z 
Verify	Run Jest tests	2026-10-10T09:38:11.5381044Z     console.debug
Verify	Run Jest tests	2026-10-10T09:38:11.5381534Z       [analytics] screen /
Verify	Run Jest tests	2026-10-10T09:38:11.5381614Z 
Verify	Run Jest tests	2026-10-10T09:38:11.5381685Z       at debug (shared/lib/logger.ts:133:18)
Verify	Run Jest tests	2026-10-10T09:38:11.5381780Z 
Verify	Run Jest tests	2026-10-10T09:38:11.6078779Z PASS __tests__/features/auth/LoginScreen.test.tsx
Verify	Run Jest tests	2026-10-10T09:38:11.6229586Z   ● Console
Verify	Run Jest tests	2026-10-10T09:38:11.6230239Z 
Verify	Run Jest tests	2026-10-10T09:38:11.6230512Z     console.error
Verify	Run Jest tests	2026-10-10T09:38:11.6231072Z       An update to SessionProvider inside a test was not wrapped in act(...).
Verify	Run Jest tests	2026-10-10T09:38:11.6231533Z       
Verify	Run Jest tests	2026-10-10T09:38:11.6231997Z       When testing, code that causes React state updates should be wrapped into act(...):
Verify	Run Jest tests	2026-10-10T09:38:11.6232477Z       
Verify	Run Jest tests	2026-10-10T09:38:11.6232755Z       act(() => {
Verify	Run Jest tests	2026-10-10T09:38:11.6233093Z         /* fire events that update state */
Verify	Run Jest tests	2026-10-10T09:38:11.6233449Z       });
Verify	Run Jest tests	2026-10-10T09:38:11.6233763Z       /* assert on the output */
Verify	Run Jest tests	2026-10-10T09:38:11.6234104Z       
Verify	Run Jest tests	2026-10-10T09:38:11.6234745Z       This ensures that you're testing the behavior the user would see in the browser. Learn more at https://react.dev/link/wrap-tests-with-act
Verify	Run Jest tests	2026-10-10T09:38:11.6235341Z 
Verify	Run Jest tests	2026-10-10T09:38:11.6235814Z     ^[[0m ^[[90m 86 |^[[39m     readStoredSession()^[[33m.^[[39mthen(restored ^[[33m=>^[[39m {
Verify	Run Jest tests	2026-10-10T09:38:11.6237157Z      ^[[90m 87 |^[[39m       ^[[36mif^[[39m (^[[33m!^[[39mchangedRef^[[33m.^[[39mcurrent ^[[33m&&^[[39m isMountedRef^[[33m.^[[39mcurrent) {
Verify	Run Jest tests	2026-10-10T09:38:11.6238072Z     ^[[31m^[[1m>^[[22m^[[39m^[[90m 88 |^[[39m         setSession(restored)^[[33m;^[[39m
Verify	Run Jest tests	2026-10-10T09:38:11.6238587Z      ^[[90m    |^[[39m         ^[[31m^[[1m^^[[22m^[[39m
Verify	Run Jest tests	2026-10-10T09:38:11.6238993Z      ^[[90m 89 |^[[39m       }
Verify	Run Jest tests	2026-10-10T09:38:11.6239388Z      ^[[90m 90 |^[[39m     })^[[33m;^[[39m
Verify	Run Jest tests	2026-10-10T09:38:11.6239957Z      ^[[90m 91 |^[[39m     ^[[90m// The HTTP client has already cleared the stored session.^[[39m^[[0m
Verify	Run Jest tests	2026-10-10T09:38:11.6240365Z 
Verify	Run Jest tests	2026-10-10T09:38:11.6240763Z       at node_modules/react-test-renderer/cjs/react-test-renderer.development.js:14402:19
Verify	Run Jest tests	2026-10-10T09:38:11.6241514Z       at runWithFiberInDEV (node_modules/react-test-renderer/cjs/react-test-renderer.development.js:2315:13)
Verify	Run Jest tests	2026-10-10T09:38:11.6242403Z       at warnIfUpdatesNotWrappedWithActDEV (node_modules/react-test-renderer/cjs/react-test-renderer.development.js:14401:9)
Verify	Run Jest tests	2026-10-10T09:38:11.6243332Z       at scheduleUpdateOnFiber (node_modules/react-test-renderer/cjs/react-test-renderer.development.js:12086:9)
Verify	Run Jest tests	2026-10-10T09:38:11.6268462Z       at dispatchSetStateInternal (node_modules/react-test-renderer/cjs/react-test-renderer.development.js:6208:13)
Verify	Run Jest tests	2026-10-10T09:38:11.6298719Z       at dispatchSetState (node_modules/react-test-renderer/cjs/react-test-renderer.development.js:6165:7)
Verify	Run Jest tests	2026-10-10T09:38:11.6299432Z       at setSession (shared/session/SessionProvider.tsx:88:9)
Verify	Run Jest tests	2026-10-10T09:38:11.6299774Z 
Verify	Run Jest tests	2026-10-10T09:38:11.6299973Z     console.error
Verify	Run Jest tests	2026-10-10T09:38:11.6300413Z       An update to SessionProvider inside a test was not wrapped in act(...).
Verify	Run Jest tests	2026-10-10T09:38:11.6300852Z       
Verify	Run Jest tests	2026-10-10T09:38:11.6301312Z       When testing, code that causes React state updates should be wrapped into act(...):
Verify	Run Jest tests	2026-10-10T09:38:11.6301824Z       
Verify	Run Jest tests	2026-10-10T09:38:11.6302304Z       act(() => {
Verify	Run Jest tests	2026-10-10T09:38:11.6302642Z         /* fire events that update state */
Verify	Run Jest tests	2026-10-10T09:38:11.6303006Z       });
Verify	Run Jest tests	2026-10-10T09:38:11.6303327Z       /* assert on the output */
Verify	Run Jest tests	2026-10-10T09:38:11.6303637Z       
Verify	Run Jest tests	2026-10-10T09:38:11.6304273Z       This ensures that you're testing the behavior the user would see in the browser. Learn more at https://react.dev/link/wrap-tests-with-act
Verify	Run Jest tests	2026-10-10T09:38:11.6304818Z 
Verify	Run Jest tests	2026-10-10T09:38:11.6305404Z     ^[[0m ^[[90m 86 |^[[39m     readStoredSession()^[[33m.^[[39mthen(restored ^[[33m=>^[[39m {
Verify	Run Jest tests	2026-10-10T09:38:11.6306286Z      ^[[90m 87 |^[[39m       ^[[36mif^[[39m (^[[33m!^[[39mchangedRef^[[33m.^[[39mcurrent ^[[33m&&^[[39m isMountedRef^[[33m.^[[39mcurrent) {
Verify	Run Jest tests	2026-10-10T09:38:11.6307000Z     ^[[31m^[[1m>^[[22m^[[39m^[[90m 88 |^[[39m         setSession(restored)^[[33m;^[[39m
Verify	Run Jest tests	2026-10-10T09:38:11.6307496Z      ^[[90m    |^[[39m         ^[[31m^[[1m^^[[22m^[[39m
Verify	Run Jest tests	2026-10-10T09:38:11.6308484Z      ^[[90m 89 |^[[39m       }
Verify	Run Jest tests	2026-10-10T09:38:11.6308885Z      ^[[90m 90 |^[[39m     })^[[33m;^[[39m
Verify	Run Jest tests	2026-10-10T09:38:11.6330583Z      ^[[90m 91 |^[[39m     ^[[90m// The HTTP client has already cleared the stored session.^[[39m^[[0m
Verify	Run Jest tests	2026-10-10T09:38:11.6331056Z 
Verify	Run Jest tests	2026-10-10T09:38:11.6331462Z       at node_modules/react-test-renderer/cjs/react-test-renderer.development.js:14402:19
Verify	Run Jest tests	2026-10-10T09:38:11.6332242Z       at runWithFiberInDEV (node_modules/react-test-renderer/cjs/react-test-renderer.development.js:2315:13)
Verify	Run Jest tests	2026-10-10T09:38:11.6333161Z       at warnIfUpdatesNotWrappedWithActDEV (node_modules/react-test-renderer/cjs/react-test-renderer.development.js:14401:9)
Verify	Run Jest tests	2026-10-10T09:38:11.6334049Z       at scheduleUpdateOnFiber (node_modules/react-test-renderer/cjs/react-test-renderer.development.js:12086:9)
Verify	Run Jest tests	2026-10-10T09:38:11.6334716Z       at dispatchSetStateInternal (node_modules/react-test-renderer/cjs/react-test-renderer.development.js:6208:13)
Verify	Run Jest tests	2026-10-10T09:38:11.6335259Z       at dispatchSetState (node_modules/react-test-renderer/cjs/react-test-renderer.development.js:6165:7)
Verify	Run Jest tests	2026-10-10T09:38:11.6335682Z       at setSession (shared/session/SessionProvider.tsx:88:9)
Verify	Run Jest tests	2026-10-10T09:38:11.6335921Z 
Verify	Run Jest tests	2026-10-10T09:38:11.8063868Z PASS __tests__/shared/integrations/seams.test.ts
Verify	Run Jest tests	2026-10-10T09:38:12.0395370Z PASS __tests__/app/sessionRoutes.test.tsx
Verify	Run Jest tests	2026-10-10T09:38:12.0578195Z   ● Console
Verify	Run Jest tests	2026-10-10T09:38:12.0578777Z 
Verify	Run Jest tests	2026-10-10T09:38:12.0579028Z     console.debug
Verify	Run Jest tests	2026-10-10T09:38:12.0579557Z       [analytics] screen /profile
Verify	Run Jest tests	2026-10-10T09:38:12.0579776Z 
Verify	Run Jest tests	2026-10-10T09:38:12.0579918Z       at debug (shared/lib/logger.ts:133:18)
Verify	Run Jest tests	2026-10-10T09:38:12.0580100Z 
Verify	Run Jest tests	2026-10-10T09:38:12.0580183Z     console.debug
Verify	Run Jest tests	2026-10-10T09:38:12.0580403Z       [analytics] screen /profile
Verify	Run Jest tests	2026-10-10T09:38:12.0580551Z 
Verify	Run Jest tests	2026-10-10T09:38:12.0580672Z       at debug (shared/lib/logger.ts:133:18)
Verify	Run Jest tests	2026-10-10T09:38:12.0580846Z 
Verify	Run Jest tests	2026-10-10T09:38:12.0580929Z     console.debug
Verify	Run Jest tests	2026-10-10T09:38:12.0581128Z       [analytics] screen /
Verify	Run Jest tests	2026-10-10T09:38:12.0581313Z 
Verify	Run Jest tests	2026-10-10T09:38:12.0581437Z       at debug (shared/lib/logger.ts:133:18)
Verify	Run Jest tests	2026-10-10T09:38:12.0581602Z 
Verify	Run Jest tests	2026-10-10T09:38:12.0581680Z     console.debug
Verify	Run Jest tests	2026-10-10T09:38:12.0581893Z       [analytics] screen /login
Verify	Run Jest tests	2026-10-10T09:38:12.0582051Z 
Verify	Run Jest tests	2026-10-10T09:38:12.0582167Z       at debug (shared/lib/logger.ts:133:18)
Verify	Run Jest tests	2026-10-10T09:38:12.0582333Z 
Verify	Run Jest tests	2026-10-10T09:38:12.0582411Z     console.debug
Verify	Run Jest tests	2026-10-10T09:38:12.0582603Z       [analytics] screen /
Verify	Run Jest tests	2026-10-10T09:38:12.0582733Z 
Verify	Run Jest tests	2026-10-10T09:38:12.0582850Z       at debug (shared/lib/logger.ts:133:18)
Verify	Run Jest tests	2026-10-10T09:38:12.0583013Z 
Verify	Run Jest tests	2026-10-10T09:38:12.0583092Z     console.debug
Verify	Run Jest tests	2026-10-10T09:38:12.0583305Z       [analytics] screen /login
Verify	Run Jest tests	2026-10-10T09:38:12.0583453Z 
Verify	Run Jest tests	2026-10-10T09:38:12.0583569Z       at debug (shared/lib/logger.ts:133:18)
Verify	Run Jest tests	2026-10-10T09:38:12.0583731Z 
Verify	Run Jest tests	2026-10-10T09:38:12.0583812Z     console.debug
Verify	Run Jest tests	2026-10-10T09:38:12.0584001Z       [analytics] screen /
Verify	Run Jest tests	2026-10-10T09:38:12.0584130Z 
Verify	Run Jest tests	2026-10-10T09:38:12.0584276Z       at debug (shared/lib/logger.ts:133:18)
Verify	Run Jest tests	2026-10-10T09:38:12.0584448Z 
Verify	Run Jest tests	2026-10-10T09:38:12.0584522Z     console.debug
Verify	Run Jest tests	2026-10-10T09:38:12.0584737Z       [analytics] screen /profile
Verify	Run Jest tests	2026-10-10T09:38:12.0584884Z 
Verify	Run Jest tests	2026-10-10T09:38:12.0585006Z       at debug (shared/lib/logger.ts:133:18)
Verify	Run Jest tests	2026-10-10T09:38:12.0585169Z 
Verify	Run Jest tests	2026-10-10T09:38:12.0585246Z     console.debug
Verify	Run Jest tests	2026-10-10T09:38:12.0585438Z       [analytics] screen /
Verify	Run Jest tests	2026-10-10T09:38:12.0585567Z 
Verify	Run Jest tests	2026-10-10T09:38:12.0585683Z       at debug (shared/lib/logger.ts:133:18)
Verify	Run Jest tests	2026-10-10T09:38:12.0585845Z 
Verify	Run Jest tests	2026-10-10T09:38:12.0585920Z     console.debug
Verify	Run Jest tests	2026-10-10T09:38:12.0586138Z       [analytics] screen /profile
Verify	Run Jest tests	2026-10-10T09:38:12.0586290Z 
Verify	Run Jest tests	2026-10-10T09:38:12.0586408Z       at debug (shared/lib/logger.ts:133:18)
Verify	Run Jest tests	2026-10-10T09:38:12.0586577Z 
Verify	Run Jest tests	2026-10-10T09:38:12.0586652Z     console.debug
Verify	Run Jest tests	2026-10-10T09:38:12.0586837Z       [analytics] screen /
Verify	Run Jest tests	2026-10-10T09:38:12.0586960Z 
Verify	Run Jest tests	2026-10-10T09:38:12.0587080Z       at debug (shared/lib/logger.ts:133:18)
Verify	Run Jest tests	2026-10-10T09:38:12.0587682Z 
Verify	Run Jest tests	2026-10-10T09:38:12.0587756Z     console.debug
Verify	Run Jest tests	2026-10-10T09:38:12.0587973Z       [analytics] screen /profile
Verify	Run Jest tests	2026-10-10T09:38:12.0588112Z 
Verify	Run Jest tests	2026-10-10T09:38:12.0588231Z       at debug (shared/lib/logger.ts:133:18)
Verify	Run Jest tests	2026-10-10T09:38:12.0588403Z 
Verify	Run Jest tests	2026-10-10T09:38:12.0588477Z     console.debug
Verify	Run Jest tests	2026-10-10T09:38:12.0588666Z       [analytics] screen /
Verify	Run Jest tests	2026-10-10T09:38:12.0588797Z 
Verify	Run Jest tests	2026-10-10T09:38:12.0588918Z       at debug (shared/lib/logger.ts:133:18)
Verify	Run Jest tests	2026-10-10T09:38:12.0589088Z 
Verify	Run Jest tests	2026-10-10T09:38:12.0589168Z     console.debug
Verify	Run Jest tests	2026-10-10T09:38:12.0589377Z       [analytics] screen /profile
Verify	Run Jest tests	2026-10-10T09:38:12.0589523Z 
Verify	Run Jest tests	2026-10-10T09:38:12.0589636Z       at debug (shared/lib/logger.ts:133:18)
Verify	Run Jest tests	2026-10-10T09:38:12.0589802Z 
Verify	Run Jest tests	2026-10-10T09:38:12.0589881Z     console.debug
Verify	Run Jest tests	2026-10-10T09:38:12.0590064Z       [analytics] screen /
Verify	Run Jest tests	2026-10-10T09:38:12.0590198Z 
Verify	Run Jest tests	2026-10-10T09:38:12.0590318Z       at debug (shared/lib/logger.ts:133:18)
Verify	Run Jest tests	2026-10-10T09:38:12.0590490Z 
Verify	Run Jest tests	2026-10-10T09:38:12.0590572Z     console.debug
Verify	Run Jest tests	2026-10-10T09:38:12.0590768Z       [analytics] screen /
Verify	Run Jest tests	2026-10-10T09:38:12.0590897Z 
Verify	Run Jest tests	2026-10-10T09:38:12.0591015Z       at debug (shared/lib/logger.ts:133:18)
Verify	Run Jest tests	2026-10-10T09:38:12.0591184Z 
Verify	Run Jest tests	2026-10-10T09:38:12.0591260Z     console.debug
Verify	Run Jest tests	2026-10-10T09:38:12.0591629Z       [analytics] screen /profile
Verify	Run Jest tests	2026-10-10T09:38:12.0591779Z 
Verify	Run Jest tests	2026-10-10T09:38:12.0591890Z       at debug (shared/lib/logger.ts:133:18)
Verify	Run Jest tests	2026-10-10T09:38:12.0592059Z 
Verify	Run Jest tests	2026-10-10T09:38:12.0592137Z     console.debug
Verify	Run Jest tests	2026-10-10T09:38:12.0592323Z       [analytics] screen /
Verify	Run Jest tests	2026-10-10T09:38:12.0592450Z 
Verify	Run Jest tests	2026-10-10T09:38:12.0592565Z       at debug (shared/lib/logger.ts:133:18)
Verify	Run Jest tests	2026-10-10T09:38:12.0592735Z 
Verify	Run Jest tests	2026-10-10T09:38:12.0592814Z     console.debug
Verify	Run Jest tests	2026-10-10T09:38:12.0593028Z       [analytics] screen /profile
Verify	Run Jest tests	2026-10-10T09:38:12.0593178Z 
Verify	Run Jest tests	2026-10-10T09:38:12.0593291Z       at debug (shared/lib/logger.ts:133:18)
Verify	Run Jest tests	2026-10-10T09:38:12.0593456Z 
Verify	Run Jest tests	2026-10-10T09:38:12.1427230Z PASS __tests__/app/appConfig.test.ts
Verify	Run Jest tests	2026-10-10T09:38:12.2032841Z PASS __tests__/shared/storage/storage.test.ts
Verify	Run Jest tests	2026-10-10T09:38:12.2689145Z PASS __tests__/features/demo-auth/dummyJsonAdapter.test.ts
Verify	Run Jest tests	2026-10-10T09:38:12.2861750Z PASS __tests__/features/home/HomeScreen.test.tsx
Verify	Run Jest tests	2026-10-10T09:38:12.3458982Z PASS __tests__/features/demo-todos/TodosScreen.test.tsx
Verify	Run Jest tests	2026-10-10T09:38:12.3483225Z   ● Console
Verify	Run Jest tests	2026-10-10T09:38:12.3483724Z 
Verify	Run Jest tests	2026-10-10T09:38:12.3484029Z     console.warn
Verify	Run Jest tests	2026-10-10T09:38:12.3484425Z       API GET /todos failed: server (503)
Verify	Run Jest tests	2026-10-10T09:38:12.3484756Z 
Verify	Run Jest tests	2026-10-10T09:38:12.3485523Z     ^[[0m ^[[90m 129 |^[[39m     ^[[36mconst^[[39m args ^[[33m=^[[39m [message^[[33m,^[[39m ^[[33m...^[[39mdetails^[[33m.^[[39mfilter(item ^[[33m=>^[[39m item ^[[33m!==^[[39m undefined)]^[[33m;^[[39m
Verify	Run Jest tests	2026-10-10T09:38:12.3486574Z      ^[[90m 130 |^[[39m     ^[[36mif^[[39m (level ^[[33m===^[[39m ^[[32m'error'^[[39m) console^[[33m.^[[39merror(^[[33m...^[[39margs)^[[33m;^[[39m
Verify	Run Jest tests	2026-10-10T09:38:12.3487755Z     ^[[31m^[[1m>^[[22m^[[39m^[[90m 131 |^[[39m     ^[[36melse^[[39m ^[[36mif^[[39m (level ^[[33m===^[[39m ^[[32m'warn'^[[39m) console^[[33m.^[[39mwarn(^[[33m...^[[39margs)^[[33m;^[[39m
Verify	Run Jest tests	2026-10-10T09:38:12.3488611Z      ^[[90m     |^[[39m                                        ^[[31m^[[1m^^[[22m^[[39m
Verify	Run Jest tests	2026-10-10T09:38:12.3489419Z      ^[[90m 132 |^[[39m     ^[[36melse^[[39m ^[[36mif^[[39m (level ^[[33m===^[[39m ^[[32m'info'^[[39m) console^[[33m.^[[39minfo(^[[33m...^[[39margs)^[[33m;^[[39m
Verify	Run Jest tests	2026-10-10T09:38:12.3490221Z      ^[[90m 133 |^[[39m     ^[[36melse^[[39m console^[[33m.^[[39mdebug(^[[33m...^[[39margs)^[[33m;^[[39m
Verify	Run Jest tests	2026-10-10T09:38:12.3490778Z      ^[[90m 134 |^[[39m   }^[[33m;^[[39m^[[0m
Verify	Run Jest tests	2026-10-10T09:38:12.3491080Z 
Verify	Run Jest tests	2026-10-10T09:38:12.3491341Z       at warn (shared/lib/logger.ts:131:40)
Verify	Run Jest tests	2026-10-10T09:38:12.3491791Z       at Object.write [as warn] (shared/lib/logger.ts:142:33)
Verify	Run Jest tests	2026-10-10T09:38:12.3492275Z       at warn (shared/http/httpClient.ts:139:12)
Verify	Run Jest tests	2026-10-10T09:38:12.3492976Z       at asyncGeneratorStep (node_modules/@babel/runtime/helpers/asyncToGenerator.js:3:17)
Verify	Run Jest tests	2026-10-10T09:38:12.3495145Z       at _next (node_modules/@babel/runtime/helpers/asyncToGenerator.js:17:9)
Verify	Run Jest tests	2026-10-10T09:38:12.3496194Z       at node_modules/@babel/runtime/helpers/asyncToGenerator.js:22:7
Verify	Run Jest tests	2026-10-10T09:38:12.3496773Z       at node_modules/@babel/runtime/helpers/asyncToGenerator.js:14:12
Verify	Run Jest tests	2026-10-10T09:38:12.3497291Z       at apply (shared/http/httpClient.ts:145:4)
Verify	Run Jest tests	2026-10-10T09:38:12.3497921Z       at Axios.request (node_modules/axios/dist/browser/axios.cjs:5245:14)
Verify	Run Jest tests	2026-10-10T09:38:12.3498288Z 
Verify	Run Jest tests	2026-10-10T09:38:12.5759389Z PASS __tests__/shared/ui/theme.test.ts
Verify	Run Jest tests	2026-10-10T09:38:12.8078888Z PASS __tests__/shared/integrations/i18n.test.tsx
Verify	Run Jest tests	2026-10-10T09:38:12.8082745Z   ● Console
Verify	Run Jest tests	2026-10-10T09:38:12.8083301Z 
Verify	Run Jest tests	2026-10-10T09:38:12.8083540Z     console.debug
Verify	Run Jest tests	2026-10-10T09:38:12.8083896Z       [analytics] screen /
Verify	Run Jest tests	2026-10-10T09:38:12.8084179Z 
Verify	Run Jest tests	2026-10-10T09:38:12.8084453Z       at debug (shared/lib/logger.ts:133:18)
Verify	Run Jest tests	2026-10-10T09:38:12.8084775Z 
Verify	Run Jest tests	2026-10-10T09:38:12.8084989Z     console.debug
Verify	Run Jest tests	2026-10-10T09:38:12.8085338Z       [analytics] screen /login
Verify	Run Jest tests	2026-10-10T09:38:12.8085615Z 
Verify	Run Jest tests	2026-10-10T09:38:12.8085909Z       at debug (shared/lib/logger.ts:133:18)
Verify	Run Jest tests	2026-10-10T09:38:12.8086216Z 
Verify	Run Jest tests	2026-10-10T09:38:12.8425653Z PASS __tests__/app/tabBarTheme.test.tsx
Verify	Run Jest tests	2026-10-10T09:38:12.8478679Z   ● Console
Verify	Run Jest tests	2026-10-10T09:38:12.8479235Z 
Verify	Run Jest tests	2026-10-10T09:38:12.8488435Z     console.debug
Verify	Run Jest tests	2026-10-10T09:38:12.8488874Z       [analytics] screen /
Verify	Run Jest tests	2026-10-10T09:38:12.8489234Z 
Verify	Run Jest tests	2026-10-10T09:38:12.8489499Z       at debug (shared/lib/logger.ts:133:18)
Verify	Run Jest tests	2026-10-10T09:38:12.8489810Z 
Verify	Run Jest tests	2026-10-10T09:38:12.8490009Z     console.debug
Verify	Run Jest tests	2026-10-10T09:38:12.8490308Z       [analytics] screen /
Verify	Run Jest tests	2026-10-10T09:38:12.8490552Z 
Verify	Run Jest tests	2026-10-10T09:38:12.8490788Z       at debug (shared/lib/logger.ts:133:18)
Verify	Run Jest tests	2026-10-10T09:38:12.8491065Z 
Verify	Run Jest tests	2026-10-10T09:38:13.1352833Z PASS __tests__/shared/ui/LoadingScreen.test.tsx
Verify	Run Jest tests	2026-10-10T09:38:13.1808783Z PASS __tests__/app/initialRoute.test.tsx
Verify	Run Jest tests	2026-10-10T09:38:13.1860505Z   ● Console
Verify	Run Jest tests	2026-10-10T09:38:13.1878446Z 
Verify	Run Jest tests	2026-10-10T09:38:13.1878767Z     console.debug
Verify	Run Jest tests	2026-10-10T09:38:13.1878951Z       [analytics] screen /
Verify	Run Jest tests	2026-10-10T09:38:13.1879120Z 
Verify	Run Jest tests	2026-10-10T09:38:13.1879253Z       at debug (shared/lib/logger.ts:133:18)
Verify	Run Jest tests	2026-10-10T09:38:13.1879433Z 
Verify	Run Jest tests	2026-10-10T09:38:13.1879514Z     console.debug
Verify	Run Jest tests	2026-10-10T09:38:13.1879724Z       [analytics] screen /login
Verify	Run Jest tests	2026-10-10T09:38:13.1879849Z 
Verify	Run Jest tests	2026-10-10T09:38:13.1879923Z       at debug (shared/lib/logger.ts:133:18)
Verify	Run Jest tests	2026-10-10T09:38:13.1880028Z 
Verify	Run Jest tests	2026-10-10T09:38:13.1880078Z     console.debug
Verify	Run Jest tests	2026-10-10T09:38:13.1880206Z       [analytics] screen /login
Verify	Run Jest tests	2026-10-10T09:38:13.1880294Z 
Verify	Run Jest tests	2026-10-10T09:38:13.1880365Z       at debug (shared/lib/logger.ts:133:18)
Verify	Run Jest tests	2026-10-10T09:38:13.1880470Z 
Verify	Run Jest tests	2026-10-10T09:38:13.1880518Z     console.debug
Verify	Run Jest tests	2026-10-10T09:38:13.1880635Z       [analytics] screen /
Verify	Run Jest tests	2026-10-10T09:38:13.1880717Z 
Verify	Run Jest tests	2026-10-10T09:38:13.1880785Z       at debug (shared/lib/logger.ts:133:18)
Verify	Run Jest tests	2026-10-10T09:38:13.1880887Z 
Verify	Run Jest tests	2026-10-10T09:38:13.1913853Z PASS __tests__/features/demo-auth/DemoCredentialsHint.test.tsx
Verify	Run Jest tests	2026-10-10T09:38:13.5678710Z PASS __tests__/app/configError.test.tsx
Verify	Run Jest tests	2026-10-10T09:38:13.5738995Z   ● Console
Verify	Run Jest tests	2026-10-10T09:38:13.5739735Z 
Verify	Run Jest tests	2026-10-10T09:38:13.5768443Z     console.debug
Verify	Run Jest tests	2026-10-10T09:38:13.5778225Z       [analytics] screen /
Verify	Run Jest tests	2026-10-10T09:38:13.5817951Z 
Verify	Run Jest tests	2026-10-10T09:38:13.5828390Z       at debug (shared/lib/logger.ts:133:18)
Verify	Run Jest tests	2026-10-10T09:38:13.5867795Z 
Verify	Run Jest tests	2026-10-10T09:38:13.6139173Z PASS __tests__/app/statusBar.test.tsx
Verify	Run Jest tests	2026-10-10T09:38:13.6172249Z   ● Console
Verify	Run Jest tests	2026-10-10T09:38:13.6172468Z 
Verify	Run Jest tests	2026-10-10T09:38:13.6172571Z     console.debug
Verify	Run Jest tests	2026-10-10T09:38:13.6172808Z       [analytics] screen /
Verify	Run Jest tests	2026-10-10T09:38:13.6172973Z 
Verify	Run Jest tests	2026-10-10T09:38:13.6173122Z       at debug (shared/lib/logger.ts:133:18)
Verify	Run Jest tests	2026-10-10T09:38:13.6173318Z 
Verify	Run Jest tests	2026-10-10T09:38:13.6173408Z     console.debug
Verify	Run Jest tests	2026-10-10T09:38:13.6173615Z       [analytics] screen /
Verify	Run Jest tests	2026-10-10T09:38:13.6173761Z 
Verify	Run Jest tests	2026-10-10T09:38:13.6173881Z       at debug (shared/lib/logger.ts:133:18)
Verify	Run Jest tests	2026-10-10T09:38:13.6174073Z 
Verify	Run Jest tests	2026-10-10T09:38:13.6839137Z PASS __tests__/shared/integrations/screenTracking.test.tsx
Verify	Run Jest tests	2026-10-10T09:38:13.8656108Z PASS __tests__/features/demo-showcase/ShowcaseScreen.test.tsx
Verify	Run Jest tests	2026-10-10T09:38:14.4539886Z -----------------------------------|---------|----------|---------|---------|-------------------
Verify	Run Jest tests	2026-10-10T09:38:14.4540521Z File                               | % Stmts | % Branch | % Funcs | % Lines | Uncovered Line #s 
Verify	Run Jest tests	2026-10-10T09:38:14.4545952Z -----------------------------------|---------|----------|---------|---------|-------------------
Verify	Run Jest tests	2026-10-10T09:38:14.4546457Z All files                          |   97.31 |    91.28 |   94.55 |   97.49 |                   
Verify	Run Jest tests	2026-10-10T09:38:14.4546856Z  app                               |     100 |      100 |   57.14 |     100 |                   
Verify	Run Jest tests	2026-10-10T09:38:14.4547250Z   _layout.tsx                      |     100 |      100 |   57.14 |     100 |                   
Verify	Run Jest tests	2026-10-10T09:38:14.4547779Z   showcase.tsx                     |       0 |        0 |       0 |       0 |                   
Verify	Run Jest tests	2026-10-10T09:38:14.4548194Z  app/(app)                         |    87.5 |       75 |     100 |     100 |                   
Verify	Run Jest tests	2026-10-10T09:38:14.4548618Z   _layout.tsx                      |    87.5 |       75 |     100 |     100 | 24                
Verify	Run Jest tests	2026-10-10T09:38:14.4549042Z   profile.tsx                      |       0 |        0 |       0 |       0 |                   
Verify	Run Jest tests	2026-10-10T09:38:14.4549696Z  app/(auth)                        |     100 |      100 |     100 |     100 |                   
Verify	Run Jest tests	2026-10-10T09:38:14.4550085Z   _layout.tsx                      |     100 |      100 |     100 |     100 |                   
Verify	Run Jest tests	2026-10-10T09:38:14.4550470Z   login.tsx                        |       0 |        0 |       0 |       0 |                   
Verify	Run Jest tests	2026-10-10T09:38:14.4550858Z  app/(tabs)                        |     100 |      100 |     100 |     100 |                   
Verify	Run Jest tests	2026-10-10T09:38:14.4551244Z   _layout.tsx                      |     100 |      100 |     100 |     100 |                   
Verify	Run Jest tests	2026-10-10T09:38:14.4551635Z   explore.tsx                      |       0 |        0 |       0 |       0 |                   
Verify	Run Jest tests	2026-10-10T09:38:14.4552021Z   index.tsx                        |       0 |        0 |       0 |       0 |                   
Verify	Run Jest tests	2026-10-10T09:38:14.4552437Z  features/auth/screens             |   95.55 |    79.16 |   83.33 |   95.45 |                   
Verify	Run Jest tests	2026-10-10T09:38:14.4552866Z   LoginScreen.tsx                  |    92.3 |       80 |      60 |    92.3 | 132-136           
Verify	Run Jest tests	2026-10-10T09:38:14.4553284Z   ProfileScreen.tsx                |     100 |    78.57 |     100 |     100 | 38,67-72          
Verify	Run Jest tests	2026-10-10T09:38:14.4553718Z  features/demo-auth                |     100 |    91.66 |     100 |     100 |                   
Verify	Run Jest tests	2026-10-10T09:38:14.4554155Z   DemoCredentialsHint.tsx          |     100 |      100 |     100 |     100 |                   
Verify	Run Jest tests	2026-10-10T09:38:14.4554597Z   dummyJsonAdapter.ts              |     100 |       90 |     100 |     100 | 31                
Verify	Run Jest tests	2026-10-10T09:38:14.4555064Z  features/demo-showcase/components |     100 |      100 |     100 |     100 |                   
Verify	Run Jest tests	2026-10-10T09:38:14.4555529Z   ExampleLinks.tsx                 |     100 |      100 |     100 |     100 |                   
Verify	Run Jest tests	2026-10-10T09:38:14.4556003Z  features/demo-showcase/screens    |   77.77 |      100 |      60 |   71.42 |                   
Verify	Run Jest tests	2026-10-10T09:38:14.4556488Z   ShowcaseScreen.tsx               |   77.77 |      100 |      60 |   71.42 | 133-137           
Verify	Run Jest tests	2026-10-10T09:38:14.4556924Z  features/demo-todos               |       0 |        0 |       0 |       0 |                   
Verify	Run Jest tests	2026-10-10T09:38:14.4557342Z   types.ts                         |       0 |        0 |       0 |       0 |                   
Verify	Run Jest tests	2026-10-10T09:38:14.4557924Z  features/demo-todos/api           |     100 |      100 |     100 |     100 |                   
Verify	Run Jest tests	2026-10-10T09:38:14.4558362Z   todosApi.ts                      |     100 |      100 |     100 |     100 |                   
Verify	Run Jest tests	2026-10-10T09:38:14.4558813Z  features/demo-todos/screens       |     100 |    95.83 |     100 |     100 |                   
Verify	Run Jest tests	2026-10-10T09:38:14.4559487Z   TodosScreen.tsx                  |     100 |    95.83 |     100 |     100 | 65                
Verify	Run Jest tests	2026-10-10T09:38:14.4559917Z  features/home/screens             |     100 |     87.5 |     100 |     100 |                   
Verify	Run Jest tests	2026-10-10T09:38:14.4560249Z   HomeScreen.tsx                   |     100 |     87.5 |     100 |     100 | 38                
Verify	Run Jest tests	2026-10-10T09:38:14.4560513Z  shared/config                     |     100 |    97.95 |     100 |     100 |                   
Verify	Run Jest tests	2026-10-10T09:38:14.4560773Z   env.ts                           |     100 |    97.95 |     100 |     100 | 128               
Verify	Run Jest tests	2026-10-10T09:38:14.4561027Z   featureFlags.ts                  |     100 |      100 |     100 |     100 |                   
Verify	Run Jest tests	2026-10-10T09:38:14.4561288Z  shared/http                       |   98.71 |    94.66 |     100 |   98.61 |                   
Verify	Run Jest tests	2026-10-10T09:38:14.4561535Z   api.ts                           |     100 |      100 |     100 |     100 |                   
Verify	Run Jest tests	2026-10-10T09:38:14.4561787Z   apiError.ts                      |   96.96 |    94.59 |     100 |   96.42 | 58                
Verify	Run Jest tests	2026-10-10T09:38:14.4562047Z   httpClient.ts                    |     100 |    94.73 |     100 |     100 | 89                
Verify	Run Jest tests	2026-10-10T09:38:14.4562402Z  shared/i18n                       |     100 |    83.33 |     100 |     100 |                   
Verify	Run Jest tests	2026-10-10T09:38:14.4562644Z   en.ts                            |     100 |      100 |     100 |     100 |                   
Verify	Run Jest tests	2026-10-10T09:38:14.4562886Z   index.ts                         |     100 |    83.33 |     100 |     100 | 38                
Verify	Run Jest tests	2026-10-10T09:38:14.4563150Z  shared/integrations               |   95.91 |       75 |   96.55 |   95.34 |                   
Verify	Run Jest tests	2026-10-10T09:38:14.4563414Z   analytics.ts                     |     100 |     87.5 |     100 |     100 | 25                
Verify	Run Jest tests	2026-10-10T09:38:14.4563676Z   errorReporter.ts                 |   81.81 |       40 |   83.33 |   77.77 | 41,57             
Verify	Run Jest tests	2026-10-10T09:38:14.4563942Z   featureFlags.ts                  |     100 |      100 |     100 |     100 |                   
Verify	Run Jest tests	2026-10-10T09:38:14.4564213Z   pushNotifications.ts             |     100 |      100 |     100 |     100 |                   
Verify	Run Jest tests	2026-10-10T09:38:14.4564476Z   seam.ts                          |     100 |      100 |     100 |     100 |                   
Verify	Run Jest tests	2026-10-10T09:38:14.4564716Z   setup.ts                         |     100 |      100 |     100 |     100 |                   
Verify	Run Jest tests	2026-10-10T09:38:14.4564966Z   updates.ts                       |     100 |      100 |     100 |     100 |                   
Verify	Run Jest tests	2026-10-10T09:38:14.4565230Z   useScreenTracking.ts             |     100 |      100 |     100 |     100 |                   
Verify	Run Jest tests	2026-10-10T09:38:14.4565494Z  shared/lib                        |   98.01 |    95.38 |   95.23 |   98.86 |                   
Verify	Run Jest tests	2026-10-10T09:38:14.4565745Z   logger.ts                        |   96.87 |    96.15 |   91.66 |   98.18 | 84                
Verify	Run Jest tests	2026-10-10T09:38:14.4565995Z   useFetch.ts                      |     100 |     92.3 |     100 |     100 | 83                
Verify	Run Jest tests	2026-10-10T09:38:14.4566260Z  shared/session                    |   97.45 |    88.63 |   95.83 |   97.36 |                   
Verify	Run Jest tests	2026-10-10T09:38:14.4566529Z   SessionProvider.tsx              |   97.91 |    81.81 |     100 |   97.82 | 146               
Verify	Run Jest tests	2026-10-10T09:38:14.4566803Z   authService.ts                   |   93.93 |    91.66 |   83.33 |   93.75 | 68,81             
Verify	Run Jest tests	2026-10-10T09:38:14.4567061Z   session.ts                       |     100 |      100 |     100 |     100 |                   
Verify	Run Jest tests	2026-10-10T09:38:14.4567313Z   tokenStore.ts                    |     100 |      100 |     100 |     100 |                   
Verify	Run Jest tests	2026-10-10T09:38:14.4567889Z  shared/storage                    |      92 |       80 |     100 |      92 |                   
Verify	Run Jest tests	2026-10-10T09:38:14.4568419Z   secureStorage.ts                 |      80 |       75 |     100 |      80 | 18,26             
Verify	Run Jest tests	2026-10-10T09:38:14.4568805Z   storage.ts                       |     100 |      100 |     100 |     100 |                   
Verify	Run Jest tests	2026-10-10T09:38:14.4569482Z  shared/ui                         |    97.5 |    83.33 |     100 |   97.36 |                   
Verify	Run Jest tests	2026-10-10T09:38:14.4569910Z   ConfigErrorScreen.tsx            |     100 |      100 |     100 |     100 |                   
Verify	Run Jest tests	2026-10-10T09:38:14.4570361Z   ErrorBoundary.tsx                |   96.15 |       75 |     100 |   95.83 | 26                
Verify	Run Jest tests	2026-10-10T09:38:14.4570779Z   LoadingScreen.tsx                |     100 |      100 |     100 |     100 |                   
Verify	Run Jest tests	2026-10-10T09:38:14.4571037Z   theme.ts                         |     100 |      100 |     100 |     100 |                   
Verify	Run Jest tests	2026-10-10T09:38:14.4571327Z -----------------------------------|---------|----------|---------|---------|-------------------
Verify	Run Jest tests	2026-10-10T09:38:14.4842728Z 
Verify	Run Jest tests	2026-10-10T09:38:14.4844696Z Test Suites: 26 passed, 26 total
Verify	Run Jest tests	2026-10-10T09:38:14.4845007Z Tests:       205 passed, 205 total
Verify	Run Jest tests	2026-10-10T09:38:14.4845175Z Snapshots:   0 total
Verify	Run Jest tests	2026-10-10T09:38:14.4845345Z Time:        15.633 s
Verify	Run Jest tests	2026-10-10T09:38:14.4845474Z Ran all test suites.
Verify	Expo Doctor	﻿2026-10-10T09:38:14.5024619Z ##[group]Run npx expo-doctor
Verify	Expo Doctor	2026-10-10T09:38:14.5024805Z ^[[36;1mnpx expo-doctor^[[0m
Verify	Expo Doctor	2026-10-10T09:38:14.5076182Z shell: /usr/bin/bash -e {0}
Verify	Expo Doctor	2026-10-10T09:38:14.5076331Z ##[endgroup]
Verify	Expo Doctor	2026-10-10T09:38:15.3628785Z Running 21 checks on your project...
Verify	Expo Doctor	2026-10-10T09:38:17.7611741Z 21/21 checks passed. No issues detected!
Verify	Audit production dependencies (reviewed allowlist)	﻿2026-10-10T09:38:17.7971773Z ##[group]Run npm run audit:check
Verify	Audit production dependencies (reviewed allowlist)	2026-10-10T09:38:17.7972085Z ^[[36;1mnpm run audit:check^[[0m
Verify	Audit production dependencies (reviewed allowlist)	2026-10-10T09:38:17.8035991Z shell: /usr/bin/bash -e {0}
Verify	Audit production dependencies (reviewed allowlist)	2026-10-10T09:38:17.8036258Z ##[endgroup]
Verify	Audit production dependencies (reviewed allowlist)	2026-10-10T09:38:17.8804702Z 
Verify	Audit production dependencies (reviewed allowlist)	2026-10-10T09:38:17.8805340Z > react-native-starter@1.0.0 audit:check
Verify	Audit production dependencies (reviewed allowlist)	2026-10-10T09:38:17.8805706Z > node scripts/check-audit.js
Verify	Audit production dependencies (reviewed allowlist)	2026-10-10T09:38:17.8805853Z 
Verify	Audit production dependencies (reviewed allowlist)	2026-10-10T09:38:19.5458226Z high     braces GHSA-vfj7-8cjw-p6xm: allowlisted until 2027-01-09 (https://github.com/koniz-dev/react-native-starter/issues/43)
Verify	Audit production dependencies (reviewed allowlist)	2026-10-10T09:38:19.5459157Z high     node-forge GHSA-86w9-cpqp-85rv: allowlisted until 2027-01-09 (https://github.com/koniz-dev/react-native-starter/issues/43)
Verify	Audit production dependencies (reviewed allowlist)	2026-10-10T09:38:19.5459605Z moderate decode-uri-component GHSA-vcc3-ghjq-m6fr: reported (not gated)
Verify	Audit production dependencies (reviewed allowlist)	2026-10-10T09:38:19.5459895Z moderate sprintf-js GHSA-hp3w-g68c-fv3c: reported (not gated)
Verify	Audit production dependencies (reviewed allowlist)	2026-10-10T09:38:19.5460164Z moderate uuid GHSA-w5hq-g745-h8pq: reported (not gated)
Verify	Audit production dependencies (reviewed allowlist)	2026-10-10T09:38:19.5460464Z npm audit --omit=dev: 5 advisories (records: 0 critical, 45 high, 16 moderate, 0 low).
Verify	Audit production dependencies (reviewed allowlist)	2026-10-10T09:38:19.5460784Z No unreviewed high or critical advisories.
Verify	Export web build	﻿2026-10-10T09:38:19.6002585Z ##[group]Run npx expo export --platform web --output-dir dist
Verify	Export web build	2026-10-10T09:38:19.6003032Z ^[[36;1mnpx expo export --platform web --output-dir dist^[[0m
Verify	Export web build	2026-10-10T09:38:19.6059623Z shell: /usr/bin/bash -e {0}
Verify	Export web build	2026-10-10T09:38:19.6059786Z ##[endgroup]
Verify	Export web build	2026-10-10T09:38:20.2858841Z Starting Metro Bundler
Verify	Export web build	2026-10-10T09:38:20.2859040Z 
Verify	Export web build	2026-10-10T09:38:31.5523478Z Web Bundled 11088ms index.ts (1183 modules)
Verify	Export web build	2026-10-10T09:38:31.7979436Z 
Verify	Export web build	2026-10-10T09:38:31.7984521Z › Assets (19):
Verify	Export web build	2026-10-10T09:38:31.8033060Z node_modules/@expo/vector-icons/build/vendor/react-native-vector-icons/Fonts/MaterialCommunityIcons.6e435534bd35da5fef04168860a9b8fa.ttf (1.3MB)
Verify	Export web build	2026-10-10T09:38:31.8033937Z node_modules/expo-router/assets/arrow_down.017bc6ba3fc25503e5eb5e53826d48a8.png (9.5KB)
Verify	Export web build	2026-10-10T09:38:31.8042384Z node_modules/expo-router/assets/error.d1ea1496f9057eb392d5bbf3732a61b7.png (469B)
Verify	Export web build	2026-10-10T09:38:31.8042974Z node_modules/expo-router/assets/file.19eeb73b9593a38f8e9f418337fc7d10.png (138B)
Verify	Export web build	2026-10-10T09:38:31.8043535Z node_modules/expo-router/assets/forward.d8b800c443b8972542883e0b9de2bdc6.png (188B)
Verify	Export web build	2026-10-10T09:38:31.8044293Z node_modules/expo-router/assets/pkg.ab19f4cbc543357183a20571f68380a3.png (364B)
Verify	Export web build	2026-10-10T09:38:31.8044939Z node_modules/expo-router/assets/react-navigation/elements/back-icon-mask.0a328cd9c1afd0afe8e3b1ec5165b1b4.png (653B)
Verify	Export web build	2026-10-10T09:38:31.8045681Z node_modules/expo-router/assets/react-navigation/elements/back-icon.35ba0eaec5a4f5ed12ca16fabeae451d.png (207B)
Verify	Export web build	2026-10-10T09:38:31.8047011Z node_modules/expo-router/assets/react-navigation/elements/clear-icon.c94f6478e7ae0cdd9f15de1fcb9e5e55.png (4 variations | 425B)
Verify	Export web build	2026-10-10T09:38:31.8047996Z node_modules/expo-router/assets/react-navigation/elements/close-icon.808e1b1b9b53114ec2838071a7e6daa7.png (4 variations | 235B)
Verify	Export web build	2026-10-10T09:38:31.8048759Z node_modules/expo-router/assets/react-navigation/elements/search-icon.286d67d3f74808a60a78d3ebf1a5fb57.png (928B)
Verify	Export web build	2026-10-10T09:38:31.8049385Z node_modules/expo-router/assets/sitemap.412dd9275b6b48ad28f5e3d81bb1f626.png (465B)
Verify	Export web build	2026-10-10T09:38:31.8049957Z node_modules/expo-router/assets/unmatched.20e71bdf79e3a97bf55fd9e164041578.png (4.8KB)
Verify	Export web build	2026-10-10T09:38:31.8050238Z 
Verify	Export web build	2026-10-10T09:38:31.8050588Z › web bundles (1):
Verify	Export web build	2026-10-10T09:38:31.8063807Z _expo/static/js/web/index-63dbf8f09ff9b5edb74f09c5ca97fa56.js (2.3MB)
Verify	Export web build	2026-10-10T09:38:31.8064233Z 
Verify	Export web build	2026-10-10T09:38:31.8064507Z › Files (3):
Verify	Export web build	2026-10-10T09:38:31.8064867Z favicon.ico (15KB)
Verify	Export web build	2026-10-10T09:38:31.8065069Z index.html (1.2KB)
Verify	Export web build	2026-10-10T09:38:31.8065258Z metadata.json (49B)
Verify	Export web build	2026-10-10T09:38:31.8121310Z 
Verify	Export web build	2026-10-10T09:38:31.8123976Z Exported: dist
Verify	Check docs (snippets compile, paths and scripts exist)	﻿2026-10-10T09:38:31.9451860Z ##[group]Run npm install --no-save zustand@5 @reduxjs/toolkit@2 react-redux@9 jotai@3 @tanstack/react-query@5
Verify	Check docs (snippets compile, paths and scripts exist)	2026-10-10T09:38:31.9452295Z ^[[36;1mnpm install --no-save zustand@5 @reduxjs/toolkit@2 react-redux@9 jotai@3 @tanstack/react-query@5^[[0m
Verify	Check docs (snippets compile, paths and scripts exist)	2026-10-10T09:38:31.9452553Z ^[[36;1mnpm run docs:check^[[0m
Verify	Check docs (snippets compile, paths and scripts exist)	2026-10-10T09:38:31.9503212Z shell: /usr/bin/bash -e {0}
Verify	Check docs (snippets compile, paths and scripts exist)	2026-10-10T09:38:31.9503369Z ##[endgroup]
Verify	Check docs (snippets compile, paths and scripts exist)	2026-10-10T09:38:34.0041816Z 
Verify	Check docs (snippets compile, paths and scripts exist)	2026-10-10T09:38:34.0042477Z added 14 packages, and audited 1082 packages in 2s
Verify	Check docs (snippets compile, paths and scripts exist)	2026-10-10T09:38:34.0042745Z 
Verify	Check docs (snippets compile, paths and scripts exist)	2026-10-10T09:38:34.0048058Z 183 packages are looking for funding
Verify	Check docs (snippets compile, paths and scripts exist)	2026-10-10T09:38:34.0048301Z   run `npm fund` for details
Verify	Check docs (snippets compile, paths and scripts exist)	2026-10-10T09:38:34.1062821Z 
Verify	Check docs (snippets compile, paths and scripts exist)	2026-10-10T09:38:34.1063412Z 65 vulnerabilities (16 moderate, 49 high)
Verify	Check docs (snippets compile, paths and scripts exist)	2026-10-10T09:38:34.1063698Z 
Verify	Check docs (snippets compile, paths and scripts exist)	2026-10-10T09:38:34.1063884Z To address all issues (including breaking changes), run:
Verify	Check docs (snippets compile, paths and scripts exist)	2026-10-10T09:38:34.1064192Z   npm audit fix --force
Verify	Check docs (snippets compile, paths and scripts exist)	2026-10-10T09:38:34.1064316Z 
Verify	Check docs (snippets compile, paths and scripts exist)	2026-10-10T09:38:34.1064419Z Run `npm audit` for details.
Verify	Check docs (snippets compile, paths and scripts exist)	2026-10-10T09:38:34.1901837Z 
Verify	Check docs (snippets compile, paths and scripts exist)	2026-10-10T09:38:34.1902544Z > react-native-starter@1.0.0 docs:check
Verify	Check docs (snippets compile, paths and scripts exist)	2026-10-10T09:38:34.1902925Z > node scripts/check-docs.js
Verify	Check docs (snippets compile, paths and scripts exist)	2026-10-10T09:38:34.1903076Z 
Verify	Check docs (snippets compile, paths and scripts exist)	2026-10-10T09:38:35.6805014Z Checked 17 files: 37 TypeScript snippets compiled with tsc.
Verify	Check docs (snippets compile, paths and scripts exist)	2026-10-10T09:38:35.6805511Z No problems.
Verify	Post Set up Node.js	﻿2026-10-10T09:38:35.6982713Z Post job cleanup.
Verify	Post Set up Node.js	2026-10-10T09:38:35.7777455Z (node:2632) [DEP0040] DeprecationWarning: The `punycode` module is deprecated. Please use a userland alternative instead.
Verify	Post Set up Node.js	2026-10-10T09:38:35.7778111Z (Use `node --trace-deprecation ...` to show where the warning was created)
Verify	Post Set up Node.js	2026-10-10T09:38:35.7779333Z Cache hit occurred on the primary key node-cache-Linux-x64-npm-10f9dc59c99c82563481e37a50745bae137261a45ffc8c4ba105eb544b91396b, not saving cache.
Verify	Post Check out repository	﻿2026-10-10T09:38:35.7887903Z Post job cleanup.
Verify	Post Check out repository	2026-10-10T09:38:35.8420203Z [command]/usr/bin/git version
Verify	Post Check out repository	2026-10-10T09:38:35.8451697Z git version 2.55.0
Verify	Post Check out repository	2026-10-10T09:38:35.8474450Z Temporarily overriding HOME='/home/runner/work/_temp/8cb91e9b-2cc7-4915-9326-a55c6c49e3e8' before making global git config changes
Verify	Post Check out repository	2026-10-10T09:38:35.8475306Z Adding repository directory to the temporary git global config as a safe directory
Verify	Post Check out repository	2026-10-10T09:38:35.8478559Z [command]/usr/bin/git config --global --add safe.directory /home/runner/work/react-native-starter/react-native-starter
Verify	Post Check out repository	2026-10-10T09:38:35.8516072Z [command]/usr/bin/git config --local --name-only --get-regexp core\.sshCommand
Verify	Post Check out repository	2026-10-10T09:38:35.8538897Z [command]/usr/bin/git submodule foreach --recursive sh -c "git config --local --name-only --get-regexp 'core\.sshCommand' && git config --local --unset-all 'core.sshCommand' || :"
Verify	Post Check out repository	2026-10-10T09:38:35.8735339Z [command]/usr/bin/git config --local --name-only --get-regexp http\.https\:\/\/github\.com\/\.extraheader
Verify	Post Check out repository	2026-10-10T09:38:35.8759019Z http.https://github.com/.extraheader
Verify	Post Check out repository	2026-10-10T09:38:35.8767348Z [command]/usr/bin/git config --local --unset-all http.https://github.com/.extraheader
Verify	Post Check out repository	2026-10-10T09:38:35.8828810Z [command]/usr/bin/git submodule foreach --recursive sh -c "git config --local --name-only --get-regexp 'http\.https\:\/\/github\.com\/\.extraheader' && git config --local --unset-all 'http.https://github.com/.extraheader' || :"
Verify	Post Check out repository	2026-10-10T09:38:35.8998460Z [command]/usr/bin/git config --local --name-only --get-regexp ^includeIf\.gitdir:
Verify	Post Check out repository	2026-10-10T09:38:35.9028174Z [command]/usr/bin/git submodule foreach --recursive git config --local --show-origin --name-only --get-regexp remote.origin.url
Verify	Complete job	﻿2026-10-10T09:38:35.9311499Z Cleaning up orphan processes
Verify	Complete job	2026-10-10T09:38:35.9511572Z ##[warning]Node.js 20 is deprecated. The following actions target Node.js 20 but are being forced to run on Node.js 24: actions/checkout@v4, actions/setup-node@v4. For more information see: https://github.blog/changelog/2025-09-19-deprecation-of-node-20-on-github-actions-runners/
