Verify	Set up job	﻿2026-10-10T11:26:45.2141318Z Current runner version: '2.337.0'
Verify	Set up job	2026-10-10T11:26:45.2160045Z ##[group]Runner Image Provisioner
Verify	Set up job	2026-10-10T11:26:45.2160573Z Hosted Compute Agent
Verify	Set up job	2026-10-10T11:26:45.2160995Z Version: 20261002.596
Verify	Set up job	2026-10-10T11:26:45.2161361Z Commit: c3d12f3313a95f25162a1503be624f3b0617f8c0
Verify	Set up job	2026-10-10T11:26:45.2161801Z Build Date: 2026-10-02T22:28:27Z
Verify	Set up job	2026-10-10T11:26:45.2162233Z Worker ID: {965f0ac9-5e57-4314-b61d-b36d76ed403b}
Verify	Set up job	2026-10-10T11:26:45.2162637Z Region: westus3
Verify	Set up job	2026-10-10T11:26:45.2163016Z Cloud: Azure
Verify	Set up job	2026-10-10T11:26:45.2163337Z ##[endgroup]
Verify	Set up job	2026-10-10T11:26:45.2164107Z ##[group]Operating System
Verify	Set up job	2026-10-10T11:26:45.2164505Z Ubuntu
Verify	Set up job	2026-10-10T11:26:45.2164814Z 24.04.5
Verify	Set up job	2026-10-10T11:26:45.2165150Z LTS
Verify	Set up job	2026-10-10T11:26:45.2165499Z ##[endgroup]
Verify	Set up job	2026-10-10T11:26:45.2165809Z ##[group]Runner Image
Verify	Set up job	2026-10-10T11:26:45.2166237Z Image: ubuntu-24.04
Verify	Set up job	2026-10-10T11:26:45.2166566Z Version: 20261004.327.1
Verify	Set up job	2026-10-10T11:26:45.2167466Z Included Software: https://github.com/actions/runner-images/blob/ubuntu24/20261004.327/images/ubuntu/Ubuntu2404-Readme.md
Verify	Set up job	2026-10-10T11:26:45.2168590Z Image Release: https://github.com/actions/runner-images/releases/tag/ubuntu24%2F20261004.327
Verify	Set up job	2026-10-10T11:26:45.2169171Z ##[endgroup]
Verify	Set up job	2026-10-10T11:26:45.2169811Z ##[group]GITHUB_TOKEN Permissions
Verify	Set up job	2026-10-10T11:26:45.2171253Z Contents: read
Verify	Set up job	2026-10-10T11:26:45.2171613Z Metadata: read
Verify	Set up job	2026-10-10T11:26:45.2171993Z ##[endgroup]
Verify	Set up job	2026-10-10T11:26:45.2173291Z Secret source: Actions
Verify	Set up job	2026-10-10T11:26:45.2173846Z Cache mode: write
Verify	Set up job	2026-10-10T11:26:45.2174412Z Prepare workflow directory
Verify	Set up job	2026-10-10T11:26:45.3420356Z Prepare all required actions
Verify	Set up job	2026-10-10T11:26:45.3452178Z Getting action download info
Verify	Set up job	2026-10-10T11:26:45.6344598Z Download action repository 'actions/checkout@v4' (SHA:11d5960a326750d5838078e36cf38b85af677262)
Verify	Set up job	2026-10-10T11:26:45.8098978Z Download action repository 'actions/setup-node@v4' (SHA:49933ea5288caeca8642d1e84afbd3f7d6820020)
Verify	Set up job	2026-10-10T11:26:46.6003198Z Complete job name: Verify
Verify	Check out repository	﻿2026-10-10T11:26:46.6590363Z ##[group]Run actions/checkout@v4
Verify	Check out repository	2026-10-10T11:26:46.6591224Z with:
Verify	Check out repository	2026-10-10T11:26:46.6591805Z   repository: koniz-dev/react-native-starter
Verify	Check out repository	2026-10-10T11:26:46.6597298Z   token: ***
Verify	Check out repository	2026-10-10T11:26:46.6597819Z   ssh-strict: true
Verify	Check out repository	2026-10-10T11:26:46.6598580Z   ssh-user: git
Verify	Check out repository	2026-10-10T11:26:46.6599130Z   persist-credentials: true
Verify	Check out repository	2026-10-10T11:26:46.6599727Z   clean: true
Verify	Check out repository	2026-10-10T11:26:46.6600281Z   sparse-checkout-cone-mode: true
Verify	Check out repository	2026-10-10T11:26:46.6600933Z   fetch-depth: 1
Verify	Check out repository	2026-10-10T11:26:46.6601471Z   fetch-tags: false
Verify	Check out repository	2026-10-10T11:26:46.6602029Z   show-progress: true
Verify	Check out repository	2026-10-10T11:26:46.6602605Z   lfs: false
Verify	Check out repository	2026-10-10T11:26:46.6603116Z   submodules: false
Verify	Check out repository	2026-10-10T11:26:46.6603671Z   set-safe-directory: true
Verify	Check out repository	2026-10-10T11:26:46.6604300Z   allow-unsafe-pr-checkout: false
Verify	Check out repository	2026-10-10T11:26:46.6605038Z ##[endgroup]
Verify	Check out repository	2026-10-10T11:26:46.7264906Z Syncing repository: koniz-dev/react-native-starter
Verify	Check out repository	2026-10-10T11:26:46.7267236Z ##[group]Getting Git version info
Verify	Check out repository	2026-10-10T11:26:46.7268782Z Working directory is '/home/runner/work/react-native-starter/react-native-starter'
Verify	Check out repository	2026-10-10T11:26:46.7270904Z [command]/usr/bin/git version
Verify	Check out repository	2026-10-10T11:26:46.7318990Z git version 2.55.0
Verify	Check out repository	2026-10-10T11:26:46.7340000Z ##[endgroup]
Verify	Check out repository	2026-10-10T11:26:46.7345239Z Temporarily overriding HOME='/home/runner/work/_temp/c69ded07-7cef-455e-8e96-896814ab10ce' before making global git config changes
Verify	Check out repository	2026-10-10T11:26:46.7356697Z Adding repository directory to the temporary git global config as a safe directory
Verify	Check out repository	2026-10-10T11:26:46.7359617Z [command]/usr/bin/git config --global --add safe.directory /home/runner/work/react-native-starter/react-native-starter
Verify	Check out repository	2026-10-10T11:26:46.7391598Z Deleting the contents of '/home/runner/work/react-native-starter/react-native-starter'
Verify	Check out repository	2026-10-10T11:26:46.7395169Z ##[group]Initializing the repository
Verify	Check out repository	2026-10-10T11:26:46.7398365Z [command]/usr/bin/git init /home/runner/work/react-native-starter/react-native-starter
Verify	Check out repository	2026-10-10T11:26:46.7494007Z hint: Using 'master' as the name for the initial branch. This default branch name
Verify	Check out repository	2026-10-10T11:26:46.7496065Z hint: will change to "main" in Git 3.0. To configure the initial branch name
Verify	Check out repository	2026-10-10T11:26:46.7497745Z hint: to use in all of your new repositories, which will suppress this warning,
Verify	Check out repository	2026-10-10T11:26:46.7499410Z hint: call:
Verify	Check out repository	2026-10-10T11:26:46.7500136Z hint:
Verify	Check out repository	2026-10-10T11:26:46.7501038Z hint: 	git config --global init.defaultBranch <name>
Verify	Check out repository	2026-10-10T11:26:46.7502121Z hint:
Verify	Check out repository	2026-10-10T11:26:46.7503125Z hint: Names commonly chosen instead of 'master' are 'main', 'trunk' and
Verify	Check out repository	2026-10-10T11:26:46.7504795Z hint: 'development'. The just-created branch can be renamed via this command:
Verify	Check out repository	2026-10-10T11:26:46.7506097Z hint:
Verify	Check out repository	2026-10-10T11:26:46.7506838Z hint: 	git branch -m <name>
Verify	Check out repository	2026-10-10T11:26:46.7507678Z hint:
Verify	Check out repository	2026-10-10T11:26:46.7508892Z hint: Disable this message with "git config set advice.defaultBranchName false"
Verify	Check out repository	2026-10-10T11:26:46.7514878Z Initialized empty Git repository in /home/runner/work/react-native-starter/react-native-starter/.git/
Verify	Check out repository	2026-10-10T11:26:46.7523968Z [command]/usr/bin/git remote add origin https://github.com/koniz-dev/react-native-starter
Verify	Check out repository	2026-10-10T11:26:46.7585711Z ##[endgroup]
Verify	Check out repository	2026-10-10T11:26:46.7587189Z ##[group]Disabling automatic garbage collection
Verify	Check out repository	2026-10-10T11:26:46.7588618Z [command]/usr/bin/git config --local gc.auto 0
Verify	Check out repository	2026-10-10T11:26:46.7616543Z ##[endgroup]
Verify	Check out repository	2026-10-10T11:26:46.7618069Z ##[group]Setting up auth
Verify	Check out repository	2026-10-10T11:26:46.7621927Z [command]/usr/bin/git config --local --name-only --get-regexp core\.sshCommand
Verify	Check out repository	2026-10-10T11:26:46.7649808Z [command]/usr/bin/git submodule foreach --recursive sh -c "git config --local --name-only --get-regexp 'core\.sshCommand' && git config --local --unset-all 'core.sshCommand' || :"
Verify	Check out repository	2026-10-10T11:26:46.8031084Z [command]/usr/bin/git config --local --name-only --get-regexp http\.https\:\/\/github\.com\/\.extraheader
Verify	Check out repository	2026-10-10T11:26:46.8059207Z [command]/usr/bin/git submodule foreach --recursive sh -c "git config --local --name-only --get-regexp 'http\.https\:\/\/github\.com\/\.extraheader' && git config --local --unset-all 'http.https://github.com/.extraheader' || :"
Verify	Check out repository	2026-10-10T11:26:46.8219085Z [command]/usr/bin/git config --local --name-only --get-regexp ^includeIf\.gitdir:
Verify	Check out repository	2026-10-10T11:26:46.8245185Z [command]/usr/bin/git submodule foreach --recursive git config --local --show-origin --name-only --get-regexp remote.origin.url
Verify	Check out repository	2026-10-10T11:26:46.8407764Z [command]/usr/bin/git config --local http.https://github.com/.extraheader AUTHORIZATION: basic ***
Verify	Check out repository	2026-10-10T11:26:46.8438509Z ##[endgroup]
Verify	Check out repository	2026-10-10T11:26:46.8439372Z ##[group]Fetching the repository
Verify	Check out repository	2026-10-10T11:26:46.8444595Z [command]/usr/bin/git -c protocol.version=2 fetch --no-tags --prune --no-recurse-submodules --depth=1 origin +bf1f4e1ee013ed6197ac1cc031d6e997d77d08bc:refs/remotes/origin/main
Verify	Check out repository	2026-10-10T11:26:47.5113159Z From https://github.com/koniz-dev/react-native-starter
Verify	Check out repository	2026-10-10T11:26:47.5113718Z  * [new ref]         bf1f4e1ee013ed6197ac1cc031d6e997d77d08bc -> origin/main
Verify	Check out repository	2026-10-10T11:26:47.5116731Z ##[endgroup]
Verify	Check out repository	2026-10-10T11:26:47.5117049Z ##[group]Determining the checkout info
Verify	Check out repository	2026-10-10T11:26:47.5118534Z ##[endgroup]
Verify	Check out repository	2026-10-10T11:26:47.5123141Z [command]/usr/bin/git sparse-checkout disable
Verify	Check out repository	2026-10-10T11:26:47.5260900Z [command]/usr/bin/git config --local --unset-all extensions.worktreeConfig
Verify	Check out repository	2026-10-10T11:26:47.5291285Z ##[group]Checking out the ref
Verify	Check out repository	2026-10-10T11:26:47.5294908Z [command]/usr/bin/git checkout --progress --force -B main refs/remotes/origin/main
Verify	Check out repository	2026-10-10T11:26:47.5413951Z Switched to a new branch 'main'
Verify	Check out repository	2026-10-10T11:26:47.5417927Z branch 'main' set up to track 'origin/main'.
Verify	Check out repository	2026-10-10T11:26:47.5422766Z ##[endgroup]
Verify	Check out repository	2026-10-10T11:26:47.5457302Z [command]/usr/bin/git log -1 --format=%H
Verify	Check out repository	2026-10-10T11:26:47.5478883Z bf1f4e1ee013ed6197ac1cc031d6e997d77d08bc
Verify	Set up Node.js	﻿2026-10-10T11:26:47.5667347Z ##[group]Run actions/setup-node@v4
Verify	Set up Node.js	2026-10-10T11:26:47.5667562Z with:
Verify	Set up Node.js	2026-10-10T11:26:47.5667705Z   node-version-file: .nvmrc
Verify	Set up Node.js	2026-10-10T11:26:47.5667861Z   cache: npm
Verify	Set up Node.js	2026-10-10T11:26:47.5667997Z   always-auth: false
Verify	Set up Node.js	2026-10-10T11:26:47.5668145Z   check-latest: false
Verify	Set up Node.js	2026-10-10T11:26:47.5669926Z   token: ***
Verify	Set up Node.js	2026-10-10T11:26:47.5670067Z ##[endgroup]
Verify	Set up Node.js	2026-10-10T11:26:47.6519340Z Resolved .nvmrc as 24
Verify	Set up Node.js	2026-10-10T11:26:47.6555920Z Found in cache @ /opt/hostedtoolcache/node/24.21.0/x64
Verify	Set up Node.js	2026-10-10T11:26:47.6558992Z (node:2059) [DEP0040] DeprecationWarning: The `punycode` module is deprecated. Please use a userland alternative instead.
Verify	Set up Node.js	2026-10-10T11:26:47.6559547Z (Use `node --trace-deprecation ...` to show where the warning was created)
Verify	Set up Node.js	2026-10-10T11:26:47.6560688Z ##[group]Environment details
Verify	Set up Node.js	2026-10-10T11:26:47.9562430Z node: v24.21.0
Verify	Set up Node.js	2026-10-10T11:26:47.9562870Z npm: 11.19.0
Verify	Set up Node.js	2026-10-10T11:26:47.9563105Z yarn: 1.22.22
Verify	Set up Node.js	2026-10-10T11:26:47.9626138Z ##[endgroup]
Verify	Set up Node.js	2026-10-10T11:26:47.9636959Z [command]/opt/hostedtoolcache/node/24.21.0/x64/bin/npm config get cache
Verify	Set up Node.js	2026-10-10T11:26:48.0331218Z /home/runner/.npm
Verify	Set up Node.js	2026-10-10T11:26:48.2514469Z Cache hit for: node-cache-Linux-x64-npm-10f9dc59c99c82563481e37a50745bae137261a45ffc8c4ba105eb544b91396b
Verify	Set up Node.js	2026-10-10T11:26:48.2578587Z (node:2059) [DEP0169] DeprecationWarning: `url.parse()` behavior is not standardized and prone to errors that have security implications. Use the WHATWG URL API instead. CVEs are not issued for `url.parse()` vulnerabilities.
Verify	Set up Node.js	2026-10-10T11:26:49.4826368Z Received 41943040 of 156509062 (26.8%), 40.0 MBs/sec
Verify	Set up Node.js	2026-10-10T11:26:50.0569519Z Received 156509062 of 156509062 (100.0%), 94.9 MBs/sec
Verify	Set up Node.js	2026-10-10T11:26:50.0570497Z Cache Size: ~149 MB (156509062 B)
Verify	Set up Node.js	2026-10-10T11:26:50.0625048Z [command]/usr/bin/tar -xf /home/runner/work/_temp/084d4963-8da1-4508-8816-9f04d4eda6d9/cache.tzst -P -C /home/runner/work/react-native-starter/react-native-starter --use-compress-program unzstd
Verify	Set up Node.js	2026-10-10T11:26:50.3735349Z Cache restored successfully
Verify	Set up Node.js	2026-10-10T11:26:50.3801135Z Cache restored from key: node-cache-Linux-x64-npm-10f9dc59c99c82563481e37a50745bae137261a45ffc8c4ba105eb544b91396b
Verify	Install dependencies	﻿2026-10-10T11:26:50.3957534Z ##[group]Run npm ci
Verify	Install dependencies	2026-10-10T11:26:50.3957767Z ^[[36;1mnpm ci^[[0m
Verify	Install dependencies	2026-10-10T11:26:50.4176583Z shell: /usr/bin/bash -e {0}
Verify	Install dependencies	2026-10-10T11:26:50.4176840Z ##[endgroup]
Verify	Install dependencies	2026-10-10T11:26:53.6670633Z npm warn deprecated inflight@1.0.6: This module is not supported, and leaks memory. Do not use it. Check out lru-cache if you want a good and tested way to coalesce async requests by a key value, which is much more comprehensive and powerful.
Verify	Install dependencies	2026-10-10T11:26:53.8128134Z npm warn deprecated abab@2.0.6: Use your platform's native atob() and btoa() methods instead
Verify	Install dependencies	2026-10-10T11:26:53.8300328Z npm warn deprecated glob@7.2.3: Glob versions prior to v9 are no longer supported
Verify	Install dependencies	2026-10-10T11:26:53.8305804Z npm warn deprecated glob@7.2.3: Glob versions prior to v9 are no longer supported
Verify	Install dependencies	2026-10-10T11:26:53.8307798Z npm warn deprecated glob@7.2.3: Glob versions prior to v9 are no longer supported
Verify	Install dependencies	2026-10-10T11:26:53.8318162Z npm warn deprecated glob@7.2.3: Glob versions prior to v9 are no longer supported
Verify	Install dependencies	2026-10-10T11:26:53.9900172Z npm warn deprecated domexception@4.0.0: Use your platform's native DOMException instead
Verify	Install dependencies	2026-10-10T11:26:54.5297069Z npm warn deprecated uuid@7.0.3: uuid@10 and below is no longer supported.  For ESM codebases, update to uuid@latest.  For CommonJS codebases, use uuid@11 (but be aware this version will likely be deprecated in 2028).
Verify	Install dependencies	2026-10-10T11:27:01.7626905Z 
Verify	Install dependencies	2026-10-10T11:27:01.7649974Z added 1067 packages, and audited 1068 packages in 11s
Verify	Install dependencies	2026-10-10T11:27:01.7668910Z 
Verify	Install dependencies	2026-10-10T11:27:01.7669601Z 180 packages are looking for funding
Verify	Install dependencies	2026-10-10T11:27:01.7670226Z   run `npm fund` for details
Verify	Install dependencies	2026-10-10T11:27:01.8680027Z 
Verify	Install dependencies	2026-10-10T11:27:01.8681110Z 65 vulnerabilities (16 moderate, 49 high)
Verify	Install dependencies	2026-10-10T11:27:01.8681428Z 
Verify	Install dependencies	2026-10-10T11:27:01.8682025Z To address all issues (including breaking changes), run:
Verify	Install dependencies	2026-10-10T11:27:01.8682377Z   npm audit fix --force
Verify	Install dependencies	2026-10-10T11:27:01.8682561Z 
Verify	Install dependencies	2026-10-10T11:27:01.8682675Z Run `npm audit` for details.
Verify	Lint	﻿2026-10-10T11:27:01.9780280Z ##[group]Run npm run lint
Verify	Lint	2026-10-10T11:27:01.9780560Z ^[[36;1mnpm run lint^[[0m
Verify	Lint	2026-10-10T11:27:01.9832874Z shell: /usr/bin/bash -e {0}
Verify	Lint	2026-10-10T11:27:01.9833186Z ##[endgroup]
Verify	Lint	2026-10-10T11:27:02.0913812Z 
Verify	Lint	2026-10-10T11:27:02.0914660Z > react-native-starter@1.0.0 lint
Verify	Lint	2026-10-10T11:27:02.0915079Z > eslint . --max-warnings 0
Verify	Lint	2026-10-10T11:27:02.0915225Z 
Verify	Check formatting	﻿2026-10-10T11:27:06.7682837Z ##[group]Run npm run format:check
Verify	Check formatting	2026-10-10T11:27:06.7683040Z ^[[36;1mnpm run format:check^[[0m
Verify	Check formatting	2026-10-10T11:27:06.7734684Z shell: /usr/bin/bash -e {0}
Verify	Check formatting	2026-10-10T11:27:06.7734843Z ##[endgroup]
Verify	Check formatting	2026-10-10T11:27:06.8409227Z 
Verify	Check formatting	2026-10-10T11:27:06.8410012Z > react-native-starter@1.0.0 format:check
Verify	Check formatting	2026-10-10T11:27:06.8410360Z > prettier --check "**/*.{ts,tsx,js,jsx,json,md}"
Verify	Check formatting	2026-10-10T11:27:06.8410486Z 
Verify	Check formatting	2026-10-10T11:27:06.8938648Z Checking formatting...
Verify	Check formatting	2026-10-10T11:27:07.9272962Z All matched files use Prettier code style!
Verify	Type-check	﻿2026-10-10T11:27:07.9547421Z ##[group]Run npm run type-check
Verify	Type-check	2026-10-10T11:27:07.9547627Z ^[[36;1mnpm run type-check^[[0m
Verify	Type-check	2026-10-10T11:27:07.9599957Z shell: /usr/bin/bash -e {0}
Verify	Type-check	2026-10-10T11:27:07.9600120Z ##[endgroup]
Verify	Type-check	2026-10-10T11:27:08.0253049Z 
Verify	Type-check	2026-10-10T11:27:08.0253872Z > react-native-starter@1.0.0 type-check
Verify	Type-check	2026-10-10T11:27:08.0254217Z > tsc --noEmit
Verify	Type-check	2026-10-10T11:27:08.0254359Z 
Verify	Run Jest tests	﻿2026-10-10T11:27:09.9375571Z ##[group]Run npm run test:ci
Verify	Run Jest tests	2026-10-10T11:27:09.9375871Z ^[[36;1mnpm run test:ci^[[0m
Verify	Run Jest tests	2026-10-10T11:27:09.9431454Z shell: /usr/bin/bash -e {0}
Verify	Run Jest tests	2026-10-10T11:27:09.9431624Z ##[endgroup]
Verify	Run Jest tests	2026-10-10T11:27:10.1230833Z 
Verify	Run Jest tests	2026-10-10T11:27:10.1231513Z > react-native-starter@1.0.0 test:ci
Verify	Run Jest tests	2026-10-10T11:27:10.1231769Z > jest --coverage
Verify	Run Jest tests	2026-10-10T11:27:10.1231858Z 
Verify	Run Jest tests	2026-10-10T11:27:13.2809881Z PASS __tests__/shared/lib/logger.test.ts
Verify	Run Jest tests	2026-10-10T11:27:18.0058401Z PASS __tests__/scripts/initProject.test.ts (7.271 s)
Verify	Run Jest tests	2026-10-10T11:27:18.3320217Z PASS __tests__/shared/session/authService.test.ts
Verify	Run Jest tests	2026-10-10T11:27:18.4851114Z PASS __tests__/shared/config/env.test.ts
Verify	Run Jest tests	2026-10-10T11:27:19.3013591Z PASS __tests__/shared/lib/useFetch.test.tsx
Verify	Run Jest tests	2026-10-10T11:27:19.4836206Z PASS __tests__/shared/http/api.test.ts
Verify	Run Jest tests	2026-10-10T11:27:19.4960302Z   ● Console
Verify	Run Jest tests	2026-10-10T11:27:19.5009030Z 
Verify	Run Jest tests	2026-10-10T11:27:19.5009949Z     console.warn
Verify	Run Jest tests	2026-10-10T11:27:19.5039400Z       API request failed: server (503)
Verify	Run Jest tests	2026-10-10T11:27:19.5068680Z 
Verify	Run Jest tests	2026-10-10T11:27:19.5071580Z     ^[[0m ^[[90m 129 |^[[39m     ^[[36mconst^[[39m args ^[[33m=^[[39m [message^[[33m,^[[39m ^[[33m...^[[39mdetails^[[33m.^[[39mfilter(item ^[[33m=>^[[39m item ^[[33m!==^[[39m undefined)]^[[33m;^[[39m
Verify	Run Jest tests	2026-10-10T11:27:19.5099891Z      ^[[90m 130 |^[[39m     ^[[36mif^[[39m (level ^[[33m===^[[39m ^[[32m'error'^[[39m) console^[[33m.^[[39merror(^[[33m...^[[39margs)^[[33m;^[[39m
Verify	Run Jest tests	2026-10-10T11:27:19.5129932Z     ^[[31m^[[1m>^[[22m^[[39m^[[90m 131 |^[[39m     ^[[36melse^[[39m ^[[36mif^[[39m (level ^[[33m===^[[39m ^[[32m'warn'^[[39m) console^[[33m.^[[39mwarn(^[[33m...^[[39margs)^[[33m;^[[39m
Verify	Run Jest tests	2026-10-10T11:27:19.5149907Z      ^[[90m     |^[[39m                                        ^[[31m^[[1m^^[[22m^[[39m
Verify	Run Jest tests	2026-10-10T11:27:19.5179503Z      ^[[90m 132 |^[[39m     ^[[36melse^[[39m ^[[36mif^[[39m (level ^[[33m===^[[39m ^[[32m'info'^[[39m) console^[[33m.^[[39minfo(^[[33m...^[[39margs)^[[33m;^[[39m
Verify	Run Jest tests	2026-10-10T11:27:19.5209335Z      ^[[90m 133 |^[[39m     ^[[36melse^[[39m console^[[33m.^[[39mdebug(^[[33m...^[[39margs)^[[33m;^[[39m
Verify	Run Jest tests	2026-10-10T11:27:19.5238912Z      ^[[90m 134 |^[[39m   }^[[33m;^[[39m^[[0m
Verify	Run Jest tests	2026-10-10T11:27:19.5239324Z 
Verify	Run Jest tests	2026-10-10T11:27:19.5239587Z       at warn (shared/lib/logger.ts:131:40)
Verify	Run Jest tests	2026-10-10T11:27:19.5239991Z       at Object.write [as warn] (shared/lib/logger.ts:142:33)
Verify	Run Jest tests	2026-10-10T11:27:19.5240344Z       at warn (shared/http/httpClient.ts:139:12)
Verify	Run Jest tests	2026-10-10T11:27:19.5240826Z       at asyncGeneratorStep (node_modules/@babel/runtime/helpers/asyncToGenerator.js:3:17)
Verify	Run Jest tests	2026-10-10T11:27:19.5241379Z       at _next (node_modules/@babel/runtime/helpers/asyncToGenerator.js:17:9)
Verify	Run Jest tests	2026-10-10T11:27:19.5241820Z       at node_modules/@babel/runtime/helpers/asyncToGenerator.js:22:7
Verify	Run Jest tests	2026-10-10T11:27:19.5242264Z       at node_modules/@babel/runtime/helpers/asyncToGenerator.js:14:12
Verify	Run Jest tests	2026-10-10T11:27:19.5242650Z       at apply (shared/http/httpClient.ts:145:4)
Verify	Run Jest tests	2026-10-10T11:27:19.5243063Z       at Axios.request (node_modules/axios/dist/browser/axios.cjs:5245:14)
Verify	Run Jest tests	2026-10-10T11:27:19.5243667Z 
Verify	Run Jest tests	2026-10-10T11:27:23.6553500Z PASS __tests__/shared/http/httpClient.test.ts (12.571 s)
Verify	Run Jest tests	2026-10-10T11:27:25.1093114Z PASS __tests__/shared/ui/ErrorBoundary.test.tsx (11.813 s)
Verify	Run Jest tests	2026-10-10T11:27:25.1288732Z   ● Console
Verify	Run Jest tests	2026-10-10T11:27:25.1302716Z 
Verify	Run Jest tests	2026-10-10T11:27:25.1303213Z     console.debug
Verify	Run Jest tests	2026-10-10T11:27:25.1303760Z       [analytics] screen /boom
Verify	Run Jest tests	2026-10-10T11:27:25.1304087Z 
Verify	Run Jest tests	2026-10-10T11:27:25.1304364Z       at debug (shared/lib/logger.ts:133:18)
Verify	Run Jest tests	2026-10-10T11:27:25.1304692Z 
Verify	Run Jest tests	2026-10-10T11:27:25.1305074Z     console.debug
Verify	Run Jest tests	2026-10-10T11:27:25.1305494Z       [analytics] screen /
Verify	Run Jest tests	2026-10-10T11:27:25.1342240Z 
Verify	Run Jest tests	2026-10-10T11:27:25.1342736Z       at debug (shared/lib/logger.ts:133:18)
Verify	Run Jest tests	2026-10-10T11:27:25.1343111Z 
Verify	Run Jest tests	2026-10-10T11:27:25.1343349Z     console.debug
Verify	Run Jest tests	2026-10-10T11:27:25.1343699Z       [analytics] screen /
Verify	Run Jest tests	2026-10-10T11:27:25.1343983Z 
Verify	Run Jest tests	2026-10-10T11:27:25.1344259Z       at debug (shared/lib/logger.ts:133:18)
Verify	Run Jest tests	2026-10-10T11:27:25.1344629Z 
Verify	Run Jest tests	2026-10-10T11:27:25.1344856Z     console.debug
Verify	Run Jest tests	2026-10-10T11:27:25.1345221Z       [analytics] screen /boom
Verify	Run Jest tests	2026-10-10T11:27:25.1345510Z 
Verify	Run Jest tests	2026-10-10T11:27:25.1345769Z       at debug (shared/lib/logger.ts:133:18)
Verify	Run Jest tests	2026-10-10T11:27:25.1346658Z 
Verify	Run Jest tests	2026-10-10T11:27:25.1347303Z     console.debug
Verify	Run Jest tests	2026-10-10T11:27:25.1347678Z       [analytics] screen /
Verify	Run Jest tests	2026-10-10T11:27:25.1361847Z 
Verify	Run Jest tests	2026-10-10T11:27:25.1362231Z       at debug (shared/lib/logger.ts:133:18)
Verify	Run Jest tests	2026-10-10T11:27:25.1362577Z 
Verify	Run Jest tests	2026-10-10T11:27:25.1362815Z     console.debug
Verify	Run Jest tests	2026-10-10T11:27:25.1363160Z       [analytics] screen /
Verify	Run Jest tests	2026-10-10T11:27:25.1363444Z 
Verify	Run Jest tests	2026-10-10T11:27:25.1363712Z       at debug (shared/lib/logger.ts:133:18)
Verify	Run Jest tests	2026-10-10T11:27:25.1364034Z 
Verify	Run Jest tests	2026-10-10T11:27:25.1364258Z     console.debug
Verify	Run Jest tests	2026-10-10T11:27:25.1364609Z       [analytics] screen /boom
Verify	Run Jest tests	2026-10-10T11:27:25.1364900Z 
Verify	Run Jest tests	2026-10-10T11:27:25.1365163Z       at debug (shared/lib/logger.ts:133:18)
Verify	Run Jest tests	2026-10-10T11:27:25.1365473Z 
Verify	Run Jest tests	2026-10-10T11:27:25.1365697Z     console.debug
Verify	Run Jest tests	2026-10-10T11:27:25.1366044Z       [analytics] screen /
Verify	Run Jest tests	2026-10-10T11:27:25.1366320Z 
Verify	Run Jest tests	2026-10-10T11:27:25.1366582Z       at debug (shared/lib/logger.ts:133:18)
Verify	Run Jest tests	2026-10-10T11:27:25.1366905Z 
Verify	Run Jest tests	2026-10-10T11:27:25.1367123Z     console.debug
Verify	Run Jest tests	2026-10-10T11:27:25.1367476Z       [analytics] screen /boom
Verify	Run Jest tests	2026-10-10T11:27:25.1367757Z 
Verify	Run Jest tests	2026-10-10T11:27:25.1368016Z       at debug (shared/lib/logger.ts:133:18)
Verify	Run Jest tests	2026-10-10T11:27:25.1368453Z 
Verify	Run Jest tests	2026-10-10T11:27:25.1368672Z     console.debug
Verify	Run Jest tests	2026-10-10T11:27:25.1369005Z       [analytics] screen /
Verify	Run Jest tests	2026-10-10T11:27:25.1369279Z 
Verify	Run Jest tests	2026-10-10T11:27:25.1369532Z       at debug (shared/lib/logger.ts:133:18)
Verify	Run Jest tests	2026-10-10T11:27:25.1369842Z 
Verify	Run Jest tests	2026-10-10T11:27:25.1370059Z     console.debug
Verify	Run Jest tests	2026-10-10T11:27:25.1370407Z       [analytics] screen /boom
Verify	Run Jest tests	2026-10-10T11:27:25.1370689Z 
Verify	Run Jest tests	2026-10-10T11:27:25.1370946Z       at debug (shared/lib/logger.ts:133:18)
Verify	Run Jest tests	2026-10-10T11:27:25.1371260Z 
Verify	Run Jest tests	2026-10-10T11:27:25.2903295Z PASS __tests__/shared/session/tokenStore.test.tsx (5.779 s)
Verify	Run Jest tests	2026-10-10T11:27:25.2961565Z   ● Console
Verify	Run Jest tests	2026-10-10T11:27:25.2962023Z 
Verify	Run Jest tests	2026-10-10T11:27:25.2962241Z     console.debug
Verify	Run Jest tests	2026-10-10T11:27:25.2962610Z       [analytics] screen /login
Verify	Run Jest tests	2026-10-10T11:27:25.2962881Z 
Verify	Run Jest tests	2026-10-10T11:27:25.2963149Z       at debug (shared/lib/logger.ts:133:18)
Verify	Run Jest tests	2026-10-10T11:27:25.2963448Z 
Verify	Run Jest tests	2026-10-10T11:27:25.2963642Z     console.debug
Verify	Run Jest tests	2026-10-10T11:27:25.2963937Z       [analytics] screen /
Verify	Run Jest tests	2026-10-10T11:27:25.2964184Z 
Verify	Run Jest tests	2026-10-10T11:27:25.2964414Z       at debug (shared/lib/logger.ts:133:18)
Verify	Run Jest tests	2026-10-10T11:27:25.2964699Z 
Verify	Run Jest tests	2026-10-10T11:27:25.2964890Z     console.debug
Verify	Run Jest tests	2026-10-10T11:27:25.2965204Z       [analytics] screen /login
Verify	Run Jest tests	2026-10-10T11:27:25.2965465Z 
Verify	Run Jest tests	2026-10-10T11:27:25.2965704Z       at debug (shared/lib/logger.ts:133:18)
Verify	Run Jest tests	2026-10-10T11:27:25.2965980Z 
Verify	Run Jest tests	2026-10-10T11:27:25.2966171Z     console.debug
Verify	Run Jest tests	2026-10-10T11:27:25.2966469Z       [analytics] screen /
Verify	Run Jest tests	2026-10-10T11:27:25.2966713Z 
Verify	Run Jest tests	2026-10-10T11:27:25.2966935Z       at debug (shared/lib/logger.ts:133:18)
Verify	Run Jest tests	2026-10-10T11:27:25.2967216Z 
Verify	Run Jest tests	2026-10-10T11:27:25.2967405Z     console.debug
Verify	Run Jest tests	2026-10-10T11:27:25.2968139Z       [analytics] screen /
Verify	Run Jest tests	2026-10-10T11:27:25.2968617Z 
Verify	Run Jest tests	2026-10-10T11:27:25.2968859Z       at debug (shared/lib/logger.ts:133:18)
Verify	Run Jest tests	2026-10-10T11:27:25.2969152Z 
Verify	Run Jest tests	2026-10-10T11:27:25.5906608Z PASS __tests__/features/auth/LoginScreen.test.tsx
Verify	Run Jest tests	2026-10-10T11:27:25.5954239Z   ● Console
Verify	Run Jest tests	2026-10-10T11:27:25.5956329Z 
Verify	Run Jest tests	2026-10-10T11:27:25.5956643Z     console.error
Verify	Run Jest tests	2026-10-10T11:27:25.5957109Z       An update to SessionProvider inside a test was not wrapped in act(...).
Verify	Run Jest tests	2026-10-10T11:27:25.5957536Z       
Verify	Run Jest tests	2026-10-10T11:27:25.5957969Z       When testing, code that causes React state updates should be wrapped into act(...):
Verify	Run Jest tests	2026-10-10T11:27:25.5958557Z       
Verify	Run Jest tests	2026-10-10T11:27:25.5958802Z       act(() => {
Verify	Run Jest tests	2026-10-10T11:27:25.5959112Z         /* fire events that update state */
Verify	Run Jest tests	2026-10-10T11:27:25.5959440Z       });
Verify	Run Jest tests	2026-10-10T11:27:25.5959722Z       /* assert on the output */
Verify	Run Jest tests	2026-10-10T11:27:25.5960012Z       
Verify	Run Jest tests	2026-10-10T11:27:25.5960591Z       This ensures that you're testing the behavior the user would see in the browser. Learn more at https://react.dev/link/wrap-tests-with-act
Verify	Run Jest tests	2026-10-10T11:27:25.5961178Z 
Verify	Run Jest tests	2026-10-10T11:27:25.5961601Z     ^[[0m ^[[90m 86 |^[[39m     readStoredSession()^[[33m.^[[39mthen(restored ^[[33m=>^[[39m {
Verify	Run Jest tests	2026-10-10T11:27:25.5962866Z      ^[[90m 87 |^[[39m       ^[[36mif^[[39m (^[[33m!^[[39mchangedRef^[[33m.^[[39mcurrent ^[[33m&&^[[39m isMountedRef^[[33m.^[[39mcurrent) {
Verify	Run Jest tests	2026-10-10T11:27:25.5963549Z     ^[[31m^[[1m>^[[22m^[[39m^[[90m 88 |^[[39m         setSession(restored)^[[33m;^[[39m
Verify	Run Jest tests	2026-10-10T11:27:25.5964013Z      ^[[90m    |^[[39m         ^[[31m^[[1m^^[[22m^[[39m
Verify	Run Jest tests	2026-10-10T11:27:25.5964356Z      ^[[90m 89 |^[[39m       }
Verify	Run Jest tests	2026-10-10T11:27:25.5964699Z      ^[[90m 90 |^[[39m     })^[[33m;^[[39m
Verify	Run Jest tests	2026-10-10T11:27:25.5965222Z      ^[[90m 91 |^[[39m     ^[[90m// The HTTP client has already cleared the stored session.^[[39m^[[0m
Verify	Run Jest tests	2026-10-10T11:27:25.5965583Z 
Verify	Run Jest tests	2026-10-10T11:27:25.5965927Z       at node_modules/react-test-renderer/cjs/react-test-renderer.development.js:14402:19
Verify	Run Jest tests	2026-10-10T11:27:25.5966630Z       at runWithFiberInDEV (node_modules/react-test-renderer/cjs/react-test-renderer.development.js:2315:13)
Verify	Run Jest tests	2026-10-10T11:27:25.5967510Z       at warnIfUpdatesNotWrappedWithActDEV (node_modules/react-test-renderer/cjs/react-test-renderer.development.js:14401:9)
Verify	Run Jest tests	2026-10-10T11:27:25.5968501Z       at scheduleUpdateOnFiber (node_modules/react-test-renderer/cjs/react-test-renderer.development.js:12086:9)
Verify	Run Jest tests	2026-10-10T11:27:25.5979345Z       at dispatchSetStateInternal (node_modules/react-test-renderer/cjs/react-test-renderer.development.js:6208:13)
Verify	Run Jest tests	2026-10-10T11:27:25.5980177Z       at dispatchSetState (node_modules/react-test-renderer/cjs/react-test-renderer.development.js:6165:7)
Verify	Run Jest tests	2026-10-10T11:27:25.5980832Z       at setSession (shared/session/SessionProvider.tsx:88:9)
Verify	Run Jest tests	2026-10-10T11:27:25.5981036Z 
Verify	Run Jest tests	2026-10-10T11:27:25.5981120Z     console.error
Verify	Run Jest tests	2026-10-10T11:27:25.5981532Z       An update to SessionProvider inside a test was not wrapped in act(...).
Verify	Run Jest tests	2026-10-10T11:27:25.5981826Z       
Verify	Run Jest tests	2026-10-10T11:27:25.5999222Z       When testing, code that causes React state updates should be wrapped into act(...):
Verify	Run Jest tests	2026-10-10T11:27:25.6000042Z       
Verify	Run Jest tests	2026-10-10T11:27:25.6000198Z       act(() => {
Verify	Run Jest tests	2026-10-10T11:27:25.6000367Z         /* fire events that update state */
Verify	Run Jest tests	2026-10-10T11:27:25.6000523Z       });
Verify	Run Jest tests	2026-10-10T11:27:25.6000647Z       /* assert on the output */
Verify	Run Jest tests	2026-10-10T11:27:25.6000780Z       
Verify	Run Jest tests	2026-10-10T11:27:25.6001091Z       This ensures that you're testing the behavior the user would see in the browser. Learn more at https://react.dev/link/wrap-tests-with-act
Verify	Run Jest tests	2026-10-10T11:27:25.6001349Z 
Verify	Run Jest tests	2026-10-10T11:27:25.6001591Z     ^[[0m ^[[90m 86 |^[[39m     readStoredSession()^[[33m.^[[39mthen(restored ^[[33m=>^[[39m {
Verify	Run Jest tests	2026-10-10T11:27:25.6001981Z      ^[[90m 87 |^[[39m       ^[[36mif^[[39m (^[[33m!^[[39mchangedRef^[[33m.^[[39mcurrent ^[[33m&&^[[39m isMountedRef^[[33m.^[[39mcurrent) {
Verify	Run Jest tests	2026-10-10T11:27:25.6002356Z     ^[[31m^[[1m>^[[22m^[[39m^[[90m 88 |^[[39m         setSession(restored)^[[33m;^[[39m
Verify	Run Jest tests	2026-10-10T11:27:25.6020158Z      ^[[90m    |^[[39m         ^[[31m^[[1m^^[[22m^[[39m
Verify	Run Jest tests	2026-10-10T11:27:25.6020829Z      ^[[90m 89 |^[[39m       }
Verify	Run Jest tests	2026-10-10T11:27:25.6021085Z      ^[[90m 90 |^[[39m     })^[[33m;^[[39m
Verify	Run Jest tests	2026-10-10T11:27:25.6024125Z      ^[[90m 91 |^[[39m     ^[[90m// The HTTP client has already cleared the stored session.^[[39m^[[0m
Verify	Run Jest tests	2026-10-10T11:27:25.6024329Z 
Verify	Run Jest tests	2026-10-10T11:27:25.6024523Z       at node_modules/react-test-renderer/cjs/react-test-renderer.development.js:14402:19
Verify	Run Jest tests	2026-10-10T11:27:25.6024909Z       at runWithFiberInDEV (node_modules/react-test-renderer/cjs/react-test-renderer.development.js:2315:13)
Verify	Run Jest tests	2026-10-10T11:27:25.6025359Z       at warnIfUpdatesNotWrappedWithActDEV (node_modules/react-test-renderer/cjs/react-test-renderer.development.js:14401:9)
Verify	Run Jest tests	2026-10-10T11:27:25.6025804Z       at scheduleUpdateOnFiber (node_modules/react-test-renderer/cjs/react-test-renderer.development.js:12086:9)
Verify	Run Jest tests	2026-10-10T11:27:25.6026222Z       at dispatchSetStateInternal (node_modules/react-test-renderer/cjs/react-test-renderer.development.js:6208:13)
Verify	Run Jest tests	2026-10-10T11:27:25.6026633Z       at dispatchSetState (node_modules/react-test-renderer/cjs/react-test-renderer.development.js:6165:7)
Verify	Run Jest tests	2026-10-10T11:27:25.6026937Z       at setSession (shared/session/SessionProvider.tsx:88:9)
Verify	Run Jest tests	2026-10-10T11:27:25.6027261Z 
Verify	Run Jest tests	2026-10-10T11:27:25.7289673Z PASS __tests__/shared/integrations/seams.test.ts
Verify	Run Jest tests	2026-10-10T11:27:25.8589610Z PASS __tests__/app/sessionRoutes.test.tsx
Verify	Run Jest tests	2026-10-10T11:27:25.8793813Z   ● Console
Verify	Run Jest tests	2026-10-10T11:27:25.8794255Z 
Verify	Run Jest tests	2026-10-10T11:27:25.8794611Z     console.debug
Verify	Run Jest tests	2026-10-10T11:27:25.8795007Z       [analytics] screen /profile
Verify	Run Jest tests	2026-10-10T11:27:25.8795304Z 
Verify	Run Jest tests	2026-10-10T11:27:25.8795554Z       at debug (shared/lib/logger.ts:133:18)
Verify	Run Jest tests	2026-10-10T11:27:25.8795850Z 
Verify	Run Jest tests	2026-10-10T11:27:25.8796055Z     console.debug
Verify	Run Jest tests	2026-10-10T11:27:25.8796397Z       [analytics] screen /profile
Verify	Run Jest tests	2026-10-10T11:27:25.8796672Z 
Verify	Run Jest tests	2026-10-10T11:27:25.8796908Z       at debug (shared/lib/logger.ts:133:18)
Verify	Run Jest tests	2026-10-10T11:27:25.8797196Z 
Verify	Run Jest tests	2026-10-10T11:27:25.8797388Z     console.debug
Verify	Run Jest tests	2026-10-10T11:27:25.8797704Z       [analytics] screen /
Verify	Run Jest tests	2026-10-10T11:27:25.8798000Z 
Verify	Run Jest tests	2026-10-10T11:27:25.8798234Z       at debug (shared/lib/logger.ts:133:18)
Verify	Run Jest tests	2026-10-10T11:27:25.8798677Z 
Verify	Run Jest tests	2026-10-10T11:27:25.8798891Z     console.debug
Verify	Run Jest tests	2026-10-10T11:27:25.8799216Z       [analytics] screen /login
Verify	Run Jest tests	2026-10-10T11:27:25.8799472Z 
Verify	Run Jest tests	2026-10-10T11:27:25.8799704Z       at debug (shared/lib/logger.ts:133:18)
Verify	Run Jest tests	2026-10-10T11:27:25.8799981Z 
Verify	Run Jest tests	2026-10-10T11:27:25.8800173Z     console.debug
Verify	Run Jest tests	2026-10-10T11:27:25.8800477Z       [analytics] screen /
Verify	Run Jest tests	2026-10-10T11:27:25.8800720Z 
Verify	Run Jest tests	2026-10-10T11:27:25.8800954Z       at debug (shared/lib/logger.ts:133:18)
Verify	Run Jest tests	2026-10-10T11:27:25.8801234Z 
Verify	Run Jest tests	2026-10-10T11:27:25.8801424Z     console.debug
Verify	Run Jest tests	2026-10-10T11:27:25.8801743Z       [analytics] screen /login
Verify	Run Jest tests	2026-10-10T11:27:25.8801998Z 
Verify	Run Jest tests	2026-10-10T11:27:25.8802232Z       at debug (shared/lib/logger.ts:133:18)
Verify	Run Jest tests	2026-10-10T11:27:25.8802509Z 
Verify	Run Jest tests	2026-10-10T11:27:25.8802704Z     console.debug
Verify	Run Jest tests	2026-10-10T11:27:25.8803009Z       [analytics] screen /
Verify	Run Jest tests	2026-10-10T11:27:25.8803259Z 
Verify	Run Jest tests	2026-10-10T11:27:25.8803504Z       at debug (shared/lib/logger.ts:133:18)
Verify	Run Jest tests	2026-10-10T11:27:25.8803788Z 
Verify	Run Jest tests	2026-10-10T11:27:25.8803976Z     console.debug
Verify	Run Jest tests	2026-10-10T11:27:25.8804303Z       [analytics] screen /profile
Verify	Run Jest tests	2026-10-10T11:27:25.8804587Z 
Verify	Run Jest tests	2026-10-10T11:27:25.8804829Z       at debug (shared/lib/logger.ts:133:18)
Verify	Run Jest tests	2026-10-10T11:27:25.8805112Z 
Verify	Run Jest tests	2026-10-10T11:27:25.8805310Z     console.debug
Verify	Run Jest tests	2026-10-10T11:27:25.8805618Z       [analytics] screen /
Verify	Run Jest tests	2026-10-10T11:27:25.8805868Z 
Verify	Run Jest tests	2026-10-10T11:27:25.8806101Z       at debug (shared/lib/logger.ts:133:18)
Verify	Run Jest tests	2026-10-10T11:27:25.8806396Z 
Verify	Run Jest tests	2026-10-10T11:27:25.8806585Z     console.debug
Verify	Run Jest tests	2026-10-10T11:27:25.8806905Z       [analytics] screen /profile
Verify	Run Jest tests	2026-10-10T11:27:25.8807171Z 
Verify	Run Jest tests	2026-10-10T11:27:25.8807406Z       at debug (shared/lib/logger.ts:133:18)
Verify	Run Jest tests	2026-10-10T11:27:25.8807677Z 
Verify	Run Jest tests	2026-10-10T11:27:25.8807874Z     console.debug
Verify	Run Jest tests	2026-10-10T11:27:25.8808180Z       [analytics] screen /
Verify	Run Jest tests	2026-10-10T11:27:25.8808631Z 
Verify	Run Jest tests	2026-10-10T11:27:25.8808878Z       at debug (shared/lib/logger.ts:133:18)
Verify	Run Jest tests	2026-10-10T11:27:25.8809620Z 
Verify	Run Jest tests	2026-10-10T11:27:25.8809811Z     console.debug
Verify	Run Jest tests	2026-10-10T11:27:25.8810138Z       [analytics] screen /profile
Verify	Run Jest tests	2026-10-10T11:27:25.8810418Z 
Verify	Run Jest tests	2026-10-10T11:27:25.8810654Z       at debug (shared/lib/logger.ts:133:18)
Verify	Run Jest tests	2026-10-10T11:27:25.8810935Z 
Verify	Run Jest tests	2026-10-10T11:27:25.8811125Z     console.debug
Verify	Run Jest tests	2026-10-10T11:27:25.8811442Z       [analytics] screen /
Verify	Run Jest tests	2026-10-10T11:27:25.8811690Z 
Verify	Run Jest tests	2026-10-10T11:27:25.8811922Z       at debug (shared/lib/logger.ts:133:18)
Verify	Run Jest tests	2026-10-10T11:27:25.8812205Z 
Verify	Run Jest tests	2026-10-10T11:27:25.8812398Z     console.debug
Verify	Run Jest tests	2026-10-10T11:27:25.8812720Z       [analytics] screen /profile
Verify	Run Jest tests	2026-10-10T11:27:25.8812991Z 
Verify	Run Jest tests	2026-10-10T11:27:25.8813219Z       at debug (shared/lib/logger.ts:133:18)
Verify	Run Jest tests	2026-10-10T11:27:25.8813510Z 
Verify	Run Jest tests	2026-10-10T11:27:25.8813704Z     console.debug
Verify	Run Jest tests	2026-10-10T11:27:25.8814008Z       [analytics] screen /
Verify	Run Jest tests	2026-10-10T11:27:25.8814254Z 
Verify	Run Jest tests	2026-10-10T11:27:25.8814484Z       at debug (shared/lib/logger.ts:133:18)
Verify	Run Jest tests	2026-10-10T11:27:25.8814759Z 
Verify	Run Jest tests	2026-10-10T11:27:25.8814952Z     console.debug
Verify	Run Jest tests	2026-10-10T11:27:25.8815263Z       [analytics] screen /
Verify	Run Jest tests	2026-10-10T11:27:25.8815512Z 
Verify	Run Jest tests	2026-10-10T11:27:25.8815744Z       at debug (shared/lib/logger.ts:133:18)
Verify	Run Jest tests	2026-10-10T11:27:25.8816264Z 
Verify	Run Jest tests	2026-10-10T11:27:25.8816455Z     console.debug
Verify	Run Jest tests	2026-10-10T11:27:25.8816780Z       [analytics] screen /profile
Verify	Run Jest tests	2026-10-10T11:27:25.8817036Z 
Verify	Run Jest tests	2026-10-10T11:27:25.8817273Z       at debug (shared/lib/logger.ts:133:18)
Verify	Run Jest tests	2026-10-10T11:27:25.8817564Z 
Verify	Run Jest tests	2026-10-10T11:27:25.8817757Z     console.debug
Verify	Run Jest tests	2026-10-10T11:27:25.8818054Z       [analytics] screen /
Verify	Run Jest tests	2026-10-10T11:27:25.8818419Z 
Verify	Run Jest tests	2026-10-10T11:27:25.8818655Z       at debug (shared/lib/logger.ts:133:18)
Verify	Run Jest tests	2026-10-10T11:27:25.8818938Z 
Verify	Run Jest tests	2026-10-10T11:27:25.8819130Z     console.debug
Verify	Run Jest tests	2026-10-10T11:27:25.8819459Z       [analytics] screen /profile
Verify	Run Jest tests	2026-10-10T11:27:25.8819727Z 
Verify	Run Jest tests	2026-10-10T11:27:25.8819959Z       at debug (shared/lib/logger.ts:133:18)
Verify	Run Jest tests	2026-10-10T11:27:25.8820230Z 
Verify	Run Jest tests	2026-10-10T11:27:25.9664485Z PASS __tests__/app/appConfig.test.ts
Verify	Run Jest tests	2026-10-10T11:27:25.9929605Z PASS __tests__/features/home/HomeScreen.test.tsx
Verify	Run Jest tests	2026-10-10T11:27:26.0414352Z PASS __tests__/shared/storage/storage.test.ts
Verify	Run Jest tests	2026-10-10T11:27:26.0879511Z PASS __tests__/features/demo-auth/dummyJsonAdapter.test.ts
Verify	Run Jest tests	2026-10-10T11:27:26.2969747Z PASS __tests__/features/demo-todos/TodosScreen.test.tsx
Verify	Run Jest tests	2026-10-10T11:27:26.2989537Z   ● Console
Verify	Run Jest tests	2026-10-10T11:27:26.2999867Z 
Verify	Run Jest tests	2026-10-10T11:27:26.3000381Z     console.warn
Verify	Run Jest tests	2026-10-10T11:27:26.3000777Z       API GET /todos failed: server (503)
Verify	Run Jest tests	2026-10-10T11:27:26.3001075Z 
Verify	Run Jest tests	2026-10-10T11:27:26.3001830Z     ^[[0m ^[[90m 129 |^[[39m     ^[[36mconst^[[39m args ^[[33m=^[[39m [message^[[33m,^[[39m ^[[33m...^[[39mdetails^[[33m.^[[39mfilter(item ^[[33m=>^[[39m item ^[[33m!==^[[39m undefined)]^[[33m;^[[39m
Verify	Run Jest tests	2026-10-10T11:27:26.3002801Z      ^[[90m 130 |^[[39m     ^[[36mif^[[39m (level ^[[33m===^[[39m ^[[32m'error'^[[39m) console^[[33m.^[[39merror(^[[33m...^[[39margs)^[[33m;^[[39m
Verify	Run Jest tests	2026-10-10T11:27:26.3003701Z     ^[[31m^[[1m>^[[22m^[[39m^[[90m 131 |^[[39m     ^[[36melse^[[39m ^[[36mif^[[39m (level ^[[33m===^[[39m ^[[32m'warn'^[[39m) console^[[33m.^[[39mwarn(^[[33m...^[[39margs)^[[33m;^[[39m
Verify	Run Jest tests	2026-10-10T11:27:26.3004468Z      ^[[90m     |^[[39m                                        ^[[31m^[[1m^^[[22m^[[39m
Verify	Run Jest tests	2026-10-10T11:27:26.3005208Z      ^[[90m 132 |^[[39m     ^[[36melse^[[39m ^[[36mif^[[39m (level ^[[33m===^[[39m ^[[32m'info'^[[39m) console^[[33m.^[[39minfo(^[[33m...^[[39margs)^[[33m;^[[39m
Verify	Run Jest tests	2026-10-10T11:27:26.3005985Z      ^[[90m 133 |^[[39m     ^[[36melse^[[39m console^[[33m.^[[39mdebug(^[[33m...^[[39margs)^[[33m;^[[39m
Verify	Run Jest tests	2026-10-10T11:27:26.3006529Z      ^[[90m 134 |^[[39m   }^[[33m;^[[39m^[[0m
Verify	Run Jest tests	2026-10-10T11:27:26.3006819Z 
Verify	Run Jest tests	2026-10-10T11:27:26.3007054Z       at warn (shared/lib/logger.ts:131:40)
Verify	Run Jest tests	2026-10-10T11:27:26.3007521Z       at Object.write [as warn] (shared/lib/logger.ts:142:33)
Verify	Run Jest tests	2026-10-10T11:27:26.3007986Z       at warn (shared/http/httpClient.ts:139:12)
Verify	Run Jest tests	2026-10-10T11:27:26.3008688Z       at asyncGeneratorStep (node_modules/@babel/runtime/helpers/asyncToGenerator.js:3:17)
Verify	Run Jest tests	2026-10-10T11:27:26.3009298Z       at _next (node_modules/@babel/runtime/helpers/asyncToGenerator.js:17:9)
Verify	Run Jest tests	2026-10-10T11:27:26.3010253Z       at node_modules/@babel/runtime/helpers/asyncToGenerator.js:22:7
Verify	Run Jest tests	2026-10-10T11:27:26.3010769Z       at node_modules/@babel/runtime/helpers/asyncToGenerator.js:14:12
Verify	Run Jest tests	2026-10-10T11:27:26.3011271Z       at apply (shared/http/httpClient.ts:145:4)
Verify	Run Jest tests	2026-10-10T11:27:26.3011774Z       at Axios.request (node_modules/axios/dist/browser/axios.cjs:5245:14)
Verify	Run Jest tests	2026-10-10T11:27:26.3012119Z 
Verify	Run Jest tests	2026-10-10T11:27:26.3703715Z PASS __tests__/shared/ui/theme.test.ts
Verify	Run Jest tests	2026-10-10T11:27:26.5504319Z PASS __tests__/shared/integrations/i18n.test.tsx
Verify	Run Jest tests	2026-10-10T11:27:26.5531545Z   ● Console
Verify	Run Jest tests	2026-10-10T11:27:26.5531856Z 
Verify	Run Jest tests	2026-10-10T11:27:26.5532079Z     console.debug
Verify	Run Jest tests	2026-10-10T11:27:26.5532429Z       [analytics] screen /
Verify	Run Jest tests	2026-10-10T11:27:26.5532688Z 
Verify	Run Jest tests	2026-10-10T11:27:26.5532937Z       at debug (shared/lib/logger.ts:133:18)
Verify	Run Jest tests	2026-10-10T11:27:26.5533241Z 
Verify	Run Jest tests	2026-10-10T11:27:26.5533439Z     console.debug
Verify	Run Jest tests	2026-10-10T11:27:26.5533769Z       [analytics] screen /login
Verify	Run Jest tests	2026-10-10T11:27:26.5534030Z 
Verify	Run Jest tests	2026-10-10T11:27:26.5534322Z       at debug (shared/lib/logger.ts:133:18)
Verify	Run Jest tests	2026-10-10T11:27:26.5534616Z 
Verify	Run Jest tests	2026-10-10T11:27:26.7609614Z PASS __tests__/app/tabBarTheme.test.tsx
Verify	Run Jest tests	2026-10-10T11:27:26.7629556Z   ● Console
Verify	Run Jest tests	2026-10-10T11:27:26.7640018Z 
Verify	Run Jest tests	2026-10-10T11:27:26.7679360Z     console.debug
Verify	Run Jest tests	2026-10-10T11:27:26.7699166Z       [analytics] screen /
Verify	Run Jest tests	2026-10-10T11:27:26.7699519Z 
Verify	Run Jest tests	2026-10-10T11:27:26.7699786Z       at debug (shared/lib/logger.ts:133:18)
Verify	Run Jest tests	2026-10-10T11:27:26.7700107Z 
Verify	Run Jest tests	2026-10-10T11:27:26.7700311Z     console.debug
Verify	Run Jest tests	2026-10-10T11:27:26.7700629Z       [analytics] screen /
Verify	Run Jest tests	2026-10-10T11:27:26.7700881Z 
Verify	Run Jest tests	2026-10-10T11:27:26.7701124Z       at debug (shared/lib/logger.ts:133:18)
Verify	Run Jest tests	2026-10-10T11:27:26.7701414Z 
Verify	Run Jest tests	2026-10-10T11:27:26.9387317Z PASS __tests__/app/initialRoute.test.tsx
Verify	Run Jest tests	2026-10-10T11:27:26.9498128Z   ● Console
Verify	Run Jest tests	2026-10-10T11:27:26.9498798Z 
Verify	Run Jest tests	2026-10-10T11:27:26.9499037Z     console.debug
Verify	Run Jest tests	2026-10-10T11:27:26.9499395Z       [analytics] screen /
Verify	Run Jest tests	2026-10-10T11:27:26.9499672Z 
Verify	Run Jest tests	2026-10-10T11:27:26.9499934Z       at debug (shared/lib/logger.ts:133:18)
Verify	Run Jest tests	2026-10-10T11:27:26.9500282Z 
Verify	Run Jest tests	2026-10-10T11:27:26.9500483Z     console.debug
Verify	Run Jest tests	2026-10-10T11:27:26.9500817Z       [analytics] screen /login
Verify	Run Jest tests	2026-10-10T11:27:26.9501101Z 
Verify	Run Jest tests	2026-10-10T11:27:26.9501341Z       at debug (shared/lib/logger.ts:133:18)
Verify	Run Jest tests	2026-10-10T11:27:26.9501636Z 
Verify	Run Jest tests	2026-10-10T11:27:26.9501827Z     console.debug
Verify	Run Jest tests	2026-10-10T11:27:26.9502157Z       [analytics] screen /login
Verify	Run Jest tests	2026-10-10T11:27:26.9502416Z 
Verify	Run Jest tests	2026-10-10T11:27:26.9502655Z       at debug (shared/lib/logger.ts:133:18)
Verify	Run Jest tests	2026-10-10T11:27:26.9502943Z 
Verify	Run Jest tests	2026-10-10T11:27:26.9503135Z     console.debug
Verify	Run Jest tests	2026-10-10T11:27:26.9503446Z       [analytics] screen /
Verify	Run Jest tests	2026-10-10T11:27:26.9503704Z 
Verify	Run Jest tests	2026-10-10T11:27:26.9503930Z       at debug (shared/lib/logger.ts:133:18)
Verify	Run Jest tests	2026-10-10T11:27:26.9504218Z 
Verify	Run Jest tests	2026-10-10T11:27:26.9520324Z PASS __tests__/shared/ui/LoadingScreen.test.tsx
Verify	Run Jest tests	2026-10-10T11:27:27.0569743Z PASS __tests__/features/demo-auth/DemoCredentialsHint.test.tsx
Verify	Run Jest tests	2026-10-10T11:27:27.4269514Z PASS __tests__/app/configError.test.tsx
Verify	Run Jest tests	2026-10-10T11:27:27.4289112Z   ● Console
Verify	Run Jest tests	2026-10-10T11:27:27.4315450Z 
Verify	Run Jest tests	2026-10-10T11:27:27.4323166Z     console.debug
Verify	Run Jest tests	2026-10-10T11:27:27.4349034Z       [analytics] screen /
Verify	Run Jest tests	2026-10-10T11:27:27.4380022Z 
Verify	Run Jest tests	2026-10-10T11:27:27.4409042Z       at debug (shared/lib/logger.ts:133:18)
Verify	Run Jest tests	2026-10-10T11:27:27.4409431Z 
Verify	Run Jest tests	2026-10-10T11:27:27.5870151Z PASS __tests__/shared/integrations/screenTracking.test.tsx
Verify	Run Jest tests	2026-10-10T11:27:27.5939275Z PASS __tests__/app/statusBar.test.tsx
Verify	Run Jest tests	2026-10-10T11:27:27.5956681Z   ● Console
Verify	Run Jest tests	2026-10-10T11:27:27.5971251Z 
Verify	Run Jest tests	2026-10-10T11:27:27.5971685Z     console.debug
Verify	Run Jest tests	2026-10-10T11:27:27.5971926Z       [analytics] screen /
Verify	Run Jest tests	2026-10-10T11:27:27.5972066Z 
Verify	Run Jest tests	2026-10-10T11:27:27.5972197Z       at debug (shared/lib/logger.ts:133:18)
Verify	Run Jest tests	2026-10-10T11:27:27.5972334Z 
Verify	Run Jest tests	2026-10-10T11:27:27.5972388Z     console.debug
Verify	Run Jest tests	2026-10-10T11:27:27.5972511Z       [analytics] screen /
Verify	Run Jest tests	2026-10-10T11:27:27.5972595Z 
Verify	Run Jest tests	2026-10-10T11:27:27.5972675Z       at debug (shared/lib/logger.ts:133:18)
Verify	Run Jest tests	2026-10-10T11:27:27.5972778Z 
Verify	Run Jest tests	2026-10-10T11:27:27.8639447Z PASS __tests__/features/demo-showcase/ShowcaseScreen.test.tsx
Verify	Run Jest tests	2026-10-10T11:27:28.4297779Z -----------------------------------|---------|----------|---------|---------|-------------------
Verify	Run Jest tests	2026-10-10T11:27:28.4298864Z File                               | % Stmts | % Branch | % Funcs | % Lines | Uncovered Line #s 
Verify	Run Jest tests	2026-10-10T11:27:28.4299388Z -----------------------------------|---------|----------|---------|---------|-------------------
Verify	Run Jest tests	2026-10-10T11:27:28.4302743Z All files                          |   97.31 |    91.28 |   94.55 |   97.49 |                   
Verify	Run Jest tests	2026-10-10T11:27:28.4303202Z  app                               |     100 |      100 |   57.14 |     100 |                   
Verify	Run Jest tests	2026-10-10T11:27:28.4303626Z   _layout.tsx                      |     100 |      100 |   57.14 |     100 |                   
Verify	Run Jest tests	2026-10-10T11:27:28.4304054Z   showcase.tsx                     |       0 |        0 |       0 |       0 |                   
Verify	Run Jest tests	2026-10-10T11:27:28.4304483Z  app/(app)                         |    87.5 |       75 |     100 |     100 |                   
Verify	Run Jest tests	2026-10-10T11:27:28.4304912Z   _layout.tsx                      |    87.5 |       75 |     100 |     100 | 24                
Verify	Run Jest tests	2026-10-10T11:27:28.4305648Z   profile.tsx                      |       0 |        0 |       0 |       0 |                   
Verify	Run Jest tests	2026-10-10T11:27:28.4306084Z  app/(auth)                        |     100 |      100 |     100 |     100 |                   
Verify	Run Jest tests	2026-10-10T11:27:28.4306514Z   _layout.tsx                      |     100 |      100 |     100 |     100 |                   
Verify	Run Jest tests	2026-10-10T11:27:28.4306951Z   login.tsx                        |       0 |        0 |       0 |       0 |                   
Verify	Run Jest tests	2026-10-10T11:27:28.4307361Z  app/(tabs)                        |     100 |      100 |     100 |     100 |                   
Verify	Run Jest tests	2026-10-10T11:27:28.4307780Z   _layout.tsx                      |     100 |      100 |     100 |     100 |                   
Verify	Run Jest tests	2026-10-10T11:27:28.4308196Z   explore.tsx                      |       0 |        0 |       0 |       0 |                   
Verify	Run Jest tests	2026-10-10T11:27:28.4308734Z   index.tsx                        |       0 |        0 |       0 |       0 |                   
Verify	Run Jest tests	2026-10-10T11:27:28.4309178Z  features/auth/screens             |   95.55 |    79.16 |   83.33 |   95.45 |                   
Verify	Run Jest tests	2026-10-10T11:27:28.4309631Z   LoginScreen.tsx                  |    92.3 |       80 |      60 |    92.3 | 132-136           
Verify	Run Jest tests	2026-10-10T11:27:28.4310080Z   ProfileScreen.tsx                |     100 |    78.57 |     100 |     100 | 38,67-72          
Verify	Run Jest tests	2026-10-10T11:27:28.4310544Z  features/demo-auth                |     100 |    91.66 |     100 |     100 |                   
Verify	Run Jest tests	2026-10-10T11:27:28.4311011Z   DemoCredentialsHint.tsx          |     100 |      100 |     100 |     100 |                   
Verify	Run Jest tests	2026-10-10T11:27:28.4311482Z   dummyJsonAdapter.ts              |     100 |       90 |     100 |     100 | 31                
Verify	Run Jest tests	2026-10-10T11:27:28.4311975Z  features/demo-showcase/components |     100 |      100 |     100 |     100 |                   
Verify	Run Jest tests	2026-10-10T11:27:28.4312467Z   ExampleLinks.tsx                 |     100 |      100 |     100 |     100 |                   
Verify	Run Jest tests	2026-10-10T11:27:28.4312966Z  features/demo-showcase/screens    |   77.77 |      100 |      60 |   71.42 |                   
Verify	Run Jest tests	2026-10-10T11:27:28.4313430Z   ShowcaseScreen.tsx               |   77.77 |      100 |      60 |   71.42 | 133-137           
Verify	Run Jest tests	2026-10-10T11:27:28.4313862Z  features/demo-todos               |       0 |        0 |       0 |       0 |                   
Verify	Run Jest tests	2026-10-10T11:27:28.4314270Z   types.ts                         |       0 |        0 |       0 |       0 |                   
Verify	Run Jest tests	2026-10-10T11:27:28.4314684Z  features/demo-todos/api           |     100 |      100 |     100 |     100 |                   
Verify	Run Jest tests	2026-10-10T11:27:28.4315115Z   todosApi.ts                      |     100 |      100 |     100 |     100 |                   
Verify	Run Jest tests	2026-10-10T11:27:28.4315556Z  features/demo-todos/screens       |     100 |    95.83 |     100 |     100 |                   
Verify	Run Jest tests	2026-10-10T11:27:28.4316351Z   TodosScreen.tsx                  |     100 |    95.83 |     100 |     100 | 65                
Verify	Run Jest tests	2026-10-10T11:27:28.4316794Z  features/home/screens             |     100 |     87.5 |     100 |     100 |                   
Verify	Run Jest tests	2026-10-10T11:27:28.4317235Z   HomeScreen.tsx                   |     100 |     87.5 |     100 |     100 | 38                
Verify	Run Jest tests	2026-10-10T11:27:28.4317670Z  shared/config                     |     100 |    97.95 |     100 |     100 |                   
Verify	Run Jest tests	2026-10-10T11:27:28.4318080Z   env.ts                           |     100 |    97.95 |     100 |     100 | 128               
Verify	Run Jest tests	2026-10-10T11:27:28.4318628Z   featureFlags.ts                  |     100 |      100 |     100 |     100 |                   
Verify	Run Jest tests	2026-10-10T11:27:28.4319049Z  shared/http                       |   98.71 |    94.66 |     100 |   98.61 |                   
Verify	Run Jest tests	2026-10-10T11:27:28.4319454Z   api.ts                           |     100 |      100 |     100 |     100 |                   
Verify	Run Jest tests	2026-10-10T11:27:28.4319864Z   apiError.ts                      |   96.96 |    94.59 |     100 |   96.42 | 58                
Verify	Run Jest tests	2026-10-10T11:27:28.4320296Z   httpClient.ts                    |     100 |    94.73 |     100 |     100 | 89                
Verify	Run Jest tests	2026-10-10T11:27:28.4321100Z  shared/i18n                       |     100 |    83.33 |     100 |     100 |                   
Verify	Run Jest tests	2026-10-10T11:27:28.4321487Z   en.ts                            |     100 |      100 |     100 |     100 |                   
Verify	Run Jest tests	2026-10-10T11:27:28.4321876Z   index.ts                         |     100 |    83.33 |     100 |     100 | 38                
Verify	Run Jest tests	2026-10-10T11:27:28.4322296Z  shared/integrations               |   95.91 |       75 |   96.55 |   95.34 |                   
Verify	Run Jest tests	2026-10-10T11:27:28.4322717Z   analytics.ts                     |     100 |     87.5 |     100 |     100 | 25                
Verify	Run Jest tests	2026-10-10T11:27:28.4323139Z   errorReporter.ts                 |   81.81 |       40 |   83.33 |   77.77 | 41,57             
Verify	Run Jest tests	2026-10-10T11:27:28.4323564Z   featureFlags.ts                  |     100 |      100 |     100 |     100 |                   
Verify	Run Jest tests	2026-10-10T11:27:28.4324008Z   pushNotifications.ts             |     100 |      100 |     100 |     100 |                   
Verify	Run Jest tests	2026-10-10T11:27:28.4324437Z   seam.ts                          |     100 |      100 |     100 |     100 |                   
Verify	Run Jest tests	2026-10-10T11:27:28.4324836Z   setup.ts                         |     100 |      100 |     100 |     100 |                   
Verify	Run Jest tests	2026-10-10T11:27:28.4325240Z   updates.ts                       |     100 |      100 |     100 |     100 |                   
Verify	Run Jest tests	2026-10-10T11:27:28.4325675Z   useScreenTracking.ts             |     100 |      100 |     100 |     100 |                   
Verify	Run Jest tests	2026-10-10T11:27:28.4326128Z  shared/lib                        |   98.01 |    95.38 |   95.23 |   98.86 |                   
Verify	Run Jest tests	2026-10-10T11:27:28.4326548Z   logger.ts                        |   96.87 |    96.15 |   91.66 |   98.18 | 84                
Verify	Run Jest tests	2026-10-10T11:27:28.4326953Z   useFetch.ts                      |     100 |     92.3 |     100 |     100 | 83                
Verify	Run Jest tests	2026-10-10T11:27:28.4327380Z  shared/session                    |   97.45 |    88.63 |   95.83 |   97.36 |                   
Verify	Run Jest tests	2026-10-10T11:27:28.4327840Z   SessionProvider.tsx              |   97.91 |    81.81 |     100 |   97.82 | 146               
Verify	Run Jest tests	2026-10-10T11:27:28.4328440Z   authService.ts                   |   93.93 |    91.66 |   83.33 |   93.75 | 68,81             
Verify	Run Jest tests	2026-10-10T11:27:28.4328860Z   session.ts                       |     100 |      100 |     100 |     100 |                   
Verify	Run Jest tests	2026-10-10T11:27:28.4329274Z   tokenStore.ts                    |     100 |      100 |     100 |     100 |                   
Verify	Run Jest tests	2026-10-10T11:27:28.4329703Z  shared/storage                    |      92 |       80 |     100 |      92 |                   
Verify	Run Jest tests	2026-10-10T11:27:28.4330096Z   secureStorage.ts                 |      80 |       75 |     100 |      80 | 18,26             
Verify	Run Jest tests	2026-10-10T11:27:28.4330482Z   storage.ts                       |     100 |      100 |     100 |     100 |                   
Verify	Run Jest tests	2026-10-10T11:27:28.4331196Z  shared/ui                         |    97.5 |    83.33 |     100 |   97.36 |                   
Verify	Run Jest tests	2026-10-10T11:27:28.4331651Z   ConfigErrorScreen.tsx            |     100 |      100 |     100 |     100 |                   
Verify	Run Jest tests	2026-10-10T11:27:28.4332100Z   ErrorBoundary.tsx                |   96.15 |       75 |     100 |   95.83 | 26                
Verify	Run Jest tests	2026-10-10T11:27:28.4332518Z   LoadingScreen.tsx                |     100 |      100 |     100 |     100 |                   
Verify	Run Jest tests	2026-10-10T11:27:28.4332935Z   theme.ts                         |     100 |      100 |     100 |     100 |                   
Verify	Run Jest tests	2026-10-10T11:27:28.4333425Z -----------------------------------|---------|----------|---------|---------|-------------------
Verify	Run Jest tests	2026-10-10T11:27:28.4594331Z 
Verify	Run Jest tests	2026-10-10T11:27:28.4596677Z Test Suites: 27 passed, 27 total
Verify	Run Jest tests	2026-10-10T11:27:28.4597087Z Tests:       239 passed, 239 total
Verify	Run Jest tests	2026-10-10T11:27:28.4597347Z Snapshots:   0 total
Verify	Run Jest tests	2026-10-10T11:27:28.4597609Z Time:        17.897 s
Verify	Run Jest tests	2026-10-10T11:27:28.4597834Z Ran all test suites.
Verify	Expo Doctor	﻿2026-10-10T11:27:28.4779530Z ##[group]Run npx expo-doctor
Verify	Expo Doctor	2026-10-10T11:27:28.4779731Z ^[[36;1mnpx expo-doctor^[[0m
Verify	Expo Doctor	2026-10-10T11:27:28.4834029Z shell: /usr/bin/bash -e {0}
Verify	Expo Doctor	2026-10-10T11:27:28.4834189Z ##[endgroup]
Verify	Expo Doctor	2026-10-10T11:27:29.4297458Z Running 21 checks on your project...
Verify	Expo Doctor	2026-10-10T11:27:31.6991651Z 21/21 checks passed. No issues detected!
Verify	Audit production dependencies (reviewed allowlist)	﻿2026-10-10T11:27:31.7306789Z ##[group]Run npm run audit:check
Verify	Audit production dependencies (reviewed allowlist)	2026-10-10T11:27:31.7306981Z ^[[36;1mnpm run audit:check^[[0m
Verify	Audit production dependencies (reviewed allowlist)	2026-10-10T11:27:31.7358423Z shell: /usr/bin/bash -e {0}
Verify	Audit production dependencies (reviewed allowlist)	2026-10-10T11:27:31.7358609Z ##[endgroup]
Verify	Audit production dependencies (reviewed allowlist)	2026-10-10T11:27:31.7998758Z 
Verify	Audit production dependencies (reviewed allowlist)	2026-10-10T11:27:31.7999407Z > react-native-starter@1.0.0 audit:check
Verify	Audit production dependencies (reviewed allowlist)	2026-10-10T11:27:31.7999748Z > node scripts/check-audit.js
Verify	Audit production dependencies (reviewed allowlist)	2026-10-10T11:27:31.7999885Z 
Verify	Audit production dependencies (reviewed allowlist)	2026-10-10T11:27:33.0888594Z high     braces GHSA-vfj7-8cjw-p6xm: allowlisted until 2027-01-09 (https://github.com/advisories/GHSA-vfj7-8cjw-p6xm)
Verify	Audit production dependencies (reviewed allowlist)	2026-10-10T11:27:33.0889485Z high     node-forge GHSA-86w9-cpqp-85rv: allowlisted until 2027-01-09 (https://github.com/advisories/GHSA-86w9-cpqp-85rv)
Verify	Audit production dependencies (reviewed allowlist)	2026-10-10T11:27:33.0889904Z moderate decode-uri-component GHSA-vcc3-ghjq-m6fr: reported (not gated)
Verify	Audit production dependencies (reviewed allowlist)	2026-10-10T11:27:33.0890192Z moderate sprintf-js GHSA-hp3w-g68c-fv3c: reported (not gated)
Verify	Audit production dependencies (reviewed allowlist)	2026-10-10T11:27:33.0890437Z moderate uuid GHSA-w5hq-g745-h8pq: reported (not gated)
Verify	Audit production dependencies (reviewed allowlist)	2026-10-10T11:27:33.0890747Z npm audit --omit=dev: 5 advisories (records: 0 critical, 45 high, 16 moderate, 0 low).
Verify	Audit production dependencies (reviewed allowlist)	2026-10-10T11:27:33.0891048Z No unreviewed high or critical advisories.
Verify	Export web build	﻿2026-10-10T11:27:33.0998009Z ##[group]Run npx expo export --platform web --output-dir dist
Verify	Export web build	2026-10-10T11:27:33.0998487Z ^[[36;1mnpx expo export --platform web --output-dir dist^[[0m
Verify	Export web build	2026-10-10T11:27:33.1049723Z shell: /usr/bin/bash -e {0}
Verify	Export web build	2026-10-10T11:27:33.1049865Z ##[endgroup]
Verify	Export web build	2026-10-10T11:27:33.7763391Z Starting Metro Bundler
Verify	Export web build	2026-10-10T11:27:33.7763644Z 
Verify	Export web build	2026-10-10T11:27:45.4428055Z Web Bundled 11465ms index.ts (1183 modules)
Verify	Export web build	2026-10-10T11:27:45.7008482Z 
Verify	Export web build	2026-10-10T11:27:45.7014028Z › Assets (19):
Verify	Export web build	2026-10-10T11:27:45.7072340Z node_modules/@expo/vector-icons/build/vendor/react-native-vector-icons/Fonts/MaterialCommunityIcons.6e435534bd35da5fef04168860a9b8fa.ttf (1.3MB)
Verify	Export web build	2026-10-10T11:27:45.7073199Z node_modules/expo-router/assets/arrow_down.017bc6ba3fc25503e5eb5e53826d48a8.png (9.5KB)
Verify	Export web build	2026-10-10T11:27:45.7073799Z node_modules/expo-router/assets/error.d1ea1496f9057eb392d5bbf3732a61b7.png (469B)
Verify	Export web build	2026-10-10T11:27:45.7080596Z node_modules/expo-router/assets/file.19eeb73b9593a38f8e9f418337fc7d10.png (138B)
Verify	Export web build	2026-10-10T11:27:45.7081054Z node_modules/expo-router/assets/forward.d8b800c443b8972542883e0b9de2bdc6.png (188B)
Verify	Export web build	2026-10-10T11:27:45.7081482Z node_modules/expo-router/assets/pkg.ab19f4cbc543357183a20571f68380a3.png (364B)
Verify	Export web build	2026-10-10T11:27:45.7081899Z node_modules/expo-router/assets/react-navigation/elements/back-icon-mask.0a328cd9c1afd0afe8e3b1ec5165b1b4.png (653B)
Verify	Export web build	2026-10-10T11:27:45.7082382Z node_modules/expo-router/assets/react-navigation/elements/back-icon.35ba0eaec5a4f5ed12ca16fabeae451d.png (207B)
Verify	Export web build	2026-10-10T11:27:45.7083299Z node_modules/expo-router/assets/react-navigation/elements/clear-icon.c94f6478e7ae0cdd9f15de1fcb9e5e55.png (4 variations | 425B)
Verify	Export web build	2026-10-10T11:27:45.7083812Z node_modules/expo-router/assets/react-navigation/elements/close-icon.808e1b1b9b53114ec2838071a7e6daa7.png (4 variations | 235B)
Verify	Export web build	2026-10-10T11:27:45.7084310Z node_modules/expo-router/assets/react-navigation/elements/search-icon.286d67d3f74808a60a78d3ebf1a5fb57.png (928B)
Verify	Export web build	2026-10-10T11:27:45.7084701Z node_modules/expo-router/assets/sitemap.412dd9275b6b48ad28f5e3d81bb1f626.png (465B)
Verify	Export web build	2026-10-10T11:27:45.7085053Z node_modules/expo-router/assets/unmatched.20e71bdf79e3a97bf55fd9e164041578.png (4.8KB)
Verify	Export web build	2026-10-10T11:27:45.7085235Z 
Verify	Export web build	2026-10-10T11:27:45.7085507Z › web bundles (1):
Verify	Export web build	2026-10-10T11:27:45.7098213Z _expo/static/js/web/index-63dbf8f09ff9b5edb74f09c5ca97fa56.js (2.3MB)
Verify	Export web build	2026-10-10T11:27:45.7098610Z 
Verify	Export web build	2026-10-10T11:27:45.7098888Z › Files (3):
Verify	Export web build	2026-10-10T11:27:45.7099243Z favicon.ico (15KB)
Verify	Export web build	2026-10-10T11:27:45.7099444Z index.html (1.2KB)
Verify	Export web build	2026-10-10T11:27:45.7099638Z metadata.json (49B)
Verify	Export web build	2026-10-10T11:27:45.7159432Z 
Verify	Export web build	2026-10-10T11:27:45.7161953Z Exported: dist
Verify	Check docs (snippets compile, paths and scripts exist)	﻿2026-10-10T11:27:45.8523076Z ##[group]Run npm install --no-save zustand@5 @reduxjs/toolkit@2 react-redux@9 jotai@3 @tanstack/react-query@5
Verify	Check docs (snippets compile, paths and scripts exist)	2026-10-10T11:27:45.8523746Z ^[[36;1mnpm install --no-save zustand@5 @reduxjs/toolkit@2 react-redux@9 jotai@3 @tanstack/react-query@5^[[0m
Verify	Check docs (snippets compile, paths and scripts exist)	2026-10-10T11:27:45.8524177Z ^[[36;1mnpm run docs:check^[[0m
Verify	Check docs (snippets compile, paths and scripts exist)	2026-10-10T11:27:45.8594097Z shell: /usr/bin/bash -e {0}
Verify	Check docs (snippets compile, paths and scripts exist)	2026-10-10T11:27:45.8594338Z ##[endgroup]
Verify	Check docs (snippets compile, paths and scripts exist)	2026-10-10T11:27:48.1484549Z 
Verify	Check docs (snippets compile, paths and scripts exist)	2026-10-10T11:27:48.1485231Z added 14 packages, and audited 1082 packages in 2s
Verify	Check docs (snippets compile, paths and scripts exist)	2026-10-10T11:27:48.1485496Z 
Verify	Check docs (snippets compile, paths and scripts exist)	2026-10-10T11:27:48.1485631Z 183 packages are looking for funding
Verify	Check docs (snippets compile, paths and scripts exist)	2026-10-10T11:27:48.1485887Z   run `npm fund` for details
Verify	Check docs (snippets compile, paths and scripts exist)	2026-10-10T11:27:48.2545459Z 
Verify	Check docs (snippets compile, paths and scripts exist)	2026-10-10T11:27:48.2546181Z 65 vulnerabilities (16 moderate, 49 high)
Verify	Check docs (snippets compile, paths and scripts exist)	2026-10-10T11:27:48.2546502Z 
Verify	Check docs (snippets compile, paths and scripts exist)	2026-10-10T11:27:48.2546655Z To address all issues (including breaking changes), run:
Verify	Check docs (snippets compile, paths and scripts exist)	2026-10-10T11:27:48.2546939Z   npm audit fix --force
Verify	Check docs (snippets compile, paths and scripts exist)	2026-10-10T11:27:48.2547189Z 
Verify	Check docs (snippets compile, paths and scripts exist)	2026-10-10T11:27:48.2547293Z Run `npm audit` for details.
Verify	Check docs (snippets compile, paths and scripts exist)	2026-10-10T11:27:48.3490646Z 
Verify	Check docs (snippets compile, paths and scripts exist)	2026-10-10T11:27:48.3491465Z > react-native-starter@1.0.0 docs:check
Verify	Check docs (snippets compile, paths and scripts exist)	2026-10-10T11:27:48.3491938Z > node scripts/check-docs.js
Verify	Check docs (snippets compile, paths and scripts exist)	2026-10-10T11:27:48.3492084Z 
Verify	Check docs (snippets compile, paths and scripts exist)	2026-10-10T11:27:49.8135501Z Checked 22 files: 37 TypeScript snippets compiled with tsc.
Verify	Check docs (snippets compile, paths and scripts exist)	2026-10-10T11:27:49.8135893Z No problems.
Verify	Post Set up Node.js	﻿2026-10-10T11:27:49.8300459Z Post job cleanup.
Verify	Post Set up Node.js	2026-10-10T11:27:49.9118885Z (node:2878) [DEP0040] DeprecationWarning: The `punycode` module is deprecated. Please use a userland alternative instead.
Verify	Post Set up Node.js	2026-10-10T11:27:49.9119403Z (Use `node --trace-deprecation ...` to show where the warning was created)
Verify	Post Set up Node.js	2026-10-10T11:27:49.9120740Z Cache hit occurred on the primary key node-cache-Linux-x64-npm-10f9dc59c99c82563481e37a50745bae137261a45ffc8c4ba105eb544b91396b, not saving cache.
Verify	Post Check out repository	﻿2026-10-10T11:27:49.9229765Z Post job cleanup.
Verify	Post Check out repository	2026-10-10T11:27:49.9779171Z [command]/usr/bin/git version
Verify	Post Check out repository	2026-10-10T11:27:49.9811342Z git version 2.55.0
Verify	Post Check out repository	2026-10-10T11:27:49.9837150Z Temporarily overriding HOME='/home/runner/work/_temp/7905cfa1-6c3f-41fd-9df0-a57bce796ede' before making global git config changes
Verify	Post Check out repository	2026-10-10T11:27:49.9838179Z Adding repository directory to the temporary git global config as a safe directory
Verify	Post Check out repository	2026-10-10T11:27:49.9841351Z [command]/usr/bin/git config --global --add safe.directory /home/runner/work/react-native-starter/react-native-starter
Verify	Post Check out repository	2026-10-10T11:27:49.9873458Z [command]/usr/bin/git config --local --name-only --get-regexp core\.sshCommand
Verify	Post Check out repository	2026-10-10T11:27:49.9914445Z [command]/usr/bin/git submodule foreach --recursive sh -c "git config --local --name-only --get-regexp 'core\.sshCommand' && git config --local --unset-all 'core.sshCommand' || :"
Verify	Post Check out repository	2026-10-10T11:27:50.0111297Z [command]/usr/bin/git config --local --name-only --get-regexp http\.https\:\/\/github\.com\/\.extraheader
Verify	Post Check out repository	2026-10-10T11:27:50.0145686Z http.https://github.com/.extraheader
Verify	Post Check out repository	2026-10-10T11:27:50.0153836Z [command]/usr/bin/git config --local --unset-all http.https://github.com/.extraheader
Verify	Post Check out repository	2026-10-10T11:27:50.0177750Z [command]/usr/bin/git submodule foreach --recursive sh -c "git config --local --name-only --get-regexp 'http\.https\:\/\/github\.com\/\.extraheader' && git config --local --unset-all 'http.https://github.com/.extraheader' || :"
Verify	Post Check out repository	2026-10-10T11:27:50.0407660Z [command]/usr/bin/git config --local --name-only --get-regexp ^includeIf\.gitdir:
Verify	Post Check out repository	2026-10-10T11:27:50.0432206Z [command]/usr/bin/git submodule foreach --recursive git config --local --show-origin --name-only --get-regexp remote.origin.url
Verify	Complete job	﻿2026-10-10T11:27:50.0753000Z Cleaning up orphan processes
Verify	Complete job	2026-10-10T11:27:50.0965075Z ##[warning]Node.js 20 is deprecated. The following actions target Node.js 20 but are being forced to run on Node.js 24: actions/checkout@v4, actions/setup-node@v4. For more information see: https://github.blog/changelog/2025-09-19-deprecation-of-node-20-on-github-actions-runners/
