Maestro on Android emulator (expo-go)	Set up job	﻿2026-10-10T06:41:50.9505727Z Current runner version: '2.337.0'
Maestro on Android emulator (expo-go)	Set up job	2026-10-10T06:41:50.9533327Z ##[group]Runner Image Provisioner
Maestro on Android emulator (expo-go)	Set up job	2026-10-10T06:41:50.9534274Z Hosted Compute Agent
Maestro on Android emulator (expo-go)	Set up job	2026-10-10T06:41:50.9535046Z Version: 20261002.596
Maestro on Android emulator (expo-go)	Set up job	2026-10-10T06:41:50.9535762Z Commit: c3d12f3313a95f25162a1503be624f3b0617f8c0
Maestro on Android emulator (expo-go)	Set up job	2026-10-10T06:41:50.9536582Z Build Date: 2026-10-02T22:28:27Z
Maestro on Android emulator (expo-go)	Set up job	2026-10-10T06:41:50.9537287Z Worker ID: {883802d8-19c5-447b-aed0-3f1d09da0030}
Maestro on Android emulator (expo-go)	Set up job	2026-10-10T06:41:50.9538050Z Region: eastus
Maestro on Android emulator (expo-go)	Set up job	2026-10-10T06:41:50.9538715Z Cloud: Azure
Maestro on Android emulator (expo-go)	Set up job	2026-10-10T06:41:50.9539315Z ##[endgroup]
Maestro on Android emulator (expo-go)	Set up job	2026-10-10T06:41:50.9540917Z ##[group]Operating System
Maestro on Android emulator (expo-go)	Set up job	2026-10-10T06:41:50.9541583Z Ubuntu
Maestro on Android emulator (expo-go)	Set up job	2026-10-10T06:41:50.9542136Z 24.04.5
Maestro on Android emulator (expo-go)	Set up job	2026-10-10T06:41:50.9543062Z LTS
Maestro on Android emulator (expo-go)	Set up job	2026-10-10T06:41:50.9543621Z ##[endgroup]
Maestro on Android emulator (expo-go)	Set up job	2026-10-10T06:41:50.9544643Z ##[group]Runner Image
Maestro on Android emulator (expo-go)	Set up job	2026-10-10T06:41:50.9545312Z Image: ubuntu-24.04
Maestro on Android emulator (expo-go)	Set up job	2026-10-10T06:41:50.9545904Z Version: 20261004.327.1
Maestro on Android emulator (expo-go)	Set up job	2026-10-10T06:41:50.9547056Z Included Software: https://github.com/actions/runner-images/blob/ubuntu24/20261004.327/images/ubuntu/Ubuntu2404-Readme.md
Maestro on Android emulator (expo-go)	Set up job	2026-10-10T06:41:50.9548922Z Image Release: https://github.com/actions/runner-images/releases/tag/ubuntu24%2F20261004.327
Maestro on Android emulator (expo-go)	Set up job	2026-10-10T06:41:50.9549905Z ##[endgroup]
Maestro on Android emulator (expo-go)	Set up job	2026-10-10T06:41:50.9551008Z ##[group]GITHUB_TOKEN Permissions
Maestro on Android emulator (expo-go)	Set up job	2026-10-10T06:41:50.9554325Z Contents: read
Maestro on Android emulator (expo-go)	Set up job	2026-10-10T06:41:50.9554975Z Metadata: read
Maestro on Android emulator (expo-go)	Set up job	2026-10-10T06:41:50.9555619Z ##[endgroup]
Maestro on Android emulator (expo-go)	Set up job	2026-10-10T06:41:50.9557765Z Secret source: Actions
Maestro on Android emulator (expo-go)	Set up job	2026-10-10T06:41:50.9558901Z Cache mode: write
Maestro on Android emulator (expo-go)	Set up job	2026-10-10T06:41:50.9559892Z Prepare workflow directory
Maestro on Android emulator (expo-go)	Set up job	2026-10-10T06:41:50.9951904Z Prepare all required actions
Maestro on Android emulator (expo-go)	Set up job	2026-10-10T06:41:50.9999386Z Getting action download info
Maestro on Android emulator (expo-go)	Set up job	2026-10-10T06:41:51.2364442Z Download action repository 'actions/checkout@v4' (SHA:11d5960a326750d5838078e36cf38b85af677262)
Maestro on Android emulator (expo-go)	Set up job	2026-10-10T06:41:51.3634355Z Download action repository 'actions/setup-node@v4' (SHA:49933ea5288caeca8642d1e84afbd3f7d6820020)
Maestro on Android emulator (expo-go)	Set up job	2026-10-10T06:41:51.4491812Z Download action repository 'actions/setup-java@v4' (SHA:cf277c60eb25467037889841efdb72551f06f6c3)
Maestro on Android emulator (expo-go)	Set up job	2026-10-10T06:41:51.6952929Z Download action repository 'reactivecircus/android-emulator-runner@v2' (SHA:a421e43855164a8197daf9d8d40fe71c6996bb0d)
Maestro on Android emulator (expo-go)	Set up job	2026-10-10T06:41:51.8464286Z Download action repository 'actions/upload-artifact@v4' (SHA:ea165f8d65b6e75b540449e92b4886f43607fa02)
Maestro on Android emulator (expo-go)	Set up job	2026-10-10T06:41:52.0807104Z Complete job name: Maestro on Android emulator (expo-go)
Maestro on Android emulator (expo-go)	Check out repository	﻿2026-10-10T06:41:52.1672052Z ##[group]Run actions/checkout@v4
Maestro on Android emulator (expo-go)	Check out repository	2026-10-10T06:41:52.1673592Z with:
Maestro on Android emulator (expo-go)	Check out repository	2026-10-10T06:41:52.1674280Z   repository: koniz-dev/react-native-starter
Maestro on Android emulator (expo-go)	Check out repository	2026-10-10T06:41:52.1678708Z   token: ***
Maestro on Android emulator (expo-go)	Check out repository	2026-10-10T06:41:52.1679428Z   ssh-strict: true
Maestro on Android emulator (expo-go)	Check out repository	2026-10-10T06:41:52.1680021Z   ssh-user: git
Maestro on Android emulator (expo-go)	Check out repository	2026-10-10T06:41:52.1680661Z   persist-credentials: true
Maestro on Android emulator (expo-go)	Check out repository	2026-10-10T06:41:52.1681313Z   clean: true
Maestro on Android emulator (expo-go)	Check out repository	2026-10-10T06:41:52.1681933Z   sparse-checkout-cone-mode: true
Maestro on Android emulator (expo-go)	Check out repository	2026-10-10T06:41:52.1682880Z   fetch-depth: 1
Maestro on Android emulator (expo-go)	Check out repository	2026-10-10T06:41:52.1683470Z   fetch-tags: false
Maestro on Android emulator (expo-go)	Check out repository	2026-10-10T06:41:52.1684104Z   show-progress: true
Maestro on Android emulator (expo-go)	Check out repository	2026-10-10T06:41:52.1684722Z   lfs: false
Maestro on Android emulator (expo-go)	Check out repository	2026-10-10T06:41:52.1685344Z   submodules: false
Maestro on Android emulator (expo-go)	Check out repository	2026-10-10T06:41:52.1686045Z   set-safe-directory: true
Maestro on Android emulator (expo-go)	Check out repository	2026-10-10T06:41:52.1686708Z   allow-unsafe-pr-checkout: false
Maestro on Android emulator (expo-go)	Check out repository	2026-10-10T06:41:52.1687746Z env:
Maestro on Android emulator (expo-go)	Check out repository	2026-10-10T06:41:52.1688377Z   MAESTRO_VERSION: 2.11.0
Maestro on Android emulator (expo-go)	Check out repository	2026-10-10T06:41:52.1689383Z   MAESTRO_SHA256: 5384593cb4e7a106489e75a821d157dd43f4e438df6bc308b72e82c685e1283a
Maestro on Android emulator (expo-go)	Check out repository	2026-10-10T06:41:52.1690561Z ##[endgroup]
Maestro on Android emulator (expo-go)	Check out repository	2026-10-10T06:41:52.2786236Z Syncing repository: koniz-dev/react-native-starter
Maestro on Android emulator (expo-go)	Check out repository	2026-10-10T06:41:52.2788994Z ##[group]Getting Git version info
Maestro on Android emulator (expo-go)	Check out repository	2026-10-10T06:41:52.2790274Z Working directory is '/home/runner/work/react-native-starter/react-native-starter'
Maestro on Android emulator (expo-go)	Check out repository	2026-10-10T06:41:52.2791822Z [command]/usr/bin/git version
Maestro on Android emulator (expo-go)	Check out repository	2026-10-10T06:41:52.2830349Z git version 2.55.0
Maestro on Android emulator (expo-go)	Check out repository	2026-10-10T06:41:52.2854714Z ##[endgroup]
Maestro on Android emulator (expo-go)	Check out repository	2026-10-10T06:41:52.2869666Z Temporarily overriding HOME='/home/runner/work/_temp/a77d3f04-a773-45af-b574-1eb000b91fa0' before making global git config changes
Maestro on Android emulator (expo-go)	Check out repository	2026-10-10T06:41:52.2871935Z Adding repository directory to the temporary git global config as a safe directory
Maestro on Android emulator (expo-go)	Check out repository	2026-10-10T06:41:52.2874988Z [command]/usr/bin/git config --global --add safe.directory /home/runner/work/react-native-starter/react-native-starter
Maestro on Android emulator (expo-go)	Check out repository	2026-10-10T06:41:52.2934211Z Deleting the contents of '/home/runner/work/react-native-starter/react-native-starter'
Maestro on Android emulator (expo-go)	Check out repository	2026-10-10T06:41:52.2944783Z ##[group]Initializing the repository
Maestro on Android emulator (expo-go)	Check out repository	2026-10-10T06:41:52.2950001Z [command]/usr/bin/git init /home/runner/work/react-native-starter/react-native-starter
Maestro on Android emulator (expo-go)	Check out repository	2026-10-10T06:41:52.3068549Z hint: Using 'master' as the name for the initial branch. This default branch name
Maestro on Android emulator (expo-go)	Check out repository	2026-10-10T06:41:52.3070902Z hint: will change to "main" in Git 3.0. To configure the initial branch name
Maestro on Android emulator (expo-go)	Check out repository	2026-10-10T06:41:52.3073858Z hint: to use in all of your new repositories, which will suppress this warning,
Maestro on Android emulator (expo-go)	Check out repository	2026-10-10T06:41:52.3075529Z hint: call:
Maestro on Android emulator (expo-go)	Check out repository	2026-10-10T06:41:52.3076463Z hint:
Maestro on Android emulator (expo-go)	Check out repository	2026-10-10T06:41:52.3077623Z hint: 	git config --global init.defaultBranch <name>
Maestro on Android emulator (expo-go)	Check out repository	2026-10-10T06:41:52.3079020Z hint:
Maestro on Android emulator (expo-go)	Check out repository	2026-10-10T06:41:52.3080290Z hint: Names commonly chosen instead of 'master' are 'main', 'trunk' and
Maestro on Android emulator (expo-go)	Check out repository	2026-10-10T06:41:52.3082163Z hint: 'development'. The just-created branch can be renamed via this command:
Maestro on Android emulator (expo-go)	Check out repository	2026-10-10T06:41:52.3083983Z hint:
Maestro on Android emulator (expo-go)	Check out repository	2026-10-10T06:41:52.3084941Z hint: 	git branch -m <name>
Maestro on Android emulator (expo-go)	Check out repository	2026-10-10T06:41:52.3086046Z hint:
Maestro on Android emulator (expo-go)	Check out repository	2026-10-10T06:41:52.3087424Z hint: Disable this message with "git config set advice.defaultBranchName false"
Maestro on Android emulator (expo-go)	Check out repository	2026-10-10T06:41:52.3089886Z Initialized empty Git repository in /home/runner/work/react-native-starter/react-native-starter/.git/
Maestro on Android emulator (expo-go)	Check out repository	2026-10-10T06:41:52.3093802Z [command]/usr/bin/git remote add origin https://github.com/koniz-dev/react-native-starter
Maestro on Android emulator (expo-go)	Check out repository	2026-10-10T06:41:52.3136498Z ##[endgroup]
Maestro on Android emulator (expo-go)	Check out repository	2026-10-10T06:41:52.3138077Z ##[group]Disabling automatic garbage collection
Maestro on Android emulator (expo-go)	Check out repository	2026-10-10T06:41:52.3142964Z [command]/usr/bin/git config --local gc.auto 0
Maestro on Android emulator (expo-go)	Check out repository	2026-10-10T06:41:52.3176431Z ##[endgroup]
Maestro on Android emulator (expo-go)	Check out repository	2026-10-10T06:41:52.3178087Z ##[group]Setting up auth
Maestro on Android emulator (expo-go)	Check out repository	2026-10-10T06:41:52.3185477Z [command]/usr/bin/git config --local --name-only --get-regexp core\.sshCommand
Maestro on Android emulator (expo-go)	Check out repository	2026-10-10T06:41:52.3219620Z [command]/usr/bin/git submodule foreach --recursive sh -c "git config --local --name-only --get-regexp 'core\.sshCommand' && git config --local --unset-all 'core.sshCommand' || :"
Maestro on Android emulator (expo-go)	Check out repository	2026-10-10T06:41:52.3578596Z [command]/usr/bin/git config --local --name-only --get-regexp http\.https\:\/\/github\.com\/\.extraheader
Maestro on Android emulator (expo-go)	Check out repository	2026-10-10T06:41:52.3620612Z [command]/usr/bin/git submodule foreach --recursive sh -c "git config --local --name-only --get-regexp 'http\.https\:\/\/github\.com\/\.extraheader' && git config --local --unset-all 'http.https://github.com/.extraheader' || :"
Maestro on Android emulator (expo-go)	Check out repository	2026-10-10T06:41:52.3859958Z [command]/usr/bin/git config --local --name-only --get-regexp ^includeIf\.gitdir:
Maestro on Android emulator (expo-go)	Check out repository	2026-10-10T06:41:52.3898715Z [command]/usr/bin/git submodule foreach --recursive git config --local --show-origin --name-only --get-regexp remote.origin.url
Maestro on Android emulator (expo-go)	Check out repository	2026-10-10T06:41:52.4126436Z [command]/usr/bin/git config --local http.https://github.com/.extraheader AUTHORIZATION: basic ***
Maestro on Android emulator (expo-go)	Check out repository	2026-10-10T06:41:52.4167463Z ##[endgroup]
Maestro on Android emulator (expo-go)	Check out repository	2026-10-10T06:41:52.4177362Z ##[group]Fetching the repository
Maestro on Android emulator (expo-go)	Check out repository	2026-10-10T06:41:52.4178995Z [command]/usr/bin/git -c protocol.version=2 fetch --no-tags --prune --no-recurse-submodules --depth=1 origin +f3f4bd7bb2e8080c3c2b8fad0eef3cc8c9c8ac69:refs/remotes/origin/main
Maestro on Android emulator (expo-go)	Check out repository	2026-10-10T06:41:53.0557188Z From https://github.com/koniz-dev/react-native-starter
Maestro on Android emulator (expo-go)	Check out repository	2026-10-10T06:41:53.0560312Z  * [new ref]         f3f4bd7bb2e8080c3c2b8fad0eef3cc8c9c8ac69 -> origin/main
Maestro on Android emulator (expo-go)	Check out repository	2026-10-10T06:41:53.0567222Z ##[endgroup]
Maestro on Android emulator (expo-go)	Check out repository	2026-10-10T06:41:53.0570053Z ##[group]Determining the checkout info
Maestro on Android emulator (expo-go)	Check out repository	2026-10-10T06:41:53.0573657Z ##[endgroup]
Maestro on Android emulator (expo-go)	Check out repository	2026-10-10T06:41:53.0575453Z [command]/usr/bin/git sparse-checkout disable
Maestro on Android emulator (expo-go)	Check out repository	2026-10-10T06:41:53.0625457Z [command]/usr/bin/git config --local --unset-all extensions.worktreeConfig
Maestro on Android emulator (expo-go)	Check out repository	2026-10-10T06:41:53.0659183Z ##[group]Checking out the ref
Maestro on Android emulator (expo-go)	Check out repository	2026-10-10T06:41:53.0663212Z [command]/usr/bin/git checkout --progress --force -B main refs/remotes/origin/main
Maestro on Android emulator (expo-go)	Check out repository	2026-10-10T06:41:53.1680915Z Switched to a new branch 'main'
Maestro on Android emulator (expo-go)	Check out repository	2026-10-10T06:41:53.1686245Z branch 'main' set up to track 'origin/main'.
Maestro on Android emulator (expo-go)	Check out repository	2026-10-10T06:41:53.1697098Z ##[endgroup]
Maestro on Android emulator (expo-go)	Check out repository	2026-10-10T06:41:53.1743819Z [command]/usr/bin/git log -1 --format=%H
Maestro on Android emulator (expo-go)	Check out repository	2026-10-10T06:41:53.1771605Z f3f4bd7bb2e8080c3c2b8fad0eef3cc8c9c8ac69
Maestro on Android emulator (expo-go)	Set up Node.js	﻿2026-10-10T06:41:53.2154144Z ##[group]Run actions/setup-node@v4
Maestro on Android emulator (expo-go)	Set up Node.js	2026-10-10T06:41:53.2155408Z with:
Maestro on Android emulator (expo-go)	Set up Node.js	2026-10-10T06:41:53.2156308Z   node-version-file: .nvmrc
Maestro on Android emulator (expo-go)	Set up Node.js	2026-10-10T06:41:53.2157469Z   cache: npm
Maestro on Android emulator (expo-go)	Set up Node.js	2026-10-10T06:41:53.2158764Z   always-auth: false
Maestro on Android emulator (expo-go)	Set up Node.js	2026-10-10T06:41:53.2159787Z   check-latest: false
Maestro on Android emulator (expo-go)	Set up Node.js	2026-10-10T06:41:53.2170518Z   token: ***
Maestro on Android emulator (expo-go)	Set up Node.js	2026-10-10T06:41:53.2171416Z env:
Maestro on Android emulator (expo-go)	Set up Node.js	2026-10-10T06:41:53.2172287Z   MAESTRO_VERSION: 2.11.0
Maestro on Android emulator (expo-go)	Set up Node.js	2026-10-10T06:41:53.2174071Z   MAESTRO_SHA256: 5384593cb4e7a106489e75a821d157dd43f4e438df6bc308b72e82c685e1283a
Maestro on Android emulator (expo-go)	Set up Node.js	2026-10-10T06:41:53.2175910Z ##[endgroup]
Maestro on Android emulator (expo-go)	Set up Node.js	2026-10-10T06:41:53.3543511Z Resolved .nvmrc as 24
Maestro on Android emulator (expo-go)	Set up Node.js	2026-10-10T06:41:53.3602073Z Found in cache @ /opt/hostedtoolcache/node/24.21.0/x64
Maestro on Android emulator (expo-go)	Set up Node.js	2026-10-10T06:41:53.3606946Z (node:2327) [DEP0040] DeprecationWarning: The `punycode` module is deprecated. Please use a userland alternative instead.
Maestro on Android emulator (expo-go)	Set up Node.js	2026-10-10T06:41:53.3611869Z (Use `node --trace-deprecation ...` to show where the warning was created)
Maestro on Android emulator (expo-go)	Set up Node.js	2026-10-10T06:41:53.3616260Z ##[group]Environment details
Maestro on Android emulator (expo-go)	Set up Node.js	2026-10-10T06:41:53.7458950Z node: v24.21.0
Maestro on Android emulator (expo-go)	Set up Node.js	2026-10-10T06:41:53.7459513Z npm: 11.19.0
Maestro on Android emulator (expo-go)	Set up Node.js	2026-10-10T06:41:53.7459778Z yarn: 1.22.22
Maestro on Android emulator (expo-go)	Set up Node.js	2026-10-10T06:41:53.7460393Z ##[endgroup]
Maestro on Android emulator (expo-go)	Set up Node.js	2026-10-10T06:41:53.7506407Z [command]/opt/hostedtoolcache/node/24.21.0/x64/bin/npm config get cache
Maestro on Android emulator (expo-go)	Set up Node.js	2026-10-10T06:41:53.8602082Z /home/runner/.npm
Maestro on Android emulator (expo-go)	Set up Node.js	2026-10-10T06:41:53.9358613Z Cache hit for: node-cache-Linux-x64-npm-10f9dc59c99c82563481e37a50745bae137261a45ffc8c4ba105eb544b91396b
Maestro on Android emulator (expo-go)	Set up Node.js	2026-10-10T06:41:53.9470113Z (node:2327) [DEP0169] DeprecationWarning: `url.parse()` behavior is not standardized and prone to errors that have security implications. Use the WHATWG URL API instead. CVEs are not issued for `url.parse()` vulnerabilities.
Maestro on Android emulator (expo-go)	Set up Node.js	2026-10-10T06:41:54.6900558Z Received 156509062 of 156509062 (100.0%), 207.0 MBs/sec
Maestro on Android emulator (expo-go)	Set up Node.js	2026-10-10T06:41:54.6901775Z Cache Size: ~149 MB (156509062 B)
Maestro on Android emulator (expo-go)	Set up Node.js	2026-10-10T06:41:54.6941480Z [command]/usr/bin/tar -xf /home/runner/work/_temp/70dd22bb-9a48-447d-99eb-41ab3301d347/cache.tzst -P -C /home/runner/work/react-native-starter/react-native-starter --use-compress-program unzstd
Maestro on Android emulator (expo-go)	Set up Node.js	2026-10-10T06:41:55.1781720Z Cache restored successfully
Maestro on Android emulator (expo-go)	Set up Node.js	2026-10-10T06:41:55.1855773Z Cache restored from key: node-cache-Linux-x64-npm-10f9dc59c99c82563481e37a50745bae137261a45ffc8c4ba105eb544b91396b
Maestro on Android emulator (expo-go)	Set up Java 17 (Maestro)	﻿2026-10-10T06:41:55.2125876Z ##[group]Run actions/setup-java@v4
Maestro on Android emulator (expo-go)	Set up Java 17 (Maestro)	2026-10-10T06:41:55.2126201Z with:
Maestro on Android emulator (expo-go)	Set up Java 17 (Maestro)	2026-10-10T06:41:55.2126443Z   distribution: temurin
Maestro on Android emulator (expo-go)	Set up Java 17 (Maestro)	2026-10-10T06:41:55.2126682Z   java-version: 17
Maestro on Android emulator (expo-go)	Set up Java 17 (Maestro)	2026-10-10T06:41:55.2126902Z   java-package: jdk
Maestro on Android emulator (expo-go)	Set up Java 17 (Maestro)	2026-10-10T06:41:55.2127119Z   check-latest: false
Maestro on Android emulator (expo-go)	Set up Java 17 (Maestro)	2026-10-10T06:41:55.2127342Z   server-id: github
Maestro on Android emulator (expo-go)	Set up Java 17 (Maestro)	2026-10-10T06:41:55.2127564Z   server-username: GITHUB_ACTOR
Maestro on Android emulator (expo-go)	Set up Java 17 (Maestro)	2026-10-10T06:41:55.2127863Z   server-password: GITHUB_TOKEN
Maestro on Android emulator (expo-go)	Set up Java 17 (Maestro)	2026-10-10T06:41:55.2128116Z   overwrite-settings: true
Maestro on Android emulator (expo-go)	Set up Java 17 (Maestro)	2026-10-10T06:41:55.2128356Z   job-status: success
Maestro on Android emulator (expo-go)	Set up Java 17 (Maestro)	2026-10-10T06:41:55.2130999Z   token: ***
Maestro on Android emulator (expo-go)	Set up Java 17 (Maestro)	2026-10-10T06:41:55.2131220Z env:
Maestro on Android emulator (expo-go)	Set up Java 17 (Maestro)	2026-10-10T06:41:55.2131417Z   MAESTRO_VERSION: 2.11.0
Maestro on Android emulator (expo-go)	Set up Java 17 (Maestro)	2026-10-10T06:41:55.2131801Z   MAESTRO_SHA256: 5384593cb4e7a106489e75a821d157dd43f4e438df6bc308b72e82c685e1283a
Maestro on Android emulator (expo-go)	Set up Java 17 (Maestro)	2026-10-10T06:41:55.2132235Z ##[endgroup]
Maestro on Android emulator (expo-go)	Set up Java 17 (Maestro)	2026-10-10T06:41:55.3859139Z ##[warning]setup-java v4 is deprecated and will no longer receive updates. Please migrate to actions/setup-java@v5.
Maestro on Android emulator (expo-go)	Set up Java 17 (Maestro)	2026-10-10T06:41:55.3871773Z ##[group]Installed distributions
Maestro on Android emulator (expo-go)	Set up Java 17 (Maestro)	2026-10-10T06:41:55.3977372Z Resolved Java 17.0.20+1 from tool-cache
Maestro on Android emulator (expo-go)	Set up Java 17 (Maestro)	2026-10-10T06:41:55.3978221Z Setting Java 17.0.20+1 as the default
Maestro on Android emulator (expo-go)	Set up Java 17 (Maestro)	2026-10-10T06:41:55.3983918Z (node:2376) [DEP0040] DeprecationWarning: The `punycode` module is deprecated. Please use a userland alternative instead.
Maestro on Android emulator (expo-go)	Set up Java 17 (Maestro)	2026-10-10T06:41:55.3985010Z (Use `node --trace-deprecation ...` to show where the warning was created)
Maestro on Android emulator (expo-go)	Set up Java 17 (Maestro)	2026-10-10T06:41:55.3986934Z Creating toolchains.xml for JDK version 17 from temurin
Maestro on Android emulator (expo-go)	Set up Java 17 (Maestro)	2026-10-10T06:41:55.4066646Z Writing to /home/runner/.m2/toolchains.xml
Maestro on Android emulator (expo-go)	Set up Java 17 (Maestro)	2026-10-10T06:41:55.4067233Z 
Maestro on Android emulator (expo-go)	Set up Java 17 (Maestro)	2026-10-10T06:41:55.4067568Z Java configuration:
Maestro on Android emulator (expo-go)	Set up Java 17 (Maestro)	2026-10-10T06:41:55.4068079Z   Distribution: temurin
Maestro on Android emulator (expo-go)	Set up Java 17 (Maestro)	2026-10-10T06:41:55.4068562Z   Version: 17.0.20+1
Maestro on Android emulator (expo-go)	Set up Java 17 (Maestro)	2026-10-10T06:41:55.4069305Z   Path: /opt/hostedtoolcache/Java_Temurin-Hotspot_jdk/17.0.20-1/x64
Maestro on Android emulator (expo-go)	Set up Java 17 (Maestro)	2026-10-10T06:41:55.4069865Z 
Maestro on Android emulator (expo-go)	Set up Java 17 (Maestro)	2026-10-10T06:41:55.4070375Z ##[endgroup]
Maestro on Android emulator (expo-go)	Set up Java 17 (Maestro)	2026-10-10T06:41:55.4074310Z Creating settings.xml with server-id: github
Maestro on Android emulator (expo-go)	Set up Java 17 (Maestro)	2026-10-10T06:41:55.4112238Z Writing to /home/runner/.m2/settings.xml
Maestro on Android emulator (expo-go)	Install dependencies	﻿2026-10-10T06:41:55.4277271Z ##[group]Run npm ci
Maestro on Android emulator (expo-go)	Install dependencies	2026-10-10T06:41:55.4277611Z ^[[36;1mnpm ci^[[0m
Maestro on Android emulator (expo-go)	Install dependencies	2026-10-10T06:41:55.4573289Z shell: /usr/bin/bash -e {0}
Maestro on Android emulator (expo-go)	Install dependencies	2026-10-10T06:41:55.4573634Z env:
Maestro on Android emulator (expo-go)	Install dependencies	2026-10-10T06:41:55.4573856Z   MAESTRO_VERSION: 2.11.0
Maestro on Android emulator (expo-go)	Install dependencies	2026-10-10T06:41:55.4574251Z   MAESTRO_SHA256: 5384593cb4e7a106489e75a821d157dd43f4e438df6bc308b72e82c685e1283a
Maestro on Android emulator (expo-go)	Install dependencies	2026-10-10T06:41:55.4574815Z   JAVA_HOME: /opt/hostedtoolcache/Java_Temurin-Hotspot_jdk/17.0.20-1/x64
Maestro on Android emulator (expo-go)	Install dependencies	2026-10-10T06:41:55.4575331Z   JAVA_HOME_17_X64: /opt/hostedtoolcache/Java_Temurin-Hotspot_jdk/17.0.20-1/x64
Maestro on Android emulator (expo-go)	Install dependencies	2026-10-10T06:41:55.4575711Z ##[endgroup]
Maestro on Android emulator (expo-go)	Install dependencies	2026-10-10T06:42:00.0574854Z npm warn deprecated inflight@1.0.6: This module is not supported, and leaks memory. Do not use it. Check out lru-cache if you want a good and tested way to coalesce async requests by a key value, which is much more comprehensive and powerful.
Maestro on Android emulator (expo-go)	Install dependencies	2026-10-10T06:42:00.3051269Z npm warn deprecated abab@2.0.6: Use your platform's native atob() and btoa() methods instead
Maestro on Android emulator (expo-go)	Install dependencies	2026-10-10T06:42:00.3368084Z npm warn deprecated glob@7.2.3: Glob versions prior to v9 are no longer supported
Maestro on Android emulator (expo-go)	Install dependencies	2026-10-10T06:42:00.3379405Z npm warn deprecated glob@7.2.3: Glob versions prior to v9 are no longer supported
Maestro on Android emulator (expo-go)	Install dependencies	2026-10-10T06:42:00.3383306Z npm warn deprecated glob@7.2.3: Glob versions prior to v9 are no longer supported
Maestro on Android emulator (expo-go)	Install dependencies	2026-10-10T06:42:00.3400748Z npm warn deprecated glob@7.2.3: Glob versions prior to v9 are no longer supported
Maestro on Android emulator (expo-go)	Install dependencies	2026-10-10T06:42:00.6634317Z npm warn deprecated domexception@4.0.0: Use your platform's native DOMException instead
Maestro on Android emulator (expo-go)	Install dependencies	2026-10-10T06:42:01.8690180Z npm warn deprecated uuid@7.0.3: uuid@10 and below is no longer supported.  For ESM codebases, update to uuid@latest.  For CommonJS codebases, use uuid@11 (but be aware this version will likely be deprecated in 2028).
Maestro on Android emulator (expo-go)	Install dependencies	2026-10-10T06:42:15.7325588Z 
Maestro on Android emulator (expo-go)	Install dependencies	2026-10-10T06:42:15.7326671Z added 1067 packages, and audited 1068 packages in 20s
Maestro on Android emulator (expo-go)	Install dependencies	2026-10-10T06:42:15.7327203Z 
Maestro on Android emulator (expo-go)	Install dependencies	2026-10-10T06:42:15.7346265Z 180 packages are looking for funding
Maestro on Android emulator (expo-go)	Install dependencies	2026-10-10T06:42:15.7346882Z   run `npm fund` for details
Maestro on Android emulator (expo-go)	Install dependencies	2026-10-10T06:42:15.9033199Z 
Maestro on Android emulator (expo-go)	Install dependencies	2026-10-10T06:42:15.9034436Z 65 vulnerabilities (16 moderate, 49 high)
Maestro on Android emulator (expo-go)	Install dependencies	2026-10-10T06:42:15.9034894Z 
Maestro on Android emulator (expo-go)	Install dependencies	2026-10-10T06:42:15.9069527Z To address all issues (including breaking changes), run:
Maestro on Android emulator (expo-go)	Install dependencies	2026-10-10T06:42:15.9070276Z   npm audit fix --force
Maestro on Android emulator (expo-go)	Install dependencies	2026-10-10T06:42:15.9070566Z 
Maestro on Android emulator (expo-go)	Install dependencies	2026-10-10T06:42:15.9070844Z Run `npm audit` for details.
Maestro on Android emulator (expo-go)	Configure the app (demo backends)	﻿2026-10-10T06:42:16.0075966Z ##[group]Run cp .env.example .env
Maestro on Android emulator (expo-go)	Configure the app (demo backends)	2026-10-10T06:42:16.0076490Z ^[[36;1mcp .env.example .env^[[0m
Maestro on Android emulator (expo-go)	Configure the app (demo backends)	2026-10-10T06:42:16.0139596Z shell: /usr/bin/bash -e {0}
Maestro on Android emulator (expo-go)	Configure the app (demo backends)	2026-10-10T06:42:16.0139876Z env:
Maestro on Android emulator (expo-go)	Configure the app (demo backends)	2026-10-10T06:42:16.0140081Z   MAESTRO_VERSION: 2.11.0
Maestro on Android emulator (expo-go)	Configure the app (demo backends)	2026-10-10T06:42:16.0140477Z   MAESTRO_SHA256: 5384593cb4e7a106489e75a821d157dd43f4e438df6bc308b72e82c685e1283a
Maestro on Android emulator (expo-go)	Configure the app (demo backends)	2026-10-10T06:42:16.0141042Z   JAVA_HOME: /opt/hostedtoolcache/Java_Temurin-Hotspot_jdk/17.0.20-1/x64
Maestro on Android emulator (expo-go)	Configure the app (demo backends)	2026-10-10T06:42:16.0141555Z   JAVA_HOME_17_X64: /opt/hostedtoolcache/Java_Temurin-Hotspot_jdk/17.0.20-1/x64
Maestro on Android emulator (expo-go)	Configure the app (demo backends)	2026-10-10T06:42:16.0141952Z ##[endgroup]
Maestro on Android emulator (expo-go)	Install the Maestro CLI (release zip, checksum verified)	﻿2026-10-10T06:42:16.0270468Z ##[group]Run curl -fsSL -o maestro.zip "https://github.com/mobile-dev-inc/maestro/releases/download/cli-${MAESTRO_VERSION}/maestro.zip"
Maestro on Android emulator (expo-go)	Install the Maestro CLI (release zip, checksum verified)	2026-10-10T06:42:16.0271604Z ^[[36;1mcurl -fsSL -o maestro.zip "https://github.com/mobile-dev-inc/maestro/releases/download/cli-${MAESTRO_VERSION}/maestro.zip"^[[0m
Maestro on Android emulator (expo-go)	Install the Maestro CLI (release zip, checksum verified)	2026-10-10T06:42:16.0272883Z ^[[36;1mecho "${MAESTRO_SHA256}  maestro.zip" | sha256sum -c -^[[0m
Maestro on Android emulator (expo-go)	Install the Maestro CLI (release zip, checksum verified)	2026-10-10T06:42:16.0273332Z ^[[36;1munzip -q maestro.zip -d "$HOME"^[[0m
Maestro on Android emulator (expo-go)	Install the Maestro CLI (release zip, checksum verified)	2026-10-10T06:42:16.0273680Z ^[[36;1mecho "$HOME/maestro/bin" >> "$GITHUB_PATH"^[[0m
Maestro on Android emulator (expo-go)	Install the Maestro CLI (release zip, checksum verified)	2026-10-10T06:42:16.0333066Z shell: /usr/bin/bash -e {0}
Maestro on Android emulator (expo-go)	Install the Maestro CLI (release zip, checksum verified)	2026-10-10T06:42:16.0333335Z env:
Maestro on Android emulator (expo-go)	Install the Maestro CLI (release zip, checksum verified)	2026-10-10T06:42:16.0333534Z   MAESTRO_VERSION: 2.11.0
Maestro on Android emulator (expo-go)	Install the Maestro CLI (release zip, checksum verified)	2026-10-10T06:42:16.0333939Z   MAESTRO_SHA256: 5384593cb4e7a106489e75a821d157dd43f4e438df6bc308b72e82c685e1283a
Maestro on Android emulator (expo-go)	Install the Maestro CLI (release zip, checksum verified)	2026-10-10T06:42:16.0334509Z   JAVA_HOME: /opt/hostedtoolcache/Java_Temurin-Hotspot_jdk/17.0.20-1/x64
Maestro on Android emulator (expo-go)	Install the Maestro CLI (release zip, checksum verified)	2026-10-10T06:42:16.0335027Z   JAVA_HOME_17_X64: /opt/hostedtoolcache/Java_Temurin-Hotspot_jdk/17.0.20-1/x64
Maestro on Android emulator (expo-go)	Install the Maestro CLI (release zip, checksum verified)	2026-10-10T06:42:16.0335464Z ##[endgroup]
Maestro on Android emulator (expo-go)	Install the Maestro CLI (release zip, checksum verified)	2026-10-10T06:42:17.3119427Z maestro.zip: OK
Maestro on Android emulator (expo-go)	Download Expo Go for the project's SDK	﻿2026-10-10T06:42:19.3345641Z ##[group]Run url=$(curl -fsSL https://api.expo.dev/v2/versions/latest \
Maestro on Android emulator (expo-go)	Download Expo Go for the project's SDK	2026-10-10T06:42:19.3346212Z ^[[36;1murl=$(curl -fsSL https://api.expo.dev/v2/versions/latest \^[[0m
Maestro on Android emulator (expo-go)	Download Expo Go for the project's SDK	2026-10-10T06:42:19.3347021Z ^[[36;1m  | node -e "let s='';process.stdin.on('data',d=>s+=d).on('end',()=>{const j=JSON.parse(s);const d=j.data??j;process.stdout.write(d.sdkVersions['57.0.0'].androidClientUrl)})")^[[0m
Maestro on Android emulator (expo-go)	Download Expo Go for the project's SDK	2026-10-10T06:42:19.3347734Z ^[[36;1mecho "Expo Go: $url"^[[0m
Maestro on Android emulator (expo-go)	Download Expo Go for the project's SDK	2026-10-10T06:42:19.3347997Z ^[[36;1mcurl -fsSL -o app.apk "$url"^[[0m
Maestro on Android emulator (expo-go)	Download Expo Go for the project's SDK	2026-10-10T06:42:19.3410278Z shell: /usr/bin/bash -e {0}
Maestro on Android emulator (expo-go)	Download Expo Go for the project's SDK	2026-10-10T06:42:19.3410541Z env:
Maestro on Android emulator (expo-go)	Download Expo Go for the project's SDK	2026-10-10T06:42:19.3410739Z   MAESTRO_VERSION: 2.11.0
Maestro on Android emulator (expo-go)	Download Expo Go for the project's SDK	2026-10-10T06:42:19.3411124Z   MAESTRO_SHA256: 5384593cb4e7a106489e75a821d157dd43f4e438df6bc308b72e82c685e1283a
Maestro on Android emulator (expo-go)	Download Expo Go for the project's SDK	2026-10-10T06:42:19.3411661Z   JAVA_HOME: /opt/hostedtoolcache/Java_Temurin-Hotspot_jdk/17.0.20-1/x64
Maestro on Android emulator (expo-go)	Download Expo Go for the project's SDK	2026-10-10T06:42:19.3412175Z   JAVA_HOME_17_X64: /opt/hostedtoolcache/Java_Temurin-Hotspot_jdk/17.0.20-1/x64
Maestro on Android emulator (expo-go)	Download Expo Go for the project's SDK	2026-10-10T06:42:19.3412741Z ##[endgroup]
Maestro on Android emulator (expo-go)	Download Expo Go for the project's SDK	2026-10-10T06:42:19.4804599Z Expo Go: https://github.com/expo/expo-go-releases/releases/download/Expo-Go-57.0.9/Expo-Go-57.0.9.apk
Maestro on Android emulator (expo-go)	Enable KVM	﻿2026-10-10T06:42:20.2763891Z ##[group]Run echo 'KERNEL=="kvm", GROUP="kvm", MODE="0666", OPTIONS+="static_node=kvm"' | sudo tee /etc/udev/rules.d/99-kvm4all.rules
Maestro on Android emulator (expo-go)	Enable KVM	2026-10-10T06:42:20.2765561Z ^[[36;1mecho 'KERNEL=="kvm", GROUP="kvm", MODE="0666", OPTIONS+="static_node=kvm"' | sudo tee /etc/udev/rules.d/99-kvm4all.rules^[[0m
Maestro on Android emulator (expo-go)	Enable KVM	2026-10-10T06:42:20.2766633Z ^[[36;1msudo udevadm control --reload-rules^[[0m
Maestro on Android emulator (expo-go)	Enable KVM	2026-10-10T06:42:20.2767226Z ^[[36;1msudo udevadm trigger --name-match=kvm^[[0m
Maestro on Android emulator (expo-go)	Enable KVM	2026-10-10T06:42:20.2853170Z shell: /usr/bin/bash -e {0}
Maestro on Android emulator (expo-go)	Enable KVM	2026-10-10T06:42:20.2853602Z env:
Maestro on Android emulator (expo-go)	Enable KVM	2026-10-10T06:42:20.2853942Z   MAESTRO_VERSION: 2.11.0
Maestro on Android emulator (expo-go)	Enable KVM	2026-10-10T06:42:20.2854623Z   MAESTRO_SHA256: 5384593cb4e7a106489e75a821d157dd43f4e438df6bc308b72e82c685e1283a
Maestro on Android emulator (expo-go)	Enable KVM	2026-10-10T06:42:20.2855598Z   JAVA_HOME: /opt/hostedtoolcache/Java_Temurin-Hotspot_jdk/17.0.20-1/x64
Maestro on Android emulator (expo-go)	Enable KVM	2026-10-10T06:42:20.2856514Z   JAVA_HOME_17_X64: /opt/hostedtoolcache/Java_Temurin-Hotspot_jdk/17.0.20-1/x64
Maestro on Android emulator (expo-go)	Enable KVM	2026-10-10T06:42:20.2857243Z ##[endgroup]
Maestro on Android emulator (expo-go)	Enable KVM	2026-10-10T06:42:20.3045119Z KERNEL=="kvm", GROUP="kvm", MODE="0666", OPTIONS+="static_node=kvm"
Maestro on Android emulator (expo-go)	Run the flows on an emulator	﻿2026-10-10T06:42:20.3507495Z ##[group]Run reactivecircus/android-emulator-runner@v2
Maestro on Android emulator (expo-go)	Run the flows on an emulator	2026-10-10T06:42:20.3507876Z with:
Maestro on Android emulator (expo-go)	Run the flows on an emulator	2026-10-10T06:42:20.3508075Z   api-level: 34
Maestro on Android emulator (expo-go)	Run the flows on an emulator	2026-10-10T06:42:20.3508282Z   arch: x86_64
Maestro on Android emulator (expo-go)	Run the flows on an emulator	2026-10-10T06:42:20.3508493Z   target: google_apis
Maestro on Android emulator (expo-go)	Run the flows on an emulator	2026-10-10T06:42:20.3508725Z   disable-animations: true
Maestro on Android emulator (expo-go)	Run the flows on an emulator	2026-10-10T06:42:20.3509037Z   script: adb install -r app.apk
Maestro on Android emulator (expo-go)	Run the flows on an emulator	npm run test:e2e:android
Maestro on Android emulator (expo-go)	Run the flows on an emulator	
Maestro on Android emulator (expo-go)	Run the flows on an emulator	2026-10-10T06:42:20.3509379Z   cores: 2
Maestro on Android emulator (expo-go)	Run the flows on an emulator	2026-10-10T06:42:20.3509572Z   avd-name: test
Maestro on Android emulator (expo-go)	Run the flows on an emulator	2026-10-10T06:42:20.3509786Z   force-avd-creation: true
Maestro on Android emulator (expo-go)	Run the flows on an emulator	2026-10-10T06:42:20.3510029Z   emulator-boot-timeout: 600
Maestro on Android emulator (expo-go)	Run the flows on an emulator	2026-10-10T06:42:20.3510270Z   emulator-port: 5554
Maestro on Android emulator (expo-go)	Run the flows on an emulator	2026-10-10T06:42:20.3510699Z   emulator-options: -no-window -gpu swiftshader_indirect -no-snapshot -noaudio -no-boot-anim
Maestro on Android emulator (expo-go)	Run the flows on an emulator	2026-10-10T06:42:20.3511175Z   disable-spellchecker: false
Maestro on Android emulator (expo-go)	Run the flows on an emulator	2026-10-10T06:42:20.3511435Z   disable-linux-hw-accel: auto
Maestro on Android emulator (expo-go)	Run the flows on an emulator	2026-10-10T06:42:20.3511687Z   enable-hw-keyboard: false
Maestro on Android emulator (expo-go)	Run the flows on an emulator	2026-10-10T06:42:20.3511915Z   channel: stable
Maestro on Android emulator (expo-go)	Run the flows on an emulator	2026-10-10T06:42:20.3512116Z env:
Maestro on Android emulator (expo-go)	Run the flows on an emulator	2026-10-10T06:42:20.3512770Z   MAESTRO_VERSION: 2.11.0
Maestro on Android emulator (expo-go)	Run the flows on an emulator	2026-10-10T06:42:20.3513273Z   MAESTRO_SHA256: 5384593cb4e7a106489e75a821d157dd43f4e438df6bc308b72e82c685e1283a
Maestro on Android emulator (expo-go)	Run the flows on an emulator	2026-10-10T06:42:20.3513806Z   JAVA_HOME: /opt/hostedtoolcache/Java_Temurin-Hotspot_jdk/17.0.20-1/x64
Maestro on Android emulator (expo-go)	Run the flows on an emulator	2026-10-10T06:42:20.3514306Z   JAVA_HOME_17_X64: /opt/hostedtoolcache/Java_Temurin-Hotspot_jdk/17.0.20-1/x64
Maestro on Android emulator (expo-go)	Run the flows on an emulator	2026-10-10T06:42:20.3514694Z ##[endgroup]
Maestro on Android emulator (expo-go)	Run the flows on an emulator	2026-10-10T06:42:20.4061407Z ##[group]Configure emulator
Maestro on Android emulator (expo-go)	Run the flows on an emulator	2026-10-10T06:42:20.4064414Z API level: 34
Maestro on Android emulator (expo-go)	Run the flows on an emulator	2026-10-10T06:42:20.4064937Z System image API level: 34
Maestro on Android emulator (expo-go)	Run the flows on an emulator	2026-10-10T06:42:20.4065475Z target: google_apis
Maestro on Android emulator (expo-go)	Run the flows on an emulator	2026-10-10T06:42:20.4065950Z CPU architecture: x86_64
Maestro on Android emulator (expo-go)	Run the flows on an emulator	2026-10-10T06:42:20.4066495Z Hardware profile: 
Maestro on Android emulator (expo-go)	Run the flows on an emulator	2026-10-10T06:42:20.4067643Z Cores: 2
Maestro on Android emulator (expo-go)	Run the flows on an emulator	2026-10-10T06:42:20.4068030Z RAM size: 
Maestro on Android emulator (expo-go)	Run the flows on an emulator	2026-10-10T06:42:20.4068418Z Heap size: 
Maestro on Android emulator (expo-go)	Run the flows on an emulator	2026-10-10T06:42:20.4068816Z SD card path or size: 
Maestro on Android emulator (expo-go)	Run the flows on an emulator	2026-10-10T06:42:20.4070579Z Disk size: 
Maestro on Android emulator (expo-go)	Run the flows on an emulator	2026-10-10T06:42:20.4070951Z AVD name: test
Maestro on Android emulator (expo-go)	Run the flows on an emulator	2026-10-10T06:42:20.4071608Z force avd creation: true
Maestro on Android emulator (expo-go)	Run the flows on an emulator	2026-10-10T06:42:20.4072348Z Emulator boot timeout: 600
Maestro on Android emulator (expo-go)	Run the flows on an emulator	2026-10-10T06:42:20.4073163Z emulator port: 5554
Maestro on Android emulator (expo-go)	Run the flows on an emulator	2026-10-10T06:42:20.4074117Z emulator options: -no-window -gpu swiftshader_indirect -no-snapshot -noaudio -no-boot-anim
Maestro on Android emulator (expo-go)	Run the flows on an emulator	2026-10-10T06:42:20.4074990Z disable animations: true
Maestro on Android emulator (expo-go)	Run the flows on an emulator	2026-10-10T06:42:20.4075506Z disable spellchecker: false
Maestro on Android emulator (expo-go)	Run the flows on an emulator	2026-10-10T06:42:20.4076102Z disable Linux hardware acceleration: false
Maestro on Android emulator (expo-go)	Run the flows on an emulator	2026-10-10T06:42:20.4076667Z enable hardware keyboard: false
Maestro on Android emulator (expo-go)	Run the flows on an emulator	2026-10-10T06:42:20.4077316Z Channel: 0 (stable)
Maestro on Android emulator (expo-go)	Run the flows on an emulator	2026-10-10T06:42:20.4078929Z Script:
Maestro on Android emulator (expo-go)	Run the flows on an emulator	2026-10-10T06:42:20.4079326Z adb install -r app.apk
Maestro on Android emulator (expo-go)	Run the flows on an emulator	2026-10-10T06:42:20.4079758Z npm run test:e2e:android
Maestro on Android emulator (expo-go)	Run the flows on an emulator	2026-10-10T06:42:20.4080186Z Pre emulator launch script:
Maestro on Android emulator (expo-go)	Run the flows on an emulator	2026-10-10T06:42:20.4080658Z ##[endgroup]
Maestro on Android emulator (expo-go)	Run the flows on an emulator	2026-10-10T06:42:20.4081861Z ##[group]Install Android SDK
Maestro on Android emulator (expo-go)	Run the flows on an emulator	2026-10-10T06:42:20.4197575Z [command]/usr/bin/sh -c \yes | sdkmanager --licenses > /dev/null
Maestro on Android emulator (expo-go)	Run the flows on an emulator	2026-10-10T06:42:24.0147680Z Installing latest build tools, platform tools, and platform.
Maestro on Android emulator (expo-go)	Run the flows on an emulator	2026-10-10T06:42:24.0166542Z [command]/usr/bin/sh -c \sdkmanager --install 'build-tools;37.0.0' platform-tools 'platforms;android-34'> /dev/null
Maestro on Android emulator (expo-go)	Run the flows on an emulator	2026-10-10T06:42:25.6743895Z Installing latest emulator.
Maestro on Android emulator (expo-go)	Run the flows on an emulator	2026-10-10T06:42:25.6763709Z [command]/usr/bin/sh -c \sdkmanager --install emulator --channel=0 > /dev/null
Maestro on Android emulator (expo-go)	Run the flows on an emulator	2026-10-10T06:42:33.8234075Z Installing system images.
Maestro on Android emulator (expo-go)	Run the flows on an emulator	2026-10-10T06:42:33.8253551Z [command]/usr/bin/sh -c \sdkmanager --install 'system-images;android-34;google_apis;x86_64' --channel=0 > /dev/null
Maestro on Android emulator (expo-go)	Run the flows on an emulator	2026-10-10T06:42:59.9340140Z ##[endgroup]
Maestro on Android emulator (expo-go)	Run the flows on an emulator	2026-10-10T06:42:59.9343733Z ##[group]Create AVD
Maestro on Android emulator (expo-go)	Run the flows on an emulator	2026-10-10T06:42:59.9344295Z Creating AVD.
Maestro on Android emulator (expo-go)	Run the flows on an emulator	2026-10-10T06:42:59.9370153Z [command]/usr/bin/sh -c \echo no | avdmanager create avd --force -n test --package 'system-images;android-34;google_apis;x86_64'
Maestro on Android emulator (expo-go)	Run the flows on an emulator	2026-10-10T06:43:00.7253055Z Loading local repository...                                                     
Maestro on Android emulator (expo-go)	Run the flows on an emulator	2026-10-10T06:43:00.7254407Z [=========                              ] 25% Loading local repository...       
Maestro on Android emulator (expo-go)	Run the flows on an emulator	2026-10-10T06:43:00.7261672Z [=========                              ] 25% Fetch remote repository...        
Maestro on Android emulator (expo-go)	Run the flows on an emulator	2026-10-10T06:43:00.7263725Z [=======================================] 100% Fetch remote repository...       
Maestro on Android emulator (expo-go)	Run the flows on an emulator	2026-10-10T06:43:00.9154798Z Auto-selecting single ABI x86_64
Maestro on Android emulator (expo-go)	Run the flows on an emulator	2026-10-10T06:43:00.9825880Z Do you wish to create a custom hardware profile? [no] [command]/usr/bin/sh -c \printf 'hw.cpu.ncore=2\n' >> /home/runner/.android/avd/test.avd/config.ini
Maestro on Android emulator (expo-go)	Run the flows on an emulator	2026-10-10T06:43:00.9847509Z ##[endgroup]
Maestro on Android emulator (expo-go)	Run the flows on an emulator	2026-10-10T06:43:00.9849447Z ##[group]Launch Emulator
Maestro on Android emulator (expo-go)	Run the flows on an emulator	2026-10-10T06:43:00.9849960Z Starting emulator.
Maestro on Android emulator (expo-go)	Run the flows on an emulator	2026-10-10T06:43:00.9896739Z [command]/usr/bin/sh -c \/usr/local/lib/android/sdk/emulator/emulator -port 5554 -avd test -no-window -gpu swiftshader_indirect -no-snapshot -noaudio -no-boot-anim &
Maestro on Android emulator (expo-go)	Run the flows on an emulator	2026-10-10T06:43:01.0017514Z INFO         | Android emulator version 37.2.12.0 (build_id 16428233) (CL:N/A)
Maestro on Android emulator (expo-go)	Run the flows on an emulator	2026-10-10T06:43:01.0018765Z INFO         | Graphics backend: gfxstream
Maestro on Android emulator (expo-go)	Run the flows on an emulator	2026-10-10T06:43:01.0020002Z INFO         | Found systemPath /usr/local/lib/android/sdk/system-images/android-34/google_apis/x86_64/
Maestro on Android emulator (expo-go)	Run the flows on an emulator	2026-10-10T06:43:01.4172155Z INFO         | Saving last run QEMU version for the AVD to 2
Maestro on Android emulator (expo-go)	Run the flows on an emulator	2026-10-10T06:43:01.4173958Z INFO         | Increasing RAM size to 2560MB
Maestro on Android emulator (expo-go)	Run the flows on an emulator	2026-10-10T06:43:01.4175213Z ##############################################################################
Maestro on Android emulator (expo-go)	Run the flows on an emulator	2026-10-10T06:43:01.4176041Z ##                        WARNING - ACTION REQUIRED                         ##
Maestro on Android emulator (expo-go)	Run the flows on an emulator	2026-10-10T06:43:01.4176937Z ##  Consider using the '-metrics-collection' flag to help improve the       ##
Maestro on Android emulator (expo-go)	Run the flows on an emulator	2026-10-10T06:43:01.4177820Z ##  emulator by sending anonymized usage data. Or use the '-no-metrics'     ##
Maestro on Android emulator (expo-go)	Run the flows on an emulator	2026-10-10T06:43:01.4178892Z ##  flag to bypass this warning and turn off the metrics collection.        ##
Maestro on Android emulator (expo-go)	Run the flows on an emulator	2026-10-10T06:43:01.4179750Z ##  In a future release this warning will turn into a one-time blocking     ##
Maestro on Android emulator (expo-go)	Run the flows on an emulator	2026-10-10T06:43:01.4180600Z ##  prompt to ask for explicit user input regarding metrics collection.     ##
Maestro on Android emulator (expo-go)	Run the flows on an emulator	2026-10-10T06:43:01.4181453Z ##                                                                          ##
Maestro on Android emulator (expo-go)	Run the flows on an emulator	2026-10-10T06:43:01.4182433Z ##  Please see '-help-metrics-collection' for more details. You can use     ##
Maestro on Android emulator (expo-go)	Run the flows on an emulator	2026-10-10T06:43:01.4184096Z ##  '-metrics-to-file' or '-metrics-to-console' flags to see what type of   ##
Maestro on Android emulator (expo-go)	Run the flows on an emulator	2026-10-10T06:43:01.4185033Z ##  data is being collected by emulator as part of usage statistics.        ##
Maestro on Android emulator (expo-go)	Run the flows on an emulator	2026-10-10T06:43:01.4185772Z ##############################################################################
Maestro on Android emulator (expo-go)	Run the flows on an emulator	2026-10-10T06:43:01.4186450Z INFO         | Guest GLES Driver: Auto (ext controls)
Maestro on Android emulator (expo-go)	Run the flows on an emulator	2026-10-10T06:43:01.4187841Z INFO         | emuglConfig_init: vulkan_mode_selected:swiftshader gles_mode_selected:swiftshader
Maestro on Android emulator (expo-go)	Run the flows on an emulator	2026-10-10T06:43:01.4188880Z INFO         | Checking system compatibility:
Maestro on Android emulator (expo-go)	Run the flows on an emulator	2026-10-10T06:43:01.4205180Z INFO         |   Checking: hasSufficientDiskSpace
Maestro on Android emulator (expo-go)	Run the flows on an emulator	2026-10-10T06:43:01.4206286Z INFO         |      Ok: Disk space requirements to run avd: `test` are met
Maestro on Android emulator (expo-go)	Run the flows on an emulator	2026-10-10T06:43:01.4207007Z INFO         |   Checking: hasSufficientHwGpu
Maestro on Android emulator (expo-go)	Run the flows on an emulator	2026-10-10T06:43:01.4207612Z INFO         |      Ok: Hardware GPU compatibility checks are not required
Maestro on Android emulator (expo-go)	Run the flows on an emulator	2026-10-10T06:43:01.4208154Z INFO         |   Checking: hasSufficientSystem
Maestro on Android emulator (expo-go)	Run the flows on an emulator	2026-10-10T06:43:01.4208687Z INFO         |      Ok: System requirements to run avd: `test` are met
Maestro on Android emulator (expo-go)	Run the flows on an emulator	2026-10-10T06:43:01.4209792Z WARNING      | Feature QuickbootFileBacked is disabled due to stability issues, if you really want that, the environment variable ANDROID_EMU_FORCE_QUICKBOOT_FILE_BACKED need to set to 1
Maestro on Android emulator (expo-go)	Run the flows on an emulator	2026-10-10T06:43:01.4210748Z ERROR        | Unable to connect to adb daemon on port: 5037
Maestro on Android emulator (expo-go)	Run the flows on an emulator	2026-10-10T06:43:01.4211592Z INFO         | Storing crashdata in: /tmp/android-runner/emu-crash-37.2.12.db, detection is enabled for process: 2743
Maestro on Android emulator (expo-go)	Run the flows on an emulator	2026-10-10T06:43:01.4212284Z INFO         | Initializing gfxstream backend
Maestro on Android emulator (expo-go)	Run the flows on an emulator	2026-10-10T06:43:01.4213125Z INFO         | startOpenglesRendererImpl: gpu info
Maestro on Android emulator (expo-go)	Run the flows on an emulator	2026-10-10T06:43:01.4213518Z INFO         | 
Maestro on Android emulator (expo-go)	Run the flows on an emulator	2026-10-10T06:43:01.4214087Z INFO         | initIcdPaths: ICD set to 'swiftshader', using Swiftshader ICD
Maestro on Android emulator (expo-go)	Run the flows on an emulator	2026-10-10T06:43:01.4215377Z INFO         | Setting ICD filenames for the loader = /usr/local/lib/android/sdk/emulator/lib64/vulkan/vk_swiftshader_icd.json
Maestro on Android emulator (expo-go)	Run the flows on an emulator	2026-10-10T06:43:01.4216486Z INFO         | SharedLibrary::open for [/usr/local/lib/android/sdk/emulator/qemu/linux-x86_64/lib64/vulkan/libvulkan.so]
Maestro on Android emulator (expo-go)	Run the flows on an emulator	2026-10-10T06:43:01.4217470Z INFO         | SharedLibrary::open for [/usr/local/lib/android/sdk/emulator/qemu/linux-x86_64/lib64/vulkan/libvulkan.so.1]
Maestro on Android emulator (expo-go)	Run the flows on an emulator	2026-10-10T06:43:01.4218355Z INFO         | SharedLibrary::open for [/usr/local/lib/android/sdk/emulator/lib64/vulkan/libvulkan.so]
Maestro on Android emulator (expo-go)	Run the flows on an emulator	2026-10-10T06:43:01.4219130Z INFO         | Added library: /usr/local/lib/android/sdk/emulator/lib64/vulkan/libvulkan.so
Maestro on Android emulator (expo-go)	Run the flows on an emulator	2026-10-10T06:43:01.4259533Z INFO         | Selecting Vulkan device: SwiftShader Device (Subzero), Version: 1.3.0
Maestro on Android emulator (expo-go)	Run the flows on an emulator	2026-10-10T06:43:01.4260473Z INFO         | Using Vulkan externalMemoryMode: OpaqueFd for VkEmulation
Maestro on Android emulator (expo-go)	Run the flows on an emulator	2026-10-10T06:43:01.4395161Z INFO         | Format VK_FORMAT_G10X6_B10X6R10X6_2PLANE_422_UNORM_3PACK16 does not support YCbCr sampler conversion
Maestro on Android emulator (expo-go)	Run the flows on an emulator	2026-10-10T06:43:01.4425401Z INFO         | SharedLibrary::open for [libX11]
Maestro on Android emulator (expo-go)	Run the flows on an emulator	2026-10-10T06:43:01.4429583Z WARNING      | Could not open libX11.so, try libX11.so.6
Maestro on Android emulator (expo-go)	Run the flows on an emulator	2026-10-10T06:43:01.4430365Z INFO         | SharedLibrary::open for [libX11.so.6]
Maestro on Android emulator (expo-go)	Run the flows on an emulator	2026-10-10T06:43:01.4430944Z INFO         | SharedLibrary::open for [libX11-xcb]
Maestro on Android emulator (expo-go)	Run the flows on an emulator	2026-10-10T06:43:01.4431578Z WARNING      | Could not open libX11-xcb.so, try libX11-xcb.so.1
Maestro on Android emulator (expo-go)	Run the flows on an emulator	2026-10-10T06:43:01.4432187Z INFO         | SharedLibrary::open for [libX11-xcb.so.1]
Maestro on Android emulator (expo-go)	Run the flows on an emulator	2026-10-10T06:43:01.4500929Z INFO         | Initializing VkEmulation features:
Maestro on Android emulator (expo-go)	Run the flows on an emulator	2026-10-10T06:43:01.4501743Z INFO         |     glInteropSupported: false
Maestro on Android emulator (expo-go)	Run the flows on an emulator	2026-10-10T06:43:01.4502774Z INFO         |     useDeferredCommands: true
Maestro on Android emulator (expo-go)	Run the flows on an emulator	2026-10-10T06:43:01.4503701Z INFO         |     createResourceWithRequirements: true
Maestro on Android emulator (expo-go)	Run the flows on an emulator	2026-10-10T06:43:01.4504428Z INFO         |     useVulkanComposition: false
Maestro on Android emulator (expo-go)	Run the flows on an emulator	2026-10-10T06:43:01.4505179Z INFO         |     useVulkanNativeSwapchain: false
Maestro on Android emulator (expo-go)	Run the flows on an emulator	2026-10-10T06:43:01.4505965Z INFO         |     enable guestRenderDoc: false
Maestro on Android emulator (expo-go)	Run the flows on an emulator	2026-10-10T06:43:01.4506757Z INFO         |     ASTC LDR emulation mode: Gpu
Maestro on Android emulator (expo-go)	Run the flows on an emulator	2026-10-10T06:43:01.4507256Z INFO         |     enable ETC2 emulation: true
Maestro on Android emulator (expo-go)	Run the flows on an emulator	2026-10-10T06:43:01.4507747Z INFO         |     enable Ycbcr emulation: false
Maestro on Android emulator (expo-go)	Run the flows on an emulator	2026-10-10T06:43:01.4508501Z INFO         |     guestVulkanOnly: false
Maestro on Android emulator (expo-go)	Run the flows on an emulator	2026-10-10T06:43:01.4509336Z INFO         |     useDedicatedAllocations: false
Maestro on Android emulator (expo-go)	Run the flows on an emulator	2026-10-10T06:43:01.4510207Z INFO         |     guestVulkanMaxApiVersion: 1.3.0
Maestro on Android emulator (expo-go)	Run the flows on an emulator	2026-10-10T06:43:01.4511080Z INFO         |     enableProtectedMemoryEmulation: false
Maestro on Android emulator (expo-go)	Run the flows on an emulator	2026-10-10T06:43:01.4512046Z INFO         | Graphics Adapter Vendor Google (Google Inc.)
Maestro on Android emulator (expo-go)	Run the flows on an emulator	2026-10-10T06:43:01.4513519Z INFO         | Graphics Adapter Android Emulator OpenGL ES Translator (Google SwiftShader)
Maestro on Android emulator (expo-go)	Run the flows on an emulator	2026-10-10T06:43:01.4514835Z INFO         | Graphics API Version OpenGL ES 3.0 (OpenGL ES 3.0 SwiftShader 4.0.0.1)
Maestro on Android emulator (expo-go)	Run the flows on an emulator	2026-10-10T06:43:01.4518296Z INFO         | Graphics API Extensions GL_OES_EGL_sync GL_OES_EGL_image GL_OES_EGL_image_external GL_OES_depth24 GL_OES_depth32 GL_OES_element_index_uint GL_OES_texture_float GL_OES_texture_float_linear GL_OES_compressed_paletted_texture GL_OES_compressed_ETC1_RGB8_texture GL_OES_depth_texture GL_OES_texture_half_float GL_OES_texture_half_float_linear GL_OES_packed_depth_stencil GL_OES_vertex_half_float GL_OES_standard_derivatives GL_OES_texture_npot GL_OES_rgb8_rgba8 GL_EXT_color_buffer_float GL_EXT_color_buffer_half_float GL_EXT_texture_format_BGRA8888 GL_APPLE_texture_format_BGRA8888 
Maestro on Android emulator (expo-go)	Run the flows on an emulator	2026-10-10T06:43:01.4520470Z INFO         | Graphics Device Extensions N/A
Maestro on Android emulator (expo-go)	Run the flows on an emulator	2026-10-10T06:43:01.4520888Z INFO         | Disabling sparse binding feature support
Maestro on Android emulator (expo-go)	Run the flows on an emulator	2026-10-10T06:43:01.4562267Z INFO         | Sending adb public key [QAAAAHFdViVvPJe0Dtb14gberSw410rjskKkPqasMysv+JjokrrAlk76i9S0CX0h8Oh0MkUvEEsb8rh4R6Vx9X4+Ph/aRo44YN7LuqK6NzYI+AHQ7EsQudf/VseT2fhmvuPDNJwQTr2bWyho+pG37OvtMwjzx+73ssBtV7Q/zCOjsCMfreirfsmKNg2QTVBs/Ry1rKpSAdAeEyPaOlwHSJejg3mwIzT4mOP8J/I8vERR5+09Ocdmx7wRKyGYc82EnkN/cbS2WqdyyI2hCjLKvioJGP0qCxbD05unGknONfY2aRXo8EBFxeeLsgjHElLQqa+T9gIBw0LUhgK4Lpcs4HeCHAmSxjqlRFl/PO7KgwnMnSDUx8y7TV7sHcxHEbH0pUZ21iFj4xANgGRqWZavqb5vBVHMgG7prG1ibHodOH8z61EvrNzDSHMVrcoqfncdG4dyXcO8ah0LJFfsyzXbbbS8YNb9bsTU+P3n6unO+DmOtosa0qEyyiSxl3rdIm3QpM3U5Dq1+9LKB6BGoEn2J9DJ3XefIg6oyxp4vrX5uabf1TXCnzHxcNyTjotX8n4p4YltgFSxx76Ws9d1JdZRzkFd0LFUcVmGrPSakebQF/jdsD17gVUM8fWBHAun1yYRiY/19FGVGl7dxHi222XKpNwTOLu4uEtCwA4DTISrefUS05i2davhEgEAAQA= runner@unknown]
Maestro on Android emulator (expo-go)	Run the flows on an emulator	2026-10-10T06:43:01.4568219Z INFO         | Userspace boot properties:
Maestro on Android emulator (expo-go)	Run the flows on an emulator	2026-10-10T06:43:01.4568839Z INFO         |   androidboot.boot_devices=pci0000:00/0000:00:03.0 pci0000:00/0000:00:06.0
Maestro on Android emulator (expo-go)	Run the flows on an emulator	2026-10-10T06:43:01.4569379Z INFO         |   androidboot.dalvik.vm.heapsize=576m
Maestro on Android emulator (expo-go)	Run the flows on an emulator	2026-10-10T06:43:01.4569813Z INFO         |   androidboot.debug.hwui.renderer=skiagl
Maestro on Android emulator (expo-go)	Run the flows on an emulator	2026-10-10T06:43:01.4570359Z INFO         |   androidboot.debug.sf.nobootanimation=1
Maestro on Android emulator (expo-go)	Run the flows on an emulator	2026-10-10T06:43:01.4570898Z INFO         |   androidboot.hardware=ranchu
Maestro on Android emulator (expo-go)	Run the flows on an emulator	2026-10-10T06:43:01.4571512Z INFO         |   androidboot.hardware.gltransport=pipe
Maestro on Android emulator (expo-go)	Run the flows on an emulator	2026-10-10T06:43:01.4571924Z INFO         |   androidboot.hardware.vulkan=ranchu
Maestro on Android emulator (expo-go)	Run the flows on an emulator	2026-10-10T06:43:01.4572291Z INFO         |   androidboot.logcat=*:V
Maestro on Android emulator (expo-go)	Run the flows on an emulator	2026-10-10T06:43:01.4572957Z INFO         |   androidboot.opengles.version=196608
Maestro on Android emulator (expo-go)	Run the flows on an emulator	2026-10-10T06:43:01.4573355Z INFO         |   androidboot.qemu=1
Maestro on Android emulator (expo-go)	Run the flows on an emulator	2026-10-10T06:43:01.4577748Z INFO         |   androidboot.qemu.adb.pubkey=QAAAAHFdViVvPJe0Dtb14gberSw410rjskKkPqasMysv+JjokrrAlk76i9S0CX0h8Oh0MkUvEEsb8rh4R6Vx9X4+Ph/aRo44YN7LuqK6NzYI+AHQ7EsQudf/VseT2fhmvuPDNJwQTr2bWyho+pG37OvtMwjzx+73ssBtV7Q/zCOjsCMfreirfsmKNg2QTVBs/Ry1rKpSAdAeEyPaOlwHSJejg3mwIzT4mOP8J/I8vERR5+09Ocdmx7wRKyGYc82EnkN/cbS2WqdyyI2hCjLKvioJGP0qCxbD05unGknONfY2aRXo8EBFxeeLsgjHElLQqa+T9gIBw0LUhgK4Lpcs4HeCHAmSxjqlRFl/PO7KgwnMnSDUx8y7TV7sHcxHEbH0pUZ21iFj4xANgGRqWZavqb5vBVHMgG7prG1ibHodOH8z61EvrNzDSHMVrcoqfncdG4dyXcO8ah0LJFfsyzXbbbS8YNb9bsTU+P3n6unO+DmOtosa0qEyyiSxl3rdIm3QpM3U5Dq1+9LKB6BGoEn2J9DJ3XefIg6oyxp4vrX5uabf1TXCnzHxcNyTjotX8n4p4YltgFSxx76Ws9d1JdZRzkFd0LFUcVmGrPSakebQF/jdsD17gVUM8fWBHAun1yYRiY/19FGVGl7dxHi222XKpNwTOLu4uEtCwA4DTISrefUS05i2davhEgEAAQA= runner@unknown
Maestro on Android emulator (expo-go)	Run the flows on an emulator	2026-10-10T06:43:01.4581460Z INFO         |   androidboot.qemu.avd_name=test
Maestro on Android emulator (expo-go)	Run the flows on an emulator	2026-10-10T06:43:01.4581889Z INFO         |   androidboot.qemu.camera_hq_edge_processing=0
Maestro on Android emulator (expo-go)	Run the flows on an emulator	2026-10-10T06:43:01.4582323Z INFO         |   androidboot.qemu.camera_protocol_ver=1
Maestro on Android emulator (expo-go)	Run the flows on an emulator	2026-10-10T06:43:01.4583090Z INFO         |   androidboot.qemu.cpuvulkan.version=4206592
Maestro on Android emulator (expo-go)	Run the flows on an emulator	2026-10-10T06:43:01.4583585Z INFO         |   androidboot.qemu.gltransport.drawFlushInterval=800
Maestro on Android emulator (expo-go)	Run the flows on an emulator	2026-10-10T06:43:01.4584056Z INFO         |   androidboot.qemu.gltransport.name=pipe
Maestro on Android emulator (expo-go)	Run the flows on an emulator	2026-10-10T06:43:01.4584469Z INFO         |   androidboot.qemu.hwcodec.avcdec=2
Maestro on Android emulator (expo-go)	Run the flows on an emulator	2026-10-10T06:43:01.4584874Z INFO         |   androidboot.qemu.hwcodec.hevcdec=2
Maestro on Android emulator (expo-go)	Run the flows on an emulator	2026-10-10T06:43:01.4585269Z INFO         |   androidboot.qemu.hwcodec.vpxdec=2
Maestro on Android emulator (expo-go)	Run the flows on an emulator	2026-10-10T06:43:01.4585781Z INFO         |   androidboot.qemu.settings.system.screen_off_timeout=2147483647
Maestro on Android emulator (expo-go)	Run the flows on an emulator	2026-10-10T06:43:01.4586274Z INFO         |   androidboot.qemu.skin=320x640
Maestro on Android emulator (expo-go)	Run the flows on an emulator	2026-10-10T06:43:01.4586670Z INFO         |   androidboot.qemu.virtiowifi=1
Maestro on Android emulator (expo-go)	Run the flows on an emulator	2026-10-10T06:43:01.4587034Z INFO         |   androidboot.qemu.vsync=60
Maestro on Android emulator (expo-go)	Run the flows on an emulator	2026-10-10T06:43:01.4587414Z INFO         |   androidboot.serialno=EMULATOR37X2X12X0
Maestro on Android emulator (expo-go)	Run the flows on an emulator	2026-10-10T06:43:01.4588049Z INFO         |   androidboot.vbmeta.digest=451e57ed688ff746d2c636d52169ade253e2bc5bb30a5c3ff23679ca15d3bcd3
Maestro on Android emulator (expo-go)	Run the flows on an emulator	2026-10-10T06:43:01.4588642Z INFO         |   androidboot.vbmeta.hash_alg=sha256
Maestro on Android emulator (expo-go)	Run the flows on an emulator	2026-10-10T06:43:01.4589017Z INFO         |   androidboot.vbmeta.size=6656
Maestro on Android emulator (expo-go)	Run the flows on an emulator	2026-10-10T06:43:01.4589391Z INFO         |   androidboot.veritymode=enforcing
Maestro on Android emulator (expo-go)	Run the flows on an emulator	2026-10-10T06:43:01.4726812Z WARNING: cannnot unmap ptr 0x7fabd6801000 as it is in the protected range from 0x7fab36800000 to 0x7fabd6a00000
Maestro on Android emulator (expo-go)	Run the flows on an emulator	2026-10-10T06:43:01.4881074Z INFO         | Monitoring duration of emulator setup.
Maestro on Android emulator (expo-go)	Run the flows on an emulator	2026-10-10T06:43:02.4999011Z INFO         | Activated packet streamer for bluetooth emulation
Maestro on Android emulator (expo-go)	Run the flows on an emulator	2026-10-10T06:43:02.4999971Z INFO         | Successfully initialized netsim WiFi
Maestro on Android emulator (expo-go)	Run the flows on an emulator	2026-10-10T06:43:02.5061379Z INFO         | Setting display: 0 configuration to: 320x640, dpi: 160x160 
Maestro on Android emulator (expo-go)	Run the flows on an emulator	2026-10-10T06:43:02.5062222Z INFO         | setDisplayActiveConfig: id:0, 320x640
Maestro on Android emulator (expo-go)	Run the flows on an emulator	2026-10-10T06:43:02.5074336Z INFO         | emulatorSetupEnvironment: Environment scene is not required
Maestro on Android emulator (expo-go)	Run the flows on an emulator	2026-10-10T06:43:02.5138324Z USER_INFO    | Emulator is performing a full startup. This may take upto two minutes, or more.
Maestro on Android emulator (expo-go)	Run the flows on an emulator	2026-10-10T06:43:02.5140138Z WARNING      | Failed to process .ini file /home/runner/.android/emu-update-last-check.ini for reading.
Maestro on Android emulator (expo-go)	Run the flows on an emulator	2026-10-10T06:43:02.6812790Z WARNING      | Failed to process .ini file /home/runner/.android/emu-update-last-check.ini for reading.
Maestro on Android emulator (expo-go)	Run the flows on an emulator	2026-10-10T06:43:10.9968739Z [command]/usr/local/lib/android/sdk/platform-tools/adb -s emulator-5554 shell getprop sys.boot_completed
Maestro on Android emulator (expo-go)	Run the flows on an emulator	2026-10-10T06:43:11.0003579Z * daemon not running; starting now at tcp:5037
Maestro on Android emulator (expo-go)	Run the flows on an emulator	2026-10-10T06:43:11.0685863Z * daemon started successfully
Maestro on Android emulator (expo-go)	Run the flows on an emulator	2026-10-10T06:43:11.0695390Z The process '/usr/local/lib/android/sdk/platform-tools/adb' failed with exit code 1
Maestro on Android emulator (expo-go)	Run the flows on an emulator	2026-10-10T06:43:11.0696279Z adb: device offline
Maestro on Android emulator (expo-go)	Run the flows on an emulator	2026-10-10T06:43:13.0756241Z [command]/usr/local/lib/android/sdk/platform-tools/adb -s emulator-5554 shell getprop sys.boot_completed
Maestro on Android emulator (expo-go)	Run the flows on an emulator	2026-10-10T06:43:13.0810634Z adb: device offline
Maestro on Android emulator (expo-go)	Run the flows on an emulator	2026-10-10T06:43:13.0821529Z The process '/usr/local/lib/android/sdk/platform-tools/adb' failed with exit code 1
Maestro on Android emulator (expo-go)	Run the flows on an emulator	2026-10-10T06:43:15.0924645Z [command]/usr/local/lib/android/sdk/platform-tools/adb -s emulator-5554 shell getprop sys.boot_completed
Maestro on Android emulator (expo-go)	Run the flows on an emulator	2026-10-10T06:43:15.1184391Z 
Maestro on Android emulator (expo-go)	Run the flows on an emulator	2026-10-10T06:43:17.1246898Z [command]/usr/local/lib/android/sdk/platform-tools/adb -s emulator-5554 shell getprop sys.boot_completed
Maestro on Android emulator (expo-go)	Run the flows on an emulator	2026-10-10T06:43:17.1590154Z 
Maestro on Android emulator (expo-go)	Run the flows on an emulator	2026-10-10T06:43:19.1687407Z [command]/usr/local/lib/android/sdk/platform-tools/adb -s emulator-5554 shell getprop sys.boot_completed
Maestro on Android emulator (expo-go)	Run the flows on an emulator	2026-10-10T06:43:19.1914719Z 
Maestro on Android emulator (expo-go)	Run the flows on an emulator	2026-10-10T06:43:21.1983447Z [command]/usr/local/lib/android/sdk/platform-tools/adb -s emulator-5554 shell getprop sys.boot_completed
Maestro on Android emulator (expo-go)	Run the flows on an emulator	2026-10-10T06:43:21.2292068Z 
Maestro on Android emulator (expo-go)	Run the flows on an emulator	2026-10-10T06:43:23.2341715Z [command]/usr/local/lib/android/sdk/platform-tools/adb -s emulator-5554 shell getprop sys.boot_completed
Maestro on Android emulator (expo-go)	Run the flows on an emulator	2026-10-10T06:43:23.2476426Z 
Maestro on Android emulator (expo-go)	Run the flows on an emulator	2026-10-10T06:43:25.2514331Z [command]/usr/local/lib/android/sdk/platform-tools/adb -s emulator-5554 shell getprop sys.boot_completed
Maestro on Android emulator (expo-go)	Run the flows on an emulator	2026-10-10T06:43:25.2806948Z 
Maestro on Android emulator (expo-go)	Run the flows on an emulator	2026-10-10T06:43:27.2862131Z [command]/usr/local/lib/android/sdk/platform-tools/adb -s emulator-5554 shell getprop sys.boot_completed
Maestro on Android emulator (expo-go)	Run the flows on an emulator	2026-10-10T06:43:27.3123181Z 
Maestro on Android emulator (expo-go)	Run the flows on an emulator	2026-10-10T06:43:29.3174106Z [command]/usr/local/lib/android/sdk/platform-tools/adb -s emulator-5554 shell getprop sys.boot_completed
Maestro on Android emulator (expo-go)	Run the flows on an emulator	2026-10-10T06:43:29.3556397Z 
Maestro on Android emulator (expo-go)	Run the flows on an emulator	2026-10-10T06:43:31.3644468Z [command]/usr/local/lib/android/sdk/platform-tools/adb -s emulator-5554 shell getprop sys.boot_completed
Maestro on Android emulator (expo-go)	Run the flows on an emulator	2026-10-10T06:43:31.3995242Z 
Maestro on Android emulator (expo-go)	Run the flows on an emulator	2026-10-10T06:43:33.4022958Z [command]/usr/local/lib/android/sdk/platform-tools/adb -s emulator-5554 shell getprop sys.boot_completed
Maestro on Android emulator (expo-go)	Run the flows on an emulator	2026-10-10T06:43:33.4153743Z 
Maestro on Android emulator (expo-go)	Run the flows on an emulator	2026-10-10T06:43:35.4209735Z [command]/usr/local/lib/android/sdk/platform-tools/adb -s emulator-5554 shell getprop sys.boot_completed
Maestro on Android emulator (expo-go)	Run the flows on an emulator	2026-10-10T06:43:35.4633406Z 
Maestro on Android emulator (expo-go)	Run the flows on an emulator	2026-10-10T06:43:37.4697514Z [command]/usr/local/lib/android/sdk/platform-tools/adb -s emulator-5554 shell getprop sys.boot_completed
Maestro on Android emulator (expo-go)	Run the flows on an emulator	2026-10-10T06:43:37.5199201Z 1
Maestro on Android emulator (expo-go)	Run the flows on an emulator	2026-10-10T06:43:37.5214267Z Emulator booted.
Maestro on Android emulator (expo-go)	Run the flows on an emulator	2026-10-10T06:43:37.5254223Z [command]/usr/local/lib/android/sdk/platform-tools/adb -s emulator-5554 shell input keyevent 82
Maestro on Android emulator (expo-go)	Run the flows on an emulator	2026-10-10T06:43:37.6101499Z Disabling animations.
Maestro on Android emulator (expo-go)	Run the flows on an emulator	2026-10-10T06:43:37.6131784Z [command]/usr/local/lib/android/sdk/platform-tools/adb -s emulator-5554 shell settings put global window_animation_scale 0.0
Maestro on Android emulator (expo-go)	Run the flows on an emulator	2026-10-10T06:43:37.8545945Z [command]/usr/local/lib/android/sdk/platform-tools/adb -s emulator-5554 shell settings put global transition_animation_scale 0.0
Maestro on Android emulator (expo-go)	Run the flows on an emulator	2026-10-10T06:43:37.9754401Z INFO         | Boot completed in 36942 ms
Maestro on Android emulator (expo-go)	Run the flows on an emulator	2026-10-10T06:43:37.9755375Z INFO         | Increasing screen off timeout, logcat buffer size to 2M.
Maestro on Android emulator (expo-go)	Run the flows on an emulator	2026-10-10T06:43:38.0093056Z [command]/usr/local/lib/android/sdk/platform-tools/adb -s emulator-5554 shell settings put global animator_duration_scale 0.0
Maestro on Android emulator (expo-go)	Run the flows on an emulator	2026-10-10T06:43:38.1222400Z ##[endgroup]
Maestro on Android emulator (expo-go)	Run the flows on an emulator	2026-10-10T06:43:38.1247379Z [command]/usr/bin/sh -c adb install -r app.apk
Maestro on Android emulator (expo-go)	Run the flows on an emulator	2026-10-10T06:44:01.5800101Z Performing Streamed Install
Maestro on Android emulator (expo-go)	Run the flows on an emulator	2026-10-10T06:44:01.5803611Z Success
Maestro on Android emulator (expo-go)	Run the flows on an emulator	2026-10-10T06:44:01.5870186Z [command]/usr/bin/sh -c npm run test:e2e:android
Maestro on Android emulator (expo-go)	Run the flows on an emulator	2026-10-10T06:44:01.7427599Z 
Maestro on Android emulator (expo-go)	Run the flows on an emulator	2026-10-10T06:44:01.7449054Z > react-native-starter@1.0.0 test:e2e:android
Maestro on Android emulator (expo-go)	Run the flows on an emulator	2026-10-10T06:44:01.7466226Z > bash scripts/e2e/run.sh android
Maestro on Android emulator (expo-go)	Run the flows on an emulator	2026-10-10T06:44:01.7478333Z 
Maestro on Android emulator (expo-go)	Run the flows on an emulator	2026-10-10T06:44:05.8513731Z Bundling for android...
Maestro on Android emulator (expo-go)	Run the flows on an emulator	2026-10-10T06:44:32.7726960Z Anonymous analytics enabled. To opt out, set MAESTRO_CLI_NO_ANALYTICS environment variable to any value before running Maestro.
Maestro on Android emulator (expo-go)	Run the flows on an emulator	2026-10-10T06:44:32.7753128Z 
Maestro on Android emulator (expo-go)	Run the flows on an emulator	2026-10-10T06:44:38.1363448Z 
Maestro on Android emulator (expo-go)	Run the flows on an emulator	2026-10-10T06:44:38.1404144Z Requested 1 shards, but it cannot be higher than the number of flows (0). Will use 1 shards instead.
Maestro on Android emulator (expo-go)	Run the flows on an emulator	2026-10-10T06:44:47.9131483Z 
Maestro on Android emulator (expo-go)	Run the flows on an emulator	2026-10-10T06:44:47.9168623Z Waiting for flows to complete...
Maestro on Android emulator (expo-go)	Run the flows on an emulator	2026-10-10T06:45:54.9677765Z [Passed] Cold start opens Home (1m 7s)
Maestro on Android emulator (expo-go)	Run the flows on an emulator	2026-10-10T06:46:41.3589644Z [Passed] Back from Login returns Home (46s)
Maestro on Android emulator (expo-go)	Run the flows on an emulator	2026-10-10T06:46:52.2117415Z ERROR        | Failed to find ColorBuffer: 321
Maestro on Android emulator (expo-go)	Run the flows on an emulator	2026-10-10T06:46:52.2118493Z ERROR        | Failed to bind to texture: invalid color buffer.
Maestro on Android emulator (expo-go)	Run the flows on an emulator	2026-10-10T06:47:05.6015706Z [Passed] Tab navigation (24s)
Maestro on Android emulator (expo-go)	Run the flows on an emulator	2026-10-10T06:48:16.9725853Z ERROR        | Failed to find ColorBuffer: 465
Maestro on Android emulator (expo-go)	Run the flows on an emulator	2026-10-10T06:48:16.9728787Z ERROR        | Failed to bind to texture: invalid color buffer.
Maestro on Android emulator (expo-go)	Run the flows on an emulator	2026-10-10T06:48:37.4739368Z ERROR        | Failed to find ColorBuffer: 523
Maestro on Android emulator (expo-go)	Run the flows on an emulator	2026-10-10T06:48:37.4740584Z ERROR        | Failed to bind to texture: invalid color buffer.
Maestro on Android emulator (expo-go)	Run the flows on an emulator	2026-10-10T06:48:45.9281625Z [Passed] Sign-in session survives a relaunch; logout clears it (1m 40s)
Maestro on Android emulator (expo-go)	Run the flows on an emulator	2026-10-10T06:48:55.1776203Z ERROR        | Failed to find ColorBuffer: 575
Maestro on Android emulator (expo-go)	Run the flows on an emulator	2026-10-10T06:48:55.1777183Z ERROR        | Failed to bind to texture: invalid color buffer.
Maestro on Android emulator (expo-go)	Run the flows on an emulator	2026-10-10T06:49:43.9106578Z ERROR        | Failed to find ColorBuffer: 600
Maestro on Android emulator (expo-go)	Run the flows on an emulator	2026-10-10T06:49:43.9109866Z ERROR        | Failed to bind to texture: invalid color buffer.
Maestro on Android emulator (expo-go)	Run the flows on an emulator	2026-10-10T06:49:46.2092804Z [Passed] Login keyboard return keys (1m)
Maestro on Android emulator (expo-go)	Run the flows on an emulator	2026-10-10T06:49:57.0747813Z ERROR        | Failed to find ColorBuffer: 653
Maestro on Android emulator (expo-go)	Run the flows on an emulator	2026-10-10T06:49:57.0749068Z ERROR        | Failed to bind to texture: invalid color buffer.
Maestro on Android emulator (expo-go)	Run the flows on an emulator	2026-10-10T06:50:12.9539302Z [Passed] Explore error state and Retry (27s)
Maestro on Android emulator (expo-go)	Run the flows on an emulator	2026-10-10T06:50:12.9578493Z 
Maestro on Android emulator (expo-go)	Run the flows on an emulator	2026-10-10T06:50:12.9581043Z 6/6 Flows Passed in 5m 25s
Maestro on Android emulator (expo-go)	Run the flows on an emulator	2026-10-10T06:50:12.9581725Z 
Maestro on Android emulator (expo-go)	Run the flows on an emulator	2026-10-10T06:50:22.0114121Z Running on test
Maestro on Android emulator (expo-go)	Run the flows on an emulator	2026-10-10T06:50:22.0143609Z  > Flow Dark mode screenshots
Maestro on Android emulator (expo-go)	Run the flows on an emulator	2026-10-10T06:50:23.2433922Z Run subflows/open-app.yaml...
Maestro on Android emulator (expo-go)	Run the flows on an emulator	2026-10-10T06:50:23.3047087Z   Run flow when ${CLEAR_STATE == 'true'} is true...
Maestro on Android emulator (expo-go)	Run the flows on an emulator	2026-10-10T06:50:23.3239417Z   Run flow when false is true... SKIPPED
Maestro on Android emulator (expo-go)	Run the flows on an emulator	2026-10-10T06:50:26.1234547Z   Launch app "${APP_ID}"... COMPLETED
Maestro on Android emulator (expo-go)	Run the flows on an emulator	2026-10-10T06:50:26.9051363Z   Open ${APP_URL}... COMPLETED
Maestro on Android emulator (expo-go)	Run the flows on an emulator	2026-10-10T06:50:26.9074901Z   Repeat while id: tab-home is not visible (up to 10 times)...
Maestro on Android emulator (expo-go)	Run the flows on an emulator	2026-10-10T06:50:31.5375655Z     Assert that (Optional) id: tab-home is visible... COMPLETED
Maestro on Android emulator (expo-go)	Run the flows on an emulator	2026-10-10T06:50:31.5408693Z     Run flow when Platform is IOS and "Open in .*" is visible...
Maestro on Android emulator (expo-go)	Run the flows on an emulator	2026-10-10T06:50:31.5418477Z     Run flow when Platform is IOS and "Open in .*" is visible... SKIPPED
Maestro on Android emulator (expo-go)	Run the flows on an emulator	2026-10-10T06:50:31.5426961Z     Run flow when "Development servers" is visible...
Maestro on Android emulator (expo-go)	Run the flows on an emulator	2026-10-10T06:50:34.0383139Z     Run flow when "Development servers" is visible... SKIPPED
Maestro on Android emulator (expo-go)	Run the flows on an emulator	2026-10-10T06:50:34.6648940Z     Tap on (Optional) "Wait"...ERROR        | Failed to find ColorBuffer: 736
Maestro on Android emulator (expo-go)	Run the flows on an emulator	2026-10-10T06:50:34.6650308Z ERROR        | Failed to bind to texture: invalid color buffer.
Maestro on Android emulator (expo-go)	Run the flows on an emulator	2026-10-10T06:50:34.8141171Z  WARNED
Maestro on Android emulator (expo-go)	Run the flows on an emulator	2026-10-10T06:50:35.2059560Z     Tap on (Optional) "Continue"... WARNED
Maestro on Android emulator (expo-go)	Run the flows on an emulator	2026-10-10T06:50:35.2064959Z     Run flow when Platform is ANDROID and "Go home" is visible...
Maestro on Android emulator (expo-go)	Run the flows on an emulator	2026-10-10T06:50:35.4708742Z     Run flow when Platform is ANDROID and "Go home" is visible... SKIPPED
Maestro on Android emulator (expo-go)	Run the flows on an emulator	2026-10-10T06:50:35.4710618Z     Run flow when Platform is IOS and "Go home" is visible...
Maestro on Android emulator (expo-go)	Run the flows on an emulator	2026-10-10T06:50:35.4723579Z     Run flow when Platform is IOS and "Go home" is visible... SKIPPED
Maestro on Android emulator (expo-go)	Run the flows on an emulator	2026-10-10T06:50:35.6920216Z     Wait for animation to end... COMPLETED
Maestro on Android emulator (expo-go)	Run the flows on an emulator	2026-10-10T06:50:42.8002362Z   Repeat while id: tab-home is not visible (up to 10 times)... COMPLETED
Maestro on Android emulator (expo-go)	Run the flows on an emulator	2026-10-10T06:50:42.9290605Z   Assert that "Session" is visible... COMPLETED
Maestro on Android emulator (expo-go)	Run the flows on an emulator	2026-10-10T06:50:42.9292366Z Run subflows/open-app.yaml... COMPLETED
Maestro on Android emulator (expo-go)	Run the flows on an emulator	2026-10-10T06:50:42.9857599Z Take screenshot dark-home... COMPLETED
Maestro on Android emulator (expo-go)	Run the flows on an emulator	2026-10-10T06:50:45.6206254Z Tap on id: tab-explore... COMPLETED
Maestro on Android emulator (expo-go)	Run the flows on an emulator	2026-10-10T06:50:45.7545327Z Assert that "API Example" is visible... COMPLETED
Maestro on Android emulator (expo-go)	Run the flows on an emulator	2026-10-10T06:50:45.7814054Z Take screenshot dark-explore... COMPLETED
Maestro on Android emulator (expo-go)	Run the flows on an emulator	2026-10-10T06:50:47.8237379Z Tap on id: tab-home... COMPLETED
Maestro on Android emulator (expo-go)	Run the flows on an emulator	2026-10-10T06:50:49.4884574Z ##[group]Terminate Emulator
Maestro on Android emulator (expo-go)	Run the flows on an emulator	2026-10-10T06:50:49.4927725Z [command]/usr/local/lib/android/sdk/platform-tools/adb -s emulator-5554 emu kill
Maestro on Android emulator (expo-go)	Run the flows on an emulator	2026-10-10T06:50:49.4990767Z INFO         | Wait for emulator (pid 2743) 20 seconds to shutdown gracefully before kill;you can set environment variable ANDROID_EMULATOR_WAIT_TIME_BEFORE_KILL(in seconds) to change the default value (20 seconds)
Maestro on Android emulator (expo-go)	Run the flows on an emulator	2026-10-10T06:50:49.5023162Z 
Maestro on Android emulator (expo-go)	Run the flows on an emulator	2026-10-10T06:50:49.5043688Z OK: killing emulator, bye bye
Maestro on Android emulator (expo-go)	Run the flows on an emulator	2026-10-10T06:50:49.5053343Z OK
Maestro on Android emulator (expo-go)	Run the flows on an emulator	2026-10-10T06:50:49.5083592Z ##[endgroup]
Maestro on Android emulator (expo-go)	Run the flows on an emulator	2026-10-10T06:50:49.5197132Z USER_INFO    | Snapshots have been disabled by the user, save request is ignored.
Maestro on Android emulator (expo-go)	Run the flows on an emulator	2026-10-10T06:50:49.5211436Z INFO         | Saving snapshot 'default_boot' took 0 ms
Maestro on Android emulator (expo-go)	Run the flows on an emulator	2026-10-10T06:50:49.5905685Z ERROR        | stop: Not implemented
Maestro on Android emulator (expo-go)	Run the flows on an emulator	2026-10-10T06:50:49.5906953Z WARNING      | Emulator client has not yet been configured.. Call configure me first!
Maestro on Android emulator (expo-go)	Run the flows on an emulator	2026-10-10T06:50:49.6036325Z INFO         | removeAll
Maestro on Android emulator (expo-go)	Run the flows on an emulator	2026-10-10T06:50:49.6664199Z WARNING      | Netsim Wifi dns:///localhost:43687 is gone due to Stream removed (CANCELLED)
Maestro on Android emulator (expo-go)	Upload Maestro results	﻿2026-10-10T06:50:50.3736267Z ##[group]Run actions/upload-artifact@v4
Maestro on Android emulator (expo-go)	Upload Maestro results	2026-10-10T06:50:50.3736602Z with:
Maestro on Android emulator (expo-go)	Upload Maestro results	2026-10-10T06:50:50.3736816Z   name: e2e-android-expo-go-results
Maestro on Android emulator (expo-go)	Upload Maestro results	2026-10-10T06:50:50.3737099Z   path: e2e-results/android
Maestro on Android emulator (expo-go)	Upload Maestro results	2026-10-10T06:50:50.3737352Z   if-no-files-found: ignore
Maestro on Android emulator (expo-go)	Upload Maestro results	2026-10-10T06:50:50.3737598Z   compression-level: 6
Maestro on Android emulator (expo-go)	Upload Maestro results	2026-10-10T06:50:50.3737818Z   overwrite: false
Maestro on Android emulator (expo-go)	Upload Maestro results	2026-10-10T06:50:50.3738035Z   include-hidden-files: false
Maestro on Android emulator (expo-go)	Upload Maestro results	2026-10-10T06:50:50.3738272Z env:
Maestro on Android emulator (expo-go)	Upload Maestro results	2026-10-10T06:50:50.3738461Z   MAESTRO_VERSION: 2.11.0
Maestro on Android emulator (expo-go)	Upload Maestro results	2026-10-10T06:50:50.3738826Z   MAESTRO_SHA256: 5384593cb4e7a106489e75a821d157dd43f4e438df6bc308b72e82c685e1283a
Maestro on Android emulator (expo-go)	Upload Maestro results	2026-10-10T06:50:50.3739360Z   JAVA_HOME: /opt/hostedtoolcache/Java_Temurin-Hotspot_jdk/17.0.20-1/x64
Maestro on Android emulator (expo-go)	Upload Maestro results	2026-10-10T06:50:50.3739859Z   JAVA_HOME_17_X64: /opt/hostedtoolcache/Java_Temurin-Hotspot_jdk/17.0.20-1/x64
Maestro on Android emulator (expo-go)	Upload Maestro results	2026-10-10T06:50:50.3740291Z   ANDROID_AVD_HOME: /home/runner/.android/avd
Maestro on Android emulator (expo-go)	Upload Maestro results	2026-10-10T06:50:50.3740584Z ##[endgroup]
Maestro on Android emulator (expo-go)	Upload Maestro results	2026-10-10T06:50:50.5594954Z (node:4221) [DEP0040] DeprecationWarning: The `punycode` module is deprecated. Please use a userland alternative instead.
Maestro on Android emulator (expo-go)	Upload Maestro results	2026-10-10T06:50:50.5597227Z (Use `node --trace-deprecation ...` to show where the warning was created)
Maestro on Android emulator (expo-go)	Upload Maestro results	2026-10-10T06:50:50.6229480Z With the provided path, there will be 91 files uploaded
Maestro on Android emulator (expo-go)	Upload Maestro results	2026-10-10T06:50:50.6230459Z Artifact name is valid!
Maestro on Android emulator (expo-go)	Upload Maestro results	2026-10-10T06:50:50.6230963Z Root directory input is valid!
Maestro on Android emulator (expo-go)	Upload Maestro results	2026-10-10T06:50:50.8199713Z Beginning upload of artifact content to blob storage
Maestro on Android emulator (expo-go)	Upload Maestro results	2026-10-10T06:50:51.0914019Z (node:4221) [DEP0169] DeprecationWarning: `url.parse()` behavior is not standardized and prone to errors that have security implications. Use the WHATWG URL API instead. CVEs are not issued for `url.parse()` vulnerabilities.
Maestro on Android emulator (expo-go)	Upload Maestro results	2026-10-10T06:50:51.2002935Z Uploaded bytes 2007087
Maestro on Android emulator (expo-go)	Upload Maestro results	2026-10-10T06:50:51.2195785Z Finished uploading artifact content to blob storage!
Maestro on Android emulator (expo-go)	Upload Maestro results	2026-10-10T06:50:51.2197530Z SHA256 digest of uploaded artifact zip is 6926142b011f64a259965bde55c08cdbc438a723b79e9b2d0e22b74a56fe8988
Maestro on Android emulator (expo-go)	Upload Maestro results	2026-10-10T06:50:51.2199540Z Finalizing artifact upload
Maestro on Android emulator (expo-go)	Upload Maestro results	2026-10-10T06:50:51.4138429Z Artifact e2e-android-expo-go-results.zip successfully finalized. Artifact ID 11663365228
Maestro on Android emulator (expo-go)	Upload Maestro results	2026-10-10T06:50:51.4140218Z Artifact e2e-android-expo-go-results has been successfully uploaded! Final size is 2007087 bytes. Artifact ID is 11663365228
Maestro on Android emulator (expo-go)	Upload Maestro results	2026-10-10T06:50:51.4147153Z Artifact download URL: https://github.com/koniz-dev/react-native-starter/actions/runs/38031826754/artifacts/11663365228
Maestro on Android emulator (expo-go)	Post Set up Java 17 (Maestro)	﻿2026-10-10T06:50:51.4353651Z Post job cleanup.
Maestro on Android emulator (expo-go)	Post Set up Java 17 (Maestro)	2026-10-10T06:50:51.5734362Z (node:4236) [DEP0040] DeprecationWarning: The `punycode` module is deprecated. Please use a userland alternative instead.
Maestro on Android emulator (expo-go)	Post Set up Java 17 (Maestro)	2026-10-10T06:50:51.5735537Z (Use `node --trace-deprecation ...` to show where the warning was created)
Maestro on Android emulator (expo-go)	Post Set up Node.js	﻿2026-10-10T06:50:51.5941727Z Post job cleanup.
Maestro on Android emulator (expo-go)	Post Set up Node.js	2026-10-10T06:50:51.7294267Z (node:4244) [DEP0040] DeprecationWarning: The `punycode` module is deprecated. Please use a userland alternative instead.
Maestro on Android emulator (expo-go)	Post Set up Node.js	2026-10-10T06:50:51.7295565Z (Use `node --trace-deprecation ...` to show where the warning was created)
Maestro on Android emulator (expo-go)	Post Set up Node.js	2026-10-10T06:50:51.7299598Z Cache hit occurred on the primary key node-cache-Linux-x64-npm-10f9dc59c99c82563481e37a50745bae137261a45ffc8c4ba105eb544b91396b, not saving cache.
Maestro on Android emulator (expo-go)	Post Check out repository	﻿2026-10-10T06:50:51.7484752Z Post job cleanup.
Maestro on Android emulator (expo-go)	Post Check out repository	2026-10-10T06:50:51.8416521Z [command]/usr/bin/git version
Maestro on Android emulator (expo-go)	Post Check out repository	2026-10-10T06:50:51.8465063Z git version 2.55.0
Maestro on Android emulator (expo-go)	Post Check out repository	2026-10-10T06:50:51.8507032Z Temporarily overriding HOME='/home/runner/work/_temp/fff48c59-eb6f-4f51-b4c4-6fb4a92d0fc6' before making global git config changes
Maestro on Android emulator (expo-go)	Post Check out repository	2026-10-10T06:50:51.8516679Z Adding repository directory to the temporary git global config as a safe directory
Maestro on Android emulator (expo-go)	Post Check out repository	2026-10-10T06:50:51.8518747Z [command]/usr/bin/git config --global --add safe.directory /home/runner/work/react-native-starter/react-native-starter
Maestro on Android emulator (expo-go)	Post Check out repository	2026-10-10T06:50:51.8564335Z [command]/usr/bin/git config --local --name-only --get-regexp core\.sshCommand
Maestro on Android emulator (expo-go)	Post Check out repository	2026-10-10T06:50:51.8613476Z [command]/usr/bin/git submodule foreach --recursive sh -c "git config --local --name-only --get-regexp 'core\.sshCommand' && git config --local --unset-all 'core.sshCommand' || :"
Maestro on Android emulator (expo-go)	Post Check out repository	2026-10-10T06:50:51.8924722Z [command]/usr/bin/git config --local --name-only --get-regexp http\.https\:\/\/github\.com\/\.extraheader
Maestro on Android emulator (expo-go)	Post Check out repository	2026-10-10T06:50:51.8957325Z http.https://github.com/.extraheader
Maestro on Android emulator (expo-go)	Post Check out repository	2026-10-10T06:50:51.8994244Z [command]/usr/bin/git config --local --unset-all http.https://github.com/.extraheader
Maestro on Android emulator (expo-go)	Post Check out repository	2026-10-10T06:50:51.9013598Z [command]/usr/bin/git submodule foreach --recursive sh -c "git config --local --name-only --get-regexp 'http\.https\:\/\/github\.com\/\.extraheader' && git config --local --unset-all 'http.https://github.com/.extraheader' || :"
Maestro on Android emulator (expo-go)	Post Check out repository	2026-10-10T06:50:51.9261141Z [command]/usr/bin/git config --local --name-only --get-regexp ^includeIf\.gitdir:
Maestro on Android emulator (expo-go)	Post Check out repository	2026-10-10T06:50:51.9307064Z [command]/usr/bin/git submodule foreach --recursive git config --local --show-origin --name-only --get-regexp remote.origin.url
Maestro on Android emulator (expo-go)	Complete job	﻿2026-10-10T06:50:51.9815796Z Cleaning up orphan processes
Maestro on Android emulator (expo-go)	Complete job	2026-10-10T06:50:52.0247105Z Terminate orphan process: pid (2855) (adb)
Maestro on Android emulator (expo-go)	Complete job	2026-10-10T06:50:52.0293005Z ##[warning]Node.js 20 is deprecated. The following actions target Node.js 20 but are being forced to run on Node.js 24: actions/checkout@v4, actions/setup-java@v4, actions/setup-node@v4, actions/upload-artifact@v4. For more information see: https://github.blog/changelog/2025-09-19-deprecation-of-node-20-on-github-actions-runners/
