env: load .env
env: export EXPO_PUBLIC_API_TRUSTED_ORIGINS EXPO_PUBLIC_AUTH_API_URL
Starting project at /home/runner/work/react-native-starter/react-native-starter
Metro is running in CI mode, reloads are disabled. Remove CI=true to enable watch mode.
Starting Metro Bundler

warning: Bundler cache is empty, rebuilding (this may take a minute)
Waiting on http://localhost:8081

Logs for your project will appear below.
 ERROR  An unknown error occurred while installing React Native DevTools. Details:

[3080:1010/064405.732491:FATAL:sandbox/linux/suid/client/setuid_sandbox_host.cc:166] The SUID sandbox helper binary was found, but is not configured correctly. Rather than run without sandboxing I'm aborting now. You need to make sure that /home/runner/.cache/dotslash/64/ed7915e5fef86802e862c274e17f780fa75388/React Native DevTools-linux-x64/chrome-sandbox is owned by root and has mode 4755.

Android Bundled 25401ms index.ts (1770 modules)
Android Bundled 17691ms index.ts (1738 modules)
 DEBUG  [analytics] screen /
Android Bundled 124ms index.ts (1 module)
 DEBUG  [analytics] screen /
 DEBUG  [analytics] screen /login
 DEBUG  [analytics] screen /
Android Bundled 124ms index.ts (1 module)
 DEBUG  [analytics] screen /
 DEBUG  [analytics] screen /explore
 DEBUG  [analytics] screen /
Android Bundled 216ms index.ts (1 module)
 DEBUG  [analytics] screen /
 DEBUG  [analytics] screen /login
 DEBUG  [analytics] screen /
Android Bundled 186ms index.ts (1 module)
 DEBUG  [analytics] screen /
Android Bundled 115ms index.ts (1 module)
 DEBUG  [analytics] screen /
Android Bundled 163ms index.ts (1 module)
 DEBUG  [analytics] screen /
 DEBUG  [analytics] screen /login
 DEBUG  [analytics] screen /
Android Bundled 121ms index.ts (1 module)
 DEBUG  [analytics] screen /
 DEBUG  [analytics] screen /explore
 WARN  API GET /todos failed: server (503)
Android Bundled 136ms index.ts (1 module)
 DEBUG  [analytics] screen /
 DEBUG  [analytics] screen /explore
 DEBUG  [analytics] screen /
