Verify	Set up job	﻿2026-10-07T16:06:56.1967542Z Current runner version: '2.337.0'
Verify	Set up job	2026-10-07T16:06:56.1988020Z ##[group]Runner Image Provisioner
Verify	Set up job	2026-10-07T16:06:56.1988609Z Hosted Compute Agent
Verify	Set up job	2026-10-07T16:06:56.1989116Z Version: 20260901.588
Verify	Set up job	2026-10-07T16:06:56.1989514Z Commit: f88ec8081b781fac6c440065ac7ff9e710ce3d0b
Verify	Set up job	2026-10-07T16:06:56.1989978Z Build Date: 2026-09-01T19:56:44Z
Verify	Set up job	2026-10-07T16:06:56.1990455Z Worker ID: {1d4a1d2e-5f9d-436c-a0f3-cac5e8b3c828}
Verify	Set up job	2026-10-07T16:06:56.1990903Z Azure Region: centralus
Verify	Set up job	2026-10-07T16:06:56.1991330Z ##[endgroup]
Verify	Set up job	2026-10-07T16:06:56.1992607Z ##[group]Operating System
Verify	Set up job	2026-10-07T16:06:56.1993022Z Ubuntu
Verify	Set up job	2026-10-07T16:06:56.1993415Z 24.04.5
Verify	Set up job	2026-10-07T16:06:56.1993748Z LTS
Verify	Set up job	2026-10-07T16:06:56.1994159Z ##[endgroup]
Verify	Set up job	2026-10-07T16:06:56.1994521Z ##[group]Runner Image
Verify	Set up job	2026-10-07T16:06:56.1994913Z Image: ubuntu-24.04
Verify	Set up job	2026-10-07T16:06:56.1995311Z Version: 20260927.320.1
Verify	Set up job	2026-10-07T16:06:56.1995981Z Included Software: https://github.com/actions/runner-images/blob/ubuntu24/20260927.320/images/ubuntu/Ubuntu2404-Readme.md
Verify	Set up job	2026-10-07T16:06:56.1997133Z Image Release: https://github.com/actions/runner-images/releases/tag/ubuntu24%2F20260927.320
Verify	Set up job	2026-10-07T16:06:56.1997716Z ##[endgroup]
Verify	Set up job	2026-10-07T16:06:56.1998755Z ##[group]GITHUB_TOKEN Permissions
Verify	Set up job	2026-10-07T16:06:56.2000290Z Contents: read
Verify	Set up job	2026-10-07T16:06:56.2000702Z Metadata: read
Verify	Set up job	2026-10-07T16:06:56.2001052Z ##[endgroup]
Verify	Set up job	2026-10-07T16:06:56.2002810Z Secret source: Actions
Verify	Set up job	2026-10-07T16:06:56.2003477Z Cache mode: write
Verify	Set up job	2026-10-07T16:06:56.2004110Z Prepare workflow directory
Verify	Set up job	2026-10-07T16:06:56.2226203Z Prepare all required actions
Verify	Set up job	2026-10-07T16:06:56.2260528Z Getting action download info
Verify	Set up job	2026-10-07T16:06:56.4684241Z Download action repository 'actions/checkout@v4' (SHA:11d5960a326750d5838078e36cf38b85af677262)
Verify	Set up job	2026-10-07T16:06:56.5664489Z Download action repository 'actions/setup-node@v4' (SHA:49933ea5288caeca8642d1e84afbd3f7d6820020)
Verify	Set up job	2026-10-07T16:06:56.9412522Z Complete job name: Verify
Verify	Check out repository	﻿2026-10-07T16:06:56.9938722Z ##[group]Run actions/checkout@v4
Verify	Check out repository	2026-10-07T16:06:56.9939182Z with:
Verify	Check out repository	2026-10-07T16:06:56.9939469Z   repository: koniz-dev/react-native-starter
Verify	Check out repository	2026-10-07T16:06:56.9941954Z   token: ***
Verify	Check out repository	2026-10-07T16:06:56.9942195Z   ssh-strict: true
Verify	Check out repository	2026-10-07T16:06:56.9942440Z   ssh-user: git
Verify	Check out repository	2026-10-07T16:06:56.9942692Z   persist-credentials: true
Verify	Check out repository	2026-10-07T16:06:56.9942963Z   clean: true
Verify	Check out repository	2026-10-07T16:06:56.9943216Z   sparse-checkout-cone-mode: true
Verify	Check out repository	2026-10-07T16:06:56.9943506Z   fetch-depth: 1
Verify	Check out repository	2026-10-07T16:06:56.9943746Z   fetch-tags: false
Verify	Check out repository	2026-10-07T16:06:56.9943993Z   show-progress: true
Verify	Check out repository	2026-10-07T16:06:56.9944246Z   lfs: false
Verify	Check out repository	2026-10-07T16:06:56.9944498Z   submodules: false
Verify	Check out repository	2026-10-07T16:06:56.9944746Z   set-safe-directory: true
Verify	Check out repository	2026-10-07T16:06:56.9945037Z   allow-unsafe-pr-checkout: false
Verify	Check out repository	2026-10-07T16:06:56.9945407Z ##[endgroup]
Verify	Check out repository	2026-10-07T16:06:57.0647937Z Syncing repository: koniz-dev/react-native-starter
Verify	Check out repository	2026-10-07T16:06:57.0649898Z ##[group]Getting Git version info
Verify	Check out repository	2026-10-07T16:06:57.0650459Z Working directory is '/home/runner/work/react-native-starter/react-native-starter'
Verify	Check out repository	2026-10-07T16:06:57.0651205Z [command]/usr/bin/git version
Verify	Check out repository	2026-10-07T16:06:57.0773076Z git version 2.55.0
Verify	Check out repository	2026-10-07T16:06:57.0784051Z ##[endgroup]
Verify	Check out repository	2026-10-07T16:06:57.0790961Z Temporarily overriding HOME='/home/runner/work/_temp/d8a4dbb5-f041-46bd-9afc-b8a91918bf82' before making global git config changes
Verify	Check out repository	2026-10-07T16:06:57.0792021Z Adding repository directory to the temporary git global config as a safe directory
Verify	Check out repository	2026-10-07T16:06:57.0795326Z [command]/usr/bin/git config --global --add safe.directory /home/runner/work/react-native-starter/react-native-starter
Verify	Check out repository	2026-10-07T16:06:57.1079647Z Deleting the contents of '/home/runner/work/react-native-starter/react-native-starter'
Verify	Check out repository	2026-10-07T16:06:57.1087815Z ##[group]Initializing the repository
Verify	Check out repository	2026-10-07T16:06:57.1095681Z [command]/usr/bin/git init /home/runner/work/react-native-starter/react-native-starter
Verify	Check out repository	2026-10-07T16:06:57.1625384Z hint: Using 'master' as the name for the initial branch. This default branch name
Verify	Check out repository	2026-10-07T16:06:57.1626317Z hint: will change to "main" in Git 3.0. To configure the initial branch name
Verify	Check out repository	2026-10-07T16:06:57.1627081Z hint: to use in all of your new repositories, which will suppress this warning,
Verify	Check out repository	2026-10-07T16:06:57.1627490Z hint: call:
Verify	Check out repository	2026-10-07T16:06:57.1627719Z hint:
Verify	Check out repository	2026-10-07T16:06:57.1628063Z hint: 	git config --global init.defaultBranch <name>
Verify	Check out repository	2026-10-07T16:06:57.1628415Z hint:
Verify	Check out repository	2026-10-07T16:06:57.1628734Z hint: Names commonly chosen instead of 'master' are 'main', 'trunk' and
Verify	Check out repository	2026-10-07T16:06:57.1629249Z hint: 'development'. The just-created branch can be renamed via this command:
Verify	Check out repository	2026-10-07T16:06:57.1629896Z hint:
Verify	Check out repository	2026-10-07T16:06:57.1630294Z hint: 	git branch -m <name>
Verify	Check out repository	2026-10-07T16:06:57.1630690Z hint:
Verify	Check out repository	2026-10-07T16:06:57.1631055Z hint: Disable this message with "git config set advice.defaultBranchName false"
Verify	Check out repository	2026-10-07T16:06:57.1631870Z Initialized empty Git repository in /home/runner/work/react-native-starter/react-native-starter/.git/
Verify	Check out repository	2026-10-07T16:06:57.1634726Z [command]/usr/bin/git remote add origin https://github.com/koniz-dev/react-native-starter
Verify	Check out repository	2026-10-07T16:06:57.1780596Z ##[endgroup]
Verify	Check out repository	2026-10-07T16:06:57.1781718Z ##[group]Disabling automatic garbage collection
Verify	Check out repository	2026-10-07T16:06:57.1795104Z [command]/usr/bin/git config --local gc.auto 0
Verify	Check out repository	2026-10-07T16:06:57.1893114Z ##[endgroup]
Verify	Check out repository	2026-10-07T16:06:57.1894781Z ##[group]Setting up auth
Verify	Check out repository	2026-10-07T16:06:57.1904849Z [command]/usr/bin/git config --local --name-only --get-regexp core\.sshCommand
Verify	Check out repository	2026-10-07T16:06:57.1985773Z [command]/usr/bin/git submodule foreach --recursive sh -c "git config --local --name-only --get-regexp 'core\.sshCommand' && git config --local --unset-all 'core.sshCommand' || :"
Verify	Check out repository	2026-10-07T16:06:57.2437132Z [command]/usr/bin/git config --local --name-only --get-regexp http\.https\:\/\/github\.com\/\.extraheader
Verify	Check out repository	2026-10-07T16:06:57.2471016Z [command]/usr/bin/git submodule foreach --recursive sh -c "git config --local --name-only --get-regexp 'http\.https\:\/\/github\.com\/\.extraheader' && git config --local --unset-all 'http.https://github.com/.extraheader' || :"
Verify	Check out repository	2026-10-07T16:06:57.2682539Z [command]/usr/bin/git config --local --name-only --get-regexp ^includeIf\.gitdir:
Verify	Check out repository	2026-10-07T16:06:57.2714924Z [command]/usr/bin/git submodule foreach --recursive git config --local --show-origin --name-only --get-regexp remote.origin.url
Verify	Check out repository	2026-10-07T16:06:57.2909162Z [command]/usr/bin/git config --local http.https://github.com/.extraheader AUTHORIZATION: basic ***
Verify	Check out repository	2026-10-07T16:06:57.2967977Z ##[endgroup]
Verify	Check out repository	2026-10-07T16:06:57.2968527Z ##[group]Fetching the repository
Verify	Check out repository	2026-10-07T16:06:57.2975815Z [command]/usr/bin/git -c protocol.version=2 fetch --no-tags --prune --no-recurse-submodules --depth=1 origin +101ae504714114233092c1150f649ccedf020193:refs/remotes/origin/main
Verify	Check out repository	2026-10-07T16:07:08.1854845Z From https://github.com/koniz-dev/react-native-starter
Verify	Check out repository	2026-10-07T16:07:08.1856507Z  * [new ref]         101ae504714114233092c1150f649ccedf020193 -> origin/main
Verify	Check out repository	2026-10-07T16:07:08.1859497Z ##[endgroup]
Verify	Check out repository	2026-10-07T16:07:08.1860720Z ##[group]Determining the checkout info
Verify	Check out repository	2026-10-07T16:07:08.1862165Z ##[endgroup]
Verify	Check out repository	2026-10-07T16:07:08.1865460Z [command]/usr/bin/git sparse-checkout disable
Verify	Check out repository	2026-10-07T16:07:08.1914717Z [command]/usr/bin/git config --local --unset-all extensions.worktreeConfig
Verify	Check out repository	2026-10-07T16:07:08.1944024Z ##[group]Checking out the ref
Verify	Check out repository	2026-10-07T16:07:08.1947398Z [command]/usr/bin/git checkout --progress --force -B main refs/remotes/origin/main
Verify	Check out repository	2026-10-07T16:07:08.2514894Z Switched to a new branch 'main'
Verify	Check out repository	2026-10-07T16:07:08.2516164Z branch 'main' set up to track 'origin/main'.
Verify	Check out repository	2026-10-07T16:07:08.2526239Z ##[endgroup]
Verify	Check out repository	2026-10-07T16:07:08.2566772Z [command]/usr/bin/git log -1 --format=%H
Verify	Check out repository	2026-10-07T16:07:08.2590917Z 101ae504714114233092c1150f649ccedf020193
Verify	Set up Node.js	﻿2026-10-07T16:07:08.2859891Z ##[group]Run actions/setup-node@v4
Verify	Set up Node.js	2026-10-07T16:07:08.2860640Z with:
Verify	Set up Node.js	2026-10-07T16:07:08.2861151Z   node-version-file: .nvmrc
Verify	Set up Node.js	2026-10-07T16:07:08.2861880Z   cache: npm
Verify	Set up Node.js	2026-10-07T16:07:08.2862383Z   always-auth: false
Verify	Set up Node.js	2026-10-07T16:07:08.2862955Z   check-latest: false
Verify	Set up Node.js	2026-10-07T16:07:08.2869524Z   token: ***
Verify	Set up Node.js	2026-10-07T16:07:08.2870010Z ##[endgroup]
Verify	Set up Node.js	2026-10-07T16:07:08.3835027Z Resolved .nvmrc as 24
Verify	Set up Node.js	2026-10-07T16:07:08.3871334Z Found in cache @ /opt/hostedtoolcache/node/24.21.0/x64
Verify	Set up Node.js	2026-10-07T16:07:08.3875346Z (node:2087) [DEP0040] DeprecationWarning: The `punycode` module is deprecated. Please use a userland alternative instead.
Verify	Set up Node.js	2026-10-07T16:07:08.3877801Z (Use `node --trace-deprecation ...` to show where the warning was created)
Verify	Set up Node.js	2026-10-07T16:07:08.3879496Z ##[group]Environment details
Verify	Set up Node.js	2026-10-07T16:07:08.6959028Z node: v24.21.0
Verify	Set up Node.js	2026-10-07T16:07:08.6959536Z npm: 11.19.0
Verify	Set up Node.js	2026-10-07T16:07:08.6959826Z yarn: 1.22.22
Verify	Set up Node.js	2026-10-07T16:07:08.6960593Z ##[endgroup]
Verify	Set up Node.js	2026-10-07T16:07:08.6972336Z [command]/opt/hostedtoolcache/node/24.21.0/x64/bin/npm config get cache
Verify	Set up Node.js	2026-10-07T16:07:08.7791185Z /home/runner/.npm
Verify	Set up Node.js	2026-10-07T16:07:08.9596009Z Cache hit for: node-cache-Linux-x64-npm-9a82033345870d620287ae0ca8b0f11fd380bcf572aa61d4d09e5388351df534
Verify	Set up Node.js	2026-10-07T16:07:08.9662995Z (node:2087) [DEP0169] DeprecationWarning: `url.parse()` behavior is not standardized and prone to errors that have security implications. Use the WHATWG URL API instead. CVEs are not issued for `url.parse()` vulnerabilities.
Verify	Set up Node.js	2026-10-07T16:07:10.0992744Z Received 117440512 of 154629666 (75.9%), 111.9 MBs/sec
Verify	Set up Node.js	2026-10-07T16:07:10.5742640Z Received 154629666 of 154629666 (100.0%), 100.0 MBs/sec
Verify	Set up Node.js	2026-10-07T16:07:10.5744611Z Cache Size: ~147 MB (154629666 B)
Verify	Set up Node.js	2026-10-07T16:07:10.5962809Z [command]/usr/bin/tar -xf /home/runner/work/_temp/96a4d420-9a6d-43f1-8aba-b81c4dce375a/cache.tzst -P -C /home/runner/work/react-native-starter/react-native-starter --use-compress-program unzstd
Verify	Set up Node.js	2026-10-07T16:07:10.9183359Z Cache restored successfully
Verify	Set up Node.js	2026-10-07T16:07:10.9252965Z Cache restored from key: node-cache-Linux-x64-npm-9a82033345870d620287ae0ca8b0f11fd380bcf572aa61d4d09e5388351df534
Verify	Install dependencies	﻿2026-10-07T16:07:10.9435459Z ##[group]Run npm ci
Verify	Install dependencies	2026-10-07T16:07:10.9435713Z ^[[36;1mnpm ci^[[0m
Verify	Install dependencies	2026-10-07T16:07:10.9668623Z shell: /usr/bin/bash -e {0}
Verify	Install dependencies	2026-10-07T16:07:10.9668911Z ##[endgroup]
Verify	Install dependencies	2026-10-07T16:07:14.1638173Z npm warn deprecated inflight@1.0.6: This module is not supported, and leaks memory. Do not use it. Check out lru-cache if you want a good and tested way to coalesce async requests by a key value, which is much more comprehensive and powerful.
Verify	Install dependencies	2026-10-07T16:07:14.3232686Z npm warn deprecated abab@2.0.6: Use your platform's native atob() and btoa() methods instead
Verify	Install dependencies	2026-10-07T16:07:14.3420658Z npm warn deprecated glob@7.2.3: Glob versions prior to v9 are no longer supported
Verify	Install dependencies	2026-10-07T16:07:14.3455929Z npm warn deprecated glob@7.2.3: Glob versions prior to v9 are no longer supported
Verify	Install dependencies	2026-10-07T16:07:14.3462145Z npm warn deprecated glob@7.2.3: Glob versions prior to v9 are no longer supported
Verify	Install dependencies	2026-10-07T16:07:14.3477369Z npm warn deprecated glob@7.2.3: Glob versions prior to v9 are no longer supported
Verify	Install dependencies	2026-10-07T16:07:14.5492491Z npm warn deprecated domexception@4.0.0: Use your platform's native DOMException instead
Verify	Install dependencies	2026-10-07T16:07:15.3094518Z npm warn deprecated uuid@7.0.3: uuid@10 and below is no longer supported.  For ESM codebases, update to uuid@latest.  For CommonJS codebases, use uuid@11 (but be aware this version will likely be deprecated in 2028).
Verify	Install dependencies	2026-10-07T16:07:16.5849574Z npm warn deprecated react-native-vector-icons@10.3.0: react-native-vector-icons package has moved to a new model of per-icon-family packages. See the https://github.com/oblador/react-native-vector-icons/blob/master/MIGRATION.md on how to migrate
Verify	Install dependencies	2026-10-07T16:07:21.9436299Z 
Verify	Install dependencies	2026-10-07T16:07:21.9437220Z added 1071 packages, and audited 1072 packages in 11s
Verify	Install dependencies	2026-10-07T16:07:21.9437553Z 
Verify	Install dependencies	2026-10-07T16:07:21.9437888Z 180 packages are looking for funding
Verify	Install dependencies	2026-10-07T16:07:21.9442650Z   run `npm fund` for details
Verify	Install dependencies	2026-10-07T16:07:22.0537449Z 
Verify	Install dependencies	2026-10-07T16:07:22.0538305Z 70 vulnerabilities (1 low, 15 moderate, 54 high)
Verify	Install dependencies	2026-10-07T16:07:22.0538641Z 
Verify	Install dependencies	2026-10-07T16:07:22.0538896Z To address issues that do not require attention, run:
Verify	Install dependencies	2026-10-07T16:07:22.0539228Z   npm audit fix
Verify	Install dependencies	2026-10-07T16:07:22.0540059Z 
Verify	Install dependencies	2026-10-07T16:07:22.0540299Z To address all issues (including breaking changes), run:
Verify	Install dependencies	2026-10-07T16:07:22.0540645Z   npm audit fix --force
Verify	Install dependencies	2026-10-07T16:07:22.0540790Z 
Verify	Install dependencies	2026-10-07T16:07:22.0540906Z Run `npm audit` for details.
Verify	Lint	﻿2026-10-07T16:07:22.1849213Z ##[group]Run npm run lint
Verify	Lint	2026-10-07T16:07:22.1849461Z ^[[36;1mnpm run lint^[[0m
Verify	Lint	2026-10-07T16:07:22.1907236Z shell: /usr/bin/bash -e {0}
Verify	Lint	2026-10-07T16:07:22.1907427Z ##[endgroup]
Verify	Lint	2026-10-07T16:07:22.2701413Z 
Verify	Lint	2026-10-07T16:07:22.2702288Z > react-native-starter@1.0.0 lint
Verify	Lint	2026-10-07T16:07:26.3695140Z > eslint .
Verify	Lint	2026-10-07T16:07:26.3695386Z 
Verify	Lint	2026-10-07T16:07:26.3695395Z 
Verify	Lint	2026-10-07T16:07:26.3695797Z /home/runner/work/react-native-starter/react-native-starter/components/ThemedText.tsx
Verify	Lint	2026-10-07T16:07:26.3722020Z ##[warning]  24:3  warning  Unused style detected: styles.default          react-native/no-unused-styles
Verify	Lint	2026-10-07T16:07:26.3729742Z ##[warning]  25:3  warning  Unused style detected: styles.defaultSemiBold  react-native/no-unused-styles
Verify	Lint	2026-10-07T16:07:26.3731183Z ##[warning]  26:3  warning  Unused style detected: styles.title            react-native/no-unused-styles
Verify	Lint	2026-10-07T16:07:26.3732646Z ##[warning]  27:3  warning  Unused style detected: styles.subtitle         react-native/no-unused-styles
Verify	Lint	2026-10-07T16:07:26.3733829Z ##[warning]  28:3  warning  Unused style detected: styles.link             react-native/no-unused-styles
Verify	Lint	2026-10-07T16:07:26.3734956Z ##[warning]  28:9  warning  Color literal: { color: '#0a7ea4' }            react-native/no-color-literals
Verify	Lint	2026-10-07T16:07:26.3735646Z 
Verify	Lint	2026-10-07T16:07:26.3736088Z ✖ 6 problems (0 errors, 6 warnings)
Verify	Lint	2026-10-07T16:07:26.3736266Z 
Verify	Check formatting	﻿2026-10-07T16:07:26.5727502Z ##[group]Run npm run format:check
Verify	Check formatting	2026-10-07T16:07:26.5727714Z ^[[36;1mnpm run format:check^[[0m
Verify	Check formatting	2026-10-07T16:07:26.5783091Z shell: /usr/bin/bash -e {0}
Verify	Check formatting	2026-10-07T16:07:26.5783260Z ##[endgroup]
Verify	Check formatting	2026-10-07T16:07:26.6498200Z 
Verify	Check formatting	2026-10-07T16:07:26.6498879Z > react-native-starter@1.0.0 format:check
Verify	Check formatting	2026-10-07T16:07:26.6499218Z > prettier --check "**/*.{ts,tsx,js,jsx,json,md}"
Verify	Check formatting	2026-10-07T16:07:26.6499411Z 
Verify	Check formatting	2026-10-07T16:07:26.7110510Z Checking formatting...
Verify	Check formatting	2026-10-07T16:07:28.0411903Z All matched files use Prettier code style!
Verify	Type-check	﻿2026-10-07T16:07:28.0750117Z ##[group]Run npm run type-check
Verify	Type-check	2026-10-07T16:07:28.0750323Z ^[[36;1mnpm run type-check^[[0m
Verify	Type-check	2026-10-07T16:07:28.0807229Z shell: /usr/bin/bash -e {0}
Verify	Type-check	2026-10-07T16:07:28.0807406Z ##[endgroup]
Verify	Type-check	2026-10-07T16:07:28.1560486Z 
Verify	Type-check	2026-10-07T16:07:28.1561123Z > react-native-starter@1.0.0 type-check
Verify	Type-check	2026-10-07T16:07:28.1561404Z > tsc --noEmit
Verify	Type-check	2026-10-07T16:07:28.1561678Z 
Verify	Run Jest tests	﻿2026-10-07T16:07:29.9998244Z ##[group]Run npm run test:ci
Verify	Run Jest tests	2026-10-07T16:07:29.9998445Z ^[[36;1mnpm run test:ci^[[0m
Verify	Run Jest tests	2026-10-07T16:07:30.0052854Z shell: /usr/bin/bash -e {0}
Verify	Run Jest tests	2026-10-07T16:07:30.0053025Z ##[endgroup]
Verify	Run Jest tests	2026-10-07T16:07:30.0805596Z 
Verify	Run Jest tests	2026-10-07T16:07:30.0806355Z > react-native-starter@1.0.0 test:ci
Verify	Run Jest tests	2026-10-07T16:07:30.0806776Z > jest
Verify	Run Jest tests	2026-10-07T16:07:30.0806879Z 
Verify	Run Jest tests	2026-10-07T16:07:33.1590936Z PASS __tests__/utils/logger.test.ts
Verify	Run Jest tests	2026-10-07T16:07:33.3743466Z PASS __tests__/services/httpClient.test.ts
Verify	Run Jest tests	2026-10-07T16:07:33.4313020Z PASS __tests__/services/api.test.ts
Verify	Run Jest tests	2026-10-07T16:07:33.4513369Z   ● Console
Verify	Run Jest tests	2026-10-07T16:07:33.4541921Z 
Verify	Run Jest tests	2026-10-07T16:07:33.4572625Z     console.warn
Verify	Run Jest tests	2026-10-07T16:07:33.4573430Z       ⚠️ API request failed: server (503)
Verify	Run Jest tests	2026-10-07T16:07:33.4573625Z 
Verify	Run Jest tests	2026-10-07T16:07:33.4574053Z     ^[[0m ^[[90m 44 |^[[39m         console^[[33m.^[[39mwarn(^[[32m`⚠️ ${message}`^[[39m^[[33m,^[[39m context)^[[33m;^[[39m
Verify	Run Jest tests	2026-10-07T16:07:33.4574563Z      ^[[90m 45 |^[[39m       } ^[[36melse^[[39m {
Verify	Run Jest tests	2026-10-07T16:07:33.4575083Z     ^[[31m^[[1m>^[[22m^[[39m^[[90m 46 |^[[39m         console^[[33m.^[[39mwarn(^[[32m`⚠️ ${message}`^[[39m)^[[33m;^[[39m
Verify	Run Jest tests	2026-10-07T16:07:33.4575683Z      ^[[90m    |^[[39m                 ^[[31m^[[1m^^[[22m^[[39m
Verify	Run Jest tests	2026-10-07T16:07:33.4575974Z      ^[[90m 47 |^[[39m       }
Verify	Run Jest tests	2026-10-07T16:07:33.4576213Z      ^[[90m 48 |^[[39m     }
Verify	Run Jest tests	2026-10-07T16:07:33.4576472Z      ^[[90m 49 |^[[39m   }^[[33m,^[[39m^[[0m
Verify	Run Jest tests	2026-10-07T16:07:33.4576633Z 
Verify	Run Jest tests	2026-10-07T16:07:33.4577203Z       at Object.warn (utils/logger.ts:46:17)
Verify	Run Jest tests	2026-10-07T16:07:33.4577505Z       at warn (services/httpClient.ts:136:12)
Verify	Run Jest tests	2026-10-07T16:07:33.4577943Z       at asyncGeneratorStep (node_modules/@babel/runtime/helpers/asyncToGenerator.js:3:17)
Verify	Run Jest tests	2026-10-07T16:07:33.4578453Z       at _next (node_modules/@babel/runtime/helpers/asyncToGenerator.js:17:9)
Verify	Run Jest tests	2026-10-07T16:07:33.4578891Z       at node_modules/@babel/runtime/helpers/asyncToGenerator.js:22:7
Verify	Run Jest tests	2026-10-07T16:07:33.4579313Z       at node_modules/@babel/runtime/helpers/asyncToGenerator.js:14:12
Verify	Run Jest tests	2026-10-07T16:07:33.4579671Z       at apply (services/httpClient.ts:142:4)
Verify	Run Jest tests	2026-10-07T16:07:33.4580060Z       at Axios.request (node_modules/axios/dist/browser/axios.cjs:5245:14)
Verify	Run Jest tests	2026-10-07T16:07:33.4580311Z 
Verify	Run Jest tests	2026-10-07T16:07:33.5304135Z PASS __tests__/config/env.test.ts
Verify	Run Jest tests	2026-10-07T16:07:40.4496764Z PASS __tests__/components/LoginScreen.test.tsx (6.997 s)
Verify	Run Jest tests	2026-10-07T16:07:40.4540199Z   ● Console
Verify	Run Jest tests	2026-10-07T16:07:40.4553942Z 
Verify	Run Jest tests	2026-10-07T16:07:40.4554731Z     console.error
Verify	Run Jest tests	2026-10-07T16:07:40.4555327Z       An update to SessionProvider inside a test was not wrapped in act(...).
Verify	Run Jest tests	2026-10-07T16:07:40.4555701Z       
Verify	Run Jest tests	2026-10-07T16:07:40.4556052Z       When testing, code that causes React state updates should be wrapped into act(...):
Verify	Run Jest tests	2026-10-07T16:07:40.4556405Z       
Verify	Run Jest tests	2026-10-07T16:07:40.4556636Z       act(() => {
Verify	Run Jest tests	2026-10-07T16:07:40.4556920Z         /* fire events that update state */
Verify	Run Jest tests	2026-10-07T16:07:40.4557244Z       });
Verify	Run Jest tests	2026-10-07T16:07:40.4557501Z       /* assert on the output */
Verify	Run Jest tests	2026-10-07T16:07:40.4557759Z       
Verify	Run Jest tests	2026-10-07T16:07:40.4558217Z       This ensures that you're testing the behavior the user would see in the browser. Learn more at https://react.dev/link/wrap-tests-with-act
Verify	Run Jest tests	2026-10-07T16:07:40.4558627Z 
Verify	Run Jest tests	2026-10-07T16:07:40.4559012Z     ^[[0m ^[[90m 82 |^[[39m     readStoredSession()^[[33m.^[[39mthen(restored ^[[33m=>^[[39m {
Verify	Run Jest tests	2026-10-07T16:07:40.4559594Z      ^[[90m 83 |^[[39m       ^[[36mif^[[39m (^[[33m!^[[39mchangedRef^[[33m.^[[39mcurrent ^[[33m&&^[[39m isMountedRef^[[33m.^[[39mcurrent) {
Verify	Run Jest tests	2026-10-07T16:07:40.4560104Z     ^[[31m^[[1m>^[[22m^[[39m^[[90m 84 |^[[39m         setSession(restored)^[[33m;^[[39m
Verify	Run Jest tests	2026-10-07T16:07:40.4560475Z      ^[[90m    |^[[39m         ^[[31m^[[1m^^[[22m^[[39m
Verify	Run Jest tests	2026-10-07T16:07:40.4560782Z      ^[[90m 85 |^[[39m       }
Verify	Run Jest tests	2026-10-07T16:07:40.4561075Z      ^[[90m 86 |^[[39m     })^[[33m;^[[39m
Verify	Run Jest tests	2026-10-07T16:07:40.4561647Z      ^[[90m 87 |^[[39m     ^[[90m// The HTTP client has already cleared the stored session.^[[39m^[[0m
Verify	Run Jest tests	2026-10-07T16:07:40.4562089Z 
Verify	Run Jest tests	2026-10-07T16:07:40.4612582Z       at node_modules/react-test-renderer/cjs/react-test-renderer.development.js:14402:19
Verify	Run Jest tests	2026-10-07T16:07:40.4613625Z       at runWithFiberInDEV (node_modules/react-test-renderer/cjs/react-test-renderer.development.js:2315:13)
Verify	Run Jest tests	2026-10-07T16:07:40.4614121Z       at warnIfUpdatesNotWrappedWithActDEV (node_modules/react-test-renderer/cjs/react-test-renderer.development.js:14401:9)
Verify	Run Jest tests	2026-10-07T16:07:40.4614612Z       at scheduleUpdateOnFiber (node_modules/react-test-renderer/cjs/react-test-renderer.development.js:12086:9)
Verify	Run Jest tests	2026-10-07T16:07:40.4615086Z       at dispatchSetStateInternal (node_modules/react-test-renderer/cjs/react-test-renderer.development.js:6208:13)
Verify	Run Jest tests	2026-10-07T16:07:40.4615527Z       at dispatchSetState (node_modules/react-test-renderer/cjs/react-test-renderer.development.js:6165:7)
Verify	Run Jest tests	2026-10-07T16:07:40.4615858Z       at setSession (providers/SessionProvider.tsx:84:9)
Verify	Run Jest tests	2026-10-07T16:07:40.4615994Z 
Verify	Run Jest tests	2026-10-07T16:07:40.4616054Z     console.error
Verify	Run Jest tests	2026-10-07T16:07:40.4616270Z       An update to SessionProvider inside a test was not wrapped in act(...).
Verify	Run Jest tests	2026-10-07T16:07:40.4616479Z       
Verify	Run Jest tests	2026-10-07T16:07:40.4616708Z       When testing, code that causes React state updates should be wrapped into act(...):
Verify	Run Jest tests	2026-10-07T16:07:40.4616939Z       
Verify	Run Jest tests	2026-10-07T16:07:40.4617048Z       act(() => {
Verify	Run Jest tests	2026-10-07T16:07:40.4617212Z         /* fire events that update state */
Verify	Run Jest tests	2026-10-07T16:07:40.4617376Z       });
Verify	Run Jest tests	2026-10-07T16:07:40.4617511Z       /* assert on the output */
Verify	Run Jest tests	2026-10-07T16:07:40.4617652Z       
Verify	Run Jest tests	2026-10-07T16:07:40.4618148Z       This ensures that you're testing the behavior the user would see in the browser. Learn more at https://react.dev/link/wrap-tests-with-act
Verify	Run Jest tests	2026-10-07T16:07:40.4618425Z 
Verify	Run Jest tests	2026-10-07T16:07:40.4618759Z     ^[[0m ^[[90m 82 |^[[39m     readStoredSession()^[[33m.^[[39mthen(restored ^[[33m=>^[[39m {
Verify	Run Jest tests	2026-10-07T16:07:40.4619186Z      ^[[90m 83 |^[[39m       ^[[36mif^[[39m (^[[33m!^[[39mchangedRef^[[33m.^[[39mcurrent ^[[33m&&^[[39m isMountedRef^[[33m.^[[39mcurrent) {
Verify	Run Jest tests	2026-10-07T16:07:40.4619566Z     ^[[31m^[[1m>^[[22m^[[39m^[[90m 84 |^[[39m         setSession(restored)^[[33m;^[[39m
Verify	Run Jest tests	2026-10-07T16:07:40.4619822Z      ^[[90m    |^[[39m         ^[[31m^[[1m^^[[22m^[[39m
Verify	Run Jest tests	2026-10-07T16:07:40.4620015Z      ^[[90m 85 |^[[39m       }
Verify	Run Jest tests	2026-10-07T16:07:40.4620199Z      ^[[90m 86 |^[[39m     })^[[33m;^[[39m
Verify	Run Jest tests	2026-10-07T16:07:40.4620495Z      ^[[90m 87 |^[[39m     ^[[90m// The HTTP client has already cleared the stored session.^[[39m^[[0m
Verify	Run Jest tests	2026-10-07T16:07:40.4620675Z 
Verify	Run Jest tests	2026-10-07T16:07:40.4620850Z       at node_modules/react-test-renderer/cjs/react-test-renderer.development.js:14402:19
Verify	Run Jest tests	2026-10-07T16:07:40.4621254Z       at runWithFiberInDEV (node_modules/react-test-renderer/cjs/react-test-renderer.development.js:2315:13)
Verify	Run Jest tests	2026-10-07T16:07:40.4621930Z       at warnIfUpdatesNotWrappedWithActDEV (node_modules/react-test-renderer/cjs/react-test-renderer.development.js:14401:9)
Verify	Run Jest tests	2026-10-07T16:07:40.4622410Z       at scheduleUpdateOnFiber (node_modules/react-test-renderer/cjs/react-test-renderer.development.js:12086:9)
Verify	Run Jest tests	2026-10-07T16:07:40.4622865Z       at dispatchSetStateInternal (node_modules/react-test-renderer/cjs/react-test-renderer.development.js:6208:13)
Verify	Run Jest tests	2026-10-07T16:07:40.4623310Z       at dispatchSetState (node_modules/react-test-renderer/cjs/react-test-renderer.development.js:6165:7)
Verify	Run Jest tests	2026-10-07T16:07:40.4623635Z       at setSession (providers/SessionProvider.tsx:84:9)
Verify	Run Jest tests	2026-10-07T16:07:40.4623767Z 
Verify	Run Jest tests	2026-10-07T16:07:40.5762476Z PASS __tests__/services/auth.test.ts
Verify	Run Jest tests	2026-10-07T16:07:40.6783272Z PASS __tests__/integrations/seams.test.ts
Verify	Run Jest tests	2026-10-07T16:07:40.7991795Z PASS __tests__/config/appConfig.test.ts
Verify	Run Jest tests	2026-10-07T16:07:40.9267814Z PASS __tests__/components/HomeScreen.test.tsx (7.391 s)
Verify	Run Jest tests	2026-10-07T16:07:43.3783020Z PASS __tests__/navigation/tabBarTheme.test.tsx
Verify	Run Jest tests	2026-10-07T16:07:43.3807999Z   ● Console
Verify	Run Jest tests	2026-10-07T16:07:43.3827665Z 
Verify	Run Jest tests	2026-10-07T16:07:43.3828298Z     console.log
Verify	Run Jest tests	2026-10-07T16:07:43.3828958Z       🐛 [analytics] screen /
Verify	Run Jest tests	2026-10-07T16:07:43.3829363Z 
Verify	Run Jest tests	2026-10-07T16:07:43.3829678Z       at Object.log [as debug] (utils/logger.ts:98:17)
Verify	Run Jest tests	2026-10-07T16:07:43.3834234Z 
Verify	Run Jest tests	2026-10-07T16:07:43.3834634Z     console.log
Verify	Run Jest tests	2026-10-07T16:07:43.3835178Z       🐛 [analytics] screen /
Verify	Run Jest tests	2026-10-07T16:07:43.3836007Z 
Verify	Run Jest tests	2026-10-07T16:07:43.3836310Z       at Object.log [as debug] (utils/logger.ts:98:17)
Verify	Run Jest tests	2026-10-07T16:07:43.3836653Z 
Verify	Run Jest tests	2026-10-07T16:07:43.5252943Z PASS __tests__/integrations/i18n.test.tsx
Verify	Run Jest tests	2026-10-07T16:07:43.5256574Z   ● Console
Verify	Run Jest tests	2026-10-07T16:07:43.5256880Z 
Verify	Run Jest tests	2026-10-07T16:07:43.5257139Z     console.log
Verify	Run Jest tests	2026-10-07T16:07:43.5257618Z       🐛 [analytics] screen /
Verify	Run Jest tests	2026-10-07T16:07:43.5257829Z 
Verify	Run Jest tests	2026-10-07T16:07:43.5258000Z       at Object.log [as debug] (utils/logger.ts:98:17)
Verify	Run Jest tests	2026-10-07T16:07:43.5258210Z 
Verify	Run Jest tests	2026-10-07T16:07:43.5258291Z     console.log
Verify	Run Jest tests	2026-10-07T16:07:43.5258552Z       🐛 [analytics] screen /login
Verify	Run Jest tests	2026-10-07T16:07:43.5258711Z 
Verify	Run Jest tests	2026-10-07T16:07:43.5258860Z       at Object.log [as debug] (utils/logger.ts:98:17)
Verify	Run Jest tests	2026-10-07T16:07:43.5259057Z 
Verify	Run Jest tests	2026-10-07T16:07:44.0072836Z PASS __tests__/navigation/initialRoute.test.tsx
Verify	Run Jest tests	2026-10-07T16:07:44.0165352Z   ● Console
Verify	Run Jest tests	2026-10-07T16:07:44.0192029Z 
Verify	Run Jest tests	2026-10-07T16:07:44.0192658Z     console.log
Verify	Run Jest tests	2026-10-07T16:07:44.0193319Z       🐛 [analytics] screen /
Verify	Run Jest tests	2026-10-07T16:07:44.0193559Z 
Verify	Run Jest tests	2026-10-07T16:07:44.0194021Z       at Object.log [as debug] (utils/logger.ts:98:17)
Verify	Run Jest tests	2026-10-07T16:07:44.0194258Z 
Verify	Run Jest tests	2026-10-07T16:07:44.0194365Z     console.log
Verify	Run Jest tests	2026-10-07T16:07:44.0223180Z       🐛 [analytics] screen /login
Verify	Run Jest tests	2026-10-07T16:07:44.0223428Z 
Verify	Run Jest tests	2026-10-07T16:07:44.0223592Z       at Object.log [as debug] (utils/logger.ts:98:17)
Verify	Run Jest tests	2026-10-07T16:07:44.0224321Z 
Verify	Run Jest tests	2026-10-07T16:07:44.0224407Z     console.log
Verify	Run Jest tests	2026-10-07T16:07:44.0285501Z       🐛 [analytics] screen /login
Verify	Run Jest tests	2026-10-07T16:07:44.0286047Z 
Verify	Run Jest tests	2026-10-07T16:07:44.0286280Z       at Object.log [as debug] (utils/logger.ts:98:17)
Verify	Run Jest tests	2026-10-07T16:07:44.0286514Z 
Verify	Run Jest tests	2026-10-07T16:07:44.0286611Z     console.log
Verify	Run Jest tests	2026-10-07T16:07:44.0287083Z       🐛 [analytics] screen /
Verify	Run Jest tests	2026-10-07T16:07:44.0287237Z 
Verify	Run Jest tests	2026-10-07T16:07:44.0287408Z       at Object.log [as debug] (utils/logger.ts:98:17)
Verify	Run Jest tests	2026-10-07T16:07:44.0287613Z 
Verify	Run Jest tests	2026-10-07T16:07:44.1232793Z PASS __tests__/navigation/statusBar.test.tsx
Verify	Run Jest tests	2026-10-07T16:07:44.1233600Z   ● Console
Verify	Run Jest tests	2026-10-07T16:07:44.1233808Z 
Verify	Run Jest tests	2026-10-07T16:07:44.1242486Z     console.log
Verify	Run Jest tests	2026-10-07T16:07:44.1242958Z       🐛 [analytics] screen /
Verify	Run Jest tests	2026-10-07T16:07:44.1243277Z 
Verify	Run Jest tests	2026-10-07T16:07:44.1243645Z       at Object.log [as debug] (utils/logger.ts:98:17)
Verify	Run Jest tests	2026-10-07T16:07:44.1243987Z 
Verify	Run Jest tests	2026-10-07T16:07:44.1244198Z     console.log
Verify	Run Jest tests	2026-10-07T16:07:44.1244563Z       🐛 [analytics] screen /
Verify	Run Jest tests	2026-10-07T16:07:44.1244863Z 
Verify	Run Jest tests	2026-10-07T16:07:44.1245146Z       at Object.log [as debug] (utils/logger.ts:98:17)
Verify	Run Jest tests	2026-10-07T16:07:44.1245476Z 
Verify	Run Jest tests	2026-10-07T16:07:44.4359039Z PASS __tests__/navigation/configError.test.tsx
Verify	Run Jest tests	2026-10-07T16:07:44.4373467Z   ● Console
Verify	Run Jest tests	2026-10-07T16:07:44.4373822Z 
Verify	Run Jest tests	2026-10-07T16:07:44.4373925Z     console.log
Verify	Run Jest tests	2026-10-07T16:07:44.4374257Z       🐛 [analytics] screen /
Verify	Run Jest tests	2026-10-07T16:07:44.4374443Z 
Verify	Run Jest tests	2026-10-07T16:07:44.4374624Z       at Object.log [as debug] (utils/logger.ts:98:17)
Verify	Run Jest tests	2026-10-07T16:07:44.4374874Z 
Verify	Run Jest tests	2026-10-07T16:07:44.5028002Z PASS __tests__/navigation/sessionRoutes.test.tsx (13.372 s)
Verify	Run Jest tests	2026-10-07T16:07:44.5323233Z   ● Console
Verify	Run Jest tests	2026-10-07T16:07:44.5346132Z 
Verify	Run Jest tests	2026-10-07T16:07:44.5346931Z     console.log
Verify	Run Jest tests	2026-10-07T16:07:44.5347597Z       🐛 [analytics] screen /profile
Verify	Run Jest tests	2026-10-07T16:07:44.5348003Z 
Verify	Run Jest tests	2026-10-07T16:07:44.5348342Z       at Object.log [as debug] (utils/logger.ts:98:17)
Verify	Run Jest tests	2026-10-07T16:07:44.5348672Z 
Verify	Run Jest tests	2026-10-07T16:07:44.5348870Z     console.log
Verify	Run Jest tests	2026-10-07T16:07:44.5349308Z       🐛 [analytics] screen /profile
Verify	Run Jest tests	2026-10-07T16:07:44.5349591Z 
Verify	Run Jest tests	2026-10-07T16:07:44.5349854Z       at Object.log [as debug] (utils/logger.ts:98:17)
Verify	Run Jest tests	2026-10-07T16:07:44.5350170Z 
Verify	Run Jest tests	2026-10-07T16:07:44.5350358Z     console.log
Verify	Run Jest tests	2026-10-07T16:07:44.5350727Z       🐛 [analytics] screen /
Verify	Run Jest tests	2026-10-07T16:07:44.5350986Z 
Verify	Run Jest tests	2026-10-07T16:07:44.5351253Z       at Object.log [as debug] (utils/logger.ts:98:17)
Verify	Run Jest tests	2026-10-07T16:07:44.5351760Z 
Verify	Run Jest tests	2026-10-07T16:07:44.5351979Z     console.log
Verify	Run Jest tests	2026-10-07T16:07:44.5352373Z       🐛 [analytics] screen /login
Verify	Run Jest tests	2026-10-07T16:07:44.5352660Z 
Verify	Run Jest tests	2026-10-07T16:07:44.5352927Z       at Object.log [as debug] (utils/logger.ts:98:17)
Verify	Run Jest tests	2026-10-07T16:07:44.5353768Z 
Verify	Run Jest tests	2026-10-07T16:07:44.5353973Z     console.log
Verify	Run Jest tests	2026-10-07T16:07:44.5354336Z       🐛 [analytics] screen /
Verify	Run Jest tests	2026-10-07T16:07:44.5354614Z 
Verify	Run Jest tests	2026-10-07T16:07:44.5354899Z       at Object.log [as debug] (utils/logger.ts:98:17)
Verify	Run Jest tests	2026-10-07T16:07:44.5355224Z 
Verify	Run Jest tests	2026-10-07T16:07:44.5355427Z     console.log
Verify	Run Jest tests	2026-10-07T16:07:44.5355822Z       🐛 [analytics] screen /login
Verify	Run Jest tests	2026-10-07T16:07:44.5356130Z 
Verify	Run Jest tests	2026-10-07T16:07:44.5356402Z       at Object.log [as debug] (utils/logger.ts:98:17)
Verify	Run Jest tests	2026-10-07T16:07:44.5356720Z 
Verify	Run Jest tests	2026-10-07T16:07:44.5356914Z     console.log
Verify	Run Jest tests	2026-10-07T16:07:44.5357275Z       🐛 [analytics] screen /
Verify	Run Jest tests	2026-10-07T16:07:44.5357534Z 
Verify	Run Jest tests	2026-10-07T16:07:44.5357805Z       at Object.log [as debug] (utils/logger.ts:98:17)
Verify	Run Jest tests	2026-10-07T16:07:44.5358121Z 
Verify	Run Jest tests	2026-10-07T16:07:44.5358320Z     console.log
Verify	Run Jest tests	2026-10-07T16:07:44.5358716Z       🐛 [analytics] screen /profile
Verify	Run Jest tests	2026-10-07T16:07:44.5359017Z 
Verify	Run Jest tests	2026-10-07T16:07:44.5359289Z       at Object.log [as debug] (utils/logger.ts:98:17)
Verify	Run Jest tests	2026-10-07T16:07:44.5359635Z 
Verify	Run Jest tests	2026-10-07T16:07:44.5359839Z     console.log
Verify	Run Jest tests	2026-10-07T16:07:44.5360197Z       🐛 [analytics] screen /
Verify	Run Jest tests	2026-10-07T16:07:44.5360469Z 
Verify	Run Jest tests	2026-10-07T16:07:44.5360743Z       at Object.log [as debug] (utils/logger.ts:98:17)
Verify	Run Jest tests	2026-10-07T16:07:44.5361072Z 
Verify	Run Jest tests	2026-10-07T16:07:44.5361275Z     console.log
Verify	Run Jest tests	2026-10-07T16:07:44.5361815Z       🐛 [analytics] screen /profile
Verify	Run Jest tests	2026-10-07T16:07:44.5420018Z 
Verify	Run Jest tests	2026-10-07T16:07:44.5422038Z       at Object.log [as debug] (utils/logger.ts:98:17)
Verify	Run Jest tests	2026-10-07T16:07:44.5491941Z 
Verify	Run Jest tests	2026-10-07T16:07:44.5492810Z     console.log
Verify	Run Jest tests	2026-10-07T16:07:44.5495525Z       🐛 [analytics] screen /
Verify	Run Jest tests	2026-10-07T16:07:44.5542863Z 
Verify	Run Jest tests	2026-10-07T16:07:44.5562557Z       at Object.log [as debug] (utils/logger.ts:98:17)
Verify	Run Jest tests	2026-10-07T16:07:44.5566086Z 
Verify	Run Jest tests	2026-10-07T16:07:44.5566563Z     console.log
Verify	Run Jest tests	2026-10-07T16:07:44.5567343Z       🐛 [analytics] screen /profile
Verify	Run Jest tests	2026-10-07T16:07:44.5567685Z 
Verify	Run Jest tests	2026-10-07T16:07:44.5568000Z       at Object.log [as debug] (utils/logger.ts:98:17)
Verify	Run Jest tests	2026-10-07T16:07:44.5568426Z 
Verify	Run Jest tests	2026-10-07T16:07:44.5568658Z     console.log
Verify	Run Jest tests	2026-10-07T16:07:44.5569058Z       🐛 [analytics] screen /
Verify	Run Jest tests	2026-10-07T16:07:44.5569367Z 
Verify	Run Jest tests	2026-10-07T16:07:44.5569678Z       at Object.log [as debug] (utils/logger.ts:98:17)
Verify	Run Jest tests	2026-10-07T16:07:44.5570043Z 
Verify	Run Jest tests	2026-10-07T16:07:44.5570270Z     console.log
Verify	Run Jest tests	2026-10-07T16:07:44.5570683Z       🐛 [analytics] screen /profile
Verify	Run Jest tests	2026-10-07T16:07:44.5571008Z 
Verify	Run Jest tests	2026-10-07T16:07:44.5571297Z       at Object.log [as debug] (utils/logger.ts:98:17)
Verify	Run Jest tests	2026-10-07T16:07:44.5571823Z 
Verify	Run Jest tests	2026-10-07T16:07:44.5572048Z     console.log
Verify	Run Jest tests	2026-10-07T16:07:44.5572458Z       🐛 [analytics] screen /
Verify	Run Jest tests	2026-10-07T16:07:44.5572744Z 
Verify	Run Jest tests	2026-10-07T16:07:44.5573027Z       at Object.log [as debug] (utils/logger.ts:98:17)
Verify	Run Jest tests	2026-10-07T16:07:44.5573364Z 
Verify	Run Jest tests	2026-10-07T16:07:44.5573742Z     console.log
Verify	Run Jest tests	2026-10-07T16:07:44.5574120Z       🐛 [analytics] screen /
Verify	Run Jest tests	2026-10-07T16:07:44.5574421Z 
Verify	Run Jest tests	2026-10-07T16:07:44.5574721Z       at Object.log [as debug] (utils/logger.ts:98:17)
Verify	Run Jest tests	2026-10-07T16:07:44.5575077Z 
Verify	Run Jest tests	2026-10-07T16:07:44.5575293Z     console.log
Verify	Run Jest tests	2026-10-07T16:07:44.5575701Z       🐛 [analytics] screen /profile
Verify	Run Jest tests	2026-10-07T16:07:44.5576015Z 
Verify	Run Jest tests	2026-10-07T16:07:44.5576299Z       at Object.log [as debug] (utils/logger.ts:98:17)
Verify	Run Jest tests	2026-10-07T16:07:44.5576628Z 
Verify	Run Jest tests	2026-10-07T16:07:44.5576838Z     console.log
Verify	Run Jest tests	2026-10-07T16:07:44.5577219Z       🐛 [analytics] screen /
Verify	Run Jest tests	2026-10-07T16:07:44.5577503Z 
Verify	Run Jest tests	2026-10-07T16:07:44.5577824Z       at Object.log [as debug] (utils/logger.ts:98:17)
Verify	Run Jest tests	2026-10-07T16:07:44.5578182Z 
Verify	Run Jest tests	2026-10-07T16:07:44.5578399Z     console.log
Verify	Run Jest tests	2026-10-07T16:07:44.5578823Z       🐛 [analytics] screen /profile
Verify	Run Jest tests	2026-10-07T16:07:44.5579120Z 
Verify	Run Jest tests	2026-10-07T16:07:44.5579399Z       at Object.log [as debug] (utils/logger.ts:98:17)
Verify	Run Jest tests	2026-10-07T16:07:44.5579735Z 
Verify	Run Jest tests	2026-10-07T16:07:44.6277673Z PASS __tests__/services/storage.test.ts
Verify	Run Jest tests	2026-10-07T16:07:44.6298738Z   ● Console
Verify	Run Jest tests	2026-10-07T16:07:44.6299175Z 
Verify	Run Jest tests	2026-10-07T16:07:44.6299507Z     console.error
Verify	Run Jest tests	2026-10-07T16:07:44.6300235Z       Error retrieving bad-json: SyntaxError: Expected property name or '}' in JSON at position 1 (line 1 column 2)
Verify	Run Jest tests	2026-10-07T16:07:44.6301400Z           at JSON.parse (<anonymous>)
Verify	Run Jest tests	2026-10-07T16:07:44.6302211Z           at parse (/home/runner/work/react-native-starter/react-native-starter/services/storage.ts:34:38)
Verify	Run Jest tests	2026-10-07T16:07:44.6302834Z           at Generator.next (<anonymous>)
Verify	Run Jest tests	2026-10-07T16:07:44.6303685Z           at asyncGeneratorStep (/home/runner/work/react-native-starter/react-native-starter/node_modules/@babel/runtime/helpers/asyncToGenerator.js:3:17)
Verify	Run Jest tests	2026-10-07T16:07:44.6304840Z           at _next (/home/runner/work/react-native-starter/react-native-starter/node_modules/@babel/runtime/helpers/asyncToGenerator.js:17:9)
Verify	Run Jest tests	2026-10-07T16:07:44.6305705Z           at processTicksAndRejections (node:internal/process/task_queues:104:5)
Verify	Run Jest tests	2026-10-07T16:07:44.6306120Z 
Verify	Run Jest tests	2026-10-07T16:07:44.6307023Z     ^[[0m ^[[90m 34 |^[[39m     ^[[36mreturn^[[39m jsonValue ^[[33m!=^[[39m ^[[36mnull^[[39m ^[[33m?^[[39m (^[[33mJSON^[[39m^[[33m.^[[39mparse(jsonValue) ^[[36mas^[[39m ^[[33mT^[[39m) ^[[33m:^[[39m ^[[36mnull^[[39m^[[33m;^[[39m
Verify	Run Jest tests	2026-10-07T16:07:44.6307889Z      ^[[90m 35 |^[[39m   } ^[[36mcatch^[[39m (error) {
Verify	Run Jest tests	2026-10-07T16:07:44.6308667Z     ^[[31m^[[1m>^[[22m^[[39m^[[90m 36 |^[[39m     console^[[33m.^[[39merror(^[[32m`Error retrieving ${key}:`^[[39m^[[33m,^[[39m error)^[[33m;^[[39m
Verify	Run Jest tests	2026-10-07T16:07:44.6309369Z      ^[[90m    |^[[39m             ^[[31m^[[1m^^[[22m^[[39m
Verify	Run Jest tests	2026-10-07T16:07:44.6309900Z      ^[[90m 37 |^[[39m     ^[[36mreturn^[[39m ^[[36mnull^[[39m^[[33m;^[[39m
Verify	Run Jest tests	2026-10-07T16:07:44.6310542Z      ^[[90m 38 |^[[39m   }
Verify	Run Jest tests	2026-10-07T16:07:44.6310903Z      ^[[90m 39 |^[[39m }^[[0m
Verify	Run Jest tests	2026-10-07T16:07:44.6311161Z 
Verify	Run Jest tests	2026-10-07T16:07:44.6311422Z       at error (services/storage.ts:36:13)
Verify	Run Jest tests	2026-10-07T16:07:44.6312145Z       at asyncGeneratorStep (node_modules/@babel/runtime/helpers/asyncToGenerator.js:3:17)
Verify	Run Jest tests	2026-10-07T16:07:44.6312844Z       at _next (node_modules/@babel/runtime/helpers/asyncToGenerator.js:17:9)
Verify	Run Jest tests	2026-10-07T16:07:44.6313263Z 
Verify	Run Jest tests	2026-10-07T16:07:44.6582918Z PASS __tests__/components/LoadingScreen.test.tsx
Verify	Run Jest tests	2026-10-07T16:07:44.6991413Z PASS __tests__/integrations/screenTracking.test.tsx
Verify	Run Jest tests	2026-10-07T16:07:44.7268765Z PASS __tests__/utils/sum.test.ts
Verify	Run Jest tests	2026-10-07T16:07:44.7631145Z PASS __tests__/hooks/useFetch.test.tsx
Verify	Run Jest tests	2026-10-07T16:07:44.8695743Z 
Verify	Run Jest tests	2026-10-07T16:07:44.8698165Z Test Suites: 20 passed, 20 total
Verify	Run Jest tests	2026-10-07T16:07:44.8698567Z Tests:       143 passed, 143 total
Verify	Run Jest tests	2026-10-07T16:07:44.8698827Z Snapshots:   0 total
Verify	Run Jest tests	2026-10-07T16:07:44.8699085Z Time:        14.321 s
Verify	Run Jest tests	2026-10-07T16:07:44.8699300Z Ran all test suites.
Verify	Expo Doctor	﻿2026-10-07T16:07:44.8871345Z ##[group]Run npx expo-doctor
Verify	Expo Doctor	2026-10-07T16:07:44.8871812Z ^[[36;1mnpx expo-doctor^[[0m
Verify	Expo Doctor	2026-10-07T16:07:44.8925427Z shell: /usr/bin/bash -e {0}
Verify	Expo Doctor	2026-10-07T16:07:44.8925596Z ##[endgroup]
Verify	Expo Doctor	2026-10-07T16:07:45.9436705Z Running 21 checks on your project...
Verify	Expo Doctor	2026-10-07T16:07:48.4915119Z 21/21 checks passed. No issues detected!
Verify	Export web build	﻿2026-10-07T16:07:48.5292038Z ##[group]Run npx expo export --platform web --output-dir dist
Verify	Export web build	2026-10-07T16:07:48.5292515Z ^[[36;1mnpx expo export --platform web --output-dir dist^[[0m
Verify	Export web build	2026-10-07T16:07:48.5350954Z shell: /usr/bin/bash -e {0}
Verify	Export web build	2026-10-07T16:07:48.5351150Z ##[endgroup]
Verify	Export web build	2026-10-07T16:07:49.2708536Z Starting Metro Bundler
Verify	Export web build	2026-10-07T16:07:49.2708789Z 
Verify	Export web build	2026-10-07T16:08:01.9459644Z Web Bundled 12495ms index.ts (1172 modules)
Verify	Export web build	2026-10-07T16:08:02.2123800Z 
Verify	Export web build	2026-10-07T16:08:02.2129235Z › Assets (19):
Verify	Export web build	2026-10-07T16:08:02.2180275Z node_modules/@expo/vector-icons/build/vendor/react-native-vector-icons/Fonts/MaterialCommunityIcons.6e435534bd35da5fef04168860a9b8fa.ttf (1.3MB)
Verify	Export web build	2026-10-07T16:08:02.2181298Z node_modules/expo-router/assets/arrow_down.017bc6ba3fc25503e5eb5e53826d48a8.png (9.5KB)
Verify	Export web build	2026-10-07T16:08:02.2182251Z node_modules/expo-router/assets/error.d1ea1496f9057eb392d5bbf3732a61b7.png (469B)
Verify	Export web build	2026-10-07T16:08:02.2182712Z node_modules/expo-router/assets/file.19eeb73b9593a38f8e9f418337fc7d10.png (138B)
Verify	Export web build	2026-10-07T16:08:02.2183078Z node_modules/expo-router/assets/forward.d8b800c443b8972542883e0b9de2bdc6.png (188B)
Verify	Export web build	2026-10-07T16:08:02.2183506Z node_modules/expo-router/assets/pkg.ab19f4cbc543357183a20571f68380a3.png (364B)
Verify	Export web build	2026-10-07T16:08:02.2183949Z node_modules/expo-router/assets/react-navigation/elements/back-icon-mask.0a328cd9c1afd0afe8e3b1ec5165b1b4.png (653B)
Verify	Export web build	2026-10-07T16:08:02.2184471Z node_modules/expo-router/assets/react-navigation/elements/back-icon.35ba0eaec5a4f5ed12ca16fabeae451d.png (207B)
Verify	Export web build	2026-10-07T16:08:02.2185001Z node_modules/expo-router/assets/react-navigation/elements/clear-icon.c94f6478e7ae0cdd9f15de1fcb9e5e55.png (4 variations | 425B)
Verify	Export web build	2026-10-07T16:08:02.2185556Z node_modules/expo-router/assets/react-navigation/elements/close-icon.808e1b1b9b53114ec2838071a7e6daa7.png (4 variations | 235B)
Verify	Export web build	2026-10-07T16:08:02.2193442Z node_modules/expo-router/assets/react-navigation/elements/search-icon.286d67d3f74808a60a78d3ebf1a5fb57.png (928B)
Verify	Export web build	2026-10-07T16:08:02.2194172Z node_modules/expo-router/assets/sitemap.412dd9275b6b48ad28f5e3d81bb1f626.png (465B)
Verify	Export web build	2026-10-07T16:08:02.2194802Z node_modules/expo-router/assets/unmatched.20e71bdf79e3a97bf55fd9e164041578.png (4.8KB)
Verify	Export web build	2026-10-07T16:08:02.2195129Z 
Verify	Export web build	2026-10-07T16:08:02.2195421Z › web bundles (1):
Verify	Export web build	2026-10-07T16:08:02.2218078Z _expo/static/js/web/index-9348843f3968bd69998f1fd138abba3d.js (2.3MB)
Verify	Export web build	2026-10-07T16:08:02.2218449Z 
Verify	Export web build	2026-10-07T16:08:02.2218756Z › Files (3):
Verify	Export web build	2026-10-07T16:08:02.2219138Z favicon.ico (15KB)
Verify	Export web build	2026-10-07T16:08:02.2219362Z index.html (1.2KB)
Verify	Export web build	2026-10-07T16:08:02.2219498Z metadata.json (49B)
Verify	Export web build	2026-10-07T16:08:02.2277519Z 
Verify	Export web build	2026-10-07T16:08:02.2279965Z Exported: dist
Verify	Post Set up Node.js	﻿2026-10-07T16:08:02.3705845Z Post job cleanup.
Verify	Post Set up Node.js	2026-10-07T16:08:02.4520376Z (node:2534) [DEP0040] DeprecationWarning: The `punycode` module is deprecated. Please use a userland alternative instead.
Verify	Post Set up Node.js	2026-10-07T16:08:02.4520907Z (Use `node --trace-deprecation ...` to show where the warning was created)
Verify	Post Set up Node.js	2026-10-07T16:08:02.4522876Z Cache hit occurred on the primary key node-cache-Linux-x64-npm-9a82033345870d620287ae0ca8b0f11fd380bcf572aa61d4d09e5388351df534, not saving cache.
Verify	Post Check out repository	﻿2026-10-07T16:08:02.4646775Z Post job cleanup.
Verify	Post Check out repository	2026-10-07T16:08:02.5247455Z [command]/usr/bin/git version
Verify	Post Check out repository	2026-10-07T16:08:02.5284228Z git version 2.55.0
Verify	Post Check out repository	2026-10-07T16:08:02.5312213Z Temporarily overriding HOME='/home/runner/work/_temp/43cf3268-70e3-4de6-8622-05933ae0f3a8' before making global git config changes
Verify	Post Check out repository	2026-10-07T16:08:02.5313037Z Adding repository directory to the temporary git global config as a safe directory
Verify	Post Check out repository	2026-10-07T16:08:02.5316476Z [command]/usr/bin/git config --global --add safe.directory /home/runner/work/react-native-starter/react-native-starter
Verify	Post Check out repository	2026-10-07T16:08:02.5352213Z [command]/usr/bin/git config --local --name-only --get-regexp core\.sshCommand
Verify	Post Check out repository	2026-10-07T16:08:02.5393906Z [command]/usr/bin/git submodule foreach --recursive sh -c "git config --local --name-only --get-regexp 'core\.sshCommand' && git config --local --unset-all 'core.sshCommand' || :"
Verify	Post Check out repository	2026-10-07T16:08:02.5614555Z [command]/usr/bin/git config --local --name-only --get-regexp http\.https\:\/\/github\.com\/\.extraheader
Verify	Post Check out repository	2026-10-07T16:08:02.5642433Z http.https://github.com/.extraheader
Verify	Post Check out repository	2026-10-07T16:08:02.5648508Z [command]/usr/bin/git config --local --unset-all http.https://github.com/.extraheader
Verify	Post Check out repository	2026-10-07T16:08:02.5689251Z [command]/usr/bin/git submodule foreach --recursive sh -c "git config --local --name-only --get-regexp 'http\.https\:\/\/github\.com\/\.extraheader' && git config --local --unset-all 'http.https://github.com/.extraheader' || :"
Verify	Post Check out repository	2026-10-07T16:08:02.5946239Z [command]/usr/bin/git config --local --name-only --get-regexp ^includeIf\.gitdir:
Verify	Post Check out repository	2026-10-07T16:08:02.5990044Z [command]/usr/bin/git submodule foreach --recursive git config --local --show-origin --name-only --get-regexp remote.origin.url
Verify	Complete job	﻿2026-10-07T16:08:02.6339005Z Cleaning up orphan processes
Verify	Complete job	2026-10-07T16:08:02.6579478Z ##[warning]Node.js 20 is deprecated. The following actions target Node.js 20 but are being forced to run on Node.js 24: actions/checkout@v4, actions/setup-node@v4. For more information see: https://github.blog/changelog/2025-09-19-deprecation-of-node-20-on-github-actions-runners/
