
> react-native-starter@1.0.0 test:e2e:android
> bash scripts/e2e/run.sh android

Bundling for android...

Requested 1 shards, but it cannot be higher than the number of flows (0). Will use 1 shards instead.

Waiting for flows to complete...
[Failed] Cold start opens Home (7m 35s)

Flow Cold start opens Home failed and continueOnFailure is set to false, aborting running sequential Flows


1/1 Flow Failed


cmd: Failure calling service package: Broken pipe (32)


The stack trace was:
maestro.android.AndroidOperationFailedException: cmd: Failure calling service package: Broken pipe (32)

	at maestro.android.AndroidDeviceConnectionModelKt.orThrowOnFailure(AndroidDeviceConnectionModel.kt:138)
	at maestro.drivers.AndroidDriver.install(AndroidDriver.kt:1326)
	at maestro.drivers.AndroidDriver.installMaestroServerApp(AndroidDriver.kt:1282)
	at maestro.drivers.AndroidDriver.installMaestroApks(AndroidDriver.kt:1291)
	at maestro.drivers.AndroidDriver.open(AndroidDriver.kt:113)
	at maestro.Maestro$Companion.android(Maestro.kt:809)
	at maestro.cli.session.MaestroSessionManager.createAndroid(MaestroSessionManager.kt:348)
	at maestro.cli.session.MaestroSessionManager.createMaestro(MaestroSessionManager.kt:211)
	at maestro.cli.session.MaestroSessionManager.newSession(MaestroSessionManager.kt:106)
	at maestro.cli.session.MaestroSessionManager.newSession$default(MaestroSessionManager.kt:64)
	at maestro.cli.command.TestCommand.runShardSuite(TestCommand.kt:477)
	at maestro.cli.command.TestCommand.access$runShardSuite(TestCommand.kt:81)
	at maestro.cli.command.TestCommand$handleSessions$1$results$1$1.invokeSuspend(TestCommand.kt:438)
	at kotlin.coroutines.jvm.internal.BaseContinuationImpl.resumeWith(ContinuationImpl.kt:34)
	at kotlinx.coroutines.DispatchedTask.run(DispatchedTask.kt:100)
	at kotlinx.coroutines.internal.LimitedDispatcher$Worker.run(LimitedDispatcher.kt:124)
	at kotlinx.coroutines.scheduling.TaskImpl.run(Tasks.kt:89)
	at kotlinx.coroutines.scheduling.CoroutineScheduler.runSafely(CoroutineScheduler.kt:586)
	at kotlinx.coroutines.scheduling.CoroutineScheduler$Worker.executeTask(CoroutineScheduler.kt:820)
	at kotlinx.coroutines.scheduling.CoroutineScheduler$Worker.runWorker(CoroutineScheduler.kt:717)
	at kotlinx.coroutines.scheduling.CoroutineScheduler$Worker.run(CoroutineScheduler.kt:704)

cmd: Can't find service: uimode
runner exit=1
