Verify	Set up job	﻿2026-10-10T15:14:49.9355131Z Current runner version: '2.337.0'
Verify	Set up job	2026-10-10T15:14:49.9380162Z ##[group]Runner Image Provisioner
Verify	Set up job	2026-10-10T15:14:49.9381094Z Hosted Compute Agent
Verify	Set up job	2026-10-10T15:14:49.9381837Z Version: 20261002.596
Verify	Set up job	2026-10-10T15:14:49.9382788Z Commit: c3d12f3313a95f25162a1503be624f3b0617f8c0
Verify	Set up job	2026-10-10T15:14:49.9383602Z Build Date: 2026-10-02T22:28:27Z
Verify	Set up job	2026-10-10T15:14:49.9384378Z Worker ID: {adf9128c-7935-40a5-9b6f-d2baa68238e0}
Verify	Set up job	2026-10-10T15:14:49.9385072Z Region: westus
Verify	Set up job	2026-10-10T15:14:49.9385674Z Cloud: Azure
Verify	Set up job	2026-10-10T15:14:49.9386217Z ##[endgroup]
Verify	Set up job	2026-10-10T15:14:49.9387892Z ##[group]Operating System
Verify	Set up job	2026-10-10T15:14:49.9388596Z Ubuntu
Verify	Set up job	2026-10-10T15:14:49.9389116Z 24.04.5
Verify	Set up job	2026-10-10T15:14:49.9389666Z LTS
Verify	Set up job	2026-10-10T15:14:49.9390183Z ##[endgroup]
Verify	Set up job	2026-10-10T15:14:49.9390797Z ##[group]Runner Image
Verify	Set up job	2026-10-10T15:14:49.9391517Z Image: ubuntu-24.04
Verify	Set up job	2026-10-10T15:14:49.9392100Z Version: 20261004.327.1
Verify	Set up job	2026-10-10T15:14:49.9393788Z Included Software: https://github.com/actions/runner-images/blob/ubuntu24/20261004.327/images/ubuntu/Ubuntu2404-Readme.md
Verify	Set up job	2026-10-10T15:14:49.9395500Z Image Release: https://github.com/actions/runner-images/releases/tag/ubuntu24%2F20261004.327
Verify	Set up job	2026-10-10T15:14:49.9396602Z ##[endgroup]
Verify	Set up job	2026-10-10T15:14:49.9397649Z ##[group]GITHUB_TOKEN Permissions
Verify	Set up job	2026-10-10T15:14:49.9399792Z Contents: read
Verify	Set up job	2026-10-10T15:14:49.9400413Z Metadata: read
Verify	Set up job	2026-10-10T15:14:49.9401115Z ##[endgroup]
Verify	Set up job	2026-10-10T15:14:49.9403405Z Secret source: Actions
Verify	Set up job	2026-10-10T15:14:49.9404460Z Cache mode: write
Verify	Set up job	2026-10-10T15:14:49.9405347Z Prepare workflow directory
Verify	Set up job	2026-10-10T15:14:49.9759460Z Prepare all required actions
Verify	Set up job	2026-10-10T15:14:49.9833012Z Getting action download info
Verify	Set up job	2026-10-10T15:14:50.3180162Z Download action repository 'actions/checkout@v4' (SHA:11d5960a326750d5838078e36cf38b85af677262)
Verify	Set up job	2026-10-10T15:14:50.4152262Z Download action repository 'actions/setup-node@v4' (SHA:49933ea5288caeca8642d1e84afbd3f7d6820020)
Verify	Set up job	2026-10-10T15:14:50.6075663Z Complete job name: Verify
Verify	Check out repository	﻿2026-10-10T15:14:50.7018688Z ##[group]Run actions/checkout@v4
Verify	Check out repository	2026-10-10T15:14:50.7019576Z with:
Verify	Check out repository	2026-10-10T15:14:50.7020075Z   repository: koniz-dev/react-native-starter
Verify	Check out repository	2026-10-10T15:14:50.7024095Z   token: ***
Verify	Check out repository	2026-10-10T15:14:50.7024542Z   ssh-strict: true
Verify	Check out repository	2026-10-10T15:14:50.7024971Z   ssh-user: git
Verify	Check out repository	2026-10-10T15:14:50.7025461Z   persist-credentials: true
Verify	Check out repository	2026-10-10T15:14:50.7025955Z   clean: true
Verify	Check out repository	2026-10-10T15:14:50.7026395Z   sparse-checkout-cone-mode: true
Verify	Check out repository	2026-10-10T15:14:50.7026922Z   fetch-depth: 1
Verify	Check out repository	2026-10-10T15:14:50.7027348Z   fetch-tags: false
Verify	Check out repository	2026-10-10T15:14:50.7027785Z   show-progress: true
Verify	Check out repository	2026-10-10T15:14:50.7028214Z   lfs: false
Verify	Check out repository	2026-10-10T15:14:50.7028615Z   submodules: false
Verify	Check out repository	2026-10-10T15:14:50.7029048Z   set-safe-directory: true
Verify	Check out repository	2026-10-10T15:14:50.7029543Z   allow-unsafe-pr-checkout: false
Verify	Check out repository	2026-10-10T15:14:50.7030375Z ##[endgroup]
Verify	Check out repository	2026-10-10T15:14:50.8044300Z Syncing repository: koniz-dev/react-native-starter
Verify	Check out repository	2026-10-10T15:14:50.8046927Z ##[group]Getting Git version info
Verify	Check out repository	2026-10-10T15:14:50.8048299Z Working directory is '/home/runner/work/react-native-starter/react-native-starter'
Verify	Check out repository	2026-10-10T15:14:50.8050281Z [command]/usr/bin/git version
Verify	Check out repository	2026-10-10T15:14:50.8103078Z git version 2.55.0
Verify	Check out repository	2026-10-10T15:14:50.8126267Z ##[endgroup]
Verify	Check out repository	2026-10-10T15:14:50.8140094Z Temporarily overriding HOME='/home/runner/work/_temp/14a0b406-6e2b-494c-9171-31e79d12f51a' before making global git config changes
Verify	Check out repository	2026-10-10T15:14:50.8142868Z Adding repository directory to the temporary git global config as a safe directory
Verify	Check out repository	2026-10-10T15:14:50.8146583Z [command]/usr/bin/git config --global --add safe.directory /home/runner/work/react-native-starter/react-native-starter
Verify	Check out repository	2026-10-10T15:14:50.8213851Z Deleting the contents of '/home/runner/work/react-native-starter/react-native-starter'
Verify	Check out repository	2026-10-10T15:14:50.8216377Z ##[group]Initializing the repository
Verify	Check out repository	2026-10-10T15:14:50.8218360Z [command]/usr/bin/git init /home/runner/work/react-native-starter/react-native-starter
Verify	Check out repository	2026-10-10T15:14:50.8324999Z hint: Using 'master' as the name for the initial branch. This default branch name
Verify	Check out repository	2026-10-10T15:14:50.8326792Z hint: will change to "main" in Git 3.0. To configure the initial branch name
Verify	Check out repository	2026-10-10T15:14:50.8328184Z hint: to use in all of your new repositories, which will suppress this warning,
Verify	Check out repository	2026-10-10T15:14:50.8329492Z hint: call:
Verify	Check out repository	2026-10-10T15:14:50.8330245Z hint:
Verify	Check out repository	2026-10-10T15:14:50.8331410Z hint: 	git config --global init.defaultBranch <name>
Verify	Check out repository	2026-10-10T15:14:50.8332808Z hint:
Verify	Check out repository	2026-10-10T15:14:50.8333977Z hint: Names commonly chosen instead of 'master' are 'main', 'trunk' and
Verify	Check out repository	2026-10-10T15:14:50.8335723Z hint: 'development'. The just-created branch can be renamed via this command:
Verify	Check out repository	2026-10-10T15:14:50.8337095Z hint:
Verify	Check out repository	2026-10-10T15:14:50.8337850Z hint: 	git branch -m <name>
Verify	Check out repository	2026-10-10T15:14:50.8338682Z hint:
Verify	Check out repository	2026-10-10T15:14:50.8340220Z hint: Disable this message with "git config set advice.defaultBranchName false"
Verify	Check out repository	2026-10-10T15:14:50.8342429Z Initialized empty Git repository in /home/runner/work/react-native-starter/react-native-starter/.git/
Verify	Check out repository	2026-10-10T15:14:50.8345649Z [command]/usr/bin/git remote add origin https://github.com/koniz-dev/react-native-starter
Verify	Check out repository	2026-10-10T15:14:50.8397285Z ##[endgroup]
Verify	Check out repository	2026-10-10T15:14:50.8398639Z ##[group]Disabling automatic garbage collection
Verify	Check out repository	2026-10-10T15:14:50.8402841Z [command]/usr/bin/git config --local gc.auto 0
Verify	Check out repository	2026-10-10T15:14:50.8440857Z ##[endgroup]
Verify	Check out repository	2026-10-10T15:14:50.8442211Z ##[group]Setting up auth
Verify	Check out repository	2026-10-10T15:14:50.8448989Z [command]/usr/bin/git config --local --name-only --get-regexp core\.sshCommand
Verify	Check out repository	2026-10-10T15:14:50.8482433Z [command]/usr/bin/git submodule foreach --recursive sh -c "git config --local --name-only --get-regexp 'core\.sshCommand' && git config --local --unset-all 'core.sshCommand' || :"
Verify	Check out repository	2026-10-10T15:14:50.8849884Z [command]/usr/bin/git config --local --name-only --get-regexp http\.https\:\/\/github\.com\/\.extraheader
Verify	Check out repository	2026-10-10T15:14:50.8891472Z [command]/usr/bin/git submodule foreach --recursive sh -c "git config --local --name-only --get-regexp 'http\.https\:\/\/github\.com\/\.extraheader' && git config --local --unset-all 'http.https://github.com/.extraheader' || :"
Verify	Check out repository	2026-10-10T15:14:50.9132034Z [command]/usr/bin/git config --local --name-only --get-regexp ^includeIf\.gitdir:
Verify	Check out repository	2026-10-10T15:14:50.9168853Z [command]/usr/bin/git submodule foreach --recursive git config --local --show-origin --name-only --get-regexp remote.origin.url
Verify	Check out repository	2026-10-10T15:14:50.9393317Z [command]/usr/bin/git config --local http.https://github.com/.extraheader AUTHORIZATION: basic ***
Verify	Check out repository	2026-10-10T15:14:50.9434008Z ##[endgroup]
Verify	Check out repository	2026-10-10T15:14:50.9436046Z ##[group]Fetching the repository
Verify	Check out repository	2026-10-10T15:14:50.9445813Z [command]/usr/bin/git -c protocol.version=2 fetch --no-tags --prune --no-recurse-submodules --depth=1 origin +b02f57682e3d1a41d46da116f66ff09eed6a325d:refs/remotes/origin/main
Verify	Check out repository	2026-10-10T15:14:51.3767583Z From https://github.com/koniz-dev/react-native-starter
Verify	Check out repository	2026-10-10T15:14:51.3772209Z  * [new ref]         b02f57682e3d1a41d46da116f66ff09eed6a325d -> origin/main
Verify	Check out repository	2026-10-10T15:14:51.3775700Z ##[endgroup]
Verify	Check out repository	2026-10-10T15:14:51.3777225Z ##[group]Determining the checkout info
Verify	Check out repository	2026-10-10T15:14:51.3779093Z ##[endgroup]
Verify	Check out repository	2026-10-10T15:14:51.3784519Z [command]/usr/bin/git sparse-checkout disable
Verify	Check out repository	2026-10-10T15:14:51.3837452Z [command]/usr/bin/git config --local --unset-all extensions.worktreeConfig
Verify	Check out repository	2026-10-10T15:14:51.3869983Z ##[group]Checking out the ref
Verify	Check out repository	2026-10-10T15:14:51.3874599Z [command]/usr/bin/git checkout --progress --force -B main refs/remotes/origin/main
Verify	Check out repository	2026-10-10T15:14:51.4040732Z Switched to a new branch 'main'
Verify	Check out repository	2026-10-10T15:14:51.4049487Z branch 'main' set up to track 'origin/main'.
Verify	Check out repository	2026-10-10T15:14:51.4055535Z ##[endgroup]
Verify	Check out repository	2026-10-10T15:14:51.4098028Z [command]/usr/bin/git log -1 --format=%H
Verify	Check out repository	2026-10-10T15:14:51.4125043Z b02f57682e3d1a41d46da116f66ff09eed6a325d
Verify	Set up Node.js	﻿2026-10-10T15:14:51.4415323Z ##[group]Run actions/setup-node@v4
Verify	Set up Node.js	2026-10-10T15:14:51.4415918Z with:
Verify	Set up Node.js	2026-10-10T15:14:51.4416328Z   node-version-file: .nvmrc
Verify	Set up Node.js	2026-10-10T15:14:51.4416802Z   cache: npm
Verify	Set up Node.js	2026-10-10T15:14:51.4417212Z   always-auth: false
Verify	Set up Node.js	2026-10-10T15:14:51.4417655Z   check-latest: false
Verify	Set up Node.js	2026-10-10T15:14:51.4421348Z   token: ***
Verify	Set up Node.js	2026-10-10T15:14:51.4421768Z ##[endgroup]
Verify	Set up Node.js	2026-10-10T15:14:51.5786031Z Resolved .nvmrc as 24
Verify	Set up Node.js	2026-10-10T15:14:51.5841092Z Found in cache @ /opt/hostedtoolcache/node/24.21.0/x64
Verify	Set up Node.js	2026-10-10T15:14:51.5845552Z (node:2304) [DEP0040] DeprecationWarning: The `punycode` module is deprecated. Please use a userland alternative instead.
Verify	Set up Node.js	2026-10-10T15:14:51.5846831Z (Use `node --trace-deprecation ...` to show where the warning was created)
Verify	Set up Node.js	2026-10-10T15:14:51.5848520Z ##[group]Environment details
Verify	Set up Node.js	2026-10-10T15:14:51.9640283Z node: v24.21.0
Verify	Set up Node.js	2026-10-10T15:14:51.9641286Z npm: 11.19.0
Verify	Set up Node.js	2026-10-10T15:14:51.9641979Z yarn: 1.22.22
Verify	Set up Node.js	2026-10-10T15:14:51.9643934Z ##[endgroup]
Verify	Set up Node.js	2026-10-10T15:14:51.9687607Z [command]/opt/hostedtoolcache/node/24.21.0/x64/bin/npm config get cache
Verify	Set up Node.js	2026-10-10T15:14:52.0767453Z /home/runner/.npm
Verify	Set up Node.js	2026-10-10T15:14:52.3435687Z Cache hit for: node-cache-Linux-x64-npm-10f9dc59c99c82563481e37a50745bae137261a45ffc8c4ba105eb544b91396b
Verify	Set up Node.js	2026-10-10T15:14:52.3536086Z (node:2304) [DEP0169] DeprecationWarning: `url.parse()` behavior is not standardized and prone to errors that have security implications. Use the WHATWG URL API instead. CVEs are not issued for `url.parse()` vulnerabilities.
Verify	Set up Node.js	2026-10-10T15:14:53.6273999Z Received 4194304 of 156509062 (2.7%), 4.0 MBs/sec
Verify	Set up Node.js	2026-10-10T15:14:54.6274142Z Received 125829120 of 156509062 (80.4%), 60.0 MBs/sec
Verify	Set up Node.js	2026-10-10T15:14:55.0215764Z Received 156509062 of 156509062 (100.0%), 62.5 MBs/sec
Verify	Set up Node.js	2026-10-10T15:14:55.0217353Z Cache Size: ~149 MB (156509062 B)
Verify	Set up Node.js	2026-10-10T15:14:55.0259227Z [command]/usr/bin/tar -xf /home/runner/work/_temp/2eedc3d2-f171-42e4-a689-f45c55d141eb/cache.tzst -P -C /home/runner/work/react-native-starter/react-native-starter --use-compress-program unzstd
Verify	Set up Node.js	2026-10-10T15:14:55.5258687Z Cache restored successfully
Verify	Set up Node.js	2026-10-10T15:14:55.5335456Z Cache restored from key: node-cache-Linux-x64-npm-10f9dc59c99c82563481e37a50745bae137261a45ffc8c4ba105eb544b91396b
Verify	Install dependencies	﻿2026-10-10T15:14:55.5516122Z ##[group]Run npm ci
Verify	Install dependencies	2026-10-10T15:14:55.5516505Z ^[[36;1mnpm ci^[[0m
Verify	Install dependencies	2026-10-10T15:14:55.5773525Z shell: /usr/bin/bash -e {0}
Verify	Install dependencies	2026-10-10T15:14:55.5773898Z ##[endgroup]
Verify	Install dependencies	2026-10-10T15:15:00.0495731Z npm warn deprecated inflight@1.0.6: This module is not supported, and leaks memory. Do not use it. Check out lru-cache if you want a good and tested way to coalesce async requests by a key value, which is much more comprehensive and powerful.
Verify	Install dependencies	2026-10-10T15:15:00.2984149Z npm warn deprecated abab@2.0.6: Use your platform's native atob() and btoa() methods instead
Verify	Install dependencies	2026-10-10T15:15:00.3329235Z npm warn deprecated glob@7.2.3: Glob versions prior to v9 are no longer supported
Verify	Install dependencies	2026-10-10T15:15:00.3363915Z npm warn deprecated glob@7.2.3: Glob versions prior to v9 are no longer supported
Verify	Install dependencies	2026-10-10T15:15:00.3373522Z npm warn deprecated glob@7.2.3: Glob versions prior to v9 are no longer supported
Verify	Install dependencies	2026-10-10T15:15:00.3392795Z npm warn deprecated glob@7.2.3: Glob versions prior to v9 are no longer supported
Verify	Install dependencies	2026-10-10T15:15:00.6618341Z npm warn deprecated domexception@4.0.0: Use your platform's native DOMException instead
Verify	Install dependencies	2026-10-10T15:15:01.8062239Z npm warn deprecated uuid@7.0.3: uuid@10 and below is no longer supported.  For ESM codebases, update to uuid@latest.  For CommonJS codebases, use uuid@11 (but be aware this version will likely be deprecated in 2028).
Verify	Install dependencies	2026-10-10T15:15:15.6474323Z 
Verify	Install dependencies	2026-10-10T15:15:15.6475541Z added 1067 packages, and audited 1068 packages in 20s
Verify	Install dependencies	2026-10-10T15:15:15.6476220Z 
Verify	Install dependencies	2026-10-10T15:15:15.6476565Z 180 packages are looking for funding
Verify	Install dependencies	2026-10-10T15:15:15.6497087Z   run `npm fund` for details
Verify	Install dependencies	2026-10-10T15:15:15.8205188Z 
Verify	Install dependencies	2026-10-10T15:15:15.8206109Z 65 vulnerabilities (16 moderate, 49 high)
Verify	Install dependencies	2026-10-10T15:15:15.8206636Z 
Verify	Install dependencies	2026-10-10T15:15:15.8207005Z To address all issues (including breaking changes), run:
Verify	Install dependencies	2026-10-10T15:15:15.8207463Z   npm audit fix --force
Verify	Install dependencies	2026-10-10T15:15:15.8207679Z 
Verify	Install dependencies	2026-10-10T15:15:15.8207840Z Run `npm audit` for details.
Verify	Lint	﻿2026-10-10T15:15:15.9592183Z ##[group]Run npm run lint
Verify	Lint	2026-10-10T15:15:15.9592886Z ^[[36;1mnpm run lint^[[0m
Verify	Lint	2026-10-10T15:15:15.9659738Z shell: /usr/bin/bash -e {0}
Verify	Lint	2026-10-10T15:15:15.9660036Z ##[endgroup]
Verify	Lint	2026-10-10T15:15:16.0717406Z 
Verify	Lint	2026-10-10T15:15:16.0717920Z > react-native-starter@1.0.0 lint
Verify	Lint	2026-10-10T15:15:16.0718605Z > eslint . --max-warnings 0
Verify	Lint	2026-10-10T15:15:16.0718953Z 
Verify	Check formatting	﻿2026-10-10T15:15:23.1853980Z ##[group]Run npm run format:check
Verify	Check formatting	2026-10-10T15:15:23.1854333Z ^[[36;1mnpm run format:check^[[0m
Verify	Check formatting	2026-10-10T15:15:23.1917384Z shell: /usr/bin/bash -e {0}
Verify	Check formatting	2026-10-10T15:15:23.1917675Z ##[endgroup]
Verify	Check formatting	2026-10-10T15:15:23.2902620Z 
Verify	Check formatting	2026-10-10T15:15:23.2903360Z > react-native-starter@1.0.0 format:check
Verify	Check formatting	2026-10-10T15:15:23.2904020Z > prettier --check "**/*.{ts,tsx,js,jsx,json,md}"
Verify	Check formatting	2026-10-10T15:15:23.2904298Z 
Verify	Check formatting	2026-10-10T15:15:23.3764052Z Checking formatting...
Verify	Check formatting	2026-10-10T15:15:25.0897004Z All matched files use Prettier code style!
Verify	Type-check	﻿2026-10-10T15:15:25.1234457Z ##[group]Run npm run type-check
Verify	Type-check	2026-10-10T15:15:25.1234822Z ^[[36;1mnpm run type-check^[[0m
Verify	Type-check	2026-10-10T15:15:25.1297976Z shell: /usr/bin/bash -e {0}
Verify	Type-check	2026-10-10T15:15:25.1298304Z ##[endgroup]
Verify	Type-check	2026-10-10T15:15:25.2330907Z 
Verify	Type-check	2026-10-10T15:15:25.2331572Z > react-native-starter@1.0.0 type-check
Verify	Type-check	2026-10-10T15:15:25.2332203Z > tsc --noEmit
Verify	Type-check	2026-10-10T15:15:25.2332430Z 
Verify	Run Jest tests	﻿2026-10-10T15:15:28.1505487Z ##[group]Run npm run test:ci
Verify	Run Jest tests	2026-10-10T15:15:28.1505819Z ^[[36;1mnpm run test:ci^[[0m
Verify	Run Jest tests	2026-10-10T15:15:28.1568481Z shell: /usr/bin/bash -e {0}
Verify	Run Jest tests	2026-10-10T15:15:28.1568770Z ##[endgroup]
Verify	Run Jest tests	2026-10-10T15:15:28.2589120Z 
Verify	Run Jest tests	2026-10-10T15:15:28.2589887Z > react-native-starter@1.0.0 test:ci
Verify	Run Jest tests	2026-10-10T15:15:28.2590558Z > jest --coverage
Verify	Run Jest tests	2026-10-10T15:15:28.2590842Z 
Verify	Run Jest tests	2026-10-10T15:15:33.0021250Z PASS __tests__/shared/lib/logger.test.ts
Verify	Run Jest tests	2026-10-10T15:15:41.5681115Z PASS __tests__/scripts/initProject.test.ts (12.291 s)
Verify	Run Jest tests	2026-10-10T15:15:42.0443989Z PASS __tests__/shared/session/authService.test.ts
Verify	Run Jest tests	2026-10-10T15:15:42.3372428Z PASS __tests__/shared/config/env.test.ts
Verify	Run Jest tests	2026-10-10T15:15:43.3423253Z PASS __tests__/shared/lib/useFetch.test.tsx
Verify	Run Jest tests	2026-10-10T15:15:43.6894859Z PASS __tests__/shared/http/api.test.ts
Verify	Run Jest tests	2026-10-10T15:15:43.7121032Z   ● Console
Verify	Run Jest tests	2026-10-10T15:15:43.7163673Z 
Verify	Run Jest tests	2026-10-10T15:15:43.7164429Z     console.warn
Verify	Run Jest tests	2026-10-10T15:15:43.7193419Z       API request failed: server (503)
Verify	Run Jest tests	2026-10-10T15:15:43.7196395Z 
Verify	Run Jest tests	2026-10-10T15:15:43.7207794Z     ^[[0m ^[[90m 129 |^[[39m     ^[[36mconst^[[39m args ^[[33m=^[[39m [message^[[33m,^[[39m ^[[33m...^[[39mdetails^[[33m.^[[39mfilter(item ^[[33m=>^[[39m item ^[[33m!==^[[39m undefined)]^[[33m;^[[39m
Verify	Run Jest tests	2026-10-10T15:15:43.7223192Z      ^[[90m 130 |^[[39m     ^[[36mif^[[39m (level ^[[33m===^[[39m ^[[32m'error'^[[39m) console^[[33m.^[[39merror(^[[33m...^[[39margs)^[[33m;^[[39m
Verify	Run Jest tests	2026-10-10T15:15:43.7228758Z     ^[[31m^[[1m>^[[22m^[[39m^[[90m 131 |^[[39m     ^[[36melse^[[39m ^[[36mif^[[39m (level ^[[33m===^[[39m ^[[32m'warn'^[[39m) console^[[33m.^[[39mwarn(^[[33m...^[[39margs)^[[33m;^[[39m
Verify	Run Jest tests	2026-10-10T15:15:43.7230442Z      ^[[90m     |^[[39m                                        ^[[31m^[[1m^^[[22m^[[39m
Verify	Run Jest tests	2026-10-10T15:15:43.7232089Z      ^[[90m 132 |^[[39m     ^[[36melse^[[39m ^[[36mif^[[39m (level ^[[33m===^[[39m ^[[32m'info'^[[39m) console^[[33m.^[[39minfo(^[[33m...^[[39margs)^[[33m;^[[39m
Verify	Run Jest tests	2026-10-10T15:15:43.7234467Z      ^[[90m 133 |^[[39m     ^[[36melse^[[39m console^[[33m.^[[39mdebug(^[[33m...^[[39margs)^[[33m;^[[39m
Verify	Run Jest tests	2026-10-10T15:15:43.7235620Z      ^[[90m 134 |^[[39m   }^[[33m;^[[39m^[[0m
Verify	Run Jest tests	2026-10-10T15:15:43.7236195Z 
Verify	Run Jest tests	2026-10-10T15:15:43.7236656Z       at warn (shared/lib/logger.ts:131:40)
Verify	Run Jest tests	2026-10-10T15:15:43.7237618Z       at Object.write [as warn] (shared/lib/logger.ts:142:33)
Verify	Run Jest tests	2026-10-10T15:15:43.7253164Z       at warn (shared/http/httpClient.ts:137:12)
Verify	Run Jest tests	2026-10-10T15:15:43.7254375Z       at asyncGeneratorStep (node_modules/@babel/runtime/helpers/asyncToGenerator.js:3:17)
Verify	Run Jest tests	2026-10-10T15:15:43.7255717Z       at _next (node_modules/@babel/runtime/helpers/asyncToGenerator.js:17:9)
Verify	Run Jest tests	2026-10-10T15:15:43.7257118Z       at node_modules/@babel/runtime/helpers/asyncToGenerator.js:22:7
Verify	Run Jest tests	2026-10-10T15:15:43.7259077Z       at node_modules/@babel/runtime/helpers/asyncToGenerator.js:14:12
Verify	Run Jest tests	2026-10-10T15:15:43.7260121Z       at apply (shared/http/httpClient.ts:143:4)
Verify	Run Jest tests	2026-10-10T15:15:43.7261652Z       at Axios.request (node_modules/axios/dist/browser/axios.cjs:5245:14)
Verify	Run Jest tests	2026-10-10T15:15:43.7262323Z 
Verify	Run Jest tests	2026-10-10T15:15:49.4052902Z PASS __tests__/shared/http/httpClient.test.ts (19.655 s)
Verify	Run Jest tests	2026-10-10T15:15:51.9914059Z PASS __tests__/shared/ui/ErrorBoundary.test.tsx (18.955 s)
Verify	Run Jest tests	2026-10-10T15:15:52.0230376Z   ● Console
Verify	Run Jest tests	2026-10-10T15:15:52.0263419Z 
Verify	Run Jest tests	2026-10-10T15:15:52.0273801Z     console.debug
Verify	Run Jest tests	2026-10-10T15:15:52.0274507Z       [analytics] screen /boom
Verify	Run Jest tests	2026-10-10T15:15:52.0275016Z 
Verify	Run Jest tests	2026-10-10T15:15:52.0275510Z       at debug (shared/lib/logger.ts:133:18)
Verify	Run Jest tests	2026-10-10T15:15:52.0289081Z 
Verify	Run Jest tests	2026-10-10T15:15:52.0289550Z     console.debug
Verify	Run Jest tests	2026-10-10T15:15:52.0290188Z       [analytics] screen /
Verify	Run Jest tests	2026-10-10T15:15:52.0290677Z 
Verify	Run Jest tests	2026-10-10T15:15:52.0291134Z       at debug (shared/lib/logger.ts:133:18)
Verify	Run Jest tests	2026-10-10T15:15:52.0291693Z 
Verify	Run Jest tests	2026-10-10T15:15:52.0292301Z     console.debug
Verify	Run Jest tests	2026-10-10T15:15:52.0293236Z       [analytics] screen /
Verify	Run Jest tests	2026-10-10T15:15:52.0293715Z 
Verify	Run Jest tests	2026-10-10T15:15:52.0294194Z       at debug (shared/lib/logger.ts:133:18)
Verify	Run Jest tests	2026-10-10T15:15:52.0294772Z 
Verify	Run Jest tests	2026-10-10T15:15:52.0295132Z     console.debug
Verify	Run Jest tests	2026-10-10T15:15:52.0295811Z       [analytics] screen /boom
Verify	Run Jest tests	2026-10-10T15:15:52.0296326Z 
Verify	Run Jest tests	2026-10-10T15:15:52.0297360Z       at debug (shared/lib/logger.ts:133:18)
Verify	Run Jest tests	2026-10-10T15:15:52.0297931Z 
Verify	Run Jest tests	2026-10-10T15:15:52.0298291Z     console.debug
Verify	Run Jest tests	2026-10-10T15:15:52.0298884Z       [analytics] screen /
Verify	Run Jest tests	2026-10-10T15:15:52.0299390Z 
Verify	Run Jest tests	2026-10-10T15:15:52.0299881Z       at debug (shared/lib/logger.ts:133:18)
Verify	Run Jest tests	2026-10-10T15:15:52.0300455Z 
Verify	Run Jest tests	2026-10-10T15:15:52.0300823Z     console.debug
Verify	Run Jest tests	2026-10-10T15:15:52.0301419Z       [analytics] screen /
Verify	Run Jest tests	2026-10-10T15:15:52.0301898Z 
Verify	Run Jest tests	2026-10-10T15:15:52.0302338Z       at debug (shared/lib/logger.ts:133:18)
Verify	Run Jest tests	2026-10-10T15:15:52.0303284Z 
Verify	Run Jest tests	2026-10-10T15:15:52.0303656Z     console.debug
Verify	Run Jest tests	2026-10-10T15:15:52.0304300Z       [analytics] screen /boom
Verify	Run Jest tests	2026-10-10T15:15:52.0304797Z 
Verify	Run Jest tests	2026-10-10T15:15:52.0305235Z       at debug (shared/lib/logger.ts:133:18)
Verify	Run Jest tests	2026-10-10T15:15:52.0305855Z 
Verify	Run Jest tests	2026-10-10T15:15:52.0306259Z     console.debug
Verify	Run Jest tests	2026-10-10T15:15:52.0306878Z       [analytics] screen /
Verify	Run Jest tests	2026-10-10T15:15:52.0307352Z 
Verify	Run Jest tests	2026-10-10T15:15:52.0307801Z       at debug (shared/lib/logger.ts:133:18)
Verify	Run Jest tests	2026-10-10T15:15:52.0308372Z 
Verify	Run Jest tests	2026-10-10T15:15:52.0308733Z     console.debug
Verify	Run Jest tests	2026-10-10T15:15:52.0309402Z       [analytics] screen /boom
Verify	Run Jest tests	2026-10-10T15:15:52.0309920Z 
Verify	Run Jest tests	2026-10-10T15:15:52.0310378Z       at debug (shared/lib/logger.ts:133:18)
Verify	Run Jest tests	2026-10-10T15:15:52.0310990Z 
Verify	Run Jest tests	2026-10-10T15:15:52.0311381Z     console.debug
Verify	Run Jest tests	2026-10-10T15:15:52.0311998Z       [analytics] screen /
Verify	Run Jest tests	2026-10-10T15:15:52.0312464Z 
Verify	Run Jest tests	2026-10-10T15:15:52.0313414Z       at debug (shared/lib/logger.ts:133:18)
Verify	Run Jest tests	2026-10-10T15:15:52.0314070Z 
Verify	Run Jest tests	2026-10-10T15:15:52.0314424Z     console.debug
Verify	Run Jest tests	2026-10-10T15:15:52.0315004Z       [analytics] screen /boom
Verify	Run Jest tests	2026-10-10T15:15:52.0316313Z 
Verify	Run Jest tests	2026-10-10T15:15:52.0316799Z       at debug (shared/lib/logger.ts:133:18)
Verify	Run Jest tests	2026-10-10T15:15:52.0317324Z 
Verify	Run Jest tests	2026-10-10T15:15:52.3763991Z PASS __tests__/shared/session/tokenStore.test.tsx (8.624 s)
Verify	Run Jest tests	2026-10-10T15:15:52.3853795Z   ● Console
Verify	Run Jest tests	2026-10-10T15:15:52.3863171Z 
Verify	Run Jest tests	2026-10-10T15:15:52.3873624Z     console.debug
Verify	Run Jest tests	2026-10-10T15:15:52.3874290Z       [analytics] screen /login
Verify	Run Jest tests	2026-10-10T15:15:52.3874756Z 
Verify	Run Jest tests	2026-10-10T15:15:52.3875136Z       at debug (shared/lib/logger.ts:133:18)
Verify	Run Jest tests	2026-10-10T15:15:52.3875704Z 
Verify	Run Jest tests	2026-10-10T15:15:52.3875985Z     console.debug
Verify	Run Jest tests	2026-10-10T15:15:52.3876519Z       [analytics] screen /
Verify	Run Jest tests	2026-10-10T15:15:52.3876890Z 
Verify	Run Jest tests	2026-10-10T15:15:52.3877232Z       at debug (shared/lib/logger.ts:133:18)
Verify	Run Jest tests	2026-10-10T15:15:52.3877704Z 
Verify	Run Jest tests	2026-10-10T15:15:52.3877973Z     console.debug
Verify	Run Jest tests	2026-10-10T15:15:52.3878486Z       [analytics] screen /login
Verify	Run Jest tests	2026-10-10T15:15:52.3878850Z 
Verify	Run Jest tests	2026-10-10T15:15:52.3879174Z       at debug (shared/lib/logger.ts:133:18)
Verify	Run Jest tests	2026-10-10T15:15:52.3879542Z 
Verify	Run Jest tests	2026-10-10T15:15:52.3879752Z     console.debug
Verify	Run Jest tests	2026-10-10T15:15:52.3880147Z       [analytics] screen /
Verify	Run Jest tests	2026-10-10T15:15:52.3880446Z 
Verify	Run Jest tests	2026-10-10T15:15:52.3880714Z       at debug (shared/lib/logger.ts:133:18)
Verify	Run Jest tests	2026-10-10T15:15:52.3881492Z 
Verify	Run Jest tests	2026-10-10T15:15:52.3881712Z     console.debug
Verify	Run Jest tests	2026-10-10T15:15:52.3882103Z       [analytics] screen /
Verify	Run Jest tests	2026-10-10T15:15:52.3882393Z 
Verify	Run Jest tests	2026-10-10T15:15:52.3883025Z       at debug (shared/lib/logger.ts:133:18)
Verify	Run Jest tests	2026-10-10T15:15:52.3883508Z 
Verify	Run Jest tests	2026-10-10T15:15:53.1904122Z PASS __tests__/features/auth/LoginScreen.test.tsx
Verify	Run Jest tests	2026-10-10T15:15:53.1978809Z   ● Console
Verify	Run Jest tests	2026-10-10T15:15:53.2003446Z 
Verify	Run Jest tests	2026-10-10T15:15:53.2011610Z     console.error
Verify	Run Jest tests	2026-10-10T15:15:53.2012881Z       An update to SessionProvider inside a test was not wrapped in act(...).
Verify	Run Jest tests	2026-10-10T15:15:53.2013799Z       
Verify	Run Jest tests	2026-10-10T15:15:53.2014693Z       When testing, code that causes React state updates should be wrapped into act(...):
Verify	Run Jest tests	2026-10-10T15:15:53.2015606Z       
Verify	Run Jest tests	2026-10-10T15:15:53.2016186Z       act(() => {
Verify	Run Jest tests	2026-10-10T15:15:53.2016823Z         /* fire events that update state */
Verify	Run Jest tests	2026-10-10T15:15:53.2017496Z       });
Verify	Run Jest tests	2026-10-10T15:15:53.2018067Z       /* assert on the output */
Verify	Run Jest tests	2026-10-10T15:15:53.2018686Z       
Verify	Run Jest tests	2026-10-10T15:15:53.2019995Z       This ensures that you're testing the behavior the user would see in the browser. Learn more at https://react.dev/link/wrap-tests-with-act
Verify	Run Jest tests	2026-10-10T15:15:53.2057642Z 
Verify	Run Jest tests	2026-10-10T15:15:53.2058667Z     ^[[0m ^[[90m 86 |^[[39m     readStoredSession()^[[33m.^[[39mthen(restored ^[[33m=>^[[39m {
Verify	Run Jest tests	2026-10-10T15:15:53.2060957Z      ^[[90m 87 |^[[39m       ^[[36mif^[[39m (^[[33m!^[[39mchangedRef^[[33m.^[[39mcurrent ^[[33m&&^[[39m isMountedRef^[[33m.^[[39mcurrent) {
Verify	Run Jest tests	2026-10-10T15:15:53.2062482Z     ^[[31m^[[1m>^[[22m^[[39m^[[90m 88 |^[[39m         setSession(restored)^[[33m;^[[39m
Verify	Run Jest tests	2026-10-10T15:15:53.2063802Z      ^[[90m    |^[[39m         ^[[31m^[[1m^^[[22m^[[39m
Verify	Run Jest tests	2026-10-10T15:15:53.2064547Z      ^[[90m 89 |^[[39m       }
Verify	Run Jest tests	2026-10-10T15:15:53.2065269Z      ^[[90m 90 |^[[39m     })^[[33m;^[[39m
Verify	Run Jest tests	2026-10-10T15:15:53.2066389Z      ^[[90m 91 |^[[39m     ^[[90m// The HTTP client has already cleared the stored session.^[[39m^[[0m
Verify	Run Jest tests	2026-10-10T15:15:53.2067166Z 
Verify	Run Jest tests	2026-10-10T15:15:53.2067907Z       at node_modules/react-test-renderer/cjs/react-test-renderer.development.js:14402:19
Verify	Run Jest tests	2026-10-10T15:15:53.2069481Z       at runWithFiberInDEV (node_modules/react-test-renderer/cjs/react-test-renderer.development.js:2315:13)
Verify	Run Jest tests	2026-10-10T15:15:53.2071324Z       at warnIfUpdatesNotWrappedWithActDEV (node_modules/react-test-renderer/cjs/react-test-renderer.development.js:14401:9)
Verify	Run Jest tests	2026-10-10T15:15:53.2073369Z       at scheduleUpdateOnFiber (node_modules/react-test-renderer/cjs/react-test-renderer.development.js:12086:9)
Verify	Run Jest tests	2026-10-10T15:15:53.2075173Z       at dispatchSetStateInternal (node_modules/react-test-renderer/cjs/react-test-renderer.development.js:6208:13)
Verify	Run Jest tests	2026-10-10T15:15:53.2076913Z       at dispatchSetState (node_modules/react-test-renderer/cjs/react-test-renderer.development.js:6165:7)
Verify	Run Jest tests	2026-10-10T15:15:53.2078214Z       at setSession (shared/session/SessionProvider.tsx:88:9)
Verify	Run Jest tests	2026-10-10T15:15:53.2078842Z 
Verify	Run Jest tests	2026-10-10T15:15:53.2079167Z     console.error
Verify	Run Jest tests	2026-10-10T15:15:53.2079997Z       An update to SessionProvider inside a test was not wrapped in act(...).
Verify	Run Jest tests	2026-10-10T15:15:53.2080879Z       
Verify	Run Jest tests	2026-10-10T15:15:53.2081745Z       When testing, code that causes React state updates should be wrapped into act(...):
Verify	Run Jest tests	2026-10-10T15:15:53.2083010Z       
Verify	Run Jest tests	2026-10-10T15:15:53.2083548Z       act(() => {
Verify	Run Jest tests	2026-10-10T15:15:53.2084168Z         /* fire events that update state */
Verify	Run Jest tests	2026-10-10T15:15:53.2084792Z       });
Verify	Run Jest tests	2026-10-10T15:15:53.2085351Z       /* assert on the output */
Verify	Run Jest tests	2026-10-10T15:15:53.2085943Z       
Verify	Run Jest tests	2026-10-10T15:15:53.2087211Z       This ensures that you're testing the behavior the user would see in the browser. Learn more at https://react.dev/link/wrap-tests-with-act
Verify	Run Jest tests	2026-10-10T15:15:53.2088353Z 
Verify	Run Jest tests	2026-10-10T15:15:53.2089162Z     ^[[0m ^[[90m 86 |^[[39m     readStoredSession()^[[33m.^[[39mthen(restored ^[[33m=>^[[39m {
Verify	Run Jest tests	2026-10-10T15:15:53.2090764Z      ^[[90m 87 |^[[39m       ^[[36mif^[[39m (^[[33m!^[[39mchangedRef^[[33m.^[[39mcurrent ^[[33m&&^[[39m isMountedRef^[[33m.^[[39mcurrent) {
Verify	Run Jest tests	2026-10-10T15:15:53.2092184Z     ^[[31m^[[1m>^[[22m^[[39m^[[90m 88 |^[[39m         setSession(restored)^[[33m;^[[39m
Verify	Run Jest tests	2026-10-10T15:15:53.2093859Z      ^[[90m    |^[[39m         ^[[31m^[[1m^^[[22m^[[39m
Verify	Run Jest tests	2026-10-10T15:15:53.2094622Z      ^[[90m 89 |^[[39m       }
Verify	Run Jest tests	2026-10-10T15:15:53.2095356Z      ^[[90m 90 |^[[39m     })^[[33m;^[[39m
Verify	Run Jest tests	2026-10-10T15:15:53.2096502Z      ^[[90m 91 |^[[39m     ^[[90m// The HTTP client has already cleared the stored session.^[[39m^[[0m
Verify	Run Jest tests	2026-10-10T15:15:53.2097275Z 
Verify	Run Jest tests	2026-10-10T15:15:53.2097988Z       at node_modules/react-test-renderer/cjs/react-test-renderer.development.js:14402:19
Verify	Run Jest tests	2026-10-10T15:15:53.2099593Z       at runWithFiberInDEV (node_modules/react-test-renderer/cjs/react-test-renderer.development.js:2315:13)
Verify	Run Jest tests	2026-10-10T15:15:53.2101483Z       at warnIfUpdatesNotWrappedWithActDEV (node_modules/react-test-renderer/cjs/react-test-renderer.development.js:14401:9)
Verify	Run Jest tests	2026-10-10T15:15:53.2103674Z       at scheduleUpdateOnFiber (node_modules/react-test-renderer/cjs/react-test-renderer.development.js:12086:9)
Verify	Run Jest tests	2026-10-10T15:15:53.2105941Z       at dispatchSetStateInternal (node_modules/react-test-renderer/cjs/react-test-renderer.development.js:6208:13)
Verify	Run Jest tests	2026-10-10T15:15:53.2107728Z       at dispatchSetState (node_modules/react-test-renderer/cjs/react-test-renderer.development.js:6165:7)
Verify	Run Jest tests	2026-10-10T15:15:53.2109019Z       at setSession (shared/session/SessionProvider.tsx:88:9)
Verify	Run Jest tests	2026-10-10T15:15:53.2109951Z 
Verify	Run Jest tests	2026-10-10T15:15:54.2091387Z PASS __tests__/features/home/HomeScreen.test.tsx
Verify	Run Jest tests	2026-10-10T15:15:54.4663039Z PASS __tests__/shared/integrations/seams.test.ts
Verify	Run Jest tests	2026-10-10T15:15:54.5259836Z PASS __tests__/app/sessionRoutes.test.tsx
Verify	Run Jest tests	2026-10-10T15:15:54.5789870Z   ● Console
Verify	Run Jest tests	2026-10-10T15:15:54.5806142Z 
Verify	Run Jest tests	2026-10-10T15:15:54.5806698Z     console.debug
Verify	Run Jest tests	2026-10-10T15:15:54.5817042Z       [analytics] screen /profile
Verify	Run Jest tests	2026-10-10T15:15:54.5817628Z 
Verify	Run Jest tests	2026-10-10T15:15:54.5818092Z       at debug (shared/lib/logger.ts:133:18)
Verify	Run Jest tests	2026-10-10T15:15:54.5818672Z 
Verify	Run Jest tests	2026-10-10T15:15:54.5819113Z     console.debug
Verify	Run Jest tests	2026-10-10T15:15:54.5819729Z       [analytics] screen /profile
Verify	Run Jest tests	2026-10-10T15:15:54.5820211Z 
Verify	Run Jest tests	2026-10-10T15:15:54.5820683Z       at debug (shared/lib/logger.ts:133:18)
Verify	Run Jest tests	2026-10-10T15:15:54.5821222Z 
Verify	Run Jest tests	2026-10-10T15:15:54.5821554Z     console.debug
Verify	Run Jest tests	2026-10-10T15:15:54.5822127Z       [analytics] screen /
Verify	Run Jest tests	2026-10-10T15:15:54.5822834Z 
Verify	Run Jest tests	2026-10-10T15:15:54.5823281Z       at debug (shared/lib/logger.ts:133:18)
Verify	Run Jest tests	2026-10-10T15:15:54.5823826Z 
Verify	Run Jest tests	2026-10-10T15:15:54.5824150Z     console.debug
Verify	Run Jest tests	2026-10-10T15:15:54.5824762Z       [analytics] screen /login
Verify	Run Jest tests	2026-10-10T15:15:54.5825229Z 
Verify	Run Jest tests	2026-10-10T15:15:54.5825629Z       at debug (shared/lib/logger.ts:133:18)
Verify	Run Jest tests	2026-10-10T15:15:54.5826157Z 
Verify	Run Jest tests	2026-10-10T15:15:54.5826497Z     console.debug
Verify	Run Jest tests	2026-10-10T15:15:54.5827062Z       [analytics] screen /
Verify	Run Jest tests	2026-10-10T15:15:54.5827490Z 
Verify	Run Jest tests	2026-10-10T15:15:54.5827913Z       at debug (shared/lib/logger.ts:133:18)
Verify	Run Jest tests	2026-10-10T15:15:54.5828448Z 
Verify	Run Jest tests	2026-10-10T15:15:54.5828812Z     console.debug
Verify	Run Jest tests	2026-10-10T15:15:54.5829429Z       [analytics] screen /login
Verify	Run Jest tests	2026-10-10T15:15:54.5829910Z 
Verify	Run Jest tests	2026-10-10T15:15:54.5830576Z       at debug (shared/lib/logger.ts:133:18)
Verify	Run Jest tests	2026-10-10T15:15:54.5831144Z 
Verify	Run Jest tests	2026-10-10T15:15:54.5831489Z     console.debug
Verify	Run Jest tests	2026-10-10T15:15:54.5832089Z       [analytics] screen /
Verify	Run Jest tests	2026-10-10T15:15:54.5832820Z 
Verify	Run Jest tests	2026-10-10T15:15:54.5833277Z       at debug (shared/lib/logger.ts:133:18)
Verify	Run Jest tests	2026-10-10T15:15:54.5833852Z 
Verify	Run Jest tests	2026-10-10T15:15:54.5834182Z     console.debug
Verify	Run Jest tests	2026-10-10T15:15:54.5834841Z       [analytics] screen /profile
Verify	Run Jest tests	2026-10-10T15:15:54.5835341Z 
Verify	Run Jest tests	2026-10-10T15:15:54.5835764Z       at debug (shared/lib/logger.ts:133:18)
Verify	Run Jest tests	2026-10-10T15:15:54.5836302Z 
Verify	Run Jest tests	2026-10-10T15:15:54.5836646Z     console.debug
Verify	Run Jest tests	2026-10-10T15:15:54.5837232Z       [analytics] screen /
Verify	Run Jest tests	2026-10-10T15:15:54.5837686Z 
Verify	Run Jest tests	2026-10-10T15:15:54.5838101Z       at debug (shared/lib/logger.ts:133:18)
Verify	Run Jest tests	2026-10-10T15:15:54.5838651Z 
Verify	Run Jest tests	2026-10-10T15:15:54.5839002Z     console.debug
Verify	Run Jest tests	2026-10-10T15:15:54.5839623Z       [analytics] screen /profile
Verify	Run Jest tests	2026-10-10T15:15:54.5840081Z 
Verify	Run Jest tests	2026-10-10T15:15:54.5840484Z       at debug (shared/lib/logger.ts:133:18)
Verify	Run Jest tests	2026-10-10T15:15:54.5840972Z 
Verify	Run Jest tests	2026-10-10T15:15:54.5841270Z     console.debug
Verify	Run Jest tests	2026-10-10T15:15:54.5842300Z       [analytics] screen /
Verify	Run Jest tests	2026-10-10T15:15:54.5842986Z 
Verify	Run Jest tests	2026-10-10T15:15:54.5843399Z       at debug (shared/lib/logger.ts:133:18)
Verify	Run Jest tests	2026-10-10T15:15:54.5843888Z 
Verify	Run Jest tests	2026-10-10T15:15:54.5844205Z     console.debug
Verify	Run Jest tests	2026-10-10T15:15:54.5844844Z       [analytics] screen /profile
Verify	Run Jest tests	2026-10-10T15:15:54.5845328Z 
Verify	Run Jest tests	2026-10-10T15:15:54.5845738Z       at debug (shared/lib/logger.ts:133:18)
Verify	Run Jest tests	2026-10-10T15:15:54.5846255Z 
Verify	Run Jest tests	2026-10-10T15:15:54.5846563Z     console.debug
Verify	Run Jest tests	2026-10-10T15:15:54.5847120Z       [analytics] screen /
Verify	Run Jest tests	2026-10-10T15:15:54.5847574Z 
Verify	Run Jest tests	2026-10-10T15:15:54.5847987Z       at debug (shared/lib/logger.ts:133:18)
Verify	Run Jest tests	2026-10-10T15:15:54.5848509Z 
Verify	Run Jest tests	2026-10-10T15:15:54.5848834Z     console.debug
Verify	Run Jest tests	2026-10-10T15:15:54.5849405Z       [analytics] screen /profile
Verify	Run Jest tests	2026-10-10T15:15:54.5849910Z 
Verify	Run Jest tests	2026-10-10T15:15:54.5850320Z       at debug (shared/lib/logger.ts:133:18)
Verify	Run Jest tests	2026-10-10T15:15:54.5850965Z 
Verify	Run Jest tests	2026-10-10T15:15:54.5851304Z     console.debug
Verify	Run Jest tests	2026-10-10T15:15:54.5851876Z       [analytics] screen /
Verify	Run Jest tests	2026-10-10T15:15:54.5852357Z 
Verify	Run Jest tests	2026-10-10T15:15:54.5853154Z       at debug (shared/lib/logger.ts:133:18)
Verify	Run Jest tests	2026-10-10T15:15:54.5853704Z 
Verify	Run Jest tests	2026-10-10T15:15:54.5854055Z     console.debug
Verify	Run Jest tests	2026-10-10T15:15:54.5854618Z       [analytics] screen /
Verify	Run Jest tests	2026-10-10T15:15:54.5855336Z 
Verify	Run Jest tests	2026-10-10T15:15:54.5855745Z       at debug (shared/lib/logger.ts:133:18)
Verify	Run Jest tests	2026-10-10T15:15:54.5856260Z 
Verify	Run Jest tests	2026-10-10T15:15:54.5856565Z     console.debug
Verify	Run Jest tests	2026-10-10T15:15:54.5857127Z       [analytics] screen /profile
Verify	Run Jest tests	2026-10-10T15:15:54.5857595Z 
Verify	Run Jest tests	2026-10-10T15:15:54.5858039Z       at debug (shared/lib/logger.ts:133:18)
Verify	Run Jest tests	2026-10-10T15:15:54.5858581Z 
Verify	Run Jest tests	2026-10-10T15:15:54.5858879Z     console.debug
Verify	Run Jest tests	2026-10-10T15:15:54.5859431Z       [analytics] screen /
Verify	Run Jest tests	2026-10-10T15:15:54.5859878Z 
Verify	Run Jest tests	2026-10-10T15:15:54.5860286Z       at debug (shared/lib/logger.ts:133:18)
Verify	Run Jest tests	2026-10-10T15:15:54.5860795Z 
Verify	Run Jest tests	2026-10-10T15:15:54.5861103Z     console.debug
Verify	Run Jest tests	2026-10-10T15:15:54.5861677Z       [analytics] screen /profile
Verify	Run Jest tests	2026-10-10T15:15:54.5862165Z 
Verify	Run Jest tests	2026-10-10T15:15:54.5862829Z       at debug (shared/lib/logger.ts:133:18)
Verify	Run Jest tests	2026-10-10T15:15:54.5863390Z 
Verify	Run Jest tests	2026-10-10T15:15:54.7819688Z PASS __tests__/app/appConfig.test.ts
Verify	Run Jest tests	2026-10-10T15:15:54.9733897Z PASS __tests__/shared/storage/storage.test.ts
Verify	Run Jest tests	2026-10-10T15:15:55.1141901Z PASS __tests__/features/demo-auth/dummyJsonAdapter.test.ts
Verify	Run Jest tests	2026-10-10T15:15:55.5345669Z PASS __tests__/features/demo-todos/TodosScreen.test.tsx
Verify	Run Jest tests	2026-10-10T15:15:55.5413349Z   ● Console
Verify	Run Jest tests	2026-10-10T15:15:55.5493605Z 
Verify	Run Jest tests	2026-10-10T15:15:55.5586893Z     console.warn
Verify	Run Jest tests	2026-10-10T15:15:55.5673506Z       API GET /todos failed: server (503)
Verify	Run Jest tests	2026-10-10T15:15:55.5732959Z 
Verify	Run Jest tests	2026-10-10T15:15:55.5764572Z     ^[[0m ^[[90m 129 |^[[39m     ^[[36mconst^[[39m args ^[[33m=^[[39m [message^[[33m,^[[39m ^[[33m...^[[39mdetails^[[33m.^[[39mfilter(item ^[[33m=>^[[39m item ^[[33m!==^[[39m undefined)]^[[33m;^[[39m
Verify	Run Jest tests	2026-10-10T15:15:55.5766436Z      ^[[90m 130 |^[[39m     ^[[36mif^[[39m (level ^[[33m===^[[39m ^[[32m'error'^[[39m) console^[[33m.^[[39merror(^[[33m...^[[39margs)^[[33m;^[[39m
Verify	Run Jest tests	2026-10-10T15:15:55.5768337Z     ^[[31m^[[1m>^[[22m^[[39m^[[90m 131 |^[[39m     ^[[36melse^[[39m ^[[36mif^[[39m (level ^[[33m===^[[39m ^[[32m'warn'^[[39m) console^[[33m.^[[39mwarn(^[[33m...^[[39margs)^[[33m;^[[39m
Verify	Run Jest tests	2026-10-10T15:15:55.5769798Z      ^[[90m     |^[[39m                                        ^[[31m^[[1m^^[[22m^[[39m
Verify	Run Jest tests	2026-10-10T15:15:55.5771263Z      ^[[90m 132 |^[[39m     ^[[36melse^[[39m ^[[36mif^[[39m (level ^[[33m===^[[39m ^[[32m'info'^[[39m) console^[[33m.^[[39minfo(^[[33m...^[[39margs)^[[33m;^[[39m
Verify	Run Jest tests	2026-10-10T15:15:55.5773057Z      ^[[90m 133 |^[[39m     ^[[36melse^[[39m console^[[33m.^[[39mdebug(^[[33m...^[[39margs)^[[33m;^[[39m
Verify	Run Jest tests	2026-10-10T15:15:55.5773990Z      ^[[90m 134 |^[[39m   }^[[33m;^[[39m^[[0m
Verify	Run Jest tests	2026-10-10T15:15:55.5774336Z 
Verify	Run Jest tests	2026-10-10T15:15:55.5774591Z       at warn (shared/lib/logger.ts:131:40)
Verify	Run Jest tests	2026-10-10T15:15:55.5775318Z       at Object.write [as warn] (shared/lib/logger.ts:142:33)
Verify	Run Jest tests	2026-10-10T15:15:55.5776058Z       at warn (shared/http/httpClient.ts:137:12)
Verify	Run Jest tests	2026-10-10T15:15:55.5777024Z       at asyncGeneratorStep (node_modules/@babel/runtime/helpers/asyncToGenerator.js:3:17)
Verify	Run Jest tests	2026-10-10T15:15:55.5778677Z       at _next (node_modules/@babel/runtime/helpers/asyncToGenerator.js:17:9)
Verify	Run Jest tests	2026-10-10T15:15:55.5779663Z       at node_modules/@babel/runtime/helpers/asyncToGenerator.js:22:7
Verify	Run Jest tests	2026-10-10T15:15:55.5780589Z       at node_modules/@babel/runtime/helpers/asyncToGenerator.js:14:12
Verify	Run Jest tests	2026-10-10T15:15:55.5781415Z       at apply (shared/http/httpClient.ts:143:4)
Verify	Run Jest tests	2026-10-10T15:15:55.5782230Z       at Axios.request (node_modules/axios/dist/browser/axios.cjs:5245:14)
Verify	Run Jest tests	2026-10-10T15:15:55.5783167Z 
Verify	Run Jest tests	2026-10-10T15:15:56.1351820Z PASS __tests__/shared/ui/theme.test.ts
Verify	Run Jest tests	2026-10-10T15:15:56.3352343Z PASS __tests__/shared/integrations/i18n.test.tsx
Verify	Run Jest tests	2026-10-10T15:15:56.3443615Z   ● Console
Verify	Run Jest tests	2026-10-10T15:15:56.3443904Z 
Verify	Run Jest tests	2026-10-10T15:15:56.3444071Z     console.debug
Verify	Run Jest tests	2026-10-10T15:15:56.3444506Z       [analytics] screen /
Verify	Run Jest tests	2026-10-10T15:15:56.3444797Z 
Verify	Run Jest tests	2026-10-10T15:15:56.3445063Z       at debug (shared/lib/logger.ts:133:18)
Verify	Run Jest tests	2026-10-10T15:15:56.3445415Z 
Verify	Run Jest tests	2026-10-10T15:15:56.3445562Z     console.debug
Verify	Run Jest tests	2026-10-10T15:15:56.3446021Z       [analytics] screen /login
Verify	Run Jest tests	2026-10-10T15:15:56.3446307Z 
Verify	Run Jest tests	2026-10-10T15:15:56.3446555Z       at debug (shared/lib/logger.ts:133:18)
Verify	Run Jest tests	2026-10-10T15:15:56.3446909Z 
Verify	Run Jest tests	2026-10-10T15:15:57.0896451Z PASS __tests__/app/tabBarTheme.test.tsx
Verify	Run Jest tests	2026-10-10T15:15:57.0961742Z   ● Console
Verify	Run Jest tests	2026-10-10T15:15:57.0992211Z 
Verify	Run Jest tests	2026-10-10T15:15:57.1001070Z     console.debug
Verify	Run Jest tests	2026-10-10T15:15:57.1001793Z       [analytics] screen /
Verify	Run Jest tests	2026-10-10T15:15:57.1002106Z 
Verify	Run Jest tests	2026-10-10T15:15:57.1002353Z       at debug (shared/lib/logger.ts:133:18)
Verify	Run Jest tests	2026-10-10T15:15:57.1002982Z 
Verify	Run Jest tests	2026-10-10T15:15:57.1003152Z     console.debug
Verify	Run Jest tests	2026-10-10T15:15:57.1003533Z       [analytics] screen /
Verify	Run Jest tests	2026-10-10T15:15:57.1003786Z 
Verify	Run Jest tests	2026-10-10T15:15:57.1004018Z       at debug (shared/lib/logger.ts:133:18)
Verify	Run Jest tests	2026-10-10T15:15:57.1004340Z 
Verify	Run Jest tests	2026-10-10T15:15:57.3815906Z PASS __tests__/app/initialRoute.test.tsx
Verify	Run Jest tests	2026-10-10T15:15:57.3951880Z   ● Console
Verify	Run Jest tests	2026-10-10T15:15:57.3993240Z 
Verify	Run Jest tests	2026-10-10T15:15:57.4009514Z     console.debug
Verify	Run Jest tests	2026-10-10T15:15:57.4010302Z       [analytics] screen /
Verify	Run Jest tests	2026-10-10T15:15:57.4010882Z 
Verify	Run Jest tests	2026-10-10T15:15:57.4011336Z       at debug (shared/lib/logger.ts:133:18)
Verify	Run Jest tests	2026-10-10T15:15:57.4011904Z 
Verify	Run Jest tests	2026-10-10T15:15:57.4012236Z     console.debug
Verify	Run Jest tests	2026-10-10T15:15:57.4013188Z       [analytics] screen /login
Verify	Run Jest tests	2026-10-10T15:15:57.4013749Z 
Verify	Run Jest tests	2026-10-10T15:15:57.4014209Z       at debug (shared/lib/logger.ts:133:18)
Verify	Run Jest tests	2026-10-10T15:15:57.4014800Z 
Verify	Run Jest tests	2026-10-10T15:15:57.4015158Z     console.debug
Verify	Run Jest tests	2026-10-10T15:15:57.4015834Z       [analytics] screen /login
Verify	Run Jest tests	2026-10-10T15:15:57.4016369Z 
Verify	Run Jest tests	2026-10-10T15:15:57.4016816Z       at debug (shared/lib/logger.ts:133:18)
Verify	Run Jest tests	2026-10-10T15:15:57.4017394Z 
Verify	Run Jest tests	2026-10-10T15:15:57.4017746Z     console.debug
Verify	Run Jest tests	2026-10-10T15:15:57.4018376Z       [analytics] screen /
Verify	Run Jest tests	2026-10-10T15:15:57.4018873Z 
Verify	Run Jest tests	2026-10-10T15:15:57.4019307Z       at debug (shared/lib/logger.ts:133:18)
Verify	Run Jest tests	2026-10-10T15:15:57.4019868Z 
Verify	Run Jest tests	2026-10-10T15:15:57.8363864Z PASS __tests__/shared/ui/LoadingScreen.test.tsx
Verify	Run Jest tests	2026-10-10T15:15:58.0131974Z PASS __tests__/features/demo-auth/DemoCredentialsHint.test.tsx
Verify	Run Jest tests	2026-10-10T15:15:58.7583804Z PASS __tests__/app/configError.test.tsx
Verify	Run Jest tests	2026-10-10T15:15:58.7635779Z   ● Console
Verify	Run Jest tests	2026-10-10T15:15:58.7682798Z 
Verify	Run Jest tests	2026-10-10T15:15:58.7743256Z     console.debug
Verify	Run Jest tests	2026-10-10T15:15:58.7772986Z       [analytics] screen /
Verify	Run Jest tests	2026-10-10T15:15:58.7802952Z 
Verify	Run Jest tests	2026-10-10T15:15:58.7863159Z       at debug (shared/lib/logger.ts:133:18)
Verify	Run Jest tests	2026-10-10T15:15:58.7892863Z 
Verify	Run Jest tests	2026-10-10T15:15:59.0143689Z PASS __tests__/app/statusBar.test.tsx
Verify	Run Jest tests	2026-10-10T15:15:59.0190205Z   ● Console
Verify	Run Jest tests	2026-10-10T15:15:59.0190660Z 
Verify	Run Jest tests	2026-10-10T15:15:59.0203218Z     console.debug
Verify	Run Jest tests	2026-10-10T15:15:59.0226268Z       [analytics] screen /
Verify	Run Jest tests	2026-10-10T15:15:59.0226856Z 
Verify	Run Jest tests	2026-10-10T15:15:59.0227315Z       at debug (shared/lib/logger.ts:133:18)
Verify	Run Jest tests	2026-10-10T15:15:59.0227863Z 
Verify	Run Jest tests	2026-10-10T15:15:59.0228200Z     console.debug
Verify	Run Jest tests	2026-10-10T15:15:59.0228790Z       [analytics] screen /
Verify	Run Jest tests	2026-10-10T15:15:59.0229244Z 
Verify	Run Jest tests	2026-10-10T15:15:59.0229666Z       at debug (shared/lib/logger.ts:133:18)
Verify	Run Jest tests	2026-10-10T15:15:59.0230189Z 
Verify	Run Jest tests	2026-10-10T15:15:59.5840412Z PASS __tests__/shared/integrations/screenTracking.test.tsx
Verify	Run Jest tests	2026-10-10T15:15:59.7247380Z PASS __tests__/features/demo-showcase/ShowcaseScreen.test.tsx
Verify	Run Jest tests	2026-10-10T15:16:00.4424171Z PASS __tests__/scripts/removeDemo.test.ts (10.97 s)
Verify	Run Jest tests	2026-10-10T15:16:01.4092923Z -----------------------------------|---------|----------|---------|---------|-------------------
Verify	Run Jest tests	2026-10-10T15:16:01.4094236Z File                               | % Stmts | % Branch | % Funcs | % Lines | Uncovered Line #s 
Verify	Run Jest tests	2026-10-10T15:16:01.4095387Z -----------------------------------|---------|----------|---------|---------|-------------------
Verify	Run Jest tests	2026-10-10T15:16:01.4103325Z All files                          |   97.31 |    91.28 |   94.55 |   97.49 |                   
Verify	Run Jest tests	2026-10-10T15:16:01.4104501Z  app                               |     100 |      100 |   57.14 |     100 |                   
Verify	Run Jest tests	2026-10-10T15:16:01.4105616Z   _layout.tsx                      |     100 |      100 |   57.14 |     100 |                   
Verify	Run Jest tests	2026-10-10T15:16:01.4106735Z   showcase.tsx                     |       0 |        0 |       0 |       0 |                   
Verify	Run Jest tests	2026-10-10T15:16:01.4108095Z  app/(app)                         |    87.5 |       75 |     100 |     100 |                   
Verify	Run Jest tests	2026-10-10T15:16:01.4109423Z   _layout.tsx                      |    87.5 |       75 |     100 |     100 | 24                
Verify	Run Jest tests	2026-10-10T15:16:01.4110396Z   profile.tsx                      |       0 |        0 |       0 |       0 |                   
Verify	Run Jest tests	2026-10-10T15:16:01.4111351Z  app/(auth)                        |     100 |      100 |     100 |     100 |                   
Verify	Run Jest tests	2026-10-10T15:16:01.4112287Z   _layout.tsx                      |     100 |      100 |     100 |     100 |                   
Verify	Run Jest tests	2026-10-10T15:16:01.4113388Z   login.tsx                        |       0 |        0 |       0 |       0 |                   
Verify	Run Jest tests	2026-10-10T15:16:01.4114315Z  app/(tabs)                        |     100 |      100 |     100 |     100 |                   
Verify	Run Jest tests	2026-10-10T15:16:01.4115257Z   _layout.tsx                      |     100 |      100 |     100 |     100 |                   
Verify	Run Jest tests	2026-10-10T15:16:01.4116213Z   explore.tsx                      |       0 |        0 |       0 |       0 |                   
Verify	Run Jest tests	2026-10-10T15:16:01.4117126Z   index.tsx                        |       0 |        0 |       0 |       0 |                   
Verify	Run Jest tests	2026-10-10T15:16:01.4118070Z  features/auth/screens             |   95.55 |    79.16 |   83.33 |   95.45 |                   
Verify	Run Jest tests	2026-10-10T15:16:01.4118989Z   LoginScreen.tsx                  |    92.3 |       80 |      60 |    92.3 | 132-136           
Verify	Run Jest tests	2026-10-10T15:16:01.4119910Z   ProfileScreen.tsx                |     100 |    78.57 |     100 |     100 | 38,67-72          
Verify	Run Jest tests	2026-10-10T15:16:01.4120823Z  features/demo-auth                |     100 |    91.66 |     100 |     100 |                   
Verify	Run Jest tests	2026-10-10T15:16:01.4121778Z   DemoCredentialsHint.tsx          |     100 |      100 |     100 |     100 |                   
Verify	Run Jest tests	2026-10-10T15:16:01.4122935Z   dummyJsonAdapter.ts              |     100 |       90 |     100 |     100 | 31                
Verify	Run Jest tests	2026-10-10T15:16:01.4123963Z  features/demo-showcase/components |     100 |      100 |     100 |     100 |                   
Verify	Run Jest tests	2026-10-10T15:16:01.4124752Z   ExampleLinks.tsx                 |     100 |      100 |     100 |     100 |                   
Verify	Run Jest tests	2026-10-10T15:16:01.4125326Z  features/demo-showcase/screens    |   77.77 |      100 |      60 |   71.42 |                   
Verify	Run Jest tests	2026-10-10T15:16:01.4125887Z   ShowcaseScreen.tsx               |   77.77 |      100 |      60 |   71.42 | 133-137           
Verify	Run Jest tests	2026-10-10T15:16:01.4126435Z  features/demo-todos               |       0 |        0 |       0 |       0 |                   
Verify	Run Jest tests	2026-10-10T15:16:01.4127282Z   types.ts                         |       0 |        0 |       0 |       0 |                   
Verify	Run Jest tests	2026-10-10T15:16:01.4128001Z  features/demo-todos/api           |     100 |      100 |     100 |     100 |                   
Verify	Run Jest tests	2026-10-10T15:16:01.4128550Z   todosApi.ts                      |     100 |      100 |     100 |     100 |                   
Verify	Run Jest tests	2026-10-10T15:16:01.4129343Z  features/demo-todos/screens       |     100 |    95.83 |     100 |     100 |                   
Verify	Run Jest tests	2026-10-10T15:16:01.4130198Z   TodosScreen.tsx                  |     100 |    95.83 |     100 |     100 | 65                
Verify	Run Jest tests	2026-10-10T15:16:01.4130751Z  features/home/screens             |     100 |     87.5 |     100 |     100 |                   
Verify	Run Jest tests	2026-10-10T15:16:01.4131278Z   HomeScreen.tsx                   |     100 |     87.5 |     100 |     100 | 38                
Verify	Run Jest tests	2026-10-10T15:16:01.4131790Z  shared/config                     |     100 |    97.95 |     100 |     100 |                   
Verify	Run Jest tests	2026-10-10T15:16:01.4132274Z   env.ts                           |     100 |    97.95 |     100 |     100 | 128               
Verify	Run Jest tests	2026-10-10T15:16:01.4133243Z   featureFlags.ts                  |     100 |      100 |     100 |     100 |                   
Verify	Run Jest tests	2026-10-10T15:16:01.4133791Z  shared/http                       |   98.71 |    94.66 |     100 |   98.61 |                   
Verify	Run Jest tests	2026-10-10T15:16:01.4134302Z   api.ts                           |     100 |      100 |     100 |     100 |                   
Verify	Run Jest tests	2026-10-10T15:16:01.4134785Z   apiError.ts                      |   96.96 |    94.59 |     100 |   96.42 | 58                
Verify	Run Jest tests	2026-10-10T15:16:01.4135612Z   httpClient.ts                    |     100 |    94.73 |     100 |     100 | 87                
Verify	Run Jest tests	2026-10-10T15:16:01.4136119Z  shared/i18n                       |     100 |    83.33 |     100 |     100 |                   
Verify	Run Jest tests	2026-10-10T15:16:01.4136603Z   en.ts                            |     100 |      100 |     100 |     100 |                   
Verify	Run Jest tests	2026-10-10T15:16:01.4137066Z   index.ts                         |     100 |    83.33 |     100 |     100 | 38                
Verify	Run Jest tests	2026-10-10T15:16:01.4137571Z  shared/integrations               |   95.91 |       75 |   96.55 |   95.34 |                   
Verify	Run Jest tests	2026-10-10T15:16:01.4138094Z   analytics.ts                     |     100 |     87.5 |     100 |     100 | 25                
Verify	Run Jest tests	2026-10-10T15:16:01.4138604Z   errorReporter.ts                 |   81.81 |       40 |   83.33 |   77.77 | 41,57             
Verify	Run Jest tests	2026-10-10T15:16:01.4139133Z   featureFlags.ts                  |     100 |      100 |     100 |     100 |                   
Verify	Run Jest tests	2026-10-10T15:16:01.4139666Z   pushNotifications.ts             |     100 |      100 |     100 |     100 |                   
Verify	Run Jest tests	2026-10-10T15:16:01.4140166Z   seam.ts                          |     100 |      100 |     100 |     100 |                   
Verify	Run Jest tests	2026-10-10T15:16:01.4140641Z   setup.ts                         |     100 |      100 |     100 |     100 |                   
Verify	Run Jest tests	2026-10-10T15:16:01.4141115Z   updates.ts                       |     100 |      100 |     100 |     100 |                   
Verify	Run Jest tests	2026-10-10T15:16:01.4141619Z   useScreenTracking.ts             |     100 |      100 |     100 |     100 |                   
Verify	Run Jest tests	2026-10-10T15:16:01.4142136Z  shared/lib                        |   98.01 |    95.38 |   95.23 |   98.86 |                   
Verify	Run Jest tests	2026-10-10T15:16:01.4142802Z   logger.ts                        |   96.87 |    96.15 |   91.66 |   98.18 | 84                
Verify	Run Jest tests	2026-10-10T15:16:01.4143308Z   useFetch.ts                      |     100 |     92.3 |     100 |     100 | 83                
Verify	Run Jest tests	2026-10-10T15:16:01.4143819Z  shared/session                    |   97.45 |    88.63 |   95.83 |   97.36 |                   
Verify	Run Jest tests	2026-10-10T15:16:01.4144346Z   SessionProvider.tsx              |   97.91 |    81.81 |     100 |   97.82 | 146               
Verify	Run Jest tests	2026-10-10T15:16:01.4144871Z   authService.ts                   |   93.93 |    91.66 |   83.33 |   93.75 | 68,81             
Verify	Run Jest tests	2026-10-10T15:16:01.4145362Z   session.ts                       |     100 |      100 |     100 |     100 |                   
Verify	Run Jest tests	2026-10-10T15:16:01.4145848Z   tokenStore.ts                    |     100 |      100 |     100 |     100 |                   
Verify	Run Jest tests	2026-10-10T15:16:01.4146358Z  shared/storage                    |      92 |       80 |     100 |      92 |                   
Verify	Run Jest tests	2026-10-10T15:16:01.4147098Z   secureStorage.ts                 |      80 |       75 |     100 |      80 | 18,26             
Verify	Run Jest tests	2026-10-10T15:16:01.4147602Z   storage.ts                       |     100 |      100 |     100 |     100 |                   
Verify	Run Jest tests	2026-10-10T15:16:01.4148136Z  shared/ui                         |    97.5 |    83.33 |     100 |   97.36 |                   
Verify	Run Jest tests	2026-10-10T15:16:01.4148728Z   ConfigErrorScreen.tsx            |     100 |      100 |     100 |     100 |                   
Verify	Run Jest tests	2026-10-10T15:16:01.4149273Z   ErrorBoundary.tsx                |   96.15 |       75 |     100 |   95.83 | 26                
Verify	Run Jest tests	2026-10-10T15:16:01.4149790Z   LoadingScreen.tsx                |     100 |      100 |     100 |     100 |                   
Verify	Run Jest tests	2026-10-10T15:16:01.4150290Z   theme.ts                         |     100 |      100 |     100 |     100 |                   
Verify	Run Jest tests	2026-10-10T15:16:01.4150844Z -----------------------------------|---------|----------|---------|---------|-------------------
Verify	Run Jest tests	2026-10-10T15:16:01.4617451Z 
Verify	Run Jest tests	2026-10-10T15:16:01.4621471Z Test Suites: 28 passed, 28 total
Verify	Run Jest tests	2026-10-10T15:16:01.4622210Z Tests:       242 passed, 242 total
Verify	Run Jest tests	2026-10-10T15:16:01.4622995Z Snapshots:   0 total
Verify	Run Jest tests	2026-10-10T15:16:01.4623500Z Time:        32.512 s
Verify	Run Jest tests	2026-10-10T15:16:01.4624622Z Ran all test suites.
Verify	Expo Doctor	﻿2026-10-10T15:16:01.4830145Z ##[group]Run npx expo-doctor
Verify	Expo Doctor	2026-10-10T15:16:01.4830508Z ^[[36;1mnpx expo-doctor^[[0m
Verify	Expo Doctor	2026-10-10T15:16:01.4892777Z shell: /usr/bin/bash -e {0}
Verify	Expo Doctor	2026-10-10T15:16:01.4893060Z ##[endgroup]
Verify	Expo Doctor	2026-10-10T15:16:02.9566568Z Running 21 checks on your project...
Verify	Expo Doctor	2026-10-10T15:16:06.9222092Z 21/21 checks passed. No issues detected!
Verify	Audit production dependencies (reviewed allowlist)	﻿2026-10-10T15:16:06.9598635Z ##[group]Run npm run audit:check
Verify	Audit production dependencies (reviewed allowlist)	2026-10-10T15:16:06.9598989Z ^[[36;1mnpm run audit:check^[[0m
Verify	Audit production dependencies (reviewed allowlist)	2026-10-10T15:16:06.9662174Z shell: /usr/bin/bash -e {0}
Verify	Audit production dependencies (reviewed allowlist)	2026-10-10T15:16:06.9662460Z ##[endgroup]
Verify	Audit production dependencies (reviewed allowlist)	2026-10-10T15:16:07.0636725Z 
Verify	Audit production dependencies (reviewed allowlist)	2026-10-10T15:16:07.0637144Z > react-native-starter@1.0.0 audit:check
Verify	Audit production dependencies (reviewed allowlist)	2026-10-10T15:16:07.0637640Z > node scripts/check-audit.js
Verify	Audit production dependencies (reviewed allowlist)	2026-10-10T15:16:07.0637883Z 
Verify	Audit production dependencies (reviewed allowlist)	2026-10-10T15:16:09.1073387Z high     braces GHSA-vfj7-8cjw-p6xm: allowlisted until 2027-01-09 (https://github.com/advisories/GHSA-vfj7-8cjw-p6xm)
Verify	Audit production dependencies (reviewed allowlist)	2026-10-10T15:16:09.1075387Z high     node-forge GHSA-86w9-cpqp-85rv: allowlisted until 2027-01-09 (https://github.com/advisories/GHSA-86w9-cpqp-85rv)
Verify	Audit production dependencies (reviewed allowlist)	2026-10-10T15:16:09.1076774Z moderate decode-uri-component GHSA-vcc3-ghjq-m6fr: reported (not gated)
Verify	Audit production dependencies (reviewed allowlist)	2026-10-10T15:16:09.1077707Z moderate sprintf-js GHSA-hp3w-g68c-fv3c: reported (not gated)
Verify	Audit production dependencies (reviewed allowlist)	2026-10-10T15:16:09.1078619Z moderate uuid GHSA-w5hq-g745-h8pq: reported (not gated)
Verify	Audit production dependencies (reviewed allowlist)	2026-10-10T15:16:09.1079663Z npm audit --omit=dev: 5 advisories (records: 0 critical, 45 high, 16 moderate, 0 low).
Verify	Audit production dependencies (reviewed allowlist)	2026-10-10T15:16:09.1080738Z No unreviewed high or critical advisories.
Verify	Export web build	﻿2026-10-10T15:16:09.1219750Z ##[group]Run npx expo export --platform web --output-dir dist
Verify	Export web build	2026-10-10T15:16:09.1220274Z ^[[36;1mnpx expo export --platform web --output-dir dist^[[0m
Verify	Export web build	2026-10-10T15:16:09.1285132Z shell: /usr/bin/bash -e {0}
Verify	Export web build	2026-10-10T15:16:09.1285441Z ##[endgroup]
Verify	Export web build	2026-10-10T15:16:10.2857614Z Starting Metro Bundler
Verify	Export web build	2026-10-10T15:16:10.2858072Z 
Verify	Export web build	2026-10-10T15:16:29.4766480Z Web Bundled 18890ms index.ts (1183 modules)
Verify	Export web build	2026-10-10T15:16:29.8477796Z 
Verify	Export web build	2026-10-10T15:16:29.8507063Z › Assets (19):
Verify	Export web build	2026-10-10T15:16:29.8560591Z node_modules/@expo/vector-icons/build/vendor/react-native-vector-icons/Fonts/MaterialCommunityIcons.6e435534bd35da5fef04168860a9b8fa.ttf (1.3MB)
Verify	Export web build	2026-10-10T15:16:29.8562456Z node_modules/expo-router/assets/arrow_down.017bc6ba3fc25503e5eb5e53826d48a8.png (9.5KB)
Verify	Export web build	2026-10-10T15:16:29.8564053Z node_modules/expo-router/assets/error.d1ea1496f9057eb392d5bbf3732a61b7.png (469B)
Verify	Export web build	2026-10-10T15:16:29.8565349Z node_modules/expo-router/assets/file.19eeb73b9593a38f8e9f418337fc7d10.png (138B)
Verify	Export web build	2026-10-10T15:16:29.8566614Z node_modules/expo-router/assets/forward.d8b800c443b8972542883e0b9de2bdc6.png (188B)
Verify	Export web build	2026-10-10T15:16:29.8567995Z node_modules/expo-router/assets/pkg.ab19f4cbc543357183a20571f68380a3.png (364B)
Verify	Export web build	2026-10-10T15:16:29.8569601Z node_modules/expo-router/assets/react-navigation/elements/back-icon-mask.0a328cd9c1afd0afe8e3b1ec5165b1b4.png (653B)
Verify	Export web build	2026-10-10T15:16:29.8571843Z node_modules/expo-router/assets/react-navigation/elements/back-icon.35ba0eaec5a4f5ed12ca16fabeae451d.png (207B)
Verify	Export web build	2026-10-10T15:16:29.8574257Z node_modules/expo-router/assets/react-navigation/elements/clear-icon.c94f6478e7ae0cdd9f15de1fcb9e5e55.png (4 variations | 425B)
Verify	Export web build	2026-10-10T15:16:29.8576148Z node_modules/expo-router/assets/react-navigation/elements/close-icon.808e1b1b9b53114ec2838071a7e6daa7.png (4 variations | 235B)
Verify	Export web build	2026-10-10T15:16:29.8577865Z node_modules/expo-router/assets/react-navigation/elements/search-icon.286d67d3f74808a60a78d3ebf1a5fb57.png (928B)
Verify	Export web build	2026-10-10T15:16:29.8579256Z node_modules/expo-router/assets/sitemap.412dd9275b6b48ad28f5e3d81bb1f626.png (465B)
Verify	Export web build	2026-10-10T15:16:29.8580484Z node_modules/expo-router/assets/unmatched.20e71bdf79e3a97bf55fd9e164041578.png (4.8KB)
Verify	Export web build	2026-10-10T15:16:29.8581099Z 
Verify	Export web build	2026-10-10T15:16:29.8581464Z › web bundles (1):
Verify	Export web build	2026-10-10T15:16:29.8616504Z _expo/static/js/web/index-63dbf8f09ff9b5edb74f09c5ca97fa56.js (2.3MB)
Verify	Export web build	2026-10-10T15:16:29.8616984Z 
Verify	Export web build	2026-10-10T15:16:29.8617421Z › Files (3):
Verify	Export web build	2026-10-10T15:16:29.8617699Z favicon.ico (15KB)
Verify	Export web build	2026-10-10T15:16:29.8618115Z index.html (1.2KB)
Verify	Export web build	2026-10-10T15:16:29.8618521Z metadata.json (49B)
Verify	Export web build	2026-10-10T15:16:29.8712621Z 
Verify	Export web build	2026-10-10T15:16:29.8715713Z Exported: dist
Verify	Check docs (snippets compile, paths and scripts exist)	﻿2026-10-10T15:16:30.0176489Z ##[group]Run npm install --no-save zustand@5 @reduxjs/toolkit@2 react-redux@9 jotai@3 @tanstack/react-query@5
Verify	Check docs (snippets compile, paths and scripts exist)	2026-10-10T15:16:30.0177302Z ^[[36;1mnpm install --no-save zustand@5 @reduxjs/toolkit@2 react-redux@9 jotai@3 @tanstack/react-query@5^[[0m
Verify	Check docs (snippets compile, paths and scripts exist)	2026-10-10T15:16:30.0177822Z ^[[36;1mnpm run docs:check^[[0m
Verify	Check docs (snippets compile, paths and scripts exist)	2026-10-10T15:16:30.0239350Z shell: /usr/bin/bash -e {0}
Verify	Check docs (snippets compile, paths and scripts exist)	2026-10-10T15:16:30.0239613Z ##[endgroup]
Verify	Check docs (snippets compile, paths and scripts exist)	2026-10-10T15:16:33.5211199Z 
Verify	Check docs (snippets compile, paths and scripts exist)	2026-10-10T15:16:33.5212034Z added 14 packages, and audited 1082 packages in 3s
Verify	Check docs (snippets compile, paths and scripts exist)	2026-10-10T15:16:33.5212817Z 
Verify	Check docs (snippets compile, paths and scripts exist)	2026-10-10T15:16:33.5215414Z 183 packages are looking for funding
Verify	Check docs (snippets compile, paths and scripts exist)	2026-10-10T15:16:33.5216138Z   run `npm fund` for details
Verify	Check docs (snippets compile, paths and scripts exist)	2026-10-10T15:16:33.7111729Z 
Verify	Check docs (snippets compile, paths and scripts exist)	2026-10-10T15:16:33.7112882Z 65 vulnerabilities (16 moderate, 49 high)
Verify	Check docs (snippets compile, paths and scripts exist)	2026-10-10T15:16:33.7113344Z 
Verify	Check docs (snippets compile, paths and scripts exist)	2026-10-10T15:16:33.7113634Z To address all issues (including breaking changes), run:
Verify	Check docs (snippets compile, paths and scripts exist)	2026-10-10T15:16:33.7114062Z   npm audit fix --force
Verify	Check docs (snippets compile, paths and scripts exist)	2026-10-10T15:16:33.7114254Z 
Verify	Check docs (snippets compile, paths and scripts exist)	2026-10-10T15:16:33.7114395Z Run `npm audit` for details.
Verify	Check docs (snippets compile, paths and scripts exist)	2026-10-10T15:16:33.8353964Z 
Verify	Check docs (snippets compile, paths and scripts exist)	2026-10-10T15:16:33.8354769Z > react-native-starter@1.0.0 docs:check
Verify	Check docs (snippets compile, paths and scripts exist)	2026-10-10T15:16:33.8355261Z > node scripts/check-docs.js
Verify	Check docs (snippets compile, paths and scripts exist)	2026-10-10T15:16:33.8355468Z 
Verify	Check docs (snippets compile, paths and scripts exist)	2026-10-10T15:16:36.1690067Z Checked 22 files: 38 TypeScript snippets compiled with tsc.
Verify	Check docs (snippets compile, paths and scripts exist)	2026-10-10T15:16:36.1690895Z No problems.
Verify	Post Set up Node.js	﻿2026-10-10T15:16:36.1891946Z Post job cleanup.
Verify	Post Set up Node.js	2026-10-10T15:16:36.3120283Z (node:3301) [DEP0040] DeprecationWarning: The `punycode` module is deprecated. Please use a userland alternative instead.
Verify	Post Set up Node.js	2026-10-10T15:16:36.3121833Z (Use `node --trace-deprecation ...` to show where the warning was created)
Verify	Post Set up Node.js	2026-10-10T15:16:36.3124047Z Cache hit occurred on the primary key node-cache-Linux-x64-npm-10f9dc59c99c82563481e37a50745bae137261a45ffc8c4ba105eb544b91396b, not saving cache.
Verify	Post Check out repository	﻿2026-10-10T15:16:36.3267900Z Post job cleanup.
Verify	Post Check out repository	2026-10-10T15:16:36.4149801Z [command]/usr/bin/git version
Verify	Post Check out repository	2026-10-10T15:16:36.4195418Z git version 2.55.0
Verify	Post Check out repository	2026-10-10T15:16:36.4236671Z Temporarily overriding HOME='/home/runner/work/_temp/746e2df7-2ff8-4d3b-a5f0-d36f74020650' before making global git config changes
Verify	Post Check out repository	2026-10-10T15:16:36.4238649Z Adding repository directory to the temporary git global config as a safe directory
Verify	Post Check out repository	2026-10-10T15:16:36.4243406Z [command]/usr/bin/git config --global --add safe.directory /home/runner/work/react-native-starter/react-native-starter
Verify	Post Check out repository	2026-10-10T15:16:36.4283215Z [command]/usr/bin/git config --local --name-only --get-regexp core\.sshCommand
Verify	Post Check out repository	2026-10-10T15:16:36.4322467Z [command]/usr/bin/git submodule foreach --recursive sh -c "git config --local --name-only --get-regexp 'core\.sshCommand' && git config --local --unset-all 'core.sshCommand' || :"
Verify	Post Check out repository	2026-10-10T15:16:36.4577374Z [command]/usr/bin/git config --local --name-only --get-regexp http\.https\:\/\/github\.com\/\.extraheader
Verify	Post Check out repository	2026-10-10T15:16:36.4618433Z http.https://github.com/.extraheader
Verify	Post Check out repository	2026-10-10T15:16:36.4631535Z [command]/usr/bin/git config --local --unset-all http.https://github.com/.extraheader
Verify	Post Check out repository	2026-10-10T15:16:36.4677472Z [command]/usr/bin/git submodule foreach --recursive sh -c "git config --local --name-only --get-regexp 'http\.https\:\/\/github\.com\/\.extraheader' && git config --local --unset-all 'http.https://github.com/.extraheader' || :"
Verify	Post Check out repository	2026-10-10T15:16:36.4961754Z [command]/usr/bin/git config --local --name-only --get-regexp ^includeIf\.gitdir:
Verify	Post Check out repository	2026-10-10T15:16:36.5003715Z [command]/usr/bin/git submodule foreach --recursive git config --local --show-origin --name-only --get-regexp remote.origin.url
Verify	Complete job	﻿2026-10-10T15:16:36.5431785Z Cleaning up orphan processes
Verify	Complete job	2026-10-10T15:16:36.5785422Z ##[warning]Node.js 20 is deprecated. The following actions target Node.js 20 but are being forced to run on Node.js 24: actions/checkout@v4, actions/setup-node@v4. For more information see: https://github.blog/changelog/2025-09-19-deprecation-of-node-20-on-github-actions-runners/
