$ npx serve -s dist -l 5070   (dist from 11-expo-export-web, tag v1.0.0-mvp)
$ node web-smoke.js web http://localhost:5070  (Chrome , headless)
1. Home
  screenshot web-01-home.png
2. /login, then Back returns Home
  at /login
  back at /
3. Explore: 503, then Retry loads the list
  answering https://jsonplaceholder.typicode.com/todos with 503
  screenshot web-02-explore-error.png
  list: Todos (10)
  screenshot web-03-explore-after-retry.png
4. Sign in with the demo account
  screenshot web-04-login-filled.png
   Signed in as Emily Johnson
  screenshot web-05-signed-in.png
5. Reload: the in-memory token is gone, so signed out (documented)
  after reload: Not signed in
6. Sign in again, log out
  logged out
7. Dark mode
  screenshot web-06-dark-home.png
  screenshot web-07-dark-explore.png
console errors: 
  Failed to load resource: the server responded with a status of 503 (Service Unavailable)
WEB SMOKE PASSED
