Verify	Set up job	﻿2026-10-09T15:15:24.6863486Z Current runner version: '2.337.0'
Verify	Set up job	2026-10-09T15:15:24.6885776Z ##[group]Runner Image Provisioner
Verify	Set up job	2026-10-09T15:15:24.6886482Z Hosted Compute Agent
Verify	Set up job	2026-10-09T15:15:24.6886890Z Version: 20261002.596
Verify	Set up job	2026-10-09T15:15:24.6887340Z Commit: c3d12f3313a95f25162a1503be624f3b0617f8c0
Verify	Set up job	2026-10-09T15:15:24.6887786Z Build Date: 2026-10-02T22:28:27Z
Verify	Set up job	2026-10-09T15:15:24.6888194Z Worker ID: {f01cc306-e5fa-4318-b582-32714a130572}
Verify	Set up job	2026-10-09T15:15:24.6888752Z Region: centralus
Verify	Set up job	2026-10-09T15:15:24.6889201Z Cloud: Azure
Verify	Set up job	2026-10-09T15:15:24.6889561Z ##[endgroup]
Verify	Set up job	2026-10-09T15:15:24.6890444Z ##[group]Operating System
Verify	Set up job	2026-10-09T15:15:24.6890813Z Ubuntu
Verify	Set up job	2026-10-09T15:15:24.6891236Z 24.04.5
Verify	Set up job	2026-10-09T15:15:24.6891556Z LTS
Verify	Set up job	2026-10-09T15:15:24.6891909Z ##[endgroup]
Verify	Set up job	2026-10-09T15:15:24.6892265Z ##[group]Runner Image
Verify	Set up job	2026-10-09T15:15:24.6892793Z Image: ubuntu-24.04
Verify	Set up job	2026-10-09T15:15:24.6893213Z Version: 20261004.327.1
Verify	Set up job	2026-10-09T15:15:24.6893846Z Included Software: https://github.com/actions/runner-images/blob/ubuntu24/20261004.327/images/ubuntu/Ubuntu2404-Readme.md
Verify	Set up job	2026-10-09T15:15:24.6895315Z Image Release: https://github.com/actions/runner-images/releases/tag/ubuntu24%2F20261004.327
Verify	Set up job	2026-10-09T15:15:24.6895899Z ##[endgroup]
Verify	Set up job	2026-10-09T15:15:24.6896697Z ##[group]GITHUB_TOKEN Permissions
Verify	Set up job	2026-10-09T15:15:24.6898308Z Contents: read
Verify	Set up job	2026-10-09T15:15:24.6898729Z Metadata: read
Verify	Set up job	2026-10-09T15:15:24.6899075Z ##[endgroup]
Verify	Set up job	2026-10-09T15:15:24.6900740Z Secret source: Actions
Verify	Set up job	2026-10-09T15:15:24.6901313Z Cache mode: write
Verify	Set up job	2026-10-09T15:15:24.6901970Z Prepare workflow directory
Verify	Set up job	2026-10-09T15:15:24.7160585Z Prepare all required actions
Verify	Set up job	2026-10-09T15:15:24.7197136Z Getting action download info
Verify	Set up job	2026-10-09T15:15:24.9605367Z Download action repository 'actions/checkout@v4' (SHA:11d5960a326750d5838078e36cf38b85af677262)
Verify	Set up job	2026-10-09T15:15:25.0326237Z Download action repository 'actions/setup-node@v4' (SHA:49933ea5288caeca8642d1e84afbd3f7d6820020)
Verify	Set up job	2026-10-09T15:15:25.2107747Z Complete job name: Verify
Verify	Check out repository	﻿2026-10-09T15:15:25.2697583Z ##[group]Run actions/checkout@v4
Verify	Check out repository	2026-10-09T15:15:25.2699074Z with:
Verify	Check out repository	2026-10-09T15:15:25.2700009Z   repository: koniz-dev/react-native-starter
Verify	Check out repository	2026-10-09T15:15:25.2705374Z   token: ***
Verify	Check out repository	2026-10-09T15:15:25.2706052Z   ssh-strict: true
Verify	Check out repository	2026-10-09T15:15:25.2706391Z   ssh-user: git
Verify	Check out repository	2026-10-09T15:15:25.2707606Z   persist-credentials: true
Verify	Check out repository	2026-10-09T15:15:25.2707888Z   clean: true
Verify	Check out repository	2026-10-09T15:15:25.2708148Z   sparse-checkout-cone-mode: true
Verify	Check out repository	2026-10-09T15:15:25.2709309Z   fetch-depth: 1
Verify	Check out repository	2026-10-09T15:15:25.2709593Z   fetch-tags: false
Verify	Check out repository	2026-10-09T15:15:25.2709845Z   show-progress: true
Verify	Check out repository	2026-10-09T15:15:25.2710588Z   lfs: false
Verify	Check out repository	2026-10-09T15:15:25.2710865Z   submodules: false
Verify	Check out repository	2026-10-09T15:15:25.2711119Z   set-safe-directory: true
Verify	Check out repository	2026-10-09T15:15:25.2711406Z   allow-unsafe-pr-checkout: false
Verify	Check out repository	2026-10-09T15:15:25.2711781Z ##[endgroup]
Verify	Check out repository	2026-10-09T15:15:25.3478264Z Syncing repository: koniz-dev/react-native-starter
Verify	Check out repository	2026-10-09T15:15:25.3479681Z ##[group]Getting Git version info
Verify	Check out repository	2026-10-09T15:15:25.3480148Z Working directory is '/home/runner/work/react-native-starter/react-native-starter'
Verify	Check out repository	2026-10-09T15:15:25.3480998Z [command]/usr/bin/git version
Verify	Check out repository	2026-10-09T15:15:25.3584812Z git version 2.55.0
Verify	Check out repository	2026-10-09T15:15:25.3599826Z ##[endgroup]
Verify	Check out repository	2026-10-09T15:15:25.3611568Z Temporarily overriding HOME='/home/runner/work/_temp/123c8dbf-9402-4a37-ab6a-9f1e1b5f6bd1' before making global git config changes
Verify	Check out repository	2026-10-09T15:15:25.3613522Z Adding repository directory to the temporary git global config as a safe directory
Verify	Check out repository	2026-10-09T15:15:25.3616349Z [command]/usr/bin/git config --global --add safe.directory /home/runner/work/react-native-starter/react-native-starter
Verify	Check out repository	2026-10-09T15:15:25.3668415Z Deleting the contents of '/home/runner/work/react-native-starter/react-native-starter'
Verify	Check out repository	2026-10-09T15:15:25.3676830Z ##[group]Initializing the repository
Verify	Check out repository	2026-10-09T15:15:25.3685081Z [command]/usr/bin/git init /home/runner/work/react-native-starter/react-native-starter
Verify	Check out repository	2026-10-09T15:15:25.3797035Z hint: Using 'master' as the name for the initial branch. This default branch name
Verify	Check out repository	2026-10-09T15:15:25.3798965Z hint: will change to "main" in Git 3.0. To configure the initial branch name
Verify	Check out repository	2026-10-09T15:15:25.3800392Z hint: to use in all of your new repositories, which will suppress this warning,
Verify	Check out repository	2026-10-09T15:15:25.3802923Z hint: call:
Verify	Check out repository	2026-10-09T15:15:25.3803448Z hint:
Verify	Check out repository	2026-10-09T15:15:25.3804085Z hint: 	git config --global init.defaultBranch <name>
Verify	Check out repository	2026-10-09T15:15:25.3804816Z hint:
Verify	Check out repository	2026-10-09T15:15:25.3805529Z hint: Names commonly chosen instead of 'master' are 'main', 'trunk' and
Verify	Check out repository	2026-10-09T15:15:25.3806573Z hint: 'development'. The just-created branch can be renamed via this command:
Verify	Check out repository	2026-10-09T15:15:25.3807469Z hint:
Verify	Check out repository	2026-10-09T15:15:25.3807994Z hint: 	git branch -m <name>
Verify	Check out repository	2026-10-09T15:15:25.3808655Z hint:
Verify	Check out repository	2026-10-09T15:15:25.3809426Z hint: Disable this message with "git config set advice.defaultBranchName false"
Verify	Check out repository	2026-10-09T15:15:25.3810889Z Initialized empty Git repository in /home/runner/work/react-native-starter/react-native-starter/.git/
Verify	Check out repository	2026-10-09T15:15:25.3813490Z [command]/usr/bin/git remote add origin https://github.com/koniz-dev/react-native-starter
Verify	Check out repository	2026-10-09T15:15:25.3868742Z ##[endgroup]
Verify	Check out repository	2026-10-09T15:15:25.3869677Z ##[group]Disabling automatic garbage collection
Verify	Check out repository	2026-10-09T15:15:25.3871852Z [command]/usr/bin/git config --local gc.auto 0
Verify	Check out repository	2026-10-09T15:15:25.3910616Z ##[endgroup]
Verify	Check out repository	2026-10-09T15:15:25.3911409Z ##[group]Setting up auth
Verify	Check out repository	2026-10-09T15:15:25.3916866Z [command]/usr/bin/git config --local --name-only --get-regexp core\.sshCommand
Verify	Check out repository	2026-10-09T15:15:25.3957016Z [command]/usr/bin/git submodule foreach --recursive sh -c "git config --local --name-only --get-regexp 'core\.sshCommand' && git config --local --unset-all 'core.sshCommand' || :"
Verify	Check out repository	2026-10-09T15:15:25.4308775Z [command]/usr/bin/git config --local --name-only --get-regexp http\.https\:\/\/github\.com\/\.extraheader
Verify	Check out repository	2026-10-09T15:15:25.4345870Z [command]/usr/bin/git submodule foreach --recursive sh -c "git config --local --name-only --get-regexp 'http\.https\:\/\/github\.com\/\.extraheader' && git config --local --unset-all 'http.https://github.com/.extraheader' || :"
Verify	Check out repository	2026-10-09T15:15:25.4546346Z [command]/usr/bin/git config --local --name-only --get-regexp ^includeIf\.gitdir:
Verify	Check out repository	2026-10-09T15:15:25.4584599Z [command]/usr/bin/git submodule foreach --recursive git config --local --show-origin --name-only --get-regexp remote.origin.url
Verify	Check out repository	2026-10-09T15:15:25.4788884Z [command]/usr/bin/git config --local http.https://github.com/.extraheader AUTHORIZATION: basic ***
Verify	Check out repository	2026-10-09T15:15:25.4829636Z ##[endgroup]
Verify	Check out repository	2026-10-09T15:15:25.4830212Z ##[group]Fetching the repository
Verify	Check out repository	2026-10-09T15:15:25.4836848Z [command]/usr/bin/git -c protocol.version=2 fetch --no-tags --prune --no-recurse-submodules --depth=1 origin +320547a82fff010c36141c64c773441aae0d91d4:refs/remotes/origin/main
Verify	Check out repository	2026-10-09T15:15:27.0605016Z From https://github.com/koniz-dev/react-native-starter
Verify	Check out repository	2026-10-09T15:15:27.0605885Z  * [new ref]         320547a82fff010c36141c64c773441aae0d91d4 -> origin/main
Verify	Check out repository	2026-10-09T15:15:27.0607943Z ##[endgroup]
Verify	Check out repository	2026-10-09T15:15:27.0608480Z ##[group]Determining the checkout info
Verify	Check out repository	2026-10-09T15:15:27.0609835Z ##[endgroup]
Verify	Check out repository	2026-10-09T15:15:27.0615438Z [command]/usr/bin/git sparse-checkout disable
Verify	Check out repository	2026-10-09T15:15:27.0673823Z [command]/usr/bin/git config --local --unset-all extensions.worktreeConfig
Verify	Check out repository	2026-10-09T15:15:27.0706295Z ##[group]Checking out the ref
Verify	Check out repository	2026-10-09T15:15:27.0709720Z [command]/usr/bin/git checkout --progress --force -B main refs/remotes/origin/main
Verify	Check out repository	2026-10-09T15:15:27.1526068Z Switched to a new branch 'main'
Verify	Check out repository	2026-10-09T15:15:27.1528464Z branch 'main' set up to track 'origin/main'.
Verify	Check out repository	2026-10-09T15:15:27.1537434Z ##[endgroup]
Verify	Check out repository	2026-10-09T15:15:27.1580837Z [command]/usr/bin/git log -1 --format=%H
Verify	Check out repository	2026-10-09T15:15:27.1607761Z 320547a82fff010c36141c64c773441aae0d91d4
Verify	Set up Node.js	﻿2026-10-09T15:15:27.1828562Z ##[group]Run actions/setup-node@v4
Verify	Set up Node.js	2026-10-09T15:15:27.1828848Z with:
Verify	Set up Node.js	2026-10-09T15:15:27.1829016Z   node-version-file: .nvmrc
Verify	Set up Node.js	2026-10-09T15:15:27.1829190Z   cache: npm
Verify	Set up Node.js	2026-10-09T15:15:27.1829343Z   always-auth: false
Verify	Set up Node.js	2026-10-09T15:15:27.1829517Z   check-latest: false
Verify	Set up Node.js	2026-10-09T15:15:27.1831250Z   token: ***
Verify	Set up Node.js	2026-10-09T15:15:27.1831414Z ##[endgroup]
Verify	Set up Node.js	2026-10-09T15:15:27.2819901Z Resolved .nvmrc as 24
Verify	Set up Node.js	2026-10-09T15:15:27.2859209Z Found in cache @ /opt/hostedtoolcache/node/24.21.0/x64
Verify	Set up Node.js	2026-10-09T15:15:27.2863391Z (node:2079) [DEP0040] DeprecationWarning: The `punycode` module is deprecated. Please use a userland alternative instead.
Verify	Set up Node.js	2026-10-09T15:15:27.2864183Z (Use `node --trace-deprecation ...` to show where the warning was created)
Verify	Set up Node.js	2026-10-09T15:15:27.2865735Z ##[group]Environment details
Verify	Set up Node.js	2026-10-09T15:15:27.6276792Z node: v24.21.0
Verify	Set up Node.js	2026-10-09T15:15:27.6277265Z npm: 11.19.0
Verify	Set up Node.js	2026-10-09T15:15:27.6356844Z yarn: 1.22.22
Verify	Set up Node.js	2026-10-09T15:15:27.6358407Z ##[endgroup]
Verify	Set up Node.js	2026-10-09T15:15:27.6358711Z [command]/opt/hostedtoolcache/node/24.21.0/x64/bin/npm config get cache
Verify	Set up Node.js	2026-10-09T15:15:27.7253589Z /home/runner/.npm
Verify	Set up Node.js	2026-10-09T15:15:27.8978695Z Cache hit for: node-cache-Linux-x64-npm-10f9dc59c99c82563481e37a50745bae137261a45ffc8c4ba105eb544b91396b
Verify	Set up Node.js	2026-10-09T15:15:27.9086447Z (node:2079) [DEP0169] DeprecationWarning: `url.parse()` behavior is not standardized and prone to errors that have security implications. Use the WHATWG URL API instead. CVEs are not issued for `url.parse()` vulnerabilities.
Verify	Set up Node.js	2026-10-09T15:15:29.0264433Z Received 121634816 of 156509062 (77.7%), 115.9 MBs/sec
Verify	Set up Node.js	2026-10-09T15:15:29.3461303Z Received 156509062 of 156509062 (100.0%), 112.8 MBs/sec
Verify	Set up Node.js	2026-10-09T15:15:29.3461989Z Cache Size: ~149 MB (156509062 B)
Verify	Set up Node.js	2026-10-09T15:15:29.3566977Z [command]/usr/bin/tar -xf /home/runner/work/_temp/1f5c4a28-3743-4e30-87e2-5af57de013e9/cache.tzst -P -C /home/runner/work/react-native-starter/react-native-starter --use-compress-program unzstd
Verify	Set up Node.js	2026-10-09T15:15:29.6927979Z Cache restored successfully
Verify	Set up Node.js	2026-10-09T15:15:29.7007297Z Cache restored from key: node-cache-Linux-x64-npm-10f9dc59c99c82563481e37a50745bae137261a45ffc8c4ba105eb544b91396b
Verify	Install dependencies	﻿2026-10-09T15:15:29.7179725Z ##[group]Run npm ci
Verify	Install dependencies	2026-10-09T15:15:29.7179982Z ^[[36;1mnpm ci^[[0m
Verify	Install dependencies	2026-10-09T15:15:29.7434172Z shell: /usr/bin/bash -e {0}
Verify	Install dependencies	2026-10-09T15:15:29.7434527Z ##[endgroup]
Verify	Install dependencies	2026-10-09T15:15:33.2668450Z npm warn deprecated inflight@1.0.6: This module is not supported, and leaks memory. Do not use it. Check out lru-cache if you want a good and tested way to coalesce async requests by a key value, which is much more comprehensive and powerful.
Verify	Install dependencies	2026-10-09T15:15:33.4056110Z npm warn deprecated abab@2.0.6: Use your platform's native atob() and btoa() methods instead
Verify	Install dependencies	2026-10-09T15:15:33.4283992Z npm warn deprecated glob@7.2.3: Glob versions prior to v9 are no longer supported
Verify	Install dependencies	2026-10-09T15:15:33.4291432Z npm warn deprecated glob@7.2.3: Glob versions prior to v9 are no longer supported
Verify	Install dependencies	2026-10-09T15:15:33.4293928Z npm warn deprecated glob@7.2.3: Glob versions prior to v9 are no longer supported
Verify	Install dependencies	2026-10-09T15:15:33.4304490Z npm warn deprecated glob@7.2.3: Glob versions prior to v9 are no longer supported
Verify	Install dependencies	2026-10-09T15:15:33.7038345Z npm warn deprecated domexception@4.0.0: Use your platform's native DOMException instead
Verify	Install dependencies	2026-10-09T15:15:34.3995044Z npm warn deprecated uuid@7.0.3: uuid@10 and below is no longer supported.  For ESM codebases, update to uuid@latest.  For CommonJS codebases, use uuid@11 (but be aware this version will likely be deprecated in 2028).
Verify	Install dependencies	2026-10-09T15:15:40.1374900Z 
Verify	Install dependencies	2026-10-09T15:15:40.1375816Z added 1067 packages, and audited 1068 packages in 10s
Verify	Install dependencies	2026-10-09T15:15:40.1379534Z 
Verify	Install dependencies	2026-10-09T15:15:40.1379908Z 180 packages are looking for funding
Verify	Install dependencies	2026-10-09T15:15:40.1380260Z   run `npm fund` for details
Verify	Install dependencies	2026-10-09T15:15:40.2528886Z 
Verify	Install dependencies	2026-10-09T15:15:40.2529632Z 65 vulnerabilities (16 moderate, 49 high)
Verify	Install dependencies	2026-10-09T15:15:40.2529844Z 
Verify	Install dependencies	2026-10-09T15:15:40.2530047Z To address all issues (including breaking changes), run:
Verify	Install dependencies	2026-10-09T15:15:40.2530293Z   npm audit fix --force
Verify	Install dependencies	2026-10-09T15:15:40.2530397Z 
Verify	Install dependencies	2026-10-09T15:15:40.2530512Z Run `npm audit` for details.
Verify	Lint	﻿2026-10-09T15:15:40.3579609Z ##[group]Run npm run lint
Verify	Lint	2026-10-09T15:15:40.3579814Z ^[[36;1mnpm run lint^[[0m
Verify	Lint	2026-10-09T15:15:40.3637381Z shell: /usr/bin/bash -e {0}
Verify	Lint	2026-10-09T15:15:40.3637820Z ##[endgroup]
Verify	Lint	2026-10-09T15:15:40.4402338Z 
Verify	Lint	2026-10-09T15:15:40.4403183Z > react-native-starter@1.0.0 lint
Verify	Lint	2026-10-09T15:15:40.4403514Z > eslint . --max-warnings 0
Verify	Lint	2026-10-09T15:15:40.4403626Z 
Verify	Check formatting	﻿2026-10-09T15:15:45.6599214Z ##[group]Run npm run format:check
Verify	Check formatting	2026-10-09T15:15:45.6599521Z ^[[36;1mnpm run format:check^[[0m
Verify	Check formatting	2026-10-09T15:15:45.6658538Z shell: /usr/bin/bash -e {0}
Verify	Check formatting	2026-10-09T15:15:45.6658756Z ##[endgroup]
Verify	Check formatting	2026-10-09T15:15:45.7492644Z 
Verify	Check formatting	2026-10-09T15:15:45.7493744Z > react-native-starter@1.0.0 format:check
Verify	Check formatting	2026-10-09T15:15:45.7494641Z > prettier --check "**/*.{ts,tsx,js,jsx,json,md}"
Verify	Check formatting	2026-10-09T15:15:45.7495075Z 
Verify	Check formatting	2026-10-09T15:15:45.8173056Z Checking formatting...
Verify	Check formatting	2026-10-09T15:15:47.3664804Z All matched files use Prettier code style!
Verify	Type-check	﻿2026-10-09T15:15:47.4407773Z ##[group]Run npm run type-check
Verify	Type-check	2026-10-09T15:15:47.4407985Z ^[[36;1mnpm run type-check^[[0m
Verify	Type-check	2026-10-09T15:15:47.4481798Z shell: /usr/bin/bash -e {0}
Verify	Type-check	2026-10-09T15:15:47.4481975Z ##[endgroup]
Verify	Type-check	2026-10-09T15:15:47.5321209Z 
Verify	Type-check	2026-10-09T15:15:47.5324869Z > react-native-starter@1.0.0 type-check
Verify	Type-check	2026-10-09T15:15:47.5325276Z > tsc --noEmit
Verify	Type-check	2026-10-09T15:15:47.5326268Z 
Verify	Run Jest tests	﻿2026-10-09T15:15:49.6268022Z ##[group]Run npm run test:ci
Verify	Run Jest tests	2026-10-09T15:15:49.6268228Z ^[[36;1mnpm run test:ci^[[0m
Verify	Run Jest tests	2026-10-09T15:15:49.6322886Z shell: /usr/bin/bash -e {0}
Verify	Run Jest tests	2026-10-09T15:15:49.6323079Z ##[endgroup]
Verify	Run Jest tests	2026-10-09T15:15:49.7067975Z 
Verify	Run Jest tests	2026-10-09T15:15:49.7068748Z > react-native-starter@1.0.0 test:ci
Verify	Run Jest tests	2026-10-09T15:15:49.7069022Z > jest --coverage
Verify	Run Jest tests	2026-10-09T15:15:49.7069109Z 
Verify	Run Jest tests	2026-10-09T15:15:53.2702134Z PASS __tests__/shared/lib/logger.test.ts
Verify	Run Jest tests	2026-10-09T15:15:53.5504391Z PASS __tests__/shared/session/authService.test.ts
Verify	Run Jest tests	2026-10-09T15:15:53.7113962Z PASS __tests__/shared/config/env.test.ts
Verify	Run Jest tests	2026-10-09T15:15:53.9396311Z PASS __tests__/shared/http/api.test.ts
Verify	Run Jest tests	2026-10-09T15:15:53.9557514Z   ● Console
Verify	Run Jest tests	2026-10-09T15:15:53.9558066Z 
Verify	Run Jest tests	2026-10-09T15:15:53.9558300Z     console.warn
Verify	Run Jest tests	2026-10-09T15:15:53.9558718Z       API request failed: server (503)
Verify	Run Jest tests	2026-10-09T15:15:53.9559087Z 
Verify	Run Jest tests	2026-10-09T15:15:53.9559861Z     ^[[0m ^[[90m 129 |^[[39m     ^[[36mconst^[[39m args ^[[33m=^[[39m [message^[[33m,^[[39m ^[[33m...^[[39mdetails^[[33m.^[[39mfilter(item ^[[33m=>^[[39m item ^[[33m!==^[[39m undefined)]^[[33m;^[[39m
Verify	Run Jest tests	2026-10-09T15:15:53.9575819Z      ^[[90m 130 |^[[39m     ^[[36mif^[[39m (level ^[[33m===^[[39m ^[[32m'error'^[[39m) console^[[33m.^[[39merror(^[[33m...^[[39margs)^[[33m;^[[39m
Verify	Run Jest tests	2026-10-09T15:15:53.9577272Z     ^[[31m^[[1m>^[[22m^[[39m^[[90m 131 |^[[39m     ^[[36melse^[[39m ^[[36mif^[[39m (level ^[[33m===^[[39m ^[[32m'warn'^[[39m) console^[[33m.^[[39mwarn(^[[33m...^[[39margs)^[[33m;^[[39m
Verify	Run Jest tests	2026-10-09T15:15:53.9578451Z      ^[[90m     |^[[39m                                        ^[[31m^[[1m^^[[22m^[[39m
Verify	Run Jest tests	2026-10-09T15:15:53.9603796Z      ^[[90m 132 |^[[39m     ^[[36melse^[[39m ^[[36mif^[[39m (level ^[[33m===^[[39m ^[[32m'info'^[[39m) console^[[33m.^[[39minfo(^[[33m...^[[39margs)^[[33m;^[[39m
Verify	Run Jest tests	2026-10-09T15:15:53.9634298Z      ^[[90m 133 |^[[39m     ^[[36melse^[[39m console^[[33m.^[[39mdebug(^[[33m...^[[39margs)^[[33m;^[[39m
Verify	Run Jest tests	2026-10-09T15:15:53.9663982Z      ^[[90m 134 |^[[39m   }^[[33m;^[[39m^[[0m
Verify	Run Jest tests	2026-10-09T15:15:53.9664417Z 
Verify	Run Jest tests	2026-10-09T15:15:53.9673676Z       at warn (shared/lib/logger.ts:131:40)
Verify	Run Jest tests	2026-10-09T15:15:53.9678132Z       at Object.write [as warn] (shared/lib/logger.ts:142:33)
Verify	Run Jest tests	2026-10-09T15:15:53.9678853Z       at warn (shared/http/httpClient.ts:139:12)
Verify	Run Jest tests	2026-10-09T15:15:53.9679565Z       at asyncGeneratorStep (node_modules/@babel/runtime/helpers/asyncToGenerator.js:3:17)
Verify	Run Jest tests	2026-10-09T15:15:53.9680292Z       at _next (node_modules/@babel/runtime/helpers/asyncToGenerator.js:17:9)
Verify	Run Jest tests	2026-10-09T15:15:53.9680876Z       at node_modules/@babel/runtime/helpers/asyncToGenerator.js:22:7
Verify	Run Jest tests	2026-10-09T15:15:53.9681474Z       at node_modules/@babel/runtime/helpers/asyncToGenerator.js:14:12
Verify	Run Jest tests	2026-10-09T15:15:53.9682076Z       at apply (shared/http/httpClient.ts:145:4)
Verify	Run Jest tests	2026-10-09T15:15:53.9682815Z       at Axios.request (node_modules/axios/dist/browser/axios.cjs:5245:14)
Verify	Run Jest tests	2026-10-09T15:15:53.9683223Z 
Verify	Run Jest tests	2026-10-09T15:16:02.0918981Z PASS __tests__/shared/http/httpClient.test.ts (11.294 s)
Verify	Run Jest tests	2026-10-09T15:16:04.0716673Z PASS __tests__/shared/ui/ErrorBoundary.test.tsx (13.253 s)
Verify	Run Jest tests	2026-10-09T15:16:04.0916149Z   ● Console
Verify	Run Jest tests	2026-10-09T15:16:04.0920190Z 
Verify	Run Jest tests	2026-10-09T15:16:04.0920675Z     console.debug
Verify	Run Jest tests	2026-10-09T15:16:04.0922004Z       [analytics] screen /boom
Verify	Run Jest tests	2026-10-09T15:16:04.0922605Z 
Verify	Run Jest tests	2026-10-09T15:16:04.0922915Z       at debug (shared/lib/logger.ts:133:18)
Verify	Run Jest tests	2026-10-09T15:16:04.0923267Z 
Verify	Run Jest tests	2026-10-09T15:16:04.0923512Z     console.debug
Verify	Run Jest tests	2026-10-09T15:16:04.0923871Z       [analytics] screen /
Verify	Run Jest tests	2026-10-09T15:16:04.0924156Z 
Verify	Run Jest tests	2026-10-09T15:16:04.0924629Z       at debug (shared/lib/logger.ts:133:18)
Verify	Run Jest tests	2026-10-09T15:16:04.0924983Z 
Verify	Run Jest tests	2026-10-09T15:16:04.0925214Z     console.debug
Verify	Run Jest tests	2026-10-09T15:16:04.0925566Z       [analytics] screen /
Verify	Run Jest tests	2026-10-09T15:16:04.0925850Z 
Verify	Run Jest tests	2026-10-09T15:16:04.0926138Z       at debug (shared/lib/logger.ts:133:18)
Verify	Run Jest tests	2026-10-09T15:16:04.0926462Z 
Verify	Run Jest tests	2026-10-09T15:16:04.0926694Z     console.debug
Verify	Run Jest tests	2026-10-09T15:16:04.0927071Z       [analytics] screen /boom
Verify	Run Jest tests	2026-10-09T15:16:04.0927366Z 
Verify	Run Jest tests	2026-10-09T15:16:04.0927672Z       at debug (shared/lib/logger.ts:133:18)
Verify	Run Jest tests	2026-10-09T15:16:04.0928007Z 
Verify	Run Jest tests	2026-10-09T15:16:04.0928237Z     console.debug
Verify	Run Jest tests	2026-10-09T15:16:04.0928592Z       [analytics] screen /
Verify	Run Jest tests	2026-10-09T15:16:04.0929558Z 
Verify	Run Jest tests	2026-10-09T15:16:04.0929839Z       at debug (shared/lib/logger.ts:133:18)
Verify	Run Jest tests	2026-10-09T15:16:04.0930173Z 
Verify	Run Jest tests	2026-10-09T15:16:04.0930500Z     console.debug
Verify	Run Jest tests	2026-10-09T15:16:04.0930855Z       [analytics] screen /
Verify	Run Jest tests	2026-10-09T15:16:04.0931141Z 
Verify	Run Jest tests	2026-10-09T15:16:04.0931413Z       at debug (shared/lib/logger.ts:133:18)
Verify	Run Jest tests	2026-10-09T15:16:04.0931745Z 
Verify	Run Jest tests	2026-10-09T15:16:04.0931982Z     console.debug
Verify	Run Jest tests	2026-10-09T15:16:04.0932357Z       [analytics] screen /boom
Verify	Run Jest tests	2026-10-09T15:16:04.0932806Z 
Verify	Run Jest tests	2026-10-09T15:16:04.0933084Z       at debug (shared/lib/logger.ts:133:18)
Verify	Run Jest tests	2026-10-09T15:16:04.0933420Z 
Verify	Run Jest tests	2026-10-09T15:16:04.0933653Z     console.debug
Verify	Run Jest tests	2026-10-09T15:16:04.0934002Z       [analytics] screen /
Verify	Run Jest tests	2026-10-09T15:16:04.0934296Z 
Verify	Run Jest tests	2026-10-09T15:16:04.0934570Z       at debug (shared/lib/logger.ts:133:18)
Verify	Run Jest tests	2026-10-09T15:16:04.0934897Z 
Verify	Run Jest tests	2026-10-09T15:16:04.0935125Z     console.debug
Verify	Run Jest tests	2026-10-09T15:16:04.0935495Z       [analytics] screen /boom
Verify	Run Jest tests	2026-10-09T15:16:04.0947844Z 
Verify	Run Jest tests	2026-10-09T15:16:04.0949105Z       at debug (shared/lib/logger.ts:133:18)
Verify	Run Jest tests	2026-10-09T15:16:04.0949474Z 
Verify	Run Jest tests	2026-10-09T15:16:04.0949727Z     console.debug
Verify	Run Jest tests	2026-10-09T15:16:04.0950083Z       [analytics] screen /
Verify	Run Jest tests	2026-10-09T15:16:04.0950373Z 
Verify	Run Jest tests	2026-10-09T15:16:04.0950655Z       at debug (shared/lib/logger.ts:133:18)
Verify	Run Jest tests	2026-10-09T15:16:04.0950993Z 
Verify	Run Jest tests	2026-10-09T15:16:04.0951226Z     console.debug
Verify	Run Jest tests	2026-10-09T15:16:04.0951590Z       [analytics] screen /boom
Verify	Run Jest tests	2026-10-09T15:16:04.0951884Z 
Verify	Run Jest tests	2026-10-09T15:16:04.0952150Z       at debug (shared/lib/logger.ts:133:18)
Verify	Run Jest tests	2026-10-09T15:16:04.0953486Z 
Verify	Run Jest tests	2026-10-09T15:16:04.3009187Z PASS __tests__/shared/session/tokenStore.test.tsx (10.307 s)
Verify	Run Jest tests	2026-10-09T15:16:04.3133059Z   ● Console
Verify	Run Jest tests	2026-10-09T15:16:04.3133398Z 
Verify	Run Jest tests	2026-10-09T15:16:04.3214592Z     console.debug
Verify	Run Jest tests	2026-10-09T15:16:04.3254669Z       [analytics] screen /login
Verify	Run Jest tests	2026-10-09T15:16:04.3271264Z 
Verify	Run Jest tests	2026-10-09T15:16:04.3307486Z       at debug (shared/lib/logger.ts:133:18)
Verify	Run Jest tests	2026-10-09T15:16:04.3333079Z 
Verify	Run Jest tests	2026-10-09T15:16:04.3333753Z     console.debug
Verify	Run Jest tests	2026-10-09T15:16:04.3334103Z       [analytics] screen /
Verify	Run Jest tests	2026-10-09T15:16:04.3334268Z 
Verify	Run Jest tests	2026-10-09T15:16:04.3334461Z       at debug (shared/lib/logger.ts:133:18)
Verify	Run Jest tests	2026-10-09T15:16:04.3369718Z 
Verify	Run Jest tests	2026-10-09T15:16:04.3370749Z     console.debug
Verify	Run Jest tests	2026-10-09T15:16:04.3371269Z       [analytics] screen /login
Verify	Run Jest tests	2026-10-09T15:16:04.3371614Z 
Verify	Run Jest tests	2026-10-09T15:16:04.3371924Z       at debug (shared/lib/logger.ts:133:18)
Verify	Run Jest tests	2026-10-09T15:16:04.3372294Z 
Verify	Run Jest tests	2026-10-09T15:16:04.3372689Z     console.debug
Verify	Run Jest tests	2026-10-09T15:16:04.3373081Z       [analytics] screen /
Verify	Run Jest tests	2026-10-09T15:16:04.3373399Z 
Verify	Run Jest tests	2026-10-09T15:16:04.3373656Z       at debug (shared/lib/logger.ts:133:18)
Verify	Run Jest tests	2026-10-09T15:16:04.3374012Z 
Verify	Run Jest tests	2026-10-09T15:16:04.3374221Z     console.debug
Verify	Run Jest tests	2026-10-09T15:16:04.3374592Z       [analytics] screen /
Verify	Run Jest tests	2026-10-09T15:16:04.3374908Z 
Verify	Run Jest tests	2026-10-09T15:16:04.3375163Z       at debug (shared/lib/logger.ts:133:18)
Verify	Run Jest tests	2026-10-09T15:16:04.3376223Z 
Verify	Run Jest tests	2026-10-09T15:16:04.7510010Z PASS __tests__/features/auth/LoginScreen.test.tsx
Verify	Run Jest tests	2026-10-09T15:16:04.7574006Z   ● Console
Verify	Run Jest tests	2026-10-09T15:16:04.7582960Z 
Verify	Run Jest tests	2026-10-09T15:16:04.7615524Z     console.error
Verify	Run Jest tests	2026-10-09T15:16:04.7644104Z       An update to SessionProvider inside a test was not wrapped in act(...).
Verify	Run Jest tests	2026-10-09T15:16:04.7673707Z       
Verify	Run Jest tests	2026-10-09T15:16:04.7678174Z       When testing, code that causes React state updates should be wrapped into act(...):
Verify	Run Jest tests	2026-10-09T15:16:04.7703655Z       
Verify	Run Jest tests	2026-10-09T15:16:04.7741247Z       act(() => {
Verify	Run Jest tests	2026-10-09T15:16:04.7743353Z         /* fire events that update state */
Verify	Run Jest tests	2026-10-09T15:16:04.7743944Z       });
Verify	Run Jest tests	2026-10-09T15:16:04.7744227Z       /* assert on the output */
Verify	Run Jest tests	2026-10-09T15:16:04.7744490Z       
Verify	Run Jest tests	2026-10-09T15:16:04.7745142Z       This ensures that you're testing the behavior the user would see in the browser. Learn more at https://react.dev/link/wrap-tests-with-act
Verify	Run Jest tests	2026-10-09T15:16:04.7745650Z 
Verify	Run Jest tests	2026-10-09T15:16:04.7746292Z     ^[[0m ^[[90m 86 |^[[39m     readStoredSession()^[[33m.^[[39mthen(restored ^[[33m=>^[[39m {
Verify	Run Jest tests	2026-10-09T15:16:04.7747035Z      ^[[90m 87 |^[[39m       ^[[36mif^[[39m (^[[33m!^[[39mchangedRef^[[33m.^[[39mcurrent ^[[33m&&^[[39m isMountedRef^[[33m.^[[39mcurrent) {
Verify	Run Jest tests	2026-10-09T15:16:04.7748255Z     ^[[31m^[[1m>^[[22m^[[39m^[[90m 88 |^[[39m         setSession(restored)^[[33m;^[[39m
Verify	Run Jest tests	2026-10-09T15:16:04.7748686Z      ^[[90m    |^[[39m         ^[[31m^[[1m^^[[22m^[[39m
Verify	Run Jest tests	2026-10-09T15:16:04.7748999Z      ^[[90m 89 |^[[39m       }
Verify	Run Jest tests	2026-10-09T15:16:04.7749270Z      ^[[90m 90 |^[[39m     })^[[33m;^[[39m
Verify	Run Jest tests	2026-10-09T15:16:04.7749708Z      ^[[90m 91 |^[[39m     ^[[90m// The HTTP client has already cleared the stored session.^[[39m^[[0m
Verify	Run Jest tests	2026-10-09T15:16:04.7749973Z 
Verify	Run Jest tests	2026-10-09T15:16:04.7750237Z       at node_modules/react-test-renderer/cjs/react-test-renderer.development.js:14402:19
Verify	Run Jest tests	2026-10-09T15:16:04.7750839Z       at runWithFiberInDEV (node_modules/react-test-renderer/cjs/react-test-renderer.development.js:2315:13)
Verify	Run Jest tests	2026-10-09T15:16:04.7751549Z       at warnIfUpdatesNotWrappedWithActDEV (node_modules/react-test-renderer/cjs/react-test-renderer.development.js:14401:9)
Verify	Run Jest tests	2026-10-09T15:16:04.7752285Z       at scheduleUpdateOnFiber (node_modules/react-test-renderer/cjs/react-test-renderer.development.js:12086:9)
Verify	Run Jest tests	2026-10-09T15:16:04.7753171Z       at dispatchSetStateInternal (node_modules/react-test-renderer/cjs/react-test-renderer.development.js:6208:13)
Verify	Run Jest tests	2026-10-09T15:16:04.7753844Z       at dispatchSetState (node_modules/react-test-renderer/cjs/react-test-renderer.development.js:6165:7)
Verify	Run Jest tests	2026-10-09T15:16:04.7754338Z       at setSession (shared/session/SessionProvider.tsx:88:9)
Verify	Run Jest tests	2026-10-09T15:16:04.7754550Z 
Verify	Run Jest tests	2026-10-09T15:16:04.7754633Z     console.error
Verify	Run Jest tests	2026-10-09T15:16:04.7754959Z       An update to SessionProvider inside a test was not wrapped in act(...).
Verify	Run Jest tests	2026-10-09T15:16:04.7755284Z       
Verify	Run Jest tests	2026-10-09T15:16:04.7755616Z       When testing, code that causes React state updates should be wrapped into act(...):
Verify	Run Jest tests	2026-10-09T15:16:04.7756003Z       
Verify	Run Jest tests	2026-10-09T15:16:04.7756186Z       act(() => {
Verify	Run Jest tests	2026-10-09T15:16:04.7756428Z         /* fire events that update state */
Verify	Run Jest tests	2026-10-09T15:16:04.7756689Z       });
Verify	Run Jest tests	2026-10-09T15:16:04.7756887Z       /* assert on the output */
Verify	Run Jest tests	2026-10-09T15:16:04.7757113Z       
Verify	Run Jest tests	2026-10-09T15:16:04.7757634Z       This ensures that you're testing the behavior the user would see in the browser. Learn more at https://react.dev/link/wrap-tests-with-act
Verify	Run Jest tests	2026-10-09T15:16:04.7758067Z 
Verify	Run Jest tests	2026-10-09T15:16:04.7758364Z     ^[[0m ^[[90m 86 |^[[39m     readStoredSession()^[[33m.^[[39mthen(restored ^[[33m=>^[[39m {
Verify	Run Jest tests	2026-10-09T15:16:04.7758987Z      ^[[90m 87 |^[[39m       ^[[36mif^[[39m (^[[33m!^[[39mchangedRef^[[33m.^[[39mcurrent ^[[33m&&^[[39m isMountedRef^[[33m.^[[39mcurrent) {
Verify	Run Jest tests	2026-10-09T15:16:04.7759560Z     ^[[31m^[[1m>^[[22m^[[39m^[[90m 88 |^[[39m         setSession(restored)^[[33m;^[[39m
Verify	Run Jest tests	2026-10-09T15:16:04.7759940Z      ^[[90m    |^[[39m         ^[[31m^[[1m^^[[22m^[[39m
Verify	Run Jest tests	2026-10-09T15:16:04.7760205Z      ^[[90m 89 |^[[39m       }
Verify	Run Jest tests	2026-10-09T15:16:04.7760464Z      ^[[90m 90 |^[[39m     })^[[33m;^[[39m
Verify	Run Jest tests	2026-10-09T15:16:04.7799504Z      ^[[90m 91 |^[[39m     ^[[90m// The HTTP client has already cleared the stored session.^[[39m^[[0m
Verify	Run Jest tests	2026-10-09T15:16:04.7800242Z 
Verify	Run Jest tests	2026-10-09T15:16:04.7800666Z       at node_modules/react-test-renderer/cjs/react-test-renderer.development.js:14402:19
Verify	Run Jest tests	2026-10-09T15:16:04.7801395Z       at runWithFiberInDEV (node_modules/react-test-renderer/cjs/react-test-renderer.development.js:2315:13)
Verify	Run Jest tests	2026-10-09T15:16:04.7802266Z       at warnIfUpdatesNotWrappedWithActDEV (node_modules/react-test-renderer/cjs/react-test-renderer.development.js:14401:9)
Verify	Run Jest tests	2026-10-09T15:16:04.7803536Z       at scheduleUpdateOnFiber (node_modules/react-test-renderer/cjs/react-test-renderer.development.js:12086:9)
Verify	Run Jest tests	2026-10-09T15:16:04.7804384Z       at dispatchSetStateInternal (node_modules/react-test-renderer/cjs/react-test-renderer.development.js:6208:13)
Verify	Run Jest tests	2026-10-09T15:16:04.7805183Z       at dispatchSetState (node_modules/react-test-renderer/cjs/react-test-renderer.development.js:6165:7)
Verify	Run Jest tests	2026-10-09T15:16:04.7805777Z       at setSession (shared/session/SessionProvider.tsx:88:9)
Verify	Run Jest tests	2026-10-09T15:16:04.7806031Z 
Verify	Run Jest tests	2026-10-09T15:16:04.9042831Z PASS __tests__/shared/integrations/seams.test.ts
Verify	Run Jest tests	2026-10-09T15:16:05.0993863Z PASS __tests__/features/home/HomeScreen.test.tsx
Verify	Run Jest tests	2026-10-09T15:16:05.1108778Z PASS __tests__/app/sessionRoutes.test.tsx
Verify	Run Jest tests	2026-10-09T15:16:05.1383991Z   ● Console
Verify	Run Jest tests	2026-10-09T15:16:05.1384233Z 
Verify	Run Jest tests	2026-10-09T15:16:05.1384334Z     console.debug
Verify	Run Jest tests	2026-10-09T15:16:05.1384603Z       [analytics] screen /profile
Verify	Run Jest tests	2026-10-09T15:16:05.1384729Z 
Verify	Run Jest tests	2026-10-09T15:16:05.1384824Z       at debug (shared/lib/logger.ts:133:18)
Verify	Run Jest tests	2026-10-09T15:16:05.1384941Z 
Verify	Run Jest tests	2026-10-09T15:16:05.1384994Z     console.debug
Verify	Run Jest tests	2026-10-09T15:16:05.1385136Z       [analytics] screen /profile
Verify	Run Jest tests	2026-10-09T15:16:05.1385236Z 
Verify	Run Jest tests	2026-10-09T15:16:05.1385315Z       at debug (shared/lib/logger.ts:133:18)
Verify	Run Jest tests	2026-10-09T15:16:05.1385426Z 
Verify	Run Jest tests	2026-10-09T15:16:05.1385479Z     console.debug
Verify	Run Jest tests	2026-10-09T15:16:05.1385607Z       [analytics] screen /
Verify	Run Jest tests	2026-10-09T15:16:05.1385698Z 
Verify	Run Jest tests	2026-10-09T15:16:05.1385817Z       at debug (shared/lib/logger.ts:133:18)
Verify	Run Jest tests	2026-10-09T15:16:05.1385923Z 
Verify	Run Jest tests	2026-10-09T15:16:05.1385976Z     console.debug
Verify	Run Jest tests	2026-10-09T15:16:05.1386112Z       [analytics] screen /login
Verify	Run Jest tests	2026-10-09T15:16:05.1386218Z 
Verify	Run Jest tests	2026-10-09T15:16:05.1386295Z       at debug (shared/lib/logger.ts:133:18)
Verify	Run Jest tests	2026-10-09T15:16:05.1386398Z 
Verify	Run Jest tests	2026-10-09T15:16:05.1386451Z     console.debug
Verify	Run Jest tests	2026-10-09T15:16:05.1386573Z       [analytics] screen /
Verify	Run Jest tests	2026-10-09T15:16:05.1386660Z 
Verify	Run Jest tests	2026-10-09T15:16:05.1386734Z       at debug (shared/lib/logger.ts:133:18)
Verify	Run Jest tests	2026-10-09T15:16:05.1386835Z 
Verify	Run Jest tests	2026-10-09T15:16:05.1386886Z     console.debug
Verify	Run Jest tests	2026-10-09T15:16:05.1387017Z       [analytics] screen /login
Verify	Run Jest tests	2026-10-09T15:16:05.1387109Z 
Verify	Run Jest tests	2026-10-09T15:16:05.1387190Z       at debug (shared/lib/logger.ts:133:18)
Verify	Run Jest tests	2026-10-09T15:16:05.1387300Z 
Verify	Run Jest tests	2026-10-09T15:16:05.1387352Z     console.debug
Verify	Run Jest tests	2026-10-09T15:16:05.1387474Z       [analytics] screen /
Verify	Run Jest tests	2026-10-09T15:16:05.1387558Z 
Verify	Run Jest tests	2026-10-09T15:16:05.1387632Z       at debug (shared/lib/logger.ts:133:18)
Verify	Run Jest tests	2026-10-09T15:16:05.1387741Z 
Verify	Run Jest tests	2026-10-09T15:16:05.1387789Z     console.debug
Verify	Run Jest tests	2026-10-09T15:16:05.1387921Z       [analytics] screen /profile
Verify	Run Jest tests	2026-10-09T15:16:05.1388015Z 
Verify	Run Jest tests	2026-10-09T15:16:05.1388096Z       at debug (shared/lib/logger.ts:133:18)
Verify	Run Jest tests	2026-10-09T15:16:05.1388201Z 
Verify	Run Jest tests	2026-10-09T15:16:05.1388249Z     console.debug
Verify	Run Jest tests	2026-10-09T15:16:05.1388369Z       [analytics] screen /
Verify	Run Jest tests	2026-10-09T15:16:05.1388450Z 
Verify	Run Jest tests	2026-10-09T15:16:05.1388524Z       at debug (shared/lib/logger.ts:133:18)
Verify	Run Jest tests	2026-10-09T15:16:05.1388629Z 
Verify	Run Jest tests	2026-10-09T15:16:05.1388677Z     console.debug
Verify	Run Jest tests	2026-10-09T15:16:05.1388809Z       [analytics] screen /profile
Verify	Run Jest tests	2026-10-09T15:16:05.1388901Z 
Verify	Run Jest tests	2026-10-09T15:16:05.1388975Z       at debug (shared/lib/logger.ts:133:18)
Verify	Run Jest tests	2026-10-09T15:16:05.1389077Z 
Verify	Run Jest tests	2026-10-09T15:16:05.1389124Z     console.debug
Verify	Run Jest tests	2026-10-09T15:16:05.1389245Z       [analytics] screen /
Verify	Run Jest tests	2026-10-09T15:16:05.1389326Z 
Verify	Run Jest tests	2026-10-09T15:16:05.1389401Z       at debug (shared/lib/logger.ts:133:18)
Verify	Run Jest tests	2026-10-09T15:16:05.1389505Z 
Verify	Run Jest tests	2026-10-09T15:16:05.1389552Z     console.debug
Verify	Run Jest tests	2026-10-09T15:16:05.1389909Z       [analytics] screen /profile
Verify	Run Jest tests	2026-10-09T15:16:05.1390001Z 
Verify	Run Jest tests	2026-10-09T15:16:05.1390076Z       at debug (shared/lib/logger.ts:133:18)
Verify	Run Jest tests	2026-10-09T15:16:05.1390184Z 
Verify	Run Jest tests	2026-10-09T15:16:05.1390232Z     console.debug
Verify	Run Jest tests	2026-10-09T15:16:05.1390355Z       [analytics] screen /
Verify	Run Jest tests	2026-10-09T15:16:05.1390436Z 
Verify	Run Jest tests	2026-10-09T15:16:05.1390510Z       at debug (shared/lib/logger.ts:133:18)
Verify	Run Jest tests	2026-10-09T15:16:05.1390613Z 
Verify	Run Jest tests	2026-10-09T15:16:05.1390660Z     console.debug
Verify	Run Jest tests	2026-10-09T15:16:05.1390797Z       [analytics] screen /profile
Verify	Run Jest tests	2026-10-09T15:16:05.1390888Z 
Verify	Run Jest tests	2026-10-09T15:16:05.1390963Z       at debug (shared/lib/logger.ts:133:18)
Verify	Run Jest tests	2026-10-09T15:16:05.1391067Z 
Verify	Run Jest tests	2026-10-09T15:16:05.1391114Z     console.debug
Verify	Run Jest tests	2026-10-09T15:16:05.1391237Z       [analytics] screen /
Verify	Run Jest tests	2026-10-09T15:16:05.1391317Z 
Verify	Run Jest tests	2026-10-09T15:16:05.1391393Z       at debug (shared/lib/logger.ts:133:18)
Verify	Run Jest tests	2026-10-09T15:16:05.1391496Z 
Verify	Run Jest tests	2026-10-09T15:16:05.1391545Z     console.debug
Verify	Run Jest tests	2026-10-09T15:16:05.1391667Z       [analytics] screen /
Verify	Run Jest tests	2026-10-09T15:16:05.1391752Z 
Verify	Run Jest tests	2026-10-09T15:16:05.1391827Z       at debug (shared/lib/logger.ts:133:18)
Verify	Run Jest tests	2026-10-09T15:16:05.1391929Z 
Verify	Run Jest tests	2026-10-09T15:16:05.1391976Z     console.debug
Verify	Run Jest tests	2026-10-09T15:16:05.1392225Z       [analytics] screen /profile
Verify	Run Jest tests	2026-10-09T15:16:05.1392316Z 
Verify	Run Jest tests	2026-10-09T15:16:05.1392390Z       at debug (shared/lib/logger.ts:133:18)
Verify	Run Jest tests	2026-10-09T15:16:05.1392584Z 
Verify	Run Jest tests	2026-10-09T15:16:05.1392637Z     console.debug
Verify	Run Jest tests	2026-10-09T15:16:05.1392758Z       [analytics] screen /
Verify	Run Jest tests	2026-10-09T15:16:05.1392844Z 
Verify	Run Jest tests	2026-10-09T15:16:05.1392915Z       at debug (shared/lib/logger.ts:133:18)
Verify	Run Jest tests	2026-10-09T15:16:05.1393020Z 
Verify	Run Jest tests	2026-10-09T15:16:05.1393072Z     console.debug
Verify	Run Jest tests	2026-10-09T15:16:05.1393203Z       [analytics] screen /profile
Verify	Run Jest tests	2026-10-09T15:16:05.1393297Z 
Verify	Run Jest tests	2026-10-09T15:16:05.1393369Z       at debug (shared/lib/logger.ts:133:18)
Verify	Run Jest tests	2026-10-09T15:16:05.1393472Z 
Verify	Run Jest tests	2026-10-09T15:16:05.2194014Z PASS __tests__/app/appConfig.test.ts
Verify	Run Jest tests	2026-10-09T15:16:05.2648178Z PASS __tests__/shared/storage/storage.test.ts
Verify	Run Jest tests	2026-10-09T15:16:05.2907364Z PASS __tests__/features/demo-auth/dummyJsonAdapter.test.ts
Verify	Run Jest tests	2026-10-09T15:16:05.5706909Z PASS __tests__/features/demo-todos/TodosScreen.test.tsx
Verify	Run Jest tests	2026-10-09T15:16:05.5723992Z   ● Console
Verify	Run Jest tests	2026-10-09T15:16:05.5729514Z 
Verify	Run Jest tests	2026-10-09T15:16:05.5729899Z     console.warn
Verify	Run Jest tests	2026-10-09T15:16:05.5730210Z       API GET /todos failed: server (503)
Verify	Run Jest tests	2026-10-09T15:16:05.5730510Z 
Verify	Run Jest tests	2026-10-09T15:16:05.5731229Z     ^[[0m ^[[90m 129 |^[[39m     ^[[36mconst^[[39m args ^[[33m=^[[39m [message^[[33m,^[[39m ^[[33m...^[[39mdetails^[[33m.^[[39mfilter(item ^[[33m=>^[[39m item ^[[33m!==^[[39m undefined)]^[[33m;^[[39m
Verify	Run Jest tests	2026-10-09T15:16:05.5740375Z      ^[[90m 130 |^[[39m     ^[[36mif^[[39m (level ^[[33m===^[[39m ^[[32m'error'^[[39m) console^[[33m.^[[39merror(^[[33m...^[[39margs)^[[33m;^[[39m
Verify	Run Jest tests	2026-10-09T15:16:05.5741404Z     ^[[31m^[[1m>^[[22m^[[39m^[[90m 131 |^[[39m     ^[[36melse^[[39m ^[[36mif^[[39m (level ^[[33m===^[[39m ^[[32m'warn'^[[39m) console^[[33m.^[[39mwarn(^[[33m...^[[39margs)^[[33m;^[[39m
Verify	Run Jest tests	2026-10-09T15:16:05.5743127Z      ^[[90m     |^[[39m                                        ^[[31m^[[1m^^[[22m^[[39m
Verify	Run Jest tests	2026-10-09T15:16:05.5743851Z      ^[[90m 132 |^[[39m     ^[[36melse^[[39m ^[[36mif^[[39m (level ^[[33m===^[[39m ^[[32m'info'^[[39m) console^[[33m.^[[39minfo(^[[33m...^[[39margs)^[[33m;^[[39m
Verify	Run Jest tests	2026-10-09T15:16:05.5744575Z      ^[[90m 133 |^[[39m     ^[[36melse^[[39m console^[[33m.^[[39mdebug(^[[33m...^[[39margs)^[[33m;^[[39m
Verify	Run Jest tests	2026-10-09T15:16:05.5745024Z      ^[[90m 134 |^[[39m   }^[[33m;^[[39m^[[0m
Verify	Run Jest tests	2026-10-09T15:16:05.5745191Z 
Verify	Run Jest tests	2026-10-09T15:16:05.5745322Z       at warn (shared/lib/logger.ts:131:40)
Verify	Run Jest tests	2026-10-09T15:16:05.5745689Z       at Object.write [as warn] (shared/lib/logger.ts:142:33)
Verify	Run Jest tests	2026-10-09T15:16:05.5746063Z       at warn (shared/http/httpClient.ts:139:12)
Verify	Run Jest tests	2026-10-09T15:16:05.5746542Z       at asyncGeneratorStep (node_modules/@babel/runtime/helpers/asyncToGenerator.js:3:17)
Verify	Run Jest tests	2026-10-09T15:16:05.5747144Z       at _next (node_modules/@babel/runtime/helpers/asyncToGenerator.js:17:9)
Verify	Run Jest tests	2026-10-09T15:16:05.5747667Z       at node_modules/@babel/runtime/helpers/asyncToGenerator.js:22:7
Verify	Run Jest tests	2026-10-09T15:16:05.5748137Z       at node_modules/@babel/runtime/helpers/asyncToGenerator.js:14:12
Verify	Run Jest tests	2026-10-09T15:16:05.5748981Z       at apply (shared/http/httpClient.ts:145:4)
Verify	Run Jest tests	2026-10-09T15:16:05.5749359Z       at Axios.request (node_modules/axios/dist/browser/axios.cjs:5245:14)
Verify	Run Jest tests	2026-10-09T15:16:05.5749641Z 
Verify	Run Jest tests	2026-10-09T15:16:05.5933502Z PASS __tests__/shared/ui/theme.test.ts
Verify	Run Jest tests	2026-10-09T15:16:05.8950988Z PASS __tests__/shared/integrations/i18n.test.tsx
Verify	Run Jest tests	2026-10-09T15:16:05.8980928Z   ● Console
Verify	Run Jest tests	2026-10-09T15:16:05.8981385Z 
Verify	Run Jest tests	2026-10-09T15:16:05.8981704Z     console.debug
Verify	Run Jest tests	2026-10-09T15:16:05.8982283Z       [analytics] screen /
Verify	Run Jest tests	2026-10-09T15:16:05.8991713Z 
Verify	Run Jest tests	2026-10-09T15:16:05.8992322Z       at debug (shared/lib/logger.ts:133:18)
Verify	Run Jest tests	2026-10-09T15:16:05.8993028Z 
Verify	Run Jest tests	2026-10-09T15:16:05.8993278Z     console.debug
Verify	Run Jest tests	2026-10-09T15:16:05.8993680Z       [analytics] screen /login
Verify	Run Jest tests	2026-10-09T15:16:05.8993987Z 
Verify	Run Jest tests	2026-10-09T15:16:05.8994263Z       at debug (shared/lib/logger.ts:133:18)
Verify	Run Jest tests	2026-10-09T15:16:05.8994582Z 
Verify	Run Jest tests	2026-10-09T15:16:06.1543974Z PASS __tests__/app/tabBarTheme.test.tsx
Verify	Run Jest tests	2026-10-09T15:16:06.1565684Z   ● Console
Verify	Run Jest tests	2026-10-09T15:16:06.1593240Z 
Verify	Run Jest tests	2026-10-09T15:16:06.1634052Z     console.debug
Verify	Run Jest tests	2026-10-09T15:16:06.1635033Z       [analytics] screen /
Verify	Run Jest tests	2026-10-09T15:16:06.1636051Z 
Verify	Run Jest tests	2026-10-09T15:16:06.1636671Z       at debug (shared/lib/logger.ts:133:18)
Verify	Run Jest tests	2026-10-09T15:16:06.1637053Z 
Verify	Run Jest tests	2026-10-09T15:16:06.1637298Z     console.debug
Verify	Run Jest tests	2026-10-09T15:16:06.1637667Z       [analytics] screen /
Verify	Run Jest tests	2026-10-09T15:16:06.1637955Z 
Verify	Run Jest tests	2026-10-09T15:16:06.1638238Z       at debug (shared/lib/logger.ts:133:18)
Verify	Run Jest tests	2026-10-09T15:16:06.1638576Z 
Verify	Run Jest tests	2026-10-09T15:16:06.2496622Z PASS __tests__/app/initialRoute.test.tsx
Verify	Run Jest tests	2026-10-09T15:16:06.2568588Z   ● Console
Verify	Run Jest tests	2026-10-09T15:16:06.2569267Z 
Verify	Run Jest tests	2026-10-09T15:16:06.2569543Z     console.debug
Verify	Run Jest tests	2026-10-09T15:16:06.2570069Z       [analytics] screen /
Verify	Run Jest tests	2026-10-09T15:16:06.2570287Z 
Verify	Run Jest tests	2026-10-09T15:16:06.2570437Z       at debug (shared/lib/logger.ts:133:18)
Verify	Run Jest tests	2026-10-09T15:16:06.2570629Z 
Verify	Run Jest tests	2026-10-09T15:16:06.2570719Z     console.debug
Verify	Run Jest tests	2026-10-09T15:16:06.2570948Z       [analytics] screen /login
Verify	Run Jest tests	2026-10-09T15:16:06.2571148Z 
Verify	Run Jest tests	2026-10-09T15:16:06.2571276Z       at debug (shared/lib/logger.ts:133:18)
Verify	Run Jest tests	2026-10-09T15:16:06.2571454Z 
Verify	Run Jest tests	2026-10-09T15:16:06.2571554Z     console.debug
Verify	Run Jest tests	2026-10-09T15:16:06.2571768Z       [analytics] screen /login
Verify	Run Jest tests	2026-10-09T15:16:06.2571915Z 
Verify	Run Jest tests	2026-10-09T15:16:06.2572033Z       at debug (shared/lib/logger.ts:133:18)
Verify	Run Jest tests	2026-10-09T15:16:06.2572203Z 
Verify	Run Jest tests	2026-10-09T15:16:06.2572277Z     console.debug
Verify	Run Jest tests	2026-10-09T15:16:06.2572649Z       [analytics] screen /
Verify	Run Jest tests	2026-10-09T15:16:06.2572789Z 
Verify	Run Jest tests	2026-10-09T15:16:06.2572908Z       at debug (shared/lib/logger.ts:133:18)
Verify	Run Jest tests	2026-10-09T15:16:06.2573080Z 
Verify	Run Jest tests	2026-10-09T15:16:06.3069714Z PASS __tests__/shared/ui/LoadingScreen.test.tsx
Verify	Run Jest tests	2026-10-09T15:16:06.5561203Z PASS __tests__/features/demo-auth/DemoCredentialsHint.test.tsx
Verify	Run Jest tests	2026-10-09T15:16:06.7255707Z PASS __tests__/app/configError.test.tsx
Verify	Run Jest tests	2026-10-09T15:16:06.7272343Z   ● Console
Verify	Run Jest tests	2026-10-09T15:16:06.7273277Z 
Verify	Run Jest tests	2026-10-09T15:16:06.7273511Z     console.debug
Verify	Run Jest tests	2026-10-09T15:16:06.7273873Z       [analytics] screen /
Verify	Run Jest tests	2026-10-09T15:16:06.7274199Z 
Verify	Run Jest tests	2026-10-09T15:16:06.7274464Z       at debug (shared/lib/logger.ts:133:18)
Verify	Run Jest tests	2026-10-09T15:16:06.7274780Z 
Verify	Run Jest tests	2026-10-09T15:16:06.8091654Z PASS __tests__/app/statusBar.test.tsx
Verify	Run Jest tests	2026-10-09T15:16:06.8120971Z   ● Console
Verify	Run Jest tests	2026-10-09T15:16:06.8121401Z 
Verify	Run Jest tests	2026-10-09T15:16:06.8121754Z     console.debug
Verify	Run Jest tests	2026-10-09T15:16:06.8122132Z       [analytics] screen /
Verify	Run Jest tests	2026-10-09T15:16:06.8122426Z 
Verify	Run Jest tests	2026-10-09T15:16:06.8123008Z       at debug (shared/lib/logger.ts:133:18)
Verify	Run Jest tests	2026-10-09T15:16:06.8123353Z 
Verify	Run Jest tests	2026-10-09T15:16:06.8123568Z     console.debug
Verify	Run Jest tests	2026-10-09T15:16:06.8123936Z       [analytics] screen /
Verify	Run Jest tests	2026-10-09T15:16:06.8124206Z 
Verify	Run Jest tests	2026-10-09T15:16:06.8124468Z       at debug (shared/lib/logger.ts:133:18)
Verify	Run Jest tests	2026-10-09T15:16:06.8124784Z 
Verify	Run Jest tests	2026-10-09T15:16:06.9536652Z PASS __tests__/shared/lib/useFetch.test.tsx
Verify	Run Jest tests	2026-10-09T15:16:07.0854433Z PASS __tests__/shared/integrations/screenTracking.test.tsx
Verify	Run Jest tests	2026-10-09T15:16:07.1148526Z PASS __tests__/features/demo-showcase/ShowcaseScreen.test.tsx
Verify	Run Jest tests	2026-10-09T15:16:07.8685125Z -----------------------------------|---------|----------|---------|---------|-------------------
Verify	Run Jest tests	2026-10-09T15:16:07.8685819Z File                               | % Stmts | % Branch | % Funcs | % Lines | Uncovered Line #s 
Verify	Run Jest tests	2026-10-09T15:16:07.8686392Z -----------------------------------|---------|----------|---------|---------|-------------------
Verify	Run Jest tests	2026-10-09T15:16:07.8691681Z All files                          |   97.26 |    90.35 |   94.44 |   97.45 |                   
Verify	Run Jest tests	2026-10-09T15:16:07.8692121Z  app                               |     100 |      100 |   57.14 |     100 |                   
Verify	Run Jest tests	2026-10-09T15:16:07.8692805Z   _layout.tsx                      |     100 |      100 |   57.14 |     100 |                   
Verify	Run Jest tests	2026-10-09T15:16:07.8693214Z   showcase.tsx                     |       0 |        0 |       0 |       0 |                   
Verify	Run Jest tests	2026-10-09T15:16:07.8693678Z  app/(app)                         |    87.5 |       75 |     100 |     100 |                   
Verify	Run Jest tests	2026-10-09T15:16:07.8695073Z   _layout.tsx                      |    87.5 |       75 |     100 |     100 | 24                
Verify	Run Jest tests	2026-10-09T15:16:07.8695548Z   profile.tsx                      |       0 |        0 |       0 |       0 |                   
Verify	Run Jest tests	2026-10-09T15:16:07.8696284Z  app/(auth)                        |     100 |      100 |     100 |     100 |                   
Verify	Run Jest tests	2026-10-09T15:16:07.8696712Z   _layout.tsx                      |     100 |      100 |     100 |     100 |                   
Verify	Run Jest tests	2026-10-09T15:16:07.8697158Z   login.tsx                        |       0 |        0 |       0 |       0 |                   
Verify	Run Jest tests	2026-10-09T15:16:07.8697597Z  app/(tabs)                        |     100 |      100 |     100 |     100 |                   
Verify	Run Jest tests	2026-10-09T15:16:07.8698038Z   _layout.tsx                      |     100 |      100 |     100 |     100 |                   
Verify	Run Jest tests	2026-10-09T15:16:07.8698538Z   explore.tsx                      |       0 |        0 |       0 |       0 |                   
Verify	Run Jest tests	2026-10-09T15:16:07.8698944Z   index.tsx                        |       0 |        0 |       0 |       0 |                   
Verify	Run Jest tests	2026-10-09T15:16:07.8699404Z  features/auth/screens             |   95.55 |    79.16 |   83.33 |   95.45 |                   
Verify	Run Jest tests	2026-10-09T15:16:07.8699808Z   LoginScreen.tsx                  |    92.3 |       80 |      60 |    92.3 | 132-136           
Verify	Run Jest tests	2026-10-09T15:16:07.8700285Z   ProfileScreen.tsx                |     100 |    78.57 |     100 |     100 | 38,67-72          
Verify	Run Jest tests	2026-10-09T15:16:07.8700764Z  features/demo-auth                |     100 |    91.66 |     100 |     100 |                   
Verify	Run Jest tests	2026-10-09T15:16:07.8701256Z   DemoCredentialsHint.tsx          |     100 |      100 |     100 |     100 |                   
Verify	Run Jest tests	2026-10-09T15:16:07.8701745Z   dummyJsonAdapter.ts              |     100 |       90 |     100 |     100 | 31                
Verify	Run Jest tests	2026-10-09T15:16:07.8702253Z  features/demo-showcase/components |     100 |      100 |     100 |     100 |                   
Verify	Run Jest tests	2026-10-09T15:16:07.8702917Z   ExampleLinks.tsx                 |     100 |      100 |     100 |     100 |                   
Verify	Run Jest tests	2026-10-09T15:16:07.8703436Z  features/demo-showcase/screens    |   77.77 |      100 |      60 |   71.42 |                   
Verify	Run Jest tests	2026-10-09T15:16:07.8703980Z   ShowcaseScreen.tsx               |   77.77 |      100 |      60 |   71.42 | 133-137           
Verify	Run Jest tests	2026-10-09T15:16:07.8704476Z  features/demo-todos               |       0 |        0 |       0 |       0 |                   
Verify	Run Jest tests	2026-10-09T15:16:07.8704853Z   types.ts                         |       0 |        0 |       0 |       0 |                   
Verify	Run Jest tests	2026-10-09T15:16:07.8705135Z  features/demo-todos/api           |     100 |      100 |     100 |     100 |                   
Verify	Run Jest tests	2026-10-09T15:16:07.8705422Z   todosApi.ts                      |     100 |      100 |     100 |     100 |                   
Verify	Run Jest tests	2026-10-09T15:16:07.8705712Z  features/demo-todos/screens       |     100 |    95.83 |     100 |     100 |                   
Verify	Run Jest tests	2026-10-09T15:16:07.8706007Z   TodosScreen.tsx                  |     100 |    95.83 |     100 |     100 | 65                
Verify	Run Jest tests	2026-10-09T15:16:07.8706516Z  features/home/screens             |     100 |     87.5 |     100 |     100 |                   
Verify	Run Jest tests	2026-10-09T15:16:07.8706803Z   HomeScreen.tsx                   |     100 |     87.5 |     100 |     100 | 38                
Verify	Run Jest tests	2026-10-09T15:16:07.8707081Z  shared/config                     |     100 |    97.95 |     100 |     100 |                   
Verify	Run Jest tests	2026-10-09T15:16:07.8707348Z   env.ts                           |     100 |    97.95 |     100 |     100 | 128               
Verify	Run Jest tests	2026-10-09T15:16:07.8707612Z   featureFlags.ts                  |     100 |      100 |     100 |     100 |                   
Verify	Run Jest tests	2026-10-09T15:16:07.8707891Z  shared/http                       |   98.71 |    94.66 |     100 |   98.61 |                   
Verify	Run Jest tests	2026-10-09T15:16:07.8708150Z   api.ts                           |     100 |      100 |     100 |     100 |                   
Verify	Run Jest tests	2026-10-09T15:16:07.8708410Z   apiError.ts                      |   96.96 |    94.59 |     100 |   96.42 | 58                
Verify	Run Jest tests	2026-10-09T15:16:07.8708709Z   httpClient.ts                    |     100 |    94.73 |     100 |     100 | 89                
Verify	Run Jest tests	2026-10-09T15:16:07.8709080Z  shared/i18n                       |     100 |    83.33 |     100 |     100 |                   
Verify	Run Jest tests	2026-10-09T15:16:07.8709340Z   en.ts                            |     100 |      100 |     100 |     100 |                   
Verify	Run Jest tests	2026-10-09T15:16:07.8709593Z   index.ts                         |     100 |    83.33 |     100 |     100 | 38                
Verify	Run Jest tests	2026-10-09T15:16:07.8709873Z  shared/integrations               |   95.91 |       75 |   96.55 |   95.34 |                   
Verify	Run Jest tests	2026-10-09T15:16:07.8710156Z   analytics.ts                     |     100 |     87.5 |     100 |     100 | 25                
Verify	Run Jest tests	2026-10-09T15:16:07.8710431Z   errorReporter.ts                 |   81.81 |       40 |   83.33 |   77.77 | 41,57             
Verify	Run Jest tests	2026-10-09T15:16:07.8710708Z   featureFlags.ts                  |     100 |      100 |     100 |     100 |                   
Verify	Run Jest tests	2026-10-09T15:16:07.8711008Z   pushNotifications.ts             |     100 |      100 |     100 |     100 |                   
Verify	Run Jest tests	2026-10-09T15:16:07.8711289Z   seam.ts                          |     100 |      100 |     100 |     100 |                   
Verify	Run Jest tests	2026-10-09T15:16:07.8711547Z   setup.ts                         |     100 |      100 |     100 |     100 |                   
Verify	Run Jest tests	2026-10-09T15:16:07.8711808Z   updates.ts                       |     100 |      100 |     100 |     100 |                   
Verify	Run Jest tests	2026-10-09T15:16:07.8712083Z   useScreenTracking.ts             |     100 |      100 |     100 |     100 |                   
Verify	Run Jest tests	2026-10-09T15:16:07.8712367Z  shared/lib                        |   97.72 |    90.16 |   94.11 |   98.73 |                   
Verify	Run Jest tests	2026-10-09T15:16:07.8712853Z   logger.ts                        |   96.87 |    96.15 |   91.66 |   98.18 | 84                
Verify	Run Jest tests	2026-10-09T15:16:07.8713124Z   useFetch.ts                      |     100 |    55.55 |     100 |     100 | 48-61             
Verify	Run Jest tests	2026-10-09T15:16:07.8713409Z  shared/session                    |   97.45 |    88.63 |   95.83 |   97.36 |                   
Verify	Run Jest tests	2026-10-09T15:16:07.8713699Z   SessionProvider.tsx              |   97.91 |    81.81 |     100 |   97.82 | 146               
Verify	Run Jest tests	2026-10-09T15:16:07.8713995Z   authService.ts                   |   93.93 |    91.66 |   83.33 |   93.75 | 68,81             
Verify	Run Jest tests	2026-10-09T15:16:07.8714329Z   session.ts                       |     100 |      100 |     100 |     100 |                   
Verify	Run Jest tests	2026-10-09T15:16:07.8714766Z   tokenStore.ts                    |     100 |      100 |     100 |     100 |                   
Verify	Run Jest tests	2026-10-09T15:16:07.8715220Z  shared/storage                    |      92 |       80 |     100 |      92 |                   
Verify	Run Jest tests	2026-10-09T15:16:07.8715667Z   secureStorage.ts                 |      80 |       75 |     100 |      80 | 18,26             
Verify	Run Jest tests	2026-10-09T15:16:07.8716112Z   storage.ts                       |     100 |      100 |     100 |     100 |                   
Verify	Run Jest tests	2026-10-09T15:16:07.8717072Z  shared/ui                         |    97.5 |    83.33 |     100 |   97.36 |                   
Verify	Run Jest tests	2026-10-09T15:16:07.8717496Z   ConfigErrorScreen.tsx            |     100 |      100 |     100 |     100 |                   
Verify	Run Jest tests	2026-10-09T15:16:07.8717969Z   ErrorBoundary.tsx                |   96.15 |       75 |     100 |   95.83 | 26                
Verify	Run Jest tests	2026-10-09T15:16:07.8718408Z   LoadingScreen.tsx                |     100 |      100 |     100 |     100 |                   
Verify	Run Jest tests	2026-10-09T15:16:07.8718838Z   theme.ts                         |     100 |      100 |     100 |     100 |                   
Verify	Run Jest tests	2026-10-09T15:16:07.8719333Z -----------------------------------|---------|----------|---------|---------|-------------------
Verify	Run Jest tests	2026-10-09T15:16:07.9039450Z 
Verify	Run Jest tests	2026-10-09T15:16:07.9041783Z Test Suites: 26 passed, 26 total
Verify	Run Jest tests	2026-10-09T15:16:07.9042236Z Tests:       199 passed, 199 total
Verify	Run Jest tests	2026-10-09T15:16:07.9042683Z Snapshots:   0 total
Verify	Run Jest tests	2026-10-09T15:16:07.9042919Z Time:        17.697 s
Verify	Run Jest tests	2026-10-09T15:16:07.9043170Z Ran all test suites.
Verify	Expo Doctor	﻿2026-10-09T15:16:07.9234293Z ##[group]Run npx expo-doctor
Verify	Expo Doctor	2026-10-09T15:16:07.9234584Z ^[[36;1mnpx expo-doctor^[[0m
Verify	Expo Doctor	2026-10-09T15:16:07.9293780Z shell: /usr/bin/bash -e {0}
Verify	Expo Doctor	2026-10-09T15:16:07.9293979Z ##[endgroup]
Verify	Expo Doctor	2026-10-09T15:16:09.0711400Z Running 21 checks on your project...
Verify	Expo Doctor	2026-10-09T15:16:11.7543171Z 21/21 checks passed. No issues detected!
Verify	Audit production dependencies (reviewed allowlist)	﻿2026-10-09T15:16:11.7904200Z ##[group]Run npm run audit:check
Verify	Audit production dependencies (reviewed allowlist)	2026-10-09T15:16:11.7904426Z ^[[36;1mnpm run audit:check^[[0m
Verify	Audit production dependencies (reviewed allowlist)	2026-10-09T15:16:11.7959694Z shell: /usr/bin/bash -e {0}
Verify	Audit production dependencies (reviewed allowlist)	2026-10-09T15:16:11.7959881Z ##[endgroup]
Verify	Audit production dependencies (reviewed allowlist)	2026-10-09T15:16:11.8755842Z 
Verify	Audit production dependencies (reviewed allowlist)	2026-10-09T15:16:11.8756532Z > react-native-starter@1.0.0 audit:check
Verify	Audit production dependencies (reviewed allowlist)	2026-10-09T15:16:11.8756885Z > node scripts/check-audit.js
Verify	Audit production dependencies (reviewed allowlist)	2026-10-09T15:16:11.8756993Z 
Verify	Audit production dependencies (reviewed allowlist)	2026-10-09T15:16:13.5646530Z high     braces GHSA-vfj7-8cjw-p6xm: allowlisted until 2027-01-09 (https://github.com/koniz-dev/react-native-starter/issues/43)
Verify	Audit production dependencies (reviewed allowlist)	2026-10-09T15:16:13.5647584Z high     node-forge GHSA-86w9-cpqp-85rv: allowlisted until 2027-01-09 (https://github.com/koniz-dev/react-native-starter/issues/43)
Verify	Audit production dependencies (reviewed allowlist)	2026-10-09T15:16:13.5648338Z moderate decode-uri-component GHSA-vcc3-ghjq-m6fr: reported (not gated)
Verify	Audit production dependencies (reviewed allowlist)	2026-10-09T15:16:13.5648892Z moderate sprintf-js GHSA-hp3w-g68c-fv3c: reported (not gated)
Verify	Audit production dependencies (reviewed allowlist)	2026-10-09T15:16:13.5649309Z moderate uuid GHSA-w5hq-g745-h8pq: reported (not gated)
Verify	Audit production dependencies (reviewed allowlist)	2026-10-09T15:16:13.5649665Z npm audit --omit=dev: 5 advisories (records: 0 critical, 45 high, 16 moderate, 0 low).
Verify	Audit production dependencies (reviewed allowlist)	2026-10-09T15:16:13.5650016Z No unreviewed high or critical advisories.
Verify	Export web build	﻿2026-10-09T15:16:13.5807898Z ##[group]Run npx expo export --platform web --output-dir dist
Verify	Export web build	2026-10-09T15:16:13.5808391Z ^[[36;1mnpx expo export --platform web --output-dir dist^[[0m
Verify	Export web build	2026-10-09T15:16:13.5864389Z shell: /usr/bin/bash -e {0}
Verify	Export web build	2026-10-09T15:16:13.5864680Z ##[endgroup]
Verify	Export web build	2026-10-09T15:16:14.3607912Z Starting Metro Bundler
Verify	Export web build	2026-10-09T15:16:14.3608189Z 
Verify	Export web build	2026-10-09T15:16:28.0687262Z Web Bundled 13501ms index.ts (1183 modules)
Verify	Export web build	2026-10-09T15:16:28.3617321Z 
Verify	Export web build	2026-10-09T15:16:28.3625026Z › Assets (19):
Verify	Export web build	2026-10-09T15:16:28.3670047Z node_modules/@expo/vector-icons/build/vendor/react-native-vector-icons/Fonts/MaterialCommunityIcons.6e435534bd35da5fef04168860a9b8fa.ttf (1.3MB)
Verify	Export web build	2026-10-09T15:16:28.3670953Z node_modules/expo-router/assets/arrow_down.017bc6ba3fc25503e5eb5e53826d48a8.png (9.5KB)
Verify	Export web build	2026-10-09T15:16:28.3673271Z node_modules/expo-router/assets/error.d1ea1496f9057eb392d5bbf3732a61b7.png (469B)
Verify	Export web build	2026-10-09T15:16:28.3673940Z node_modules/expo-router/assets/file.19eeb73b9593a38f8e9f418337fc7d10.png (138B)
Verify	Export web build	2026-10-09T15:16:28.3674533Z node_modules/expo-router/assets/forward.d8b800c443b8972542883e0b9de2bdc6.png (188B)
Verify	Export web build	2026-10-09T15:16:28.3675232Z node_modules/expo-router/assets/pkg.ab19f4cbc543357183a20571f68380a3.png (364B)
Verify	Export web build	2026-10-09T15:16:28.3676199Z node_modules/expo-router/assets/react-navigation/elements/back-icon-mask.0a328cd9c1afd0afe8e3b1ec5165b1b4.png (653B)
Verify	Export web build	2026-10-09T15:16:28.3677247Z node_modules/expo-router/assets/react-navigation/elements/back-icon.35ba0eaec5a4f5ed12ca16fabeae451d.png (207B)
Verify	Export web build	2026-10-09T15:16:28.3679000Z node_modules/expo-router/assets/react-navigation/elements/clear-icon.c94f6478e7ae0cdd9f15de1fcb9e5e55.png (4 variations | 425B)
Verify	Export web build	2026-10-09T15:16:28.3682278Z node_modules/expo-router/assets/react-navigation/elements/close-icon.808e1b1b9b53114ec2838071a7e6daa7.png (4 variations | 235B)
Verify	Export web build	2026-10-09T15:16:28.3683950Z node_modules/expo-router/assets/react-navigation/elements/search-icon.286d67d3f74808a60a78d3ebf1a5fb57.png (928B)
Verify	Export web build	2026-10-09T15:16:28.3684819Z node_modules/expo-router/assets/sitemap.412dd9275b6b48ad28f5e3d81bb1f626.png (465B)
Verify	Export web build	2026-10-09T15:16:28.3685452Z node_modules/expo-router/assets/unmatched.20e71bdf79e3a97bf55fd9e164041578.png (4.8KB)
Verify	Export web build	2026-10-09T15:16:28.3686738Z 
Verify	Export web build	2026-10-09T15:16:28.3687479Z › web bundles (1):
Verify	Export web build	2026-10-09T15:16:28.3710832Z _expo/static/js/web/index-14f4dd7c025af96aa8269c60165e53bc.js (2.3MB)
Verify	Export web build	2026-10-09T15:16:28.3711129Z 
Verify	Export web build	2026-10-09T15:16:28.3711706Z › Files (3):
Verify	Export web build	2026-10-09T15:16:28.3712383Z favicon.ico (15KB)
Verify	Export web build	2026-10-09T15:16:28.3713143Z index.html (1.2KB)
Verify	Export web build	2026-10-09T15:16:28.3713314Z metadata.json (49B)
Verify	Export web build	2026-10-09T15:16:28.3775933Z 
Verify	Export web build	2026-10-09T15:16:28.3780303Z Exported: dist
Verify	Check docs (snippets compile, paths and scripts exist)	﻿2026-10-09T15:16:28.5308603Z ##[group]Run npm install --no-save zustand@5 @reduxjs/toolkit@2 react-redux@9 jotai@3
Verify	Check docs (snippets compile, paths and scripts exist)	2026-10-09T15:16:28.5308975Z ^[[36;1mnpm install --no-save zustand@5 @reduxjs/toolkit@2 react-redux@9 jotai@3^[[0m
Verify	Check docs (snippets compile, paths and scripts exist)	2026-10-09T15:16:28.5309209Z ^[[36;1mnpm run docs:check^[[0m
Verify	Check docs (snippets compile, paths and scripts exist)	2026-10-09T15:16:28.5365118Z shell: /usr/bin/bash -e {0}
Verify	Check docs (snippets compile, paths and scripts exist)	2026-10-09T15:16:28.5365290Z ##[endgroup]
Verify	Check docs (snippets compile, paths and scripts exist)	2026-10-09T15:16:30.9723151Z 
Verify	Check docs (snippets compile, paths and scripts exist)	2026-10-09T15:16:30.9723961Z added 12 packages, and audited 1080 packages in 2s
Verify	Check docs (snippets compile, paths and scripts exist)	2026-10-09T15:16:30.9724291Z 
Verify	Check docs (snippets compile, paths and scripts exist)	2026-10-09T15:16:30.9724449Z 181 packages are looking for funding
Verify	Check docs (snippets compile, paths and scripts exist)	2026-10-09T15:16:30.9724727Z   run `npm fund` for details
Verify	Check docs (snippets compile, paths and scripts exist)	2026-10-09T15:16:31.0850349Z 
Verify	Check docs (snippets compile, paths and scripts exist)	2026-10-09T15:16:31.0851133Z 65 vulnerabilities (16 moderate, 49 high)
Verify	Check docs (snippets compile, paths and scripts exist)	2026-10-09T15:16:31.0851410Z 
Verify	Check docs (snippets compile, paths and scripts exist)	2026-10-09T15:16:31.0851607Z To address all issues (including breaking changes), run:
Verify	Check docs (snippets compile, paths and scripts exist)	2026-10-09T15:16:31.0851950Z   npm audit fix --force
Verify	Check docs (snippets compile, paths and scripts exist)	2026-10-09T15:16:31.0852332Z 
Verify	Check docs (snippets compile, paths and scripts exist)	2026-10-09T15:16:31.0852623Z Run `npm audit` for details.
Verify	Check docs (snippets compile, paths and scripts exist)	2026-10-09T15:16:31.1875464Z 
Verify	Check docs (snippets compile, paths and scripts exist)	2026-10-09T15:16:31.1876366Z > react-native-starter@1.0.0 docs:check
Verify	Check docs (snippets compile, paths and scripts exist)	2026-10-09T15:16:31.1876941Z > node scripts/check-docs.js
Verify	Check docs (snippets compile, paths and scripts exist)	2026-10-09T15:16:31.1877073Z 
Verify	Check docs (snippets compile, paths and scripts exist)	2026-10-09T15:16:32.8080674Z Checked 17 files: 35 TypeScript snippets compiled with tsc.
Verify	Check docs (snippets compile, paths and scripts exist)	2026-10-09T15:16:32.8081207Z No problems.
Verify	Post Set up Node.js	﻿2026-10-09T15:16:32.8270375Z Post job cleanup.
Verify	Post Set up Node.js	2026-10-09T15:16:32.9178678Z (node:2643) [DEP0040] DeprecationWarning: The `punycode` module is deprecated. Please use a userland alternative instead.
Verify	Post Set up Node.js	2026-10-09T15:16:32.9179217Z (Use `node --trace-deprecation ...` to show where the warning was created)
Verify	Post Set up Node.js	2026-10-09T15:16:32.9181046Z Cache hit occurred on the primary key node-cache-Linux-x64-npm-10f9dc59c99c82563481e37a50745bae137261a45ffc8c4ba105eb544b91396b, not saving cache.
Verify	Post Check out repository	﻿2026-10-09T15:16:32.9297623Z Post job cleanup.
Verify	Post Check out repository	2026-10-09T15:16:32.9907299Z [command]/usr/bin/git version
Verify	Post Check out repository	2026-10-09T15:16:32.9943776Z git version 2.55.0
Verify	Post Check out repository	2026-10-09T15:16:32.9971058Z Temporarily overriding HOME='/home/runner/work/_temp/1d28efd8-7d3c-4df4-9b8a-570ba34378f9' before making global git config changes
Verify	Post Check out repository	2026-10-09T15:16:32.9971888Z Adding repository directory to the temporary git global config as a safe directory
Verify	Post Check out repository	2026-10-09T15:16:32.9976023Z [command]/usr/bin/git config --global --add safe.directory /home/runner/work/react-native-starter/react-native-starter
Verify	Post Check out repository	2026-10-09T15:16:33.0018125Z [command]/usr/bin/git config --local --name-only --get-regexp core\.sshCommand
Verify	Post Check out repository	2026-10-09T15:16:33.0053837Z [command]/usr/bin/git submodule foreach --recursive sh -c "git config --local --name-only --get-regexp 'core\.sshCommand' && git config --local --unset-all 'core.sshCommand' || :"
Verify	Post Check out repository	2026-10-09T15:16:33.0273795Z [command]/usr/bin/git config --local --name-only --get-regexp http\.https\:\/\/github\.com\/\.extraheader
Verify	Post Check out repository	2026-10-09T15:16:33.0303299Z http.https://github.com/.extraheader
Verify	Post Check out repository	2026-10-09T15:16:33.0315345Z [command]/usr/bin/git config --local --unset-all http.https://github.com/.extraheader
Verify	Post Check out repository	2026-10-09T15:16:33.0356584Z [command]/usr/bin/git submodule foreach --recursive sh -c "git config --local --name-only --get-regexp 'http\.https\:\/\/github\.com\/\.extraheader' && git config --local --unset-all 'http.https://github.com/.extraheader' || :"
Verify	Post Check out repository	2026-10-09T15:16:33.0577309Z [command]/usr/bin/git config --local --name-only --get-regexp ^includeIf\.gitdir:
Verify	Post Check out repository	2026-10-09T15:16:33.0614716Z [command]/usr/bin/git submodule foreach --recursive git config --local --show-origin --name-only --get-regexp remote.origin.url
Verify	Complete job	﻿2026-10-09T15:16:33.0946585Z Cleaning up orphan processes
Verify	Complete job	2026-10-09T15:16:33.1181997Z ##[warning]Node.js 20 is deprecated. The following actions target Node.js 20 but are being forced to run on Node.js 24: actions/checkout@v4, actions/setup-node@v4. For more information see: https://github.blog/changelog/2025-09-19-deprecation-of-node-20-on-github-actions-runners/
