# npm audit fix (no --force): lockfile version changes
node_modules/@eslint/config-array/node_modules/brace-expansion: 1.1.12 -> 1.1.21
node_modules/@eslint/config-array/node_modules/minimatch: 3.1.2 -> 3.1.5
node_modules/@eslint/eslintrc/node_modules/brace-expansion: 1.1.12 -> 1.1.21
node_modules/@eslint/eslintrc/node_modules/js-yaml: 4.1.0 -> 4.3.2
node_modules/@eslint/eslintrc/node_modules/minimatch: 3.1.2 -> 3.1.5
node_modules/@expo/cli: None -> 57.0.28
node_modules/@expo/cli/node_modules/@expo/router-server: None -> 57.0.12
node_modules/@expo/cli/node_modules/accepts: None -> 1.3.8
node_modules/@expo/cli/node_modules/ci-info: None -> 3.9.0
node_modules/@expo/cli/node_modules/negotiator: None -> 0.6.3
node_modules/@expo/cli/node_modules/picomatch: None -> 4.0.7
node_modules/@expo/cli/node_modules/zod: None -> 3.25.76
node_modules/@humanfs/core: 0.19.1 -> 0.19.2
node_modules/@humanfs/node: 0.16.7 -> 0.16.8
node_modules/@humanfs/types: None -> 0.15.0
node_modules/@jest/reporters/node_modules/brace-expansion: 1.1.12 -> 1.1.21
node_modules/@jest/reporters/node_modules/minimatch: 3.1.2 -> 3.1.5
node_modules/@tootallnate/once: 2.0.0 -> 2.0.1
node_modules/ajv: 6.12.6 -> 6.15.0
node_modules/eslint-plugin-react/node_modules/brace-expansion: 1.1.12 -> 1.1.21
node_modules/eslint-plugin-react/node_modules/minimatch: 3.1.2 -> 3.1.5
node_modules/eslint/node_modules/brace-expansion: 1.1.12 -> 1.1.21
node_modules/eslint/node_modules/minimatch: 3.1.2 -> 3.1.5
node_modules/expo/node_modules/@expo/cli: 57.0.28 -> None
node_modules/expo/node_modules/@expo/cli/node_modules/@expo/router-server: 57.0.12 -> None
node_modules/expo/node_modules/accepts: 1.3.8 -> None
node_modules/expo/node_modules/ci-info: 3.9.0 -> None
node_modules/expo/node_modules/negotiator: 0.6.3 -> None
node_modules/expo/node_modules/picomatch: 4.0.7 -> None
node_modules/expo/node_modules/zod: 3.25.76 -> None
node_modules/flatted: 3.3.3 -> 3.4.4
node_modules/jest-config/node_modules/brace-expansion: 1.1.12 -> 1.1.21
node_modules/jest-config/node_modules/minimatch: 3.1.2 -> 3.1.5
node_modules/jest-runtime/node_modules/brace-expansion: 1.1.12 -> 1.1.21
node_modules/jest-runtime/node_modules/minimatch: 3.1.2 -> 3.1.5
node_modules/js-yaml: 3.14.1 -> 3.15.2
node_modules/lodash: 4.17.21 -> 4.18.1
node_modules/test-exclude/node_modules/brace-expansion: 1.1.12 -> 1.1.21
node_modules/test-exclude/node_modules/minimatch: 3.1.2 -> 3.1.5

# Then: npm ci, npx expo export --platform ios --platform android --platform web: exit 0
Web Bundled 29542ms index.ts (1182 modules)
iOS Bundled 38520ms index.ts (1447 modules)
Android Bundled 46186ms index.ts (1573 modules)
Exported: dist41
