Verify	Set up job	﻿2026-10-09T15:09:02.9789196Z Current runner version: '2.337.0'
Verify	Set up job	2026-10-09T15:09:02.9806650Z ##[group]Runner Image Provisioner
Verify	Set up job	2026-10-09T15:09:02.9807194Z Hosted Compute Agent
Verify	Set up job	2026-10-09T15:09:02.9807609Z Version: 20261002.596
Verify	Set up job	2026-10-09T15:09:02.9808025Z Commit: c3d12f3313a95f25162a1503be624f3b0617f8c0
Verify	Set up job	2026-10-09T15:09:02.9808677Z Build Date: 2026-10-02T22:28:27Z
Verify	Set up job	2026-10-09T15:09:02.9809138Z Worker ID: {ccd62af6-0016-44c2-81dd-ec3ef035c37d}
Verify	Set up job	2026-10-09T15:09:02.9809569Z Region: centralus
Verify	Set up job	2026-10-09T15:09:02.9809897Z Cloud: Azure
Verify	Set up job	2026-10-09T15:09:02.9810304Z ##[endgroup]
Verify	Set up job	2026-10-09T15:09:02.9811215Z ##[group]Operating System
Verify	Set up job	2026-10-09T15:09:02.9811620Z Ubuntu
Verify	Set up job	2026-10-09T15:09:02.9811942Z 24.04.5
Verify	Set up job	2026-10-09T15:09:02.9812245Z LTS
Verify	Set up job	2026-10-09T15:09:02.9812609Z ##[endgroup]
Verify	Set up job	2026-10-09T15:09:02.9812971Z ##[group]Runner Image
Verify	Set up job	2026-10-09T15:09:02.9813349Z Image: ubuntu-24.04
Verify	Set up job	2026-10-09T15:09:02.9813702Z Version: 20261004.327.1
Verify	Set up job	2026-10-09T15:09:02.9814321Z Included Software: https://github.com/actions/runner-images/blob/ubuntu24/20261004.327/images/ubuntu/Ubuntu2404-Readme.md
Verify	Set up job	2026-10-09T15:09:02.9815699Z Image Release: https://github.com/actions/runner-images/releases/tag/ubuntu24%2F20261004.327
Verify	Set up job	2026-10-09T15:09:02.9816306Z ##[endgroup]
Verify	Set up job	2026-10-09T15:09:02.9816955Z ##[group]GITHUB_TOKEN Permissions
Verify	Set up job	2026-10-09T15:09:02.9818498Z Contents: read
Verify	Set up job	2026-10-09T15:09:02.9818897Z Metadata: read
Verify	Set up job	2026-10-09T15:09:02.9819229Z ##[endgroup]
Verify	Set up job	2026-10-09T15:09:02.9820600Z Secret source: Actions
Verify	Set up job	2026-10-09T15:09:02.9821148Z Cache mode: write
Verify	Set up job	2026-10-09T15:09:02.9821800Z Prepare workflow directory
Verify	Set up job	2026-10-09T15:09:03.0033621Z Prepare all required actions
Verify	Set up job	2026-10-09T15:09:03.0067053Z Getting action download info
Verify	Set up job	2026-10-09T15:09:03.2648691Z Download action repository 'actions/checkout@v4' (SHA:11d5960a326750d5838078e36cf38b85af677262)
Verify	Set up job	2026-10-09T15:09:03.3305270Z Download action repository 'actions/setup-node@v4' (SHA:49933ea5288caeca8642d1e84afbd3f7d6820020)
Verify	Set up job	2026-10-09T15:09:03.4905254Z Complete job name: Verify
Verify	Check out repository	﻿2026-10-09T15:09:03.5419278Z ##[group]Run actions/checkout@v4
Verify	Check out repository	2026-10-09T15:09:03.5419715Z with:
Verify	Check out repository	2026-10-09T15:09:03.5420053Z   repository: koniz-dev/react-native-starter
Verify	Check out repository	2026-10-09T15:09:03.5422064Z   token: ***
Verify	Check out repository	2026-10-09T15:09:03.5422293Z   ssh-strict: true
Verify	Check out repository	2026-10-09T15:09:03.5422529Z   ssh-user: git
Verify	Check out repository	2026-10-09T15:09:03.5422773Z   persist-credentials: true
Verify	Check out repository	2026-10-09T15:09:03.5423026Z   clean: true
Verify	Check out repository	2026-10-09T15:09:03.5423269Z   sparse-checkout-cone-mode: true
Verify	Check out repository	2026-10-09T15:09:03.5423543Z   fetch-depth: 1
Verify	Check out repository	2026-10-09T15:09:03.5423833Z   fetch-tags: false
Verify	Check out repository	2026-10-09T15:09:03.5424071Z   show-progress: true
Verify	Check out repository	2026-10-09T15:09:03.5424329Z   lfs: false
Verify	Check out repository	2026-10-09T15:09:03.5424546Z   submodules: false
Verify	Check out repository	2026-10-09T15:09:03.5424790Z   set-safe-directory: true
Verify	Check out repository	2026-10-09T15:09:03.5425064Z   allow-unsafe-pr-checkout: false
Verify	Check out repository	2026-10-09T15:09:03.5425416Z ##[endgroup]
Verify	Check out repository	2026-10-09T15:09:03.6086034Z Syncing repository: koniz-dev/react-native-starter
Verify	Check out repository	2026-10-09T15:09:03.6087473Z ##[group]Getting Git version info
Verify	Check out repository	2026-10-09T15:09:03.6088148Z Working directory is '/home/runner/work/react-native-starter/react-native-starter'
Verify	Check out repository	2026-10-09T15:09:03.6089062Z [command]/usr/bin/git version
Verify	Check out repository	2026-10-09T15:09:03.6138177Z git version 2.55.0
Verify	Check out repository	2026-10-09T15:09:03.6152343Z ##[endgroup]
Verify	Check out repository	2026-10-09T15:09:03.6164208Z Temporarily overriding HOME='/home/runner/work/_temp/cad28f99-56f2-4a94-974d-d896ebb38208' before making global git config changes
Verify	Check out repository	2026-10-09T15:09:03.6165308Z Adding repository directory to the temporary git global config as a safe directory
Verify	Check out repository	2026-10-09T15:09:03.6168097Z [command]/usr/bin/git config --global --add safe.directory /home/runner/work/react-native-starter/react-native-starter
Verify	Check out repository	2026-10-09T15:09:03.6214305Z Deleting the contents of '/home/runner/work/react-native-starter/react-native-starter'
Verify	Check out repository	2026-10-09T15:09:03.6217602Z ##[group]Initializing the repository
Verify	Check out repository	2026-10-09T15:09:03.6221035Z [command]/usr/bin/git init /home/runner/work/react-native-starter/react-native-starter
Verify	Check out repository	2026-10-09T15:09:03.6320067Z hint: Using 'master' as the name for the initial branch. This default branch name
Verify	Check out repository	2026-10-09T15:09:03.6320869Z hint: will change to "main" in Git 3.0. To configure the initial branch name
Verify	Check out repository	2026-10-09T15:09:03.6321427Z hint: to use in all of your new repositories, which will suppress this warning,
Verify	Check out repository	2026-10-09T15:09:03.6322020Z hint: call:
Verify	Check out repository	2026-10-09T15:09:03.6322235Z hint:
Verify	Check out repository	2026-10-09T15:09:03.6322510Z hint: 	git config --global init.defaultBranch <name>
Verify	Check out repository	2026-10-09T15:09:03.6322998Z hint:
Verify	Check out repository	2026-10-09T15:09:03.6323493Z hint: Names commonly chosen instead of 'master' are 'main', 'trunk' and
Verify	Check out repository	2026-10-09T15:09:03.6324255Z hint: 'development'. The just-created branch can be renamed via this command:
Verify	Check out repository	2026-10-09T15:09:03.6324730Z hint:
Verify	Check out repository	2026-10-09T15:09:03.6325073Z hint: 	git branch -m <name>
Verify	Check out repository	2026-10-09T15:09:03.6325466Z hint:
Verify	Check out repository	2026-10-09T15:09:03.6325987Z hint: Disable this message with "git config set advice.defaultBranchName false"
Verify	Check out repository	2026-10-09T15:09:03.6327150Z Initialized empty Git repository in /home/runner/work/react-native-starter/react-native-starter/.git/
Verify	Check out repository	2026-10-09T15:09:03.6334491Z [command]/usr/bin/git remote add origin https://github.com/koniz-dev/react-native-starter
Verify	Check out repository	2026-10-09T15:09:03.6378468Z ##[endgroup]
Verify	Check out repository	2026-10-09T15:09:03.6379174Z ##[group]Disabling automatic garbage collection
Verify	Check out repository	2026-10-09T15:09:03.6380718Z [command]/usr/bin/git config --local gc.auto 0
Verify	Check out repository	2026-10-09T15:09:03.6407575Z ##[endgroup]
Verify	Check out repository	2026-10-09T15:09:03.6408295Z ##[group]Setting up auth
Verify	Check out repository	2026-10-09T15:09:03.6412857Z [command]/usr/bin/git config --local --name-only --get-regexp core\.sshCommand
Verify	Check out repository	2026-10-09T15:09:03.6442672Z [command]/usr/bin/git submodule foreach --recursive sh -c "git config --local --name-only --get-regexp 'core\.sshCommand' && git config --local --unset-all 'core.sshCommand' || :"
Verify	Check out repository	2026-10-09T15:09:03.6733541Z [command]/usr/bin/git config --local --name-only --get-regexp http\.https\:\/\/github\.com\/\.extraheader
Verify	Check out repository	2026-10-09T15:09:03.6761596Z [command]/usr/bin/git submodule foreach --recursive sh -c "git config --local --name-only --get-regexp 'http\.https\:\/\/github\.com\/\.extraheader' && git config --local --unset-all 'http.https://github.com/.extraheader' || :"
Verify	Check out repository	2026-10-09T15:09:03.6934282Z [command]/usr/bin/git config --local --name-only --get-regexp ^includeIf\.gitdir:
Verify	Check out repository	2026-10-09T15:09:03.6962208Z [command]/usr/bin/git submodule foreach --recursive git config --local --show-origin --name-only --get-regexp remote.origin.url
Verify	Check out repository	2026-10-09T15:09:03.7133091Z [command]/usr/bin/git config --local http.https://github.com/.extraheader AUTHORIZATION: basic ***
Verify	Check out repository	2026-10-09T15:09:03.7164560Z ##[endgroup]
Verify	Check out repository	2026-10-09T15:09:03.7165242Z ##[group]Fetching the repository
Verify	Check out repository	2026-10-09T15:09:03.7171481Z [command]/usr/bin/git -c protocol.version=2 fetch --no-tags --prune --no-recurse-submodules --depth=1 origin +d41f578f2980ffe0838a2ac6a496a1172d54cd59:refs/remotes/origin/main
Verify	Check out repository	2026-10-09T15:09:05.2770409Z From https://github.com/koniz-dev/react-native-starter
Verify	Check out repository	2026-10-09T15:09:05.2772180Z  * [new ref]         d41f578f2980ffe0838a2ac6a496a1172d54cd59 -> origin/main
Verify	Check out repository	2026-10-09T15:09:05.2775190Z ##[endgroup]
Verify	Check out repository	2026-10-09T15:09:05.2776226Z ##[group]Determining the checkout info
Verify	Check out repository	2026-10-09T15:09:05.2777346Z ##[endgroup]
Verify	Check out repository	2026-10-09T15:09:05.2779463Z [command]/usr/bin/git sparse-checkout disable
Verify	Check out repository	2026-10-09T15:09:05.2822712Z [command]/usr/bin/git config --local --unset-all extensions.worktreeConfig
Verify	Check out repository	2026-10-09T15:09:05.2886740Z ##[group]Checking out the ref
Verify	Check out repository	2026-10-09T15:09:05.2887816Z [command]/usr/bin/git checkout --progress --force -B main refs/remotes/origin/main
Verify	Check out repository	2026-10-09T15:09:05.3541432Z Switched to a new branch 'main'
Verify	Check out repository	2026-10-09T15:09:05.3546250Z branch 'main' set up to track 'origin/main'.
Verify	Check out repository	2026-10-09T15:09:05.3554188Z ##[endgroup]
Verify	Check out repository	2026-10-09T15:09:05.3589954Z [command]/usr/bin/git log -1 --format=%H
Verify	Check out repository	2026-10-09T15:09:05.3611260Z d41f578f2980ffe0838a2ac6a496a1172d54cd59
Verify	Set up Node.js	﻿2026-10-09T15:09:05.3877246Z ##[group]Run actions/setup-node@v4
Verify	Set up Node.js	2026-10-09T15:09:05.3878008Z with:
Verify	Set up Node.js	2026-10-09T15:09:05.3878708Z   node-version-file: .nvmrc
Verify	Set up Node.js	2026-10-09T15:09:05.3879365Z   cache: npm
Verify	Set up Node.js	2026-10-09T15:09:05.3879927Z   always-auth: false
Verify	Set up Node.js	2026-10-09T15:09:05.3880542Z   check-latest: false
Verify	Set up Node.js	2026-10-09T15:09:05.3886423Z   token: ***
Verify	Set up Node.js	2026-10-09T15:09:05.3886984Z ##[endgroup]
Verify	Set up Node.js	2026-10-09T15:09:05.4745028Z Resolved .nvmrc as 24
Verify	Set up Node.js	2026-10-09T15:09:05.4823624Z (node:2133) [DEP0040] DeprecationWarning: The `punycode` module is deprecated. Please use a userland alternative instead.
Verify	Set up Node.js	2026-10-09T15:09:05.4827664Z (Use `node --trace-deprecation ...` to show where the warning was created)
Verify	Set up Node.js	2026-10-09T15:09:05.4832162Z Found in cache @ /opt/hostedtoolcache/node/24.21.0/x64
Verify	Set up Node.js	2026-10-09T15:09:05.4833520Z ##[group]Environment details
Verify	Set up Node.js	2026-10-09T15:09:05.7887554Z node: v24.21.0
Verify	Set up Node.js	2026-10-09T15:09:05.7888805Z npm: 11.19.0
Verify	Set up Node.js	2026-10-09T15:09:05.7889470Z yarn: 1.22.22
Verify	Set up Node.js	2026-10-09T15:09:05.7890791Z ##[endgroup]
Verify	Set up Node.js	2026-10-09T15:09:05.7901429Z [command]/opt/hostedtoolcache/node/24.21.0/x64/bin/npm config get cache
Verify	Set up Node.js	2026-10-09T15:09:05.8650362Z /home/runner/.npm
Verify	Set up Node.js	2026-10-09T15:09:05.9980434Z npm cache is not found
Verify	Install dependencies	﻿2026-10-09T15:09:06.2082330Z ##[group]Run npm ci
Verify	Install dependencies	2026-10-09T15:09:06.2082587Z ^[[36;1mnpm ci^[[0m
Verify	Install dependencies	2026-10-09T15:09:06.2313337Z shell: /usr/bin/bash -e {0}
Verify	Install dependencies	2026-10-09T15:09:06.2313559Z ##[endgroup]
Verify	Install dependencies	2026-10-09T15:09:08.1350535Z npm warn deprecated uuid@7.0.3: uuid@10 and below is no longer supported.  For ESM codebases, update to uuid@latest.  For CommonJS codebases, use uuid@11 (but be aware this version will likely be deprecated in 2028).
Verify	Install dependencies	2026-10-09T15:09:08.9397119Z npm warn deprecated inflight@1.0.6: This module is not supported, and leaks memory. Do not use it. Check out lru-cache if you want a good and tested way to coalesce async requests by a key value, which is much more comprehensive and powerful.
Verify	Install dependencies	2026-10-09T15:09:09.4690113Z npm warn deprecated domexception@4.0.0: Use your platform's native DOMException instead
Verify	Install dependencies	2026-10-09T15:09:09.8027740Z npm warn deprecated abab@2.0.6: Use your platform's native atob() and btoa() methods instead
Verify	Install dependencies	2026-10-09T15:09:10.7844979Z npm warn deprecated glob@7.2.3: Glob versions prior to v9 are no longer supported
Verify	Install dependencies	2026-10-09T15:09:10.9923163Z npm warn deprecated glob@7.2.3: Glob versions prior to v9 are no longer supported
Verify	Install dependencies	2026-10-09T15:09:11.0228920Z npm warn deprecated glob@7.2.3: Glob versions prior to v9 are no longer supported
Verify	Install dependencies	2026-10-09T15:09:11.1806554Z npm warn deprecated glob@7.2.3: Glob versions prior to v9 are no longer supported
Verify	Install dependencies	2026-10-09T15:09:20.1286991Z 
Verify	Install dependencies	2026-10-09T15:09:20.1287800Z added 1067 packages, and audited 1068 packages in 14s
Verify	Install dependencies	2026-10-09T15:09:20.1289571Z 
Verify	Install dependencies	2026-10-09T15:09:20.1289908Z 180 packages are looking for funding
Verify	Install dependencies	2026-10-09T15:09:20.1290676Z   run `npm fund` for details
Verify	Install dependencies	2026-10-09T15:09:20.2321072Z 
Verify	Install dependencies	2026-10-09T15:09:20.2321968Z 65 vulnerabilities (16 moderate, 49 high)
Verify	Install dependencies	2026-10-09T15:09:20.2322161Z 
Verify	Install dependencies	2026-10-09T15:09:20.2322317Z To address all issues (including breaking changes), run:
Verify	Install dependencies	2026-10-09T15:09:20.2322544Z   npm audit fix --force
Verify	Install dependencies	2026-10-09T15:09:20.2322655Z 
Verify	Install dependencies	2026-10-09T15:09:20.2322730Z Run `npm audit` for details.
Verify	Lint	﻿2026-10-09T15:09:20.3047100Z ##[group]Run npm run lint
Verify	Lint	2026-10-09T15:09:20.3047296Z ^[[36;1mnpm run lint^[[0m
Verify	Lint	2026-10-09T15:09:20.3103218Z shell: /usr/bin/bash -e {0}
Verify	Lint	2026-10-09T15:09:20.3103382Z ##[endgroup]
Verify	Lint	2026-10-09T15:09:20.3761620Z 
Verify	Lint	2026-10-09T15:09:20.3762313Z > react-native-starter@1.0.0 lint
Verify	Lint	2026-10-09T15:09:20.3762623Z > eslint . --max-warnings 0
Verify	Lint	2026-10-09T15:09:20.3762725Z 
Verify	Check formatting	﻿2026-10-09T15:09:24.6933706Z ##[group]Run npm run format:check
Verify	Check formatting	2026-10-09T15:09:24.6933976Z ^[[36;1mnpm run format:check^[[0m
Verify	Check formatting	2026-10-09T15:09:24.6986889Z shell: /usr/bin/bash -e {0}
Verify	Check formatting	2026-10-09T15:09:24.6987041Z ##[endgroup]
Verify	Check formatting	2026-10-09T15:09:24.7642400Z 
Verify	Check formatting	2026-10-09T15:09:24.7642853Z > react-native-starter@1.0.0 format:check
Verify	Check formatting	2026-10-09T15:09:24.7643253Z > prettier --check "**/*.{ts,tsx,js,jsx,json,md}"
Verify	Check formatting	2026-10-09T15:09:24.7643395Z 
Verify	Check formatting	2026-10-09T15:09:24.8175737Z Checking formatting...
Verify	Check formatting	2026-10-09T15:09:26.1243594Z All matched files use Prettier code style!
Verify	Type-check	﻿2026-10-09T15:09:26.1557356Z ##[group]Run npm run type-check
Verify	Type-check	2026-10-09T15:09:26.1557566Z ^[[36;1mnpm run type-check^[[0m
Verify	Type-check	2026-10-09T15:09:26.1610059Z shell: /usr/bin/bash -e {0}
Verify	Type-check	2026-10-09T15:09:26.1610211Z ##[endgroup]
Verify	Type-check	2026-10-09T15:09:26.2275074Z 
Verify	Type-check	2026-10-09T15:09:26.2275679Z > react-native-starter@1.0.0 type-check
Verify	Type-check	2026-10-09T15:09:26.2275957Z > tsc --noEmit
Verify	Type-check	2026-10-09T15:09:26.2276033Z 
Verify	Run Jest tests	﻿2026-10-09T15:09:28.0442307Z ##[group]Run npm run test:ci
Verify	Run Jest tests	2026-10-09T15:09:28.0442500Z ^[[36;1mnpm run test:ci^[[0m
Verify	Run Jest tests	2026-10-09T15:09:28.0494468Z shell: /usr/bin/bash -e {0}
Verify	Run Jest tests	2026-10-09T15:09:28.0494643Z ##[endgroup]
Verify	Run Jest tests	2026-10-09T15:09:28.1148479Z 
Verify	Run Jest tests	2026-10-09T15:09:28.1149112Z > react-native-starter@1.0.0 test:ci
Verify	Run Jest tests	2026-10-09T15:09:28.1149372Z > jest --coverage
Verify	Run Jest tests	2026-10-09T15:09:28.1149454Z 
Verify	Run Jest tests	2026-10-09T15:09:31.1189728Z PASS __tests__/shared/lib/logger.test.ts
Verify	Run Jest tests	2026-10-09T15:09:31.3619799Z PASS __tests__/shared/session/authService.test.ts
Verify	Run Jest tests	2026-10-09T15:09:31.5036512Z PASS __tests__/shared/config/env.test.ts
Verify	Run Jest tests	2026-10-09T15:09:31.6939840Z PASS __tests__/shared/http/api.test.ts
Verify	Run Jest tests	2026-10-09T15:09:31.7140143Z   ● Console
Verify	Run Jest tests	2026-10-09T15:09:31.7159011Z 
Verify	Run Jest tests	2026-10-09T15:09:31.7159840Z     console.warn
Verify	Run Jest tests	2026-10-09T15:09:31.7184378Z       API request failed: server (503)
Verify	Run Jest tests	2026-10-09T15:09:31.7184915Z 
Verify	Run Jest tests	2026-10-09T15:09:31.7189441Z     ^[[0m ^[[90m 129 |^[[39m     ^[[36mconst^[[39m args ^[[33m=^[[39m [message^[[33m,^[[39m ^[[33m...^[[39mdetails^[[33m.^[[39mfilter(item ^[[33m=>^[[39m item ^[[33m!==^[[39m undefined)]^[[33m;^[[39m
Verify	Run Jest tests	2026-10-09T15:09:31.7261160Z      ^[[90m 130 |^[[39m     ^[[36mif^[[39m (level ^[[33m===^[[39m ^[[32m'error'^[[39m) console^[[33m.^[[39merror(^[[33m...^[[39margs)^[[33m;^[[39m
Verify	Run Jest tests	2026-10-09T15:09:31.7289600Z     ^[[31m^[[1m>^[[22m^[[39m^[[90m 131 |^[[39m     ^[[36melse^[[39m ^[[36mif^[[39m (level ^[[33m===^[[39m ^[[32m'warn'^[[39m) console^[[33m.^[[39mwarn(^[[33m...^[[39margs)^[[33m;^[[39m
Verify	Run Jest tests	2026-10-09T15:09:31.7290634Z      ^[[90m     |^[[39m                                        ^[[31m^[[1m^^[[22m^[[39m
Verify	Run Jest tests	2026-10-09T15:09:31.7291602Z      ^[[90m 132 |^[[39m     ^[[36melse^[[39m ^[[36mif^[[39m (level ^[[33m===^[[39m ^[[32m'info'^[[39m) console^[[33m.^[[39minfo(^[[33m...^[[39margs)^[[33m;^[[39m
Verify	Run Jest tests	2026-10-09T15:09:31.7292483Z      ^[[90m 133 |^[[39m     ^[[36melse^[[39m console^[[33m.^[[39mdebug(^[[33m...^[[39margs)^[[33m;^[[39m
Verify	Run Jest tests	2026-10-09T15:09:31.7293094Z      ^[[90m 134 |^[[39m   }^[[33m;^[[39m^[[0m
Verify	Run Jest tests	2026-10-09T15:09:31.7293409Z 
Verify	Run Jest tests	2026-10-09T15:09:31.7293691Z       at warn (shared/lib/logger.ts:131:40)
Verify	Run Jest tests	2026-10-09T15:09:31.7294216Z       at Object.write [as warn] (shared/lib/logger.ts:142:33)
Verify	Run Jest tests	2026-10-09T15:09:31.7294729Z       at warn (shared/http/httpClient.ts:139:12)
Verify	Run Jest tests	2026-10-09T15:09:31.7295352Z       at asyncGeneratorStep (node_modules/@babel/runtime/helpers/asyncToGenerator.js:3:17)
Verify	Run Jest tests	2026-10-09T15:09:31.7296042Z       at _next (node_modules/@babel/runtime/helpers/asyncToGenerator.js:17:9)
Verify	Run Jest tests	2026-10-09T15:09:31.7296645Z       at node_modules/@babel/runtime/helpers/asyncToGenerator.js:22:7
Verify	Run Jest tests	2026-10-09T15:09:31.7297222Z       at node_modules/@babel/runtime/helpers/asyncToGenerator.js:14:12
Verify	Run Jest tests	2026-10-09T15:09:31.7297757Z       at apply (shared/http/httpClient.ts:145:4)
Verify	Run Jest tests	2026-10-09T15:09:31.7298790Z       at Axios.request (node_modules/axios/dist/browser/axios.cjs:5245:14)
Verify	Run Jest tests	2026-10-09T15:09:31.7299218Z 
Verify	Run Jest tests	2026-10-09T15:09:38.1659398Z PASS __tests__/shared/http/httpClient.test.ts (9.185 s)
Verify	Run Jest tests	2026-10-09T15:09:39.7774098Z PASS __tests__/shared/ui/ErrorBoundary.test.tsx (10.71 s)
Verify	Run Jest tests	2026-10-09T15:09:39.7946160Z   ● Console
Verify	Run Jest tests	2026-10-09T15:09:39.7948157Z 
Verify	Run Jest tests	2026-10-09T15:09:39.7948893Z     console.debug
Verify	Run Jest tests	2026-10-09T15:09:39.7949342Z       [analytics] screen /boom
Verify	Run Jest tests	2026-10-09T15:09:39.7949637Z 
Verify	Run Jest tests	2026-10-09T15:09:39.7949901Z       at debug (shared/lib/logger.ts:133:18)
Verify	Run Jest tests	2026-10-09T15:09:39.7950223Z 
Verify	Run Jest tests	2026-10-09T15:09:39.7950429Z     console.debug
Verify	Run Jest tests	2026-10-09T15:09:39.7950815Z       [analytics] screen /
Verify	Run Jest tests	2026-10-09T15:09:39.7957456Z 
Verify	Run Jest tests	2026-10-09T15:09:39.7958111Z       at debug (shared/lib/logger.ts:133:18)
Verify	Run Jest tests	2026-10-09T15:09:39.7958619Z 
Verify	Run Jest tests	2026-10-09T15:09:39.7958836Z     console.debug
Verify	Run Jest tests	2026-10-09T15:09:39.8034216Z       [analytics] screen /
Verify	Run Jest tests	2026-10-09T15:09:39.8034633Z 
Verify	Run Jest tests	2026-10-09T15:09:39.8034929Z       at debug (shared/lib/logger.ts:133:18)
Verify	Run Jest tests	2026-10-09T15:09:39.8035235Z 
Verify	Run Jest tests	2026-10-09T15:09:39.8035596Z     console.debug
Verify	Run Jest tests	2026-10-09T15:09:39.8035981Z       [analytics] screen /boom
Verify	Run Jest tests	2026-10-09T15:09:39.8057521Z 
Verify	Run Jest tests	2026-10-09T15:09:39.8058354Z       at debug (shared/lib/logger.ts:133:18)
Verify	Run Jest tests	2026-10-09T15:09:39.8058722Z 
Verify	Run Jest tests	2026-10-09T15:09:39.8058955Z     console.debug
Verify	Run Jest tests	2026-10-09T15:09:39.8059336Z       [analytics] screen /
Verify	Run Jest tests	2026-10-09T15:09:39.8060014Z 
Verify	Run Jest tests	2026-10-09T15:09:39.8060290Z       at debug (shared/lib/logger.ts:133:18)
Verify	Run Jest tests	2026-10-09T15:09:39.8060597Z 
Verify	Run Jest tests	2026-10-09T15:09:39.8060808Z     console.debug
Verify	Run Jest tests	2026-10-09T15:09:39.8061132Z       [analytics] screen /
Verify	Run Jest tests	2026-10-09T15:09:39.8061395Z 
Verify	Run Jest tests	2026-10-09T15:09:39.8061661Z       at debug (shared/lib/logger.ts:133:18)
Verify	Run Jest tests	2026-10-09T15:09:39.8061963Z 
Verify	Run Jest tests	2026-10-09T15:09:39.8062186Z     console.debug
Verify	Run Jest tests	2026-10-09T15:09:39.8062545Z       [analytics] screen /boom
Verify	Run Jest tests	2026-10-09T15:09:39.8062837Z 
Verify	Run Jest tests	2026-10-09T15:09:39.8063107Z       at debug (shared/lib/logger.ts:133:18)
Verify	Run Jest tests	2026-10-09T15:09:39.8063410Z 
Verify	Run Jest tests	2026-10-09T15:09:39.8063633Z     console.debug
Verify	Run Jest tests	2026-10-09T15:09:39.8063971Z       [analytics] screen /
Verify	Run Jest tests	2026-10-09T15:09:39.8064252Z 
Verify	Run Jest tests	2026-10-09T15:09:39.8064515Z       at debug (shared/lib/logger.ts:133:18)
Verify	Run Jest tests	2026-10-09T15:09:39.8064846Z 
Verify	Run Jest tests	2026-10-09T15:09:39.8065070Z     console.debug
Verify	Run Jest tests	2026-10-09T15:09:39.8065425Z       [analytics] screen /boom
Verify	Run Jest tests	2026-10-09T15:09:39.8065706Z 
Verify	Run Jest tests	2026-10-09T15:09:39.8065986Z       at debug (shared/lib/logger.ts:133:18)
Verify	Run Jest tests	2026-10-09T15:09:39.8066299Z 
Verify	Run Jest tests	2026-10-09T15:09:39.8066517Z     console.debug
Verify	Run Jest tests	2026-10-09T15:09:39.8066850Z       [analytics] screen /
Verify	Run Jest tests	2026-10-09T15:09:39.8067117Z 
Verify	Run Jest tests	2026-10-09T15:09:39.8067380Z       at debug (shared/lib/logger.ts:133:18)
Verify	Run Jest tests	2026-10-09T15:09:39.8067694Z 
Verify	Run Jest tests	2026-10-09T15:09:39.8067907Z     console.debug
Verify	Run Jest tests	2026-10-09T15:09:39.8068385Z       [analytics] screen /boom
Verify	Run Jest tests	2026-10-09T15:09:39.8068673Z 
Verify	Run Jest tests	2026-10-09T15:09:39.8068938Z       at debug (shared/lib/logger.ts:133:18)
Verify	Run Jest tests	2026-10-09T15:09:39.8069251Z 
Verify	Run Jest tests	2026-10-09T15:09:40.0962001Z PASS __tests__/shared/session/tokenStore.test.tsx (8.355 s)
Verify	Run Jest tests	2026-10-09T15:09:40.1159801Z   ● Console
Verify	Run Jest tests	2026-10-09T15:09:40.1160482Z 
Verify	Run Jest tests	2026-10-09T15:09:40.1160748Z     console.debug
Verify	Run Jest tests	2026-10-09T15:09:40.1161136Z       [analytics] screen /login
Verify	Run Jest tests	2026-10-09T15:09:40.1161470Z 
Verify	Run Jest tests	2026-10-09T15:09:40.1161741Z       at debug (shared/lib/logger.ts:133:18)
Verify	Run Jest tests	2026-10-09T15:09:40.1162051Z 
Verify	Run Jest tests	2026-10-09T15:09:40.1162251Z     console.debug
Verify	Run Jest tests	2026-10-09T15:09:40.1162593Z       [analytics] screen /
Verify	Run Jest tests	2026-10-09T15:09:40.1162850Z 
Verify	Run Jest tests	2026-10-09T15:09:40.1163093Z       at debug (shared/lib/logger.ts:133:18)
Verify	Run Jest tests	2026-10-09T15:09:40.1163391Z 
Verify	Run Jest tests	2026-10-09T15:09:40.1163588Z     console.debug
Verify	Run Jest tests	2026-10-09T15:09:40.1163933Z       [analytics] screen /login
Verify	Run Jest tests	2026-10-09T15:09:40.1164196Z 
Verify	Run Jest tests	2026-10-09T15:09:40.1164437Z       at debug (shared/lib/logger.ts:133:18)
Verify	Run Jest tests	2026-10-09T15:09:40.1164915Z 
Verify	Run Jest tests	2026-10-09T15:09:40.1167695Z     console.debug
Verify	Run Jest tests	2026-10-09T15:09:40.1168064Z       [analytics] screen /
Verify	Run Jest tests	2026-10-09T15:09:40.1168479Z 
Verify	Run Jest tests	2026-10-09T15:09:40.1168720Z       at debug (shared/lib/logger.ts:133:18)
Verify	Run Jest tests	2026-10-09T15:09:40.1169008Z 
Verify	Run Jest tests	2026-10-09T15:09:40.1169198Z     console.debug
Verify	Run Jest tests	2026-10-09T15:09:40.1171207Z       [analytics] screen /
Verify	Run Jest tests	2026-10-09T15:09:40.1192116Z 
Verify	Run Jest tests	2026-10-09T15:09:40.1192502Z       at debug (shared/lib/logger.ts:133:18)
Verify	Run Jest tests	2026-10-09T15:09:40.1192873Z 
Verify	Run Jest tests	2026-10-09T15:09:40.3362084Z PASS __tests__/features/auth/LoginScreen.test.tsx
Verify	Run Jest tests	2026-10-09T15:09:40.3409426Z   ● Console
Verify	Run Jest tests	2026-10-09T15:09:40.3420629Z 
Verify	Run Jest tests	2026-10-09T15:09:40.3421367Z     console.error
Verify	Run Jest tests	2026-10-09T15:09:40.3421943Z       An update to SessionProvider inside a test was not wrapped in act(...).
Verify	Run Jest tests	2026-10-09T15:09:40.3422434Z       
Verify	Run Jest tests	2026-10-09T15:09:40.3422948Z       When testing, code that causes React state updates should be wrapped into act(...):
Verify	Run Jest tests	2026-10-09T15:09:40.3423446Z       
Verify	Run Jest tests	2026-10-09T15:09:40.3423739Z       act(() => {
Verify	Run Jest tests	2026-10-09T15:09:40.3424103Z         /* fire events that update state */
Verify	Run Jest tests	2026-10-09T15:09:40.3424479Z       });
Verify	Run Jest tests	2026-10-09T15:09:40.3424807Z       /* assert on the output */
Verify	Run Jest tests	2026-10-09T15:09:40.3425144Z       
Verify	Run Jest tests	2026-10-09T15:09:40.3425814Z       This ensures that you're testing the behavior the user would see in the browser. Learn more at https://react.dev/link/wrap-tests-with-act
Verify	Run Jest tests	2026-10-09T15:09:40.3448537Z 
Verify	Run Jest tests	2026-10-09T15:09:40.3479228Z     ^[[0m ^[[90m 86 |^[[39m     readStoredSession()^[[33m.^[[39mthen(restored ^[[33m=>^[[39m {
Verify	Run Jest tests	2026-10-09T15:09:40.3509199Z      ^[[90m 87 |^[[39m       ^[[36mif^[[39m (^[[33m!^[[39mchangedRef^[[33m.^[[39mcurrent ^[[33m&&^[[39m isMountedRef^[[33m.^[[39mcurrent) {
Verify	Run Jest tests	2026-10-09T15:09:40.3510487Z     ^[[31m^[[1m>^[[22m^[[39m^[[90m 88 |^[[39m         setSession(restored)^[[33m;^[[39m
Verify	Run Jest tests	2026-10-09T15:09:40.3513100Z      ^[[90m    |^[[39m         ^[[31m^[[1m^^[[22m^[[39m
Verify	Run Jest tests	2026-10-09T15:09:40.3513409Z      ^[[90m 89 |^[[39m       }
Verify	Run Jest tests	2026-10-09T15:09:40.3513691Z      ^[[90m 90 |^[[39m     })^[[33m;^[[39m
Verify	Run Jest tests	2026-10-09T15:09:40.3514091Z      ^[[90m 91 |^[[39m     ^[[90m// The HTTP client has already cleared the stored session.^[[39m^[[0m
Verify	Run Jest tests	2026-10-09T15:09:40.3514372Z 
Verify	Run Jest tests	2026-10-09T15:09:40.3514663Z       at node_modules/react-test-renderer/cjs/react-test-renderer.development.js:14402:19
Verify	Run Jest tests	2026-10-09T15:09:40.3515162Z       at runWithFiberInDEV (node_modules/react-test-renderer/cjs/react-test-renderer.development.js:2315:13)
Verify	Run Jest tests	2026-10-09T15:09:40.3515736Z       at warnIfUpdatesNotWrappedWithActDEV (node_modules/react-test-renderer/cjs/react-test-renderer.development.js:14401:9)
Verify	Run Jest tests	2026-10-09T15:09:40.3516313Z       at scheduleUpdateOnFiber (node_modules/react-test-renderer/cjs/react-test-renderer.development.js:12086:9)
Verify	Run Jest tests	2026-10-09T15:09:40.3516871Z       at dispatchSetStateInternal (node_modules/react-test-renderer/cjs/react-test-renderer.development.js:6208:13)
Verify	Run Jest tests	2026-10-09T15:09:40.3517408Z       at dispatchSetState (node_modules/react-test-renderer/cjs/react-test-renderer.development.js:6165:7)
Verify	Run Jest tests	2026-10-09T15:09:40.3517837Z       at setSession (shared/session/SessionProvider.tsx:88:9)
Verify	Run Jest tests	2026-10-09T15:09:40.3518077Z 
Verify	Run Jest tests	2026-10-09T15:09:40.3518350Z     console.error
Verify	Run Jest tests	2026-10-09T15:09:40.3518756Z       An update to SessionProvider inside a test was not wrapped in act(...).
Verify	Run Jest tests	2026-10-09T15:09:40.3519167Z       
Verify	Run Jest tests	2026-10-09T15:09:40.3519573Z       When testing, code that causes React state updates should be wrapped into act(...):
Verify	Run Jest tests	2026-10-09T15:09:40.3519919Z       
Verify	Run Jest tests	2026-10-09T15:09:40.3520083Z       act(() => {
Verify	Run Jest tests	2026-10-09T15:09:40.3520269Z         /* fire events that update state */
Verify	Run Jest tests	2026-10-09T15:09:40.3520424Z       });
Verify	Run Jest tests	2026-10-09T15:09:40.3520550Z       /* assert on the output */
Verify	Run Jest tests	2026-10-09T15:09:40.3520690Z       
Verify	Run Jest tests	2026-10-09T15:09:40.3521007Z       This ensures that you're testing the behavior the user would see in the browser. Learn more at https://react.dev/link/wrap-tests-with-act
Verify	Run Jest tests	2026-10-09T15:09:40.3521272Z 
Verify	Run Jest tests	2026-10-09T15:09:40.3521469Z     ^[[0m ^[[90m 86 |^[[39m     readStoredSession()^[[33m.^[[39mthen(restored ^[[33m=>^[[39m {
Verify	Run Jest tests	2026-10-09T15:09:40.3521875Z      ^[[90m 87 |^[[39m       ^[[36mif^[[39m (^[[33m!^[[39mchangedRef^[[33m.^[[39mcurrent ^[[33m&&^[[39m isMountedRef^[[33m.^[[39mcurrent) {
Verify	Run Jest tests	2026-10-09T15:09:40.3522233Z     ^[[31m^[[1m>^[[22m^[[39m^[[90m 88 |^[[39m         setSession(restored)^[[33m;^[[39m
Verify	Run Jest tests	2026-10-09T15:09:40.3522476Z      ^[[90m    |^[[39m         ^[[31m^[[1m^^[[22m^[[39m
Verify	Run Jest tests	2026-10-09T15:09:40.3522658Z      ^[[90m 89 |^[[39m       }
Verify	Run Jest tests	2026-10-09T15:09:40.3522835Z      ^[[90m 90 |^[[39m     })^[[33m;^[[39m
Verify	Run Jest tests	2026-10-09T15:09:40.3523120Z      ^[[90m 91 |^[[39m     ^[[90m// The HTTP client has already cleared the stored session.^[[39m^[[0m
Verify	Run Jest tests	2026-10-09T15:09:40.3523289Z 
Verify	Run Jest tests	2026-10-09T15:09:40.3523461Z       at node_modules/react-test-renderer/cjs/react-test-renderer.development.js:14402:19
Verify	Run Jest tests	2026-10-09T15:09:40.3523850Z       at runWithFiberInDEV (node_modules/react-test-renderer/cjs/react-test-renderer.development.js:2315:13)
Verify	Run Jest tests	2026-10-09T15:09:40.3524307Z       at warnIfUpdatesNotWrappedWithActDEV (node_modules/react-test-renderer/cjs/react-test-renderer.development.js:14401:9)
Verify	Run Jest tests	2026-10-09T15:09:40.3524767Z       at scheduleUpdateOnFiber (node_modules/react-test-renderer/cjs/react-test-renderer.development.js:12086:9)
Verify	Run Jest tests	2026-10-09T15:09:40.3525206Z       at dispatchSetStateInternal (node_modules/react-test-renderer/cjs/react-test-renderer.development.js:6208:13)
Verify	Run Jest tests	2026-10-09T15:09:40.3525629Z       at dispatchSetState (node_modules/react-test-renderer/cjs/react-test-renderer.development.js:6165:7)
Verify	Run Jest tests	2026-10-09T15:09:40.3526123Z       at setSession (shared/session/SessionProvider.tsx:88:9)
Verify	Run Jest tests	2026-10-09T15:09:40.3526258Z 
Verify	Run Jest tests	2026-10-09T15:09:40.4731699Z PASS __tests__/shared/integrations/seams.test.ts
Verify	Run Jest tests	2026-10-09T15:09:40.5754261Z PASS __tests__/app/sessionRoutes.test.tsx
Verify	Run Jest tests	2026-10-09T15:09:40.6011750Z   ● Console
Verify	Run Jest tests	2026-10-09T15:09:40.6011976Z 
Verify	Run Jest tests	2026-10-09T15:09:40.6012076Z     console.debug
Verify	Run Jest tests	2026-10-09T15:09:40.6012333Z       [analytics] screen /profile
Verify	Run Jest tests	2026-10-09T15:09:40.6012508Z 
Verify	Run Jest tests	2026-10-09T15:09:40.6012642Z       at debug (shared/lib/logger.ts:133:18)
Verify	Run Jest tests	2026-10-09T15:09:40.6012826Z 
Verify	Run Jest tests	2026-10-09T15:09:40.6012902Z     console.debug
Verify	Run Jest tests	2026-10-09T15:09:40.6013122Z       [analytics] screen /profile
Verify	Run Jest tests	2026-10-09T15:09:40.6013273Z 
Verify	Run Jest tests	2026-10-09T15:09:40.6013396Z       at debug (shared/lib/logger.ts:133:18)
Verify	Run Jest tests	2026-10-09T15:09:40.6013574Z 
Verify	Run Jest tests	2026-10-09T15:09:40.6013651Z     console.debug
Verify	Run Jest tests	2026-10-09T15:09:40.6013842Z       [analytics] screen /
Verify	Run Jest tests	2026-10-09T15:09:40.6013978Z 
Verify	Run Jest tests	2026-10-09T15:09:40.6014090Z       at debug (shared/lib/logger.ts:133:18)
Verify	Run Jest tests	2026-10-09T15:09:40.6014305Z 
Verify	Run Jest tests	2026-10-09T15:09:40.6014384Z     console.debug
Verify	Run Jest tests	2026-10-09T15:09:40.6014738Z       [analytics] screen /login
Verify	Run Jest tests	2026-10-09T15:09:40.6037099Z 
Verify	Run Jest tests	2026-10-09T15:09:40.6037438Z       at debug (shared/lib/logger.ts:133:18)
Verify	Run Jest tests	2026-10-09T15:09:40.6037686Z 
Verify	Run Jest tests	2026-10-09T15:09:40.6037766Z     console.debug
Verify	Run Jest tests	2026-10-09T15:09:40.6037960Z       [analytics] screen /
Verify	Run Jest tests	2026-10-09T15:09:40.6038145Z 
Verify	Run Jest tests	2026-10-09T15:09:40.6038389Z       at debug (shared/lib/logger.ts:133:18)
Verify	Run Jest tests	2026-10-09T15:09:40.6038555Z 
Verify	Run Jest tests	2026-10-09T15:09:40.6038629Z     console.debug
Verify	Run Jest tests	2026-10-09T15:09:40.6038835Z       [analytics] screen /login
Verify	Run Jest tests	2026-10-09T15:09:40.6038984Z 
Verify	Run Jest tests	2026-10-09T15:09:40.6039104Z       at debug (shared/lib/logger.ts:133:18)
Verify	Run Jest tests	2026-10-09T15:09:40.6039266Z 
Verify	Run Jest tests	2026-10-09T15:09:40.6039344Z     console.debug
Verify	Run Jest tests	2026-10-09T15:09:40.6039539Z       [analytics] screen /
Verify	Run Jest tests	2026-10-09T15:09:40.6039673Z 
Verify	Run Jest tests	2026-10-09T15:09:40.6039782Z       at debug (shared/lib/logger.ts:133:18)
Verify	Run Jest tests	2026-10-09T15:09:40.6039948Z 
Verify	Run Jest tests	2026-10-09T15:09:40.6040032Z     console.debug
Verify	Run Jest tests	2026-10-09T15:09:40.6040246Z       [analytics] screen /profile
Verify	Run Jest tests	2026-10-09T15:09:40.6040390Z 
Verify	Run Jest tests	2026-10-09T15:09:40.6040507Z       at debug (shared/lib/logger.ts:133:18)
Verify	Run Jest tests	2026-10-09T15:09:40.6040675Z 
Verify	Run Jest tests	2026-10-09T15:09:40.6040752Z     console.debug
Verify	Run Jest tests	2026-10-09T15:09:40.6040942Z       [analytics] screen /
Verify	Run Jest tests	2026-10-09T15:09:40.6041074Z 
Verify	Run Jest tests	2026-10-09T15:09:40.6041188Z       at debug (shared/lib/logger.ts:133:18)
Verify	Run Jest tests	2026-10-09T15:09:40.6041353Z 
Verify	Run Jest tests	2026-10-09T15:09:40.6041429Z     console.debug
Verify	Run Jest tests	2026-10-09T15:09:40.6041632Z       [analytics] screen /profile
Verify	Run Jest tests	2026-10-09T15:09:40.6041778Z 
Verify	Run Jest tests	2026-10-09T15:09:40.6041897Z       at debug (shared/lib/logger.ts:133:18)
Verify	Run Jest tests	2026-10-09T15:09:40.6042068Z 
Verify	Run Jest tests	2026-10-09T15:09:40.6042139Z     console.debug
Verify	Run Jest tests	2026-10-09T15:09:40.6042323Z       [analytics] screen /
Verify	Run Jest tests	2026-10-09T15:09:40.6042458Z 
Verify	Run Jest tests	2026-10-09T15:09:40.6042577Z       at debug (shared/lib/logger.ts:133:18)
Verify	Run Jest tests	2026-10-09T15:09:40.6042741Z 
Verify	Run Jest tests	2026-10-09T15:09:40.6042818Z     console.debug
Verify	Run Jest tests	2026-10-09T15:09:40.6043022Z       [analytics] screen /profile
Verify	Run Jest tests	2026-10-09T15:09:40.6043173Z 
Verify	Run Jest tests	2026-10-09T15:09:40.6043283Z       at debug (shared/lib/logger.ts:133:18)
Verify	Run Jest tests	2026-10-09T15:09:40.6043444Z 
Verify	Run Jest tests	2026-10-09T15:09:40.6043515Z     console.debug
Verify	Run Jest tests	2026-10-09T15:09:40.6043711Z       [analytics] screen /
Verify	Run Jest tests	2026-10-09T15:09:40.6043839Z 
Verify	Run Jest tests	2026-10-09T15:09:40.6043953Z       at debug (shared/lib/logger.ts:133:18)
Verify	Run Jest tests	2026-10-09T15:09:40.6044114Z 
Verify	Run Jest tests	2026-10-09T15:09:40.6044188Z     console.debug
Verify	Run Jest tests	2026-10-09T15:09:40.6044397Z       [analytics] screen /profile
Verify	Run Jest tests	2026-10-09T15:09:40.6044546Z 
Verify	Run Jest tests	2026-10-09T15:09:40.6044659Z       at debug (shared/lib/logger.ts:133:18)
Verify	Run Jest tests	2026-10-09T15:09:40.6044826Z 
Verify	Run Jest tests	2026-10-09T15:09:40.6044901Z     console.debug
Verify	Run Jest tests	2026-10-09T15:09:40.6045087Z       [analytics] screen /
Verify	Run Jest tests	2026-10-09T15:09:40.6045212Z 
Verify	Run Jest tests	2026-10-09T15:09:40.6045327Z       at debug (shared/lib/logger.ts:133:18)
Verify	Run Jest tests	2026-10-09T15:09:40.6045489Z 
Verify	Run Jest tests	2026-10-09T15:09:40.6045562Z     console.debug
Verify	Run Jest tests	2026-10-09T15:09:40.6045744Z       [analytics] screen /
Verify	Run Jest tests	2026-10-09T15:09:40.6045875Z 
Verify	Run Jest tests	2026-10-09T15:09:40.6046408Z       at debug (shared/lib/logger.ts:133:18)
Verify	Run Jest tests	2026-10-09T15:09:40.6046570Z 
Verify	Run Jest tests	2026-10-09T15:09:40.6046645Z     console.debug
Verify	Run Jest tests	2026-10-09T15:09:40.6046850Z       [analytics] screen /profile
Verify	Run Jest tests	2026-10-09T15:09:40.6047157Z 
Verify	Run Jest tests	2026-10-09T15:09:40.6047267Z       at debug (shared/lib/logger.ts:133:18)
Verify	Run Jest tests	2026-10-09T15:09:40.6047433Z 
Verify	Run Jest tests	2026-10-09T15:09:40.6047508Z     console.debug
Verify	Run Jest tests	2026-10-09T15:09:40.6047689Z       [analytics] screen /
Verify	Run Jest tests	2026-10-09T15:09:40.6047816Z 
Verify	Run Jest tests	2026-10-09T15:09:40.6047932Z       at debug (shared/lib/logger.ts:133:18)
Verify	Run Jest tests	2026-10-09T15:09:40.6048102Z 
Verify	Run Jest tests	2026-10-09T15:09:40.6048173Z     console.debug
Verify	Run Jest tests	2026-10-09T15:09:40.6050071Z       [analytics] screen /profile
Verify	Run Jest tests	2026-10-09T15:09:40.6050221Z 
Verify	Run Jest tests	2026-10-09T15:09:40.6050336Z       at debug (shared/lib/logger.ts:133:18)
Verify	Run Jest tests	2026-10-09T15:09:40.6050500Z 
Verify	Run Jest tests	2026-10-09T15:09:40.7136715Z PASS __tests__/app/appConfig.test.ts
Verify	Run Jest tests	2026-10-09T15:09:40.7770353Z PASS __tests__/shared/storage/storage.test.ts
Verify	Run Jest tests	2026-10-09T15:09:40.8415957Z PASS __tests__/features/home/HomeScreen.test.tsx
Verify	Run Jest tests	2026-10-09T15:09:40.8489481Z PASS __tests__/features/demo-auth/dummyJsonAdapter.test.ts
Verify	Run Jest tests	2026-10-09T15:09:41.0449662Z PASS __tests__/features/demo-todos/TodosScreen.test.tsx
Verify	Run Jest tests	2026-10-09T15:09:41.0479746Z   ● Console
Verify	Run Jest tests	2026-10-09T15:09:41.0498904Z 
Verify	Run Jest tests	2026-10-09T15:09:41.0499376Z     console.warn
Verify	Run Jest tests	2026-10-09T15:09:41.0499821Z       API GET /todos failed: server (503)
Verify	Run Jest tests	2026-10-09T15:09:41.0500187Z 
Verify	Run Jest tests	2026-10-09T15:09:41.0501071Z     ^[[0m ^[[90m 129 |^[[39m     ^[[36mconst^[[39m args ^[[33m=^[[39m [message^[[33m,^[[39m ^[[33m...^[[39mdetails^[[33m.^[[39mfilter(item ^[[33m=>^[[39m item ^[[33m!==^[[39m undefined)]^[[33m;^[[39m
Verify	Run Jest tests	2026-10-09T15:09:41.0503382Z      ^[[90m 130 |^[[39m     ^[[36mif^[[39m (level ^[[33m===^[[39m ^[[32m'error'^[[39m) console^[[33m.^[[39merror(^[[33m...^[[39margs)^[[33m;^[[39m
Verify	Run Jest tests	2026-10-09T15:09:41.0504407Z     ^[[31m^[[1m>^[[22m^[[39m^[[90m 131 |^[[39m     ^[[36melse^[[39m ^[[36mif^[[39m (level ^[[33m===^[[39m ^[[32m'warn'^[[39m) console^[[33m.^[[39mwarn(^[[33m...^[[39margs)^[[33m;^[[39m
Verify	Run Jest tests	2026-10-09T15:09:41.0505215Z      ^[[90m     |^[[39m                                        ^[[31m^[[1m^^[[22m^[[39m
Verify	Run Jest tests	2026-10-09T15:09:41.0506063Z      ^[[90m 132 |^[[39m     ^[[36melse^[[39m ^[[36mif^[[39m (level ^[[33m===^[[39m ^[[32m'info'^[[39m) console^[[33m.^[[39minfo(^[[33m...^[[39margs)^[[33m;^[[39m
Verify	Run Jest tests	2026-10-09T15:09:41.0506912Z      ^[[90m 133 |^[[39m     ^[[36melse^[[39m console^[[33m.^[[39mdebug(^[[33m...^[[39margs)^[[33m;^[[39m
Verify	Run Jest tests	2026-10-09T15:09:41.0507731Z      ^[[90m 134 |^[[39m   }^[[33m;^[[39m^[[0m
Verify	Run Jest tests	2026-10-09T15:09:41.0508381Z 
Verify	Run Jest tests	2026-10-09T15:09:41.0521304Z       at warn (shared/lib/logger.ts:131:40)
Verify	Run Jest tests	2026-10-09T15:09:41.0522069Z       at Object.write [as warn] (shared/lib/logger.ts:142:33)
Verify	Run Jest tests	2026-10-09T15:09:41.0522554Z       at warn (shared/http/httpClient.ts:139:12)
Verify	Run Jest tests	2026-10-09T15:09:41.0523130Z       at asyncGeneratorStep (node_modules/@babel/runtime/helpers/asyncToGenerator.js:3:17)
Verify	Run Jest tests	2026-10-09T15:09:41.0523757Z       at _next (node_modules/@babel/runtime/helpers/asyncToGenerator.js:17:9)
Verify	Run Jest tests	2026-10-09T15:09:41.0524309Z       at node_modules/@babel/runtime/helpers/asyncToGenerator.js:22:7
Verify	Run Jest tests	2026-10-09T15:09:41.0524882Z       at node_modules/@babel/runtime/helpers/asyncToGenerator.js:14:12
Verify	Run Jest tests	2026-10-09T15:09:41.0525377Z       at apply (shared/http/httpClient.ts:145:4)
Verify	Run Jest tests	2026-10-09T15:09:41.0525887Z       at Axios.request (node_modules/axios/dist/browser/axios.cjs:5245:14)
Verify	Run Jest tests	2026-10-09T15:09:41.0526286Z 
Verify	Run Jest tests	2026-10-09T15:09:41.0987046Z PASS __tests__/shared/ui/theme.test.ts
Verify	Run Jest tests	2026-10-09T15:09:41.3279082Z PASS __tests__/shared/integrations/i18n.test.tsx
Verify	Run Jest tests	2026-10-09T15:09:41.3327100Z   ● Console
Verify	Run Jest tests	2026-10-09T15:09:41.3327212Z 
Verify	Run Jest tests	2026-10-09T15:09:41.3327296Z     console.debug
Verify	Run Jest tests	2026-10-09T15:09:41.3327494Z       [analytics] screen /
Verify	Run Jest tests	2026-10-09T15:09:41.3327634Z 
Verify	Run Jest tests	2026-10-09T15:09:41.3327756Z       at debug (shared/lib/logger.ts:133:18)
Verify	Run Jest tests	2026-10-09T15:09:41.3327927Z 
Verify	Run Jest tests	2026-10-09T15:09:41.3328000Z     console.debug
Verify	Run Jest tests	2026-10-09T15:09:41.3328320Z       [analytics] screen /login
Verify	Run Jest tests	2026-10-09T15:09:41.3328456Z 
Verify	Run Jest tests	2026-10-09T15:09:41.3328576Z       at debug (shared/lib/logger.ts:133:18)
Verify	Run Jest tests	2026-10-09T15:09:41.3328739Z 
Verify	Run Jest tests	2026-10-09T15:09:41.5420064Z PASS __tests__/app/tabBarTheme.test.tsx
Verify	Run Jest tests	2026-10-09T15:09:41.5449507Z   ● Console
Verify	Run Jest tests	2026-10-09T15:09:41.5452518Z 
Verify	Run Jest tests	2026-10-09T15:09:41.5452758Z     console.debug
Verify	Run Jest tests	2026-10-09T15:09:41.5453161Z       [analytics] screen /
Verify	Run Jest tests	2026-10-09T15:09:41.5453992Z 
Verify	Run Jest tests	2026-10-09T15:09:41.5454307Z       at debug (shared/lib/logger.ts:133:18)
Verify	Run Jest tests	2026-10-09T15:09:41.5454624Z 
Verify	Run Jest tests	2026-10-09T15:09:41.5454838Z     console.debug
Verify	Run Jest tests	2026-10-09T15:09:41.5455168Z       [analytics] screen /
Verify	Run Jest tests	2026-10-09T15:09:41.5455436Z 
Verify	Run Jest tests	2026-10-09T15:09:41.5455693Z       at debug (shared/lib/logger.ts:133:18)
Verify	Run Jest tests	2026-10-09T15:09:41.5456004Z 
Verify	Run Jest tests	2026-10-09T15:09:41.6899432Z PASS __tests__/app/initialRoute.test.tsx
Verify	Run Jest tests	2026-10-09T15:09:41.6969361Z   ● Console
Verify	Run Jest tests	2026-10-09T15:09:41.7018739Z 
Verify	Run Jest tests	2026-10-09T15:09:41.7044567Z     console.debug
Verify	Run Jest tests	2026-10-09T15:09:41.7070304Z       [analytics] screen /
Verify	Run Jest tests	2026-10-09T15:09:41.7098947Z 
Verify	Run Jest tests	2026-10-09T15:09:41.7124593Z       at debug (shared/lib/logger.ts:133:18)
Verify	Run Jest tests	2026-10-09T15:09:41.7198583Z 
Verify	Run Jest tests	2026-10-09T15:09:41.7219093Z     console.debug
Verify	Run Jest tests	2026-10-09T15:09:41.7249181Z       [analytics] screen /login
Verify	Run Jest tests	2026-10-09T15:09:41.7288858Z 
Verify	Run Jest tests	2026-10-09T15:09:41.7319189Z       at debug (shared/lib/logger.ts:133:18)
Verify	Run Jest tests	2026-10-09T15:09:41.7358443Z 
Verify	Run Jest tests	2026-10-09T15:09:41.7388744Z     console.debug
Verify	Run Jest tests	2026-10-09T15:09:41.7398802Z       [analytics] screen /login
Verify	Run Jest tests	2026-10-09T15:09:41.7440463Z 
Verify	Run Jest tests	2026-10-09T15:09:41.7468999Z       at debug (shared/lib/logger.ts:133:18)
Verify	Run Jest tests	2026-10-09T15:09:41.7498923Z 
Verify	Run Jest tests	2026-10-09T15:09:41.7529175Z     console.debug
Verify	Run Jest tests	2026-10-09T15:09:41.7559056Z       [analytics] screen /
Verify	Run Jest tests	2026-10-09T15:09:41.7588826Z 
Verify	Run Jest tests	2026-10-09T15:09:41.7603324Z       at debug (shared/lib/logger.ts:133:18)
Verify	Run Jest tests	2026-10-09T15:09:41.7648967Z 
Verify	Run Jest tests	2026-10-09T15:09:41.7674158Z PASS __tests__/shared/ui/LoadingScreen.test.tsx
Verify	Run Jest tests	2026-10-09T15:09:41.8174092Z PASS __tests__/features/demo-auth/DemoCredentialsHint.test.tsx
Verify	Run Jest tests	2026-10-09T15:09:42.1467425Z PASS __tests__/app/configError.test.tsx
Verify	Run Jest tests	2026-10-09T15:09:42.1545689Z   ● Console
Verify	Run Jest tests	2026-10-09T15:09:42.1552556Z 
Verify	Run Jest tests	2026-10-09T15:09:42.1579371Z     console.debug
Verify	Run Jest tests	2026-10-09T15:09:42.1619190Z       [analytics] screen /
Verify	Run Jest tests	2026-10-09T15:09:42.1619515Z 
Verify	Run Jest tests	2026-10-09T15:09:42.1619663Z       at debug (shared/lib/logger.ts:133:18)
Verify	Run Jest tests	2026-10-09T15:09:42.1619849Z 
Verify	Run Jest tests	2026-10-09T15:09:42.1620038Z PASS __tests__/app/statusBar.test.tsx
Verify	Run Jest tests	2026-10-09T15:09:42.1668950Z   ● Console
Verify	Run Jest tests	2026-10-09T15:09:42.1672611Z 
Verify	Run Jest tests	2026-10-09T15:09:42.1672902Z     console.debug
Verify	Run Jest tests	2026-10-09T15:09:42.1673349Z       [analytics] screen /
Verify	Run Jest tests	2026-10-09T15:09:42.1673634Z 
Verify	Run Jest tests	2026-10-09T15:09:42.1673895Z       at debug (shared/lib/logger.ts:133:18)
Verify	Run Jest tests	2026-10-09T15:09:42.1674210Z 
Verify	Run Jest tests	2026-10-09T15:09:42.1674420Z     console.debug
Verify	Run Jest tests	2026-10-09T15:09:42.1688443Z       [analytics] screen /
Verify	Run Jest tests	2026-10-09T15:09:42.1688933Z 
Verify	Run Jest tests	2026-10-09T15:09:42.1689215Z       at debug (shared/lib/logger.ts:133:18)
Verify	Run Jest tests	2026-10-09T15:09:42.1689539Z 
Verify	Run Jest tests	2026-10-09T15:09:42.2723974Z PASS __tests__/shared/integrations/screenTracking.test.tsx
Verify	Run Jest tests	2026-10-09T15:09:42.2999007Z PASS __tests__/shared/lib/useFetch.test.tsx
Verify	Run Jest tests	2026-10-09T15:09:42.4502483Z PASS __tests__/features/demo-showcase/ShowcaseScreen.test.tsx
Verify	Run Jest tests	2026-10-09T15:09:43.0072499Z -----------------------------------|---------|----------|---------|---------|-------------------
Verify	Run Jest tests	2026-10-09T15:09:43.0073175Z File                               | % Stmts | % Branch | % Funcs | % Lines | Uncovered Line #s 
Verify	Run Jest tests	2026-10-09T15:09:43.0073671Z -----------------------------------|---------|----------|---------|---------|-------------------
Verify	Run Jest tests	2026-10-09T15:09:43.0082798Z All files                          |   97.26 |    90.35 |   94.44 |   97.45 |                   
Verify	Run Jest tests	2026-10-09T15:09:43.0083269Z  app                               |     100 |      100 |   57.14 |     100 |                   
Verify	Run Jest tests	2026-10-09T15:09:43.0083673Z   _layout.tsx                      |     100 |      100 |   57.14 |     100 |                   
Verify	Run Jest tests	2026-10-09T15:09:43.0084093Z   showcase.tsx                     |       0 |        0 |       0 |       0 |                   
Verify	Run Jest tests	2026-10-09T15:09:43.0084506Z  app/(app)                         |    87.5 |       75 |     100 |     100 |                   
Verify	Run Jest tests	2026-10-09T15:09:43.0085155Z   _layout.tsx                      |    87.5 |       75 |     100 |     100 | 24                
Verify	Run Jest tests	2026-10-09T15:09:43.0085560Z   profile.tsx                      |       0 |        0 |       0 |       0 |                   
Verify	Run Jest tests	2026-10-09T15:09:43.0086132Z  app/(auth)                        |     100 |      100 |     100 |     100 |                   
Verify	Run Jest tests	2026-10-09T15:09:43.0086545Z   _layout.tsx                      |     100 |      100 |     100 |     100 |                   
Verify	Run Jest tests	2026-10-09T15:09:43.0086946Z   login.tsx                        |       0 |        0 |       0 |       0 |                   
Verify	Run Jest tests	2026-10-09T15:09:43.0087354Z  app/(tabs)                        |     100 |      100 |     100 |     100 |                   
Verify	Run Jest tests	2026-10-09T15:09:43.0087764Z   _layout.tsx                      |     100 |      100 |     100 |     100 |                   
Verify	Run Jest tests	2026-10-09T15:09:43.0088164Z   explore.tsx                      |       0 |        0 |       0 |       0 |                   
Verify	Run Jest tests	2026-10-09T15:09:43.0088705Z   index.tsx                        |       0 |        0 |       0 |       0 |                   
Verify	Run Jest tests	2026-10-09T15:09:43.0089131Z  features/auth/screens             |   95.55 |    79.16 |   83.33 |   95.45 |                   
Verify	Run Jest tests	2026-10-09T15:09:43.0089581Z   LoginScreen.tsx                  |    92.3 |       80 |      60 |    92.3 | 132-136           
Verify	Run Jest tests	2026-10-09T15:09:43.0090012Z   ProfileScreen.tsx                |     100 |    78.57 |     100 |     100 | 38,67-72          
Verify	Run Jest tests	2026-10-09T15:09:43.0090449Z  features/demo-auth                |     100 |    91.66 |     100 |     100 |                   
Verify	Run Jest tests	2026-10-09T15:09:43.0090904Z   DemoCredentialsHint.tsx          |     100 |      100 |     100 |     100 |                   
Verify	Run Jest tests	2026-10-09T15:09:43.0091358Z   dummyJsonAdapter.ts              |     100 |       90 |     100 |     100 | 31                
Verify	Run Jest tests	2026-10-09T15:09:43.0091833Z  features/demo-showcase/components |     100 |      100 |     100 |     100 |                   
Verify	Run Jest tests	2026-10-09T15:09:43.0092303Z   ExampleLinks.tsx                 |     100 |      100 |     100 |     100 |                   
Verify	Run Jest tests	2026-10-09T15:09:43.0092768Z  features/demo-showcase/screens    |   77.77 |      100 |      60 |   71.42 |                   
Verify	Run Jest tests	2026-10-09T15:09:43.0093235Z   ShowcaseScreen.tsx               |   77.77 |      100 |      60 |   71.42 | 133-137           
Verify	Run Jest tests	2026-10-09T15:09:43.0093670Z  features/demo-todos               |       0 |        0 |       0 |       0 |                   
Verify	Run Jest tests	2026-10-09T15:09:43.0094077Z   types.ts                         |       0 |        0 |       0 |       0 |                   
Verify	Run Jest tests	2026-10-09T15:09:43.0094494Z  features/demo-todos/api           |     100 |      100 |     100 |     100 |                   
Verify	Run Jest tests	2026-10-09T15:09:43.0094914Z   todosApi.ts                      |     100 |      100 |     100 |     100 |                   
Verify	Run Jest tests	2026-10-09T15:09:43.0095189Z  features/demo-todos/screens       |     100 |    95.83 |     100 |     100 |                   
Verify	Run Jest tests	2026-10-09T15:09:43.0095470Z   TodosScreen.tsx                  |     100 |    95.83 |     100 |     100 | 65                
Verify	Run Jest tests	2026-10-09T15:09:43.0095746Z  features/home/screens             |     100 |     87.5 |     100 |     100 |                   
Verify	Run Jest tests	2026-10-09T15:09:43.0096024Z   HomeScreen.tsx                   |     100 |     87.5 |     100 |     100 | 38                
Verify	Run Jest tests	2026-10-09T15:09:43.0096286Z  shared/config                     |     100 |    97.95 |     100 |     100 |                   
Verify	Run Jest tests	2026-10-09T15:09:43.0096535Z   env.ts                           |     100 |    97.95 |     100 |     100 | 128               
Verify	Run Jest tests	2026-10-09T15:09:43.0096785Z   featureFlags.ts                  |     100 |      100 |     100 |     100 |                   
Verify	Run Jest tests	2026-10-09T15:09:43.0097047Z  shared/http                       |   98.71 |    94.66 |     100 |   98.61 |                   
Verify	Run Jest tests	2026-10-09T15:09:43.0097294Z   api.ts                           |     100 |      100 |     100 |     100 |                   
Verify	Run Jest tests	2026-10-09T15:09:43.0097539Z   apiError.ts                      |   96.96 |    94.59 |     100 |   96.42 | 58                
Verify	Run Jest tests	2026-10-09T15:09:43.0097911Z   httpClient.ts                    |     100 |    94.73 |     100 |     100 | 89                
Verify	Run Jest tests	2026-10-09T15:09:43.0098371Z  shared/i18n                       |     100 |    83.33 |     100 |     100 |                   
Verify	Run Jest tests	2026-10-09T15:09:43.0098674Z   en.ts                            |     100 |      100 |     100 |     100 |                   
Verify	Run Jest tests	2026-10-09T15:09:43.0098913Z   index.ts                         |     100 |    83.33 |     100 |     100 | 38                
Verify	Run Jest tests	2026-10-09T15:09:43.0099174Z  shared/integrations               |   95.91 |       75 |   96.55 |   95.34 |                   
Verify	Run Jest tests	2026-10-09T15:09:43.0099435Z   analytics.ts                     |     100 |     87.5 |     100 |     100 | 25                
Verify	Run Jest tests	2026-10-09T15:09:43.0099697Z   errorReporter.ts                 |   81.81 |       40 |   83.33 |   77.77 | 41,57             
Verify	Run Jest tests	2026-10-09T15:09:43.0099961Z   featureFlags.ts                  |     100 |      100 |     100 |     100 |                   
Verify	Run Jest tests	2026-10-09T15:09:43.0100237Z   pushNotifications.ts             |     100 |      100 |     100 |     100 |                   
Verify	Run Jest tests	2026-10-09T15:09:43.0100498Z   seam.ts                          |     100 |      100 |     100 |     100 |                   
Verify	Run Jest tests	2026-10-09T15:09:43.0100739Z   setup.ts                         |     100 |      100 |     100 |     100 |                   
Verify	Run Jest tests	2026-10-09T15:09:43.0100985Z   updates.ts                       |     100 |      100 |     100 |     100 |                   
Verify	Run Jest tests	2026-10-09T15:09:43.0101243Z   useScreenTracking.ts             |     100 |      100 |     100 |     100 |                   
Verify	Run Jest tests	2026-10-09T15:09:43.0101504Z  shared/lib                        |   97.72 |    90.16 |   94.11 |   98.73 |                   
Verify	Run Jest tests	2026-10-09T15:09:43.0101752Z   logger.ts                        |   96.87 |    96.15 |   91.66 |   98.18 | 84                
Verify	Run Jest tests	2026-10-09T15:09:43.0101998Z   useFetch.ts                      |     100 |    55.55 |     100 |     100 | 48-61             
Verify	Run Jest tests	2026-10-09T15:09:43.0102259Z  shared/session                    |   97.45 |    88.63 |   95.83 |   97.36 |                   
Verify	Run Jest tests	2026-10-09T15:09:43.0102537Z   SessionProvider.tsx              |   97.91 |    81.81 |     100 |   97.82 | 146               
Verify	Run Jest tests	2026-10-09T15:09:43.0102809Z   authService.ts                   |   93.93 |    91.66 |   83.33 |   93.75 | 68,81             
Verify	Run Jest tests	2026-10-09T15:09:43.0103062Z   session.ts                       |     100 |      100 |     100 |     100 |                   
Verify	Run Jest tests	2026-10-09T15:09:43.0103313Z   tokenStore.ts                    |     100 |      100 |     100 |     100 |                   
Verify	Run Jest tests	2026-10-09T15:09:43.0103571Z  shared/storage                    |      92 |       80 |     100 |      92 |                   
Verify	Run Jest tests	2026-10-09T15:09:43.0103828Z   secureStorage.ts                 |      80 |       75 |     100 |      80 | 18,26             
Verify	Run Jest tests	2026-10-09T15:09:43.0104083Z   storage.ts                       |     100 |      100 |     100 |     100 |                   
Verify	Run Jest tests	2026-10-09T15:09:43.0104350Z  shared/ui                         |    97.5 |    83.33 |     100 |   97.36 |                   
Verify	Run Jest tests	2026-10-09T15:09:43.0104679Z   ConfigErrorScreen.tsx            |     100 |      100 |     100 |     100 |                   
Verify	Run Jest tests	2026-10-09T15:09:43.0104960Z   ErrorBoundary.tsx                |   96.15 |       75 |     100 |   95.83 | 26                
Verify	Run Jest tests	2026-10-09T15:09:43.0105228Z   LoadingScreen.tsx                |     100 |      100 |     100 |     100 |                   
Verify	Run Jest tests	2026-10-09T15:09:43.0105479Z   theme.ts                         |     100 |      100 |     100 |     100 |                   
Verify	Run Jest tests	2026-10-09T15:09:43.0105765Z -----------------------------------|---------|----------|---------|---------|-------------------
Verify	Run Jest tests	2026-10-09T15:09:43.0368523Z 
Verify	Run Jest tests	2026-10-09T15:09:43.0370704Z Test Suites: 26 passed, 26 total
Verify	Run Jest tests	2026-10-09T15:09:43.0371040Z Tests:       199 passed, 199 total
Verify	Run Jest tests	2026-10-09T15:09:43.0371230Z Snapshots:   0 total
Verify	Run Jest tests	2026-10-09T15:09:43.0371365Z Time:        14.477 s
Verify	Run Jest tests	2026-10-09T15:09:43.0371991Z Ran all test suites.
Verify	Expo Doctor	﻿2026-10-09T15:09:43.0549273Z ##[group]Run npx expo-doctor
Verify	Expo Doctor	2026-10-09T15:09:43.0549535Z ^[[36;1mnpx expo-doctor^[[0m
Verify	Expo Doctor	2026-10-09T15:09:43.0602184Z shell: /usr/bin/bash -e {0}
Verify	Expo Doctor	2026-10-09T15:09:43.0602332Z ##[endgroup]
Verify	Expo Doctor	2026-10-09T15:09:43.6580336Z npm warn exec The following package was not found and will be installed: expo-doctor@1.20.4
Verify	Expo Doctor	2026-10-09T15:09:44.2650074Z Running 21 checks on your project...
Verify	Expo Doctor	2026-10-09T15:09:46.8160650Z 21/21 checks passed. No issues detected!
Verify	Audit production dependencies (reviewed allowlist)	﻿2026-10-09T15:09:46.9963578Z ##[group]Run npm run audit:check
Verify	Audit production dependencies (reviewed allowlist)	2026-10-09T15:09:46.9963787Z ^[[36;1mnpm run audit:check^[[0m
Verify	Audit production dependencies (reviewed allowlist)	2026-10-09T15:09:47.0015527Z shell: /usr/bin/bash -e {0}
Verify	Audit production dependencies (reviewed allowlist)	2026-10-09T15:09:47.0015671Z ##[endgroup]
Verify	Audit production dependencies (reviewed allowlist)	2026-10-09T15:09:47.0676234Z 
Verify	Audit production dependencies (reviewed allowlist)	2026-10-09T15:09:47.0676822Z > react-native-starter@1.0.0 audit:check
Verify	Audit production dependencies (reviewed allowlist)	2026-10-09T15:09:47.0677090Z > node scripts/check-audit.js
Verify	Audit production dependencies (reviewed allowlist)	2026-10-09T15:09:47.0677194Z 
Verify	Audit production dependencies (reviewed allowlist)	2026-10-09T15:09:48.3776577Z high     braces GHSA-vfj7-8cjw-p6xm: allowlisted until 2027-01-09 (https://github.com/koniz-dev/react-native-starter/issues/43)
Verify	Audit production dependencies (reviewed allowlist)	2026-10-09T15:09:48.3777579Z high     node-forge GHSA-86w9-cpqp-85rv: allowlisted until 2027-01-09 (https://github.com/koniz-dev/react-native-starter/issues/43)
Verify	Audit production dependencies (reviewed allowlist)	2026-10-09T15:09:48.3778423Z moderate decode-uri-component GHSA-vcc3-ghjq-m6fr: reported (not gated)
Verify	Audit production dependencies (reviewed allowlist)	2026-10-09T15:09:48.3778902Z moderate sprintf-js GHSA-hp3w-g68c-fv3c: reported (not gated)
Verify	Audit production dependencies (reviewed allowlist)	2026-10-09T15:09:48.3779289Z moderate uuid GHSA-w5hq-g745-h8pq: reported (not gated)
Verify	Audit production dependencies (reviewed allowlist)	2026-10-09T15:09:48.3779771Z npm audit --omit=dev: 5 advisories (records: 0 critical, 45 high, 16 moderate, 0 low).
Verify	Audit production dependencies (reviewed allowlist)	2026-10-09T15:09:48.3780274Z No unreviewed high or critical advisories.
Verify	Export web build	﻿2026-10-09T15:09:48.3891056Z ##[group]Run npx expo export --platform web --output-dir dist
Verify	Export web build	2026-10-09T15:09:48.3891534Z ^[[36;1mnpx expo export --platform web --output-dir dist^[[0m
Verify	Export web build	2026-10-09T15:09:48.3956710Z shell: /usr/bin/bash -e {0}
Verify	Export web build	2026-10-09T15:09:48.3956943Z ##[endgroup]
Verify	Export web build	2026-10-09T15:09:49.0415911Z Starting Metro Bundler
Verify	Export web build	2026-10-09T15:09:49.0416194Z 
Verify	Export web build	2026-10-09T15:10:00.1323668Z Web Bundled 10932ms index.ts (1183 modules)
Verify	Export web build	2026-10-09T15:10:00.3845072Z 
Verify	Export web build	2026-10-09T15:10:00.3849788Z › Assets (19):
Verify	Export web build	2026-10-09T15:10:00.3914560Z node_modules/@expo/vector-icons/build/vendor/react-native-vector-icons/Fonts/MaterialCommunityIcons.6e435534bd35da5fef04168860a9b8fa.ttf (1.3MB)
Verify	Export web build	2026-10-09T15:10:00.3915445Z node_modules/expo-router/assets/arrow_down.017bc6ba3fc25503e5eb5e53826d48a8.png (9.5KB)
Verify	Export web build	2026-10-09T15:10:00.3916010Z node_modules/expo-router/assets/error.d1ea1496f9057eb392d5bbf3732a61b7.png (469B)
Verify	Export web build	2026-10-09T15:10:00.3916349Z node_modules/expo-router/assets/file.19eeb73b9593a38f8e9f418337fc7d10.png (138B)
Verify	Export web build	2026-10-09T15:10:00.3916695Z node_modules/expo-router/assets/forward.d8b800c443b8972542883e0b9de2bdc6.png (188B)
Verify	Export web build	2026-10-09T15:10:00.3917134Z node_modules/expo-router/assets/pkg.ab19f4cbc543357183a20571f68380a3.png (364B)
Verify	Export web build	2026-10-09T15:10:00.3917557Z node_modules/expo-router/assets/react-navigation/elements/back-icon-mask.0a328cd9c1afd0afe8e3b1ec5165b1b4.png (653B)
Verify	Export web build	2026-10-09T15:10:00.3918053Z node_modules/expo-router/assets/react-navigation/elements/back-icon.35ba0eaec5a4f5ed12ca16fabeae451d.png (207B)
Verify	Export web build	2026-10-09T15:10:00.3918775Z node_modules/expo-router/assets/react-navigation/elements/clear-icon.c94f6478e7ae0cdd9f15de1fcb9e5e55.png (4 variations | 425B)
Verify	Export web build	2026-10-09T15:10:00.3919315Z node_modules/expo-router/assets/react-navigation/elements/close-icon.808e1b1b9b53114ec2838071a7e6daa7.png (4 variations | 235B)
Verify	Export web build	2026-10-09T15:10:00.3919820Z node_modules/expo-router/assets/react-navigation/elements/search-icon.286d67d3f74808a60a78d3ebf1a5fb57.png (928B)
Verify	Export web build	2026-10-09T15:10:00.3920227Z node_modules/expo-router/assets/sitemap.412dd9275b6b48ad28f5e3d81bb1f626.png (465B)
Verify	Export web build	2026-10-09T15:10:00.3920589Z node_modules/expo-router/assets/unmatched.20e71bdf79e3a97bf55fd9e164041578.png (4.8KB)
Verify	Export web build	2026-10-09T15:10:00.3920780Z 
Verify	Export web build	2026-10-09T15:10:00.3920985Z › web bundles (1):
Verify	Export web build	2026-10-09T15:10:00.3938353Z _expo/static/js/web/index-14f4dd7c025af96aa8269c60165e53bc.js (2.3MB)
Verify	Export web build	2026-10-09T15:10:00.3939271Z 
Verify	Export web build	2026-10-09T15:10:00.3939401Z › Files (3):
Verify	Export web build	2026-10-09T15:10:00.3939594Z favicon.ico (15KB)
Verify	Export web build	2026-10-09T15:10:00.3939794Z index.html (1.2KB)
Verify	Export web build	2026-10-09T15:10:00.3939985Z metadata.json (49B)
Verify	Export web build	2026-10-09T15:10:00.3995704Z 
Verify	Export web build	2026-10-09T15:10:00.3997923Z Exported: dist
Verify	Check docs (snippets compile, paths and scripts exist)	﻿2026-10-09T15:10:00.5251425Z ##[group]Run npm install --no-save zustand@5 @reduxjs/toolkit@2 react-redux@9 jotai@3
Verify	Check docs (snippets compile, paths and scripts exist)	2026-10-09T15:10:00.5251984Z ^[[36;1mnpm install --no-save zustand@5 @reduxjs/toolkit@2 react-redux@9 jotai@3^[[0m
Verify	Check docs (snippets compile, paths and scripts exist)	2026-10-09T15:10:00.5252358Z ^[[36;1mnpm run docs:check^[[0m
Verify	Check docs (snippets compile, paths and scripts exist)	2026-10-09T15:10:00.5319512Z shell: /usr/bin/bash -e {0}
Verify	Check docs (snippets compile, paths and scripts exist)	2026-10-09T15:10:00.5319676Z ##[endgroup]
Verify	Check docs (snippets compile, paths and scripts exist)	2026-10-09T15:10:03.4563073Z 
Verify	Check docs (snippets compile, paths and scripts exist)	2026-10-09T15:10:03.4563752Z added 12 packages, and audited 1080 packages in 3s
Verify	Check docs (snippets compile, paths and scripts exist)	2026-10-09T15:10:03.4564023Z 
Verify	Check docs (snippets compile, paths and scripts exist)	2026-10-09T15:10:03.4564156Z 181 packages are looking for funding
Verify	Check docs (snippets compile, paths and scripts exist)	2026-10-09T15:10:03.4564407Z   run `npm fund` for details
Verify	Check docs (snippets compile, paths and scripts exist)	2026-10-09T15:10:03.5627502Z 
Verify	Check docs (snippets compile, paths and scripts exist)	2026-10-09T15:10:03.5628158Z 65 vulnerabilities (16 moderate, 49 high)
Verify	Check docs (snippets compile, paths and scripts exist)	2026-10-09T15:10:03.5628533Z 
Verify	Check docs (snippets compile, paths and scripts exist)	2026-10-09T15:10:03.5628659Z To address all issues (including breaking changes), run:
Verify	Check docs (snippets compile, paths and scripts exist)	2026-10-09T15:10:03.5628864Z   npm audit fix --force
Verify	Check docs (snippets compile, paths and scripts exist)	2026-10-09T15:10:03.5628947Z 
Verify	Check docs (snippets compile, paths and scripts exist)	2026-10-09T15:10:03.5629012Z Run `npm audit` for details.
Verify	Check docs (snippets compile, paths and scripts exist)	2026-10-09T15:10:03.6459293Z 
Verify	Check docs (snippets compile, paths and scripts exist)	2026-10-09T15:10:03.6460002Z > react-native-starter@1.0.0 docs:check
Verify	Check docs (snippets compile, paths and scripts exist)	2026-10-09T15:10:03.6460261Z > node scripts/check-docs.js
Verify	Check docs (snippets compile, paths and scripts exist)	2026-10-09T15:10:03.6460362Z 
Verify	Check docs (snippets compile, paths and scripts exist)	2026-10-09T15:10:05.0756423Z Checked 17 files: 35 TypeScript snippets compiled with tsc.
Verify	Check docs (snippets compile, paths and scripts exist)	2026-10-09T15:10:05.0756863Z No problems.
Verify	Post Set up Node.js	﻿2026-10-09T15:10:05.0918100Z Post job cleanup.
Verify	Post Set up Node.js	2026-10-09T15:10:05.1657514Z (node:2692) [DEP0040] DeprecationWarning: The `punycode` module is deprecated. Please use a userland alternative instead.
Verify	Post Set up Node.js	2026-10-09T15:10:05.1657970Z (Use `node --trace-deprecation ...` to show where the warning was created)
Verify	Post Set up Node.js	2026-10-09T15:10:05.1815872Z [command]/usr/bin/tar --posix -cf cache.tzst --exclude cache.tzst -P -C /home/runner/work/react-native-starter/react-native-starter --files-from manifest.txt --use-compress-program zstdmt
Verify	Post Set up Node.js	2026-10-09T15:10:05.7000729Z (node:2692) [DEP0169] DeprecationWarning: `url.parse()` behavior is not standardized and prone to errors that have security implications. Use the WHATWG URL API instead. CVEs are not issued for `url.parse()` vulnerabilities.
Verify	Post Set up Node.js	2026-10-09T15:10:06.6933163Z Sent 22291334 of 156509062 (14.2%), 21.2 MBs/sec
Verify	Post Set up Node.js	2026-10-09T15:10:07.1290129Z Sent 156509062 of 156509062 (100.0%), 103.9 MBs/sec
Verify	Post Set up Node.js	2026-10-09T15:10:07.3603971Z Cache saved with the key: node-cache-Linux-x64-npm-10f9dc59c99c82563481e37a50745bae137261a45ffc8c4ba105eb544b91396b
Verify	Post Check out repository	﻿2026-10-09T15:10:07.3723809Z Post job cleanup.
Verify	Post Check out repository	2026-10-09T15:10:07.4243468Z [command]/usr/bin/git version
Verify	Post Check out repository	2026-10-09T15:10:07.4275146Z git version 2.55.0
Verify	Post Check out repository	2026-10-09T15:10:07.4297979Z Temporarily overriding HOME='/home/runner/work/_temp/b01812f3-14bd-4f03-be60-c22a9f9fcf6a' before making global git config changes
Verify	Post Check out repository	2026-10-09T15:10:07.4298871Z Adding repository directory to the temporary git global config as a safe directory
Verify	Post Check out repository	2026-10-09T15:10:07.4300286Z [command]/usr/bin/git config --global --add safe.directory /home/runner/work/react-native-starter/react-native-starter
Verify	Post Check out repository	2026-10-09T15:10:07.4328002Z [command]/usr/bin/git config --local --name-only --get-regexp core\.sshCommand
Verify	Post Check out repository	2026-10-09T15:10:07.4352949Z [command]/usr/bin/git submodule foreach --recursive sh -c "git config --local --name-only --get-regexp 'core\.sshCommand' && git config --local --unset-all 'core.sshCommand' || :"
Verify	Post Check out repository	2026-10-09T15:10:07.4535614Z [command]/usr/bin/git config --local --name-only --get-regexp http\.https\:\/\/github\.com\/\.extraheader
Verify	Post Check out repository	2026-10-09T15:10:07.4560624Z http.https://github.com/.extraheader
Verify	Post Check out repository	2026-10-09T15:10:07.4569638Z [command]/usr/bin/git config --local --unset-all http.https://github.com/.extraheader
Verify	Post Check out repository	2026-10-09T15:10:07.4598593Z [command]/usr/bin/git submodule foreach --recursive sh -c "git config --local --name-only --get-regexp 'http\.https\:\/\/github\.com\/\.extraheader' && git config --local --unset-all 'http.https://github.com/.extraheader' || :"
Verify	Post Check out repository	2026-10-09T15:10:07.4786898Z [command]/usr/bin/git config --local --name-only --get-regexp ^includeIf\.gitdir:
Verify	Post Check out repository	2026-10-09T15:10:07.4815547Z [command]/usr/bin/git submodule foreach --recursive git config --local --show-origin --name-only --get-regexp remote.origin.url
Verify	Complete job	﻿2026-10-09T15:10:07.5088832Z Cleaning up orphan processes
Verify	Complete job	2026-10-09T15:10:07.5300926Z ##[warning]Node.js 20 is deprecated. The following actions target Node.js 20 but are being forced to run on Node.js 24: actions/checkout@v4, actions/setup-node@v4. For more information see: https://github.blog/changelog/2025-09-19-deprecation-of-node-20-on-github-actions-runners/
