Verify	Set up job	﻿2026-10-07T15:28:54.6966285Z Current runner version: '2.337.0'
Verify	Set up job	2026-10-07T15:28:54.7003916Z ##[group]Runner Image Provisioner
Verify	Set up job	2026-10-07T15:28:54.7005826Z Hosted Compute Agent
Verify	Set up job	2026-10-07T15:28:54.7006938Z Version: 20261002.596
Verify	Set up job	2026-10-07T15:28:54.7008216Z Commit: c3d12f3313a95f25162a1503be624f3b0617f8c0
Verify	Set up job	2026-10-07T15:28:54.7009558Z Build Date: 2026-10-02T22:28:27Z
Verify	Set up job	2026-10-07T15:28:54.7010772Z Worker ID: {b96d1c3a-a1c8-476f-83f9-beff0755ec29}
Verify	Set up job	2026-10-07T15:28:54.7012305Z Region: eastus2
Verify	Set up job	2026-10-07T15:28:54.7013325Z Cloud: Azure
Verify	Set up job	2026-10-07T15:28:54.7014434Z ##[endgroup]
Verify	Set up job	2026-10-07T15:28:54.7017118Z ##[group]Operating System
Verify	Set up job	2026-10-07T15:28:54.7018369Z Ubuntu
Verify	Set up job	2026-10-07T15:28:54.7019347Z 24.04.5
Verify	Set up job	2026-10-07T15:28:54.7020199Z LTS
Verify	Set up job	2026-10-07T15:28:54.7021051Z ##[endgroup]
Verify	Set up job	2026-10-07T15:28:54.7021959Z ##[group]Runner Image
Verify	Set up job	2026-10-07T15:28:54.7023108Z Image: ubuntu-24.04
Verify	Set up job	2026-10-07T15:28:54.7024212Z Version: 20261004.327.1
Verify	Set up job	2026-10-07T15:28:54.7026457Z Included Software: https://github.com/actions/runner-images/blob/ubuntu24/20261004.327/images/ubuntu/Ubuntu2404-Readme.md
Verify	Set up job	2026-10-07T15:28:54.7030232Z Image Release: https://github.com/actions/runner-images/releases/tag/ubuntu24%2F20261004.327
Verify	Set up job	2026-10-07T15:28:54.7032247Z ##[endgroup]
Verify	Set up job	2026-10-07T15:28:54.7034213Z ##[group]GITHUB_TOKEN Permissions
Verify	Set up job	2026-10-07T15:28:54.7037439Z Contents: read
Verify	Set up job	2026-10-07T15:28:54.7038576Z Metadata: read
Verify	Set up job	2026-10-07T15:28:54.7039521Z ##[endgroup]
Verify	Set up job	2026-10-07T15:28:54.7042911Z Secret source: Actions
Verify	Set up job	2026-10-07T15:28:54.7044449Z Cache mode: write
Verify	Set up job	2026-10-07T15:28:54.7046172Z Prepare workflow directory
Verify	Set up job	2026-10-07T15:28:54.7524694Z Prepare all required actions
Verify	Set up job	2026-10-07T15:28:54.7596780Z Getting action download info
Verify	Set up job	2026-10-07T15:28:54.9780144Z Download action repository 'actions/checkout@v4' (SHA:11d5960a326750d5838078e36cf38b85af677262)
Verify	Set up job	2026-10-07T15:28:55.0873777Z Download action repository 'actions/setup-node@v4' (SHA:49933ea5288caeca8642d1e84afbd3f7d6820020)
Verify	Set up job	2026-10-07T15:28:55.2879968Z Complete job name: Verify
Verify	Check out repository	﻿2026-10-07T15:28:55.3693608Z ##[group]Run actions/checkout@v4
Verify	Check out repository	2026-10-07T15:28:55.3694564Z with:
Verify	Check out repository	2026-10-07T15:28:55.3695063Z   repository: koniz-dev/react-native-starter
Verify	Check out repository	2026-10-07T15:28:55.3699320Z   token: ***
Verify	Check out repository	2026-10-07T15:28:55.3699787Z   ssh-strict: true
Verify	Check out repository	2026-10-07T15:28:55.3700239Z   ssh-user: git
Verify	Check out repository	2026-10-07T15:28:55.3700692Z   persist-credentials: true
Verify	Check out repository	2026-10-07T15:28:55.3701197Z   clean: true
Verify	Check out repository	2026-10-07T15:28:55.3701655Z   sparse-checkout-cone-mode: true
Verify	Check out repository	2026-10-07T15:28:55.3702253Z   fetch-depth: 1
Verify	Check out repository	2026-10-07T15:28:55.3702700Z   fetch-tags: false
Verify	Check out repository	2026-10-07T15:28:55.3703161Z   show-progress: true
Verify	Check out repository	2026-10-07T15:28:55.3703619Z   lfs: false
Verify	Check out repository	2026-10-07T15:28:55.3704046Z   submodules: false
Verify	Check out repository	2026-10-07T15:28:55.3704538Z   set-safe-directory: true
Verify	Check out repository	2026-10-07T15:28:55.3705113Z   allow-unsafe-pr-checkout: false
Verify	Check out repository	2026-10-07T15:28:55.3706192Z ##[endgroup]
Verify	Check out repository	2026-10-07T15:28:55.4727604Z Syncing repository: koniz-dev/react-native-starter
Verify	Check out repository	2026-10-07T15:28:55.4729844Z ##[group]Getting Git version info
Verify	Check out repository	2026-10-07T15:28:55.4731181Z Working directory is '/home/runner/work/react-native-starter/react-native-starter'
Verify	Check out repository	2026-10-07T15:28:55.4733313Z [command]/usr/bin/git version
Verify	Check out repository	2026-10-07T15:28:55.4847920Z git version 2.55.0
Verify	Check out repository	2026-10-07T15:28:55.4874968Z ##[endgroup]
Verify	Check out repository	2026-10-07T15:28:55.4883928Z Temporarily overriding HOME='/home/runner/work/_temp/86e657d1-31c5-4c4d-ab71-7e511988c65c' before making global git config changes
Verify	Check out repository	2026-10-07T15:28:55.4886539Z Adding repository directory to the temporary git global config as a safe directory
Verify	Check out repository	2026-10-07T15:28:55.4888848Z [command]/usr/bin/git config --global --add safe.directory /home/runner/work/react-native-starter/react-native-starter
Verify	Check out repository	2026-10-07T15:28:55.4950903Z Deleting the contents of '/home/runner/work/react-native-starter/react-native-starter'
Verify	Check out repository	2026-10-07T15:28:55.4955875Z ##[group]Initializing the repository
Verify	Check out repository	2026-10-07T15:28:55.4960178Z [command]/usr/bin/git init /home/runner/work/react-native-starter/react-native-starter
Verify	Check out repository	2026-10-07T15:28:55.5085210Z hint: Using 'master' as the name for the initial branch. This default branch name
Verify	Check out repository	2026-10-07T15:28:55.5087870Z hint: will change to "main" in Git 3.0. To configure the initial branch name
Verify	Check out repository	2026-10-07T15:28:55.5089876Z hint: to use in all of your new repositories, which will suppress this warning,
Verify	Check out repository	2026-10-07T15:28:55.5091347Z hint: call:
Verify	Check out repository	2026-10-07T15:28:55.5092388Z hint:
Verify	Check out repository	2026-10-07T15:28:55.5094798Z hint: 	git config --global init.defaultBranch <name>
Verify	Check out repository	2026-10-07T15:28:55.5096344Z hint:
Verify	Check out repository	2026-10-07T15:28:55.5097566Z hint: Names commonly chosen instead of 'master' are 'main', 'trunk' and
Verify	Check out repository	2026-10-07T15:28:55.5099457Z hint: 'development'. The just-created branch can be renamed via this command:
Verify	Check out repository	2026-10-07T15:28:55.5101777Z hint:
Verify	Check out repository	2026-10-07T15:28:55.5102766Z hint: 	git branch -m <name>
Verify	Check out repository	2026-10-07T15:28:55.5103932Z hint:
Verify	Check out repository	2026-10-07T15:28:55.5105108Z hint: Disable this message with "git config set advice.defaultBranchName false"
Verify	Check out repository	2026-10-07T15:28:55.5107334Z Initialized empty Git repository in /home/runner/work/react-native-starter/react-native-starter/.git/
Verify	Check out repository	2026-10-07T15:28:55.5110467Z [command]/usr/bin/git remote add origin https://github.com/koniz-dev/react-native-starter
Verify	Check out repository	2026-10-07T15:28:55.5160297Z ##[endgroup]
Verify	Check out repository	2026-10-07T15:28:55.5161917Z ##[group]Disabling automatic garbage collection
Verify	Check out repository	2026-10-07T15:28:55.5163985Z [command]/usr/bin/git config --local gc.auto 0
Verify	Check out repository	2026-10-07T15:28:55.5196180Z ##[endgroup]
Verify	Check out repository	2026-10-07T15:28:55.5197300Z ##[group]Setting up auth
Verify	Check out repository	2026-10-07T15:28:55.5204568Z [command]/usr/bin/git config --local --name-only --get-regexp core\.sshCommand
Verify	Check out repository	2026-10-07T15:28:55.5246589Z [command]/usr/bin/git submodule foreach --recursive sh -c "git config --local --name-only --get-regexp 'core\.sshCommand' && git config --local --unset-all 'core.sshCommand' || :"
Verify	Check out repository	2026-10-07T15:28:55.5665122Z [command]/usr/bin/git config --local --name-only --get-regexp http\.https\:\/\/github\.com\/\.extraheader
Verify	Check out repository	2026-10-07T15:28:55.5703528Z [command]/usr/bin/git submodule foreach --recursive sh -c "git config --local --name-only --get-regexp 'http\.https\:\/\/github\.com\/\.extraheader' && git config --local --unset-all 'http.https://github.com/.extraheader' || :"
Verify	Check out repository	2026-10-07T15:28:55.5929193Z [command]/usr/bin/git config --local --name-only --get-regexp ^includeIf\.gitdir:
Verify	Check out repository	2026-10-07T15:28:55.5967942Z [command]/usr/bin/git submodule foreach --recursive git config --local --show-origin --name-only --get-regexp remote.origin.url
Verify	Check out repository	2026-10-07T15:28:55.6192699Z [command]/usr/bin/git config --local http.https://github.com/.extraheader AUTHORIZATION: basic ***
Verify	Check out repository	2026-10-07T15:28:55.6233063Z ##[endgroup]
Verify	Check out repository	2026-10-07T15:28:55.6242705Z ##[group]Fetching the repository
Verify	Check out repository	2026-10-07T15:28:55.6244617Z [command]/usr/bin/git -c protocol.version=2 fetch --no-tags --prune --no-recurse-submodules --depth=1 origin +86aee1a6f8edbd30cf23506d438c123107e0ba6c:refs/remotes/origin/main
Verify	Check out repository	2026-10-07T15:28:57.1439255Z From https://github.com/koniz-dev/react-native-starter
Verify	Check out repository	2026-10-07T15:28:57.1441614Z  * [new ref]         86aee1a6f8edbd30cf23506d438c123107e0ba6c -> origin/main
Verify	Check out repository	2026-10-07T15:28:57.1450848Z ##[endgroup]
Verify	Check out repository	2026-10-07T15:28:57.1452986Z ##[group]Determining the checkout info
Verify	Check out repository	2026-10-07T15:28:57.1455795Z ##[endgroup]
Verify	Check out repository	2026-10-07T15:28:57.1459876Z [command]/usr/bin/git sparse-checkout disable
Verify	Check out repository	2026-10-07T15:28:57.1516647Z [command]/usr/bin/git config --local --unset-all extensions.worktreeConfig
Verify	Check out repository	2026-10-07T15:28:57.1552737Z ##[group]Checking out the ref
Verify	Check out repository	2026-10-07T15:28:57.1556778Z [command]/usr/bin/git checkout --progress --force -B main refs/remotes/origin/main
Verify	Check out repository	2026-10-07T15:28:57.2254565Z Switched to a new branch 'main'
Verify	Check out repository	2026-10-07T15:28:57.2259563Z branch 'main' set up to track 'origin/main'.
Verify	Check out repository	2026-10-07T15:28:57.2271711Z ##[endgroup]
Verify	Check out repository	2026-10-07T15:28:57.2319656Z [command]/usr/bin/git log -1 --format=%H
Verify	Check out repository	2026-10-07T15:28:57.2347044Z 86aee1a6f8edbd30cf23506d438c123107e0ba6c
Verify	Set up Node.js	﻿2026-10-07T15:28:57.2757911Z ##[group]Run actions/setup-node@v4
Verify	Set up Node.js	2026-10-07T15:28:57.2759305Z with:
Verify	Set up Node.js	2026-10-07T15:28:57.2760274Z   node-version-file: .nvmrc
Verify	Set up Node.js	2026-10-07T15:28:57.2761450Z   cache: npm
Verify	Set up Node.js	2026-10-07T15:28:57.2762429Z   always-auth: false
Verify	Set up Node.js	2026-10-07T15:28:57.2763499Z   check-latest: false
Verify	Set up Node.js	2026-10-07T15:28:57.2774847Z   token: ***
Verify	Set up Node.js	2026-10-07T15:28:57.2775967Z ##[endgroup]
Verify	Set up Node.js	2026-10-07T15:28:57.4219467Z Resolved .nvmrc as 24
Verify	Set up Node.js	2026-10-07T15:28:57.4280349Z Found in cache @ /opt/hostedtoolcache/node/24.21.0/x64
Verify	Set up Node.js	2026-10-07T15:28:57.4285032Z (node:2314) [DEP0040] DeprecationWarning: The `punycode` module is deprecated. Please use a userland alternative instead.
Verify	Set up Node.js	2026-10-07T15:28:57.4290404Z (Use `node --trace-deprecation ...` to show where the warning was created)
Verify	Set up Node.js	2026-10-07T15:28:57.4294609Z ##[group]Environment details
Verify	Set up Node.js	2026-10-07T15:28:57.8581847Z node: v24.21.0
Verify	Set up Node.js	2026-10-07T15:28:57.8582425Z npm: 11.19.0
Verify	Set up Node.js	2026-10-07T15:28:57.8582856Z yarn: 1.22.22
Verify	Set up Node.js	2026-10-07T15:28:57.8583962Z ##[endgroup]
Verify	Set up Node.js	2026-10-07T15:28:57.8640671Z [command]/opt/hostedtoolcache/node/24.21.0/x64/bin/npm config get cache
Verify	Set up Node.js	2026-10-07T15:28:57.9944070Z /home/runner/.npm
Verify	Set up Node.js	2026-10-07T15:28:58.0892328Z Cache hit for: node-cache-Linux-x64-npm-9a82033345870d620287ae0ca8b0f11fd380bcf572aa61d4d09e5388351df534
Verify	Set up Node.js	2026-10-07T15:28:58.1003919Z (node:2314) [DEP0169] DeprecationWarning: `url.parse()` behavior is not standardized and prone to errors that have security implications. Use the WHATWG URL API instead. CVEs are not issued for `url.parse()` vulnerabilities.
Verify	Set up Node.js	2026-10-07T15:28:58.9828144Z Received 154629666 of 154629666 (100.0%), 175.3 MBs/sec
Verify	Set up Node.js	2026-10-07T15:28:58.9829344Z Cache Size: ~147 MB (154629666 B)
Verify	Set up Node.js	2026-10-07T15:28:58.9870669Z [command]/usr/bin/tar -xf /home/runner/work/_temp/feffcd74-70f5-4053-a62a-243680593959/cache.tzst -P -C /home/runner/work/react-native-starter/react-native-starter --use-compress-program unzstd
Verify	Set up Node.js	2026-10-07T15:28:59.4585246Z Cache restored successfully
Verify	Set up Node.js	2026-10-07T15:28:59.4663340Z Cache restored from key: node-cache-Linux-x64-npm-9a82033345870d620287ae0ca8b0f11fd380bcf572aa61d4d09e5388351df534
Verify	Install dependencies	﻿2026-10-07T15:28:59.4884499Z ##[group]Run npm ci
Verify	Install dependencies	2026-10-07T15:28:59.4884875Z ^[[36;1mnpm ci^[[0m
Verify	Install dependencies	2026-10-07T15:28:59.5182583Z shell: /usr/bin/bash -e {0}
Verify	Install dependencies	2026-10-07T15:28:59.5183018Z ##[endgroup]
Verify	Install dependencies	2026-10-07T15:29:04.1830770Z npm warn deprecated inflight@1.0.6: This module is not supported, and leaks memory. Do not use it. Check out lru-cache if you want a good and tested way to coalesce async requests by a key value, which is much more comprehensive and powerful.
Verify	Install dependencies	2026-10-07T15:29:04.4358742Z npm warn deprecated abab@2.0.6: Use your platform's native atob() and btoa() methods instead
Verify	Install dependencies	2026-10-07T15:29:04.4738754Z npm warn deprecated glob@7.2.3: Glob versions prior to v9 are no longer supported
Verify	Install dependencies	2026-10-07T15:29:04.4753755Z npm warn deprecated glob@7.2.3: Glob versions prior to v9 are no longer supported
Verify	Install dependencies	2026-10-07T15:29:04.4757466Z npm warn deprecated glob@7.2.3: Glob versions prior to v9 are no longer supported
Verify	Install dependencies	2026-10-07T15:29:04.4779657Z npm warn deprecated glob@7.2.3: Glob versions prior to v9 are no longer supported
Verify	Install dependencies	2026-10-07T15:29:04.8243971Z npm warn deprecated domexception@4.0.0: Use your platform's native DOMException instead
Verify	Install dependencies	2026-10-07T15:29:05.9827020Z npm warn deprecated uuid@7.0.3: uuid@10 and below is no longer supported.  For ESM codebases, update to uuid@latest.  For CommonJS codebases, use uuid@11 (but be aware this version will likely be deprecated in 2028).
Verify	Install dependencies	2026-10-07T15:29:08.3338285Z npm warn deprecated react-native-vector-icons@10.3.0: react-native-vector-icons package has moved to a new model of per-icon-family packages. See the https://github.com/oblador/react-native-vector-icons/blob/master/MIGRATION.md on how to migrate
Verify	Install dependencies	2026-10-07T15:29:18.1965689Z 
Verify	Install dependencies	2026-10-07T15:29:18.1966792Z added 1071 packages, and audited 1072 packages in 19s
Verify	Install dependencies	2026-10-07T15:29:18.1967351Z 
Verify	Install dependencies	2026-10-07T15:29:18.1967913Z 180 packages are looking for funding
Verify	Install dependencies	2026-10-07T15:29:18.1968840Z   run `npm fund` for details
Verify	Install dependencies	2026-10-07T15:29:18.3724961Z 
Verify	Install dependencies	2026-10-07T15:29:18.3726340Z 70 vulnerabilities (1 low, 15 moderate, 54 high)
Verify	Install dependencies	2026-10-07T15:29:18.3727187Z 
Verify	Install dependencies	2026-10-07T15:29:18.3727673Z To address issues that do not require attention, run:
Verify	Install dependencies	2026-10-07T15:29:18.3728382Z   npm audit fix
Verify	Install dependencies	2026-10-07T15:29:18.3728641Z 
Verify	Install dependencies	2026-10-07T15:29:18.3729134Z To address all issues (including breaking changes), run:
Verify	Install dependencies	2026-10-07T15:29:18.3730466Z   npm audit fix --force
Verify	Install dependencies	2026-10-07T15:29:18.3730790Z 
Verify	Install dependencies	2026-10-07T15:29:18.3731042Z Run `npm audit` for details.
Verify	Lint	﻿2026-10-07T15:29:18.4829791Z ##[group]Run npm run lint
Verify	Lint	2026-10-07T15:29:18.4830137Z ^[[36;1mnpm run lint^[[0m
Verify	Lint	2026-10-07T15:29:18.4898992Z shell: /usr/bin/bash -e {0}
Verify	Lint	2026-10-07T15:29:18.4899303Z ##[endgroup]
Verify	Lint	2026-10-07T15:29:18.5959506Z 
Verify	Lint	2026-10-07T15:29:18.5960319Z > react-native-starter@1.0.0 lint
Verify	Lint	2026-10-07T15:29:18.5960981Z > eslint .
Verify	Lint	2026-10-07T15:29:18.5961217Z 
Verify	Lint	2026-10-07T15:29:24.4855863Z 
Verify	Lint	2026-10-07T15:29:24.4879868Z /home/runner/work/react-native-starter/react-native-starter/components/ThemedText.tsx
Verify	Lint	2026-10-07T15:29:24.4953078Z ##[warning]  24:3  warning  Unused style detected: styles.default          react-native/no-unused-styles
Verify	Lint	2026-10-07T15:29:24.4964182Z ##[warning]  25:3  warning  Unused style detected: styles.defaultSemiBold  react-native/no-unused-styles
Verify	Lint	2026-10-07T15:29:24.4966355Z ##[warning]  26:3  warning  Unused style detected: styles.title            react-native/no-unused-styles
Verify	Lint	2026-10-07T15:29:24.4968146Z ##[warning]  27:3  warning  Unused style detected: styles.subtitle         react-native/no-unused-styles
Verify	Lint	2026-10-07T15:29:24.4969613Z ##[warning]  28:3  warning  Unused style detected: styles.link             react-native/no-unused-styles
Verify	Lint	2026-10-07T15:29:24.4970985Z ##[warning]  28:9  warning  Color literal: { color: '#0a7ea4' }            react-native/no-color-literals
Verify	Lint	2026-10-07T15:29:24.4971861Z 
Verify	Lint	2026-10-07T15:29:24.4972307Z ✖ 6 problems (0 errors, 6 warnings)
Verify	Lint	2026-10-07T15:29:24.4972524Z 
Verify	Check formatting	﻿2026-10-07T15:29:24.7697387Z ##[group]Run npm run format:check
Verify	Check formatting	2026-10-07T15:29:24.7697757Z ^[[36;1mnpm run format:check^[[0m
Verify	Check formatting	2026-10-07T15:29:24.7762009Z shell: /usr/bin/bash -e {0}
Verify	Check formatting	2026-10-07T15:29:24.7762317Z ##[endgroup]
Verify	Check formatting	2026-10-07T15:29:24.8793924Z 
Verify	Check formatting	2026-10-07T15:29:24.8794745Z > react-native-starter@1.0.0 format:check
Verify	Check formatting	2026-10-07T15:29:24.8795778Z > prettier --check "**/*.{ts,tsx,js,jsx,json,md}"
Verify	Check formatting	2026-10-07T15:29:24.8796212Z 
Verify	Check formatting	2026-10-07T15:29:24.9710007Z Checking formatting...
Verify	Check formatting	2026-10-07T15:29:26.9442603Z All matched files use Prettier code style!
Verify	Type-check	﻿2026-10-07T15:29:26.9817199Z ##[group]Run npm run type-check
Verify	Type-check	2026-10-07T15:29:26.9817584Z ^[[36;1mnpm run type-check^[[0m
Verify	Type-check	2026-10-07T15:29:26.9882685Z shell: /usr/bin/bash -e {0}
Verify	Type-check	2026-10-07T15:29:26.9883052Z ##[endgroup]
Verify	Type-check	2026-10-07T15:29:27.0940031Z 
Verify	Type-check	2026-10-07T15:29:27.0940766Z > react-native-starter@1.0.0 type-check
Verify	Type-check	2026-10-07T15:29:27.0941491Z > tsc --noEmit
Verify	Type-check	2026-10-07T15:29:27.0941766Z 
Verify	Run Jest tests	﻿2026-10-07T15:29:29.8331384Z ##[group]Run npm run test:ci
Verify	Run Jest tests	2026-10-07T15:29:29.8331872Z ^[[36;1mnpm run test:ci^[[0m
Verify	Run Jest tests	2026-10-07T15:29:29.8408010Z shell: /usr/bin/bash -e {0}
Verify	Run Jest tests	2026-10-07T15:29:29.8408344Z ##[endgroup]
Verify	Run Jest tests	2026-10-07T15:29:29.9498357Z 
Verify	Run Jest tests	2026-10-07T15:29:29.9499468Z > react-native-starter@1.0.0 test:ci
Verify	Run Jest tests	2026-10-07T15:29:29.9500625Z > jest
Verify	Run Jest tests	2026-10-07T15:29:29.9501177Z 
Verify	Run Jest tests	2026-10-07T15:29:34.5473328Z PASS __tests__/utils/logger.test.ts
Verify	Run Jest tests	2026-10-07T15:29:34.8386874Z PASS __tests__/services/api.test.ts
Verify	Run Jest tests	2026-10-07T15:29:34.8559252Z   ● Console
Verify	Run Jest tests	2026-10-07T15:29:34.8559959Z 
Verify	Run Jest tests	2026-10-07T15:29:34.8560345Z     console.warn
Verify	Run Jest tests	2026-10-07T15:29:34.8561297Z       ⚠️ API request failed: server (503)
Verify	Run Jest tests	2026-10-07T15:29:34.8561873Z 
Verify	Run Jest tests	2026-10-07T15:29:34.8562933Z     ^[[0m ^[[90m 44 |^[[39m         console^[[33m.^[[39mwarn(^[[32m`⚠️ ${message}`^[[39m^[[33m,^[[39m context)^[[33m;^[[39m
Verify	Run Jest tests	2026-10-07T15:29:34.8586318Z      ^[[90m 45 |^[[39m       } ^[[36melse^[[39m {
Verify	Run Jest tests	2026-10-07T15:29:34.8597950Z     ^[[31m^[[1m>^[[22m^[[39m^[[90m 46 |^[[39m         console^[[33m.^[[39mwarn(^[[32m`⚠️ ${message}`^[[39m)^[[33m;^[[39m
Verify	Run Jest tests	2026-10-07T15:29:34.8606589Z      ^[[90m    |^[[39m                 ^[[31m^[[1m^^[[22m^[[39m
Verify	Run Jest tests	2026-10-07T15:29:34.8608116Z      ^[[90m 47 |^[[39m       }
Verify	Run Jest tests	2026-10-07T15:29:34.8608888Z      ^[[90m 48 |^[[39m     }
Verify	Run Jest tests	2026-10-07T15:29:34.8609838Z      ^[[90m 49 |^[[39m   }^[[33m,^[[39m^[[0m
Verify	Run Jest tests	2026-10-07T15:29:34.8611302Z 
Verify	Run Jest tests	2026-10-07T15:29:34.8611799Z       at Object.warn (utils/logger.ts:46:17)
Verify	Run Jest tests	2026-10-07T15:29:34.8612725Z       at warn (services/httpClient.ts:136:12)
Verify	Run Jest tests	2026-10-07T15:29:34.8614513Z       at asyncGeneratorStep (node_modules/@babel/runtime/helpers/asyncToGenerator.js:3:17)
Verify	Run Jest tests	2026-10-07T15:29:34.8616262Z       at _next (node_modules/@babel/runtime/helpers/asyncToGenerator.js:17:9)
Verify	Run Jest tests	2026-10-07T15:29:34.8617540Z       at node_modules/@babel/runtime/helpers/asyncToGenerator.js:22:7
Verify	Run Jest tests	2026-10-07T15:29:34.8618791Z       at node_modules/@babel/runtime/helpers/asyncToGenerator.js:14:12
Verify	Run Jest tests	2026-10-07T15:29:34.8619892Z       at apply (services/httpClient.ts:142:4)
Verify	Run Jest tests	2026-10-07T15:29:34.8620963Z       at Axios.request (node_modules/axios/dist/browser/axios.cjs:5245:14)
Verify	Run Jest tests	2026-10-07T15:29:34.8621719Z 
Verify	Run Jest tests	2026-10-07T15:29:34.8622309Z PASS __tests__/services/httpClient.test.ts
Verify	Run Jest tests	2026-10-07T15:29:34.8749870Z PASS __tests__/config/env.test.ts
Verify	Run Jest tests	2026-10-07T15:29:35.1486803Z PASS __tests__/services/auth.test.ts
Verify	Run Jest tests	2026-10-07T15:29:35.3457709Z PASS __tests__/integrations/seams.test.ts
Verify	Run Jest tests	2026-10-07T15:29:35.5157531Z PASS __tests__/config/appConfig.test.ts
Verify	Run Jest tests	2026-10-07T15:29:44.6940386Z PASS __tests__/components/LoginScreen.test.tsx (9.831 s)
Verify	Run Jest tests	2026-10-07T15:29:45.2042696Z PASS __tests__/components/HomeScreen.test.tsx (10.339 s)
Verify	Run Jest tests	2026-10-07T15:29:48.2526940Z PASS __tests__/navigation/tabBarTheme.test.tsx (12.729 s)
Verify	Run Jest tests	2026-10-07T15:29:48.2613086Z   ● Console
Verify	Run Jest tests	2026-10-07T15:29:48.2613572Z 
Verify	Run Jest tests	2026-10-07T15:29:48.2616284Z     console.log
Verify	Run Jest tests	2026-10-07T15:29:48.2617017Z       🐛 [analytics] screen /
Verify	Run Jest tests	2026-10-07T15:29:48.2617445Z 
Verify	Run Jest tests	2026-10-07T15:29:48.2617883Z       at Object.log [as debug] (utils/logger.ts:98:17)
Verify	Run Jest tests	2026-10-07T15:29:48.2618441Z 
Verify	Run Jest tests	2026-10-07T15:29:48.2618784Z     console.log
Verify	Run Jest tests	2026-10-07T15:29:48.2619432Z       🐛 [analytics] screen /
Verify	Run Jest tests	2026-10-07T15:29:48.2619864Z 
Verify	Run Jest tests	2026-10-07T15:29:48.2620293Z       at Object.log [as debug] (utils/logger.ts:98:17)
Verify	Run Jest tests	2026-10-07T15:29:48.2620848Z 
Verify	Run Jest tests	2026-10-07T15:29:48.4537098Z PASS __tests__/integrations/i18n.test.tsx
Verify	Run Jest tests	2026-10-07T15:29:48.4579040Z   ● Console
Verify	Run Jest tests	2026-10-07T15:29:48.4579482Z 
Verify	Run Jest tests	2026-10-07T15:29:48.4596290Z     console.log
Verify	Run Jest tests	2026-10-07T15:29:48.4597018Z       🐛 [analytics] screen /
Verify	Run Jest tests	2026-10-07T15:29:48.4597531Z 
Verify	Run Jest tests	2026-10-07T15:29:48.4597974Z       at Object.log [as debug] (utils/logger.ts:98:17)
Verify	Run Jest tests	2026-10-07T15:29:48.4598502Z 
Verify	Run Jest tests	2026-10-07T15:29:48.4598776Z     console.log
Verify	Run Jest tests	2026-10-07T15:29:48.4599437Z       🐛 [analytics] screen /login
Verify	Run Jest tests	2026-10-07T15:29:48.4599874Z 
Verify	Run Jest tests	2026-10-07T15:29:48.4600286Z       at Object.log [as debug] (utils/logger.ts:98:17)
Verify	Run Jest tests	2026-10-07T15:29:48.4600823Z 
Verify	Run Jest tests	2026-10-07T15:29:48.6739902Z PASS __tests__/navigation/initialRoute.test.tsx
Verify	Run Jest tests	2026-10-07T15:29:48.6846820Z   ● Console
Verify	Run Jest tests	2026-10-07T15:29:48.6847593Z 
Verify	Run Jest tests	2026-10-07T15:29:48.6848676Z     console.log
Verify	Run Jest tests	2026-10-07T15:29:48.6849532Z       🐛 [analytics] screen /
Verify	Run Jest tests	2026-10-07T15:29:48.6850092Z 
Verify	Run Jest tests	2026-10-07T15:29:48.6850581Z       at Object.log [as debug] (utils/logger.ts:98:17)
Verify	Run Jest tests	2026-10-07T15:29:48.6851264Z 
Verify	Run Jest tests	2026-10-07T15:29:48.6851595Z     console.log
Verify	Run Jest tests	2026-10-07T15:29:48.6852380Z       🐛 [analytics] screen /login
Verify	Run Jest tests	2026-10-07T15:29:48.6852941Z 
Verify	Run Jest tests	2026-10-07T15:29:48.6853438Z       at Object.log [as debug] (utils/logger.ts:98:17)
Verify	Run Jest tests	2026-10-07T15:29:48.6854126Z 
Verify	Run Jest tests	2026-10-07T15:29:48.6854477Z     console.log
Verify	Run Jest tests	2026-10-07T15:29:48.6855564Z       🐛 [analytics] screen /login
Verify	Run Jest tests	2026-10-07T15:29:48.6856282Z 
Verify	Run Jest tests	2026-10-07T15:29:48.6856780Z       at Object.log [as debug] (utils/logger.ts:98:17)
Verify	Run Jest tests	2026-10-07T15:29:48.6857421Z 
Verify	Run Jest tests	2026-10-07T15:29:48.6857746Z     console.log
Verify	Run Jest tests	2026-10-07T15:29:48.6858495Z       🐛 [analytics] screen /
Verify	Run Jest tests	2026-10-07T15:29:48.6859067Z 
Verify	Run Jest tests	2026-10-07T15:29:48.6859569Z       at Object.log [as debug] (utils/logger.ts:98:17)
Verify	Run Jest tests	2026-10-07T15:29:48.6860224Z 
Verify	Run Jest tests	2026-10-07T15:29:49.1057376Z PASS __tests__/navigation/configError.test.tsx
Verify	Run Jest tests	2026-10-07T15:29:49.1092097Z   ● Console
Verify	Run Jest tests	2026-10-07T15:29:49.1092663Z 
Verify	Run Jest tests	2026-10-07T15:29:49.1093042Z     console.log
Verify	Run Jest tests	2026-10-07T15:29:49.1093825Z       🐛 [analytics] screen /
Verify	Run Jest tests	2026-10-07T15:29:49.1094399Z 
Verify	Run Jest tests	2026-10-07T15:29:49.1094922Z       at Object.log [as debug] (utils/logger.ts:98:17)
Verify	Run Jest tests	2026-10-07T15:29:49.1097251Z 
Verify	Run Jest tests	2026-10-07T15:29:49.1911014Z PASS __tests__/navigation/statusBar.test.tsx
Verify	Run Jest tests	2026-10-07T15:29:49.1993258Z   ● Console
Verify	Run Jest tests	2026-10-07T15:29:49.2016819Z 
Verify	Run Jest tests	2026-10-07T15:29:49.2017091Z     console.log
Verify	Run Jest tests	2026-10-07T15:29:49.2017736Z       🐛 [analytics] screen /
Verify	Run Jest tests	2026-10-07T15:29:49.2018061Z 
Verify	Run Jest tests	2026-10-07T15:29:49.2018402Z       at Object.log [as debug] (utils/logger.ts:98:17)
Verify	Run Jest tests	2026-10-07T15:29:49.2018841Z 
Verify	Run Jest tests	2026-10-07T15:29:49.2019003Z     console.log
Verify	Run Jest tests	2026-10-07T15:29:49.2019527Z       🐛 [analytics] screen /
Verify	Run Jest tests	2026-10-07T15:29:49.2019835Z 
Verify	Run Jest tests	2026-10-07T15:29:49.2020154Z       at Object.log [as debug] (utils/logger.ts:98:17)
Verify	Run Jest tests	2026-10-07T15:29:49.2020544Z 
Verify	Run Jest tests	2026-10-07T15:29:49.3276581Z PASS __tests__/services/storage.test.ts
Verify	Run Jest tests	2026-10-07T15:29:49.3280944Z   ● Console
Verify	Run Jest tests	2026-10-07T15:29:49.3281425Z 
Verify	Run Jest tests	2026-10-07T15:29:49.3281668Z     console.error
Verify	Run Jest tests	2026-10-07T15:29:49.3282722Z       Error retrieving bad-json: SyntaxError: Expected property name or '}' in JSON at position 1 (line 1 column 2)
Verify	Run Jest tests	2026-10-07T15:29:49.3283830Z           at JSON.parse (<anonymous>)
Verify	Run Jest tests	2026-10-07T15:29:49.3284889Z           at parse (/home/runner/work/react-native-starter/react-native-starter/services/storage.ts:34:38)
Verify	Run Jest tests	2026-10-07T15:29:49.3286231Z           at Generator.next (<anonymous>)
Verify	Run Jest tests	2026-10-07T15:29:49.3287679Z           at asyncGeneratorStep (/home/runner/work/react-native-starter/react-native-starter/node_modules/@babel/runtime/helpers/asyncToGenerator.js:3:17)
Verify	Run Jest tests	2026-10-07T15:29:49.3289756Z           at _next (/home/runner/work/react-native-starter/react-native-starter/node_modules/@babel/runtime/helpers/asyncToGenerator.js:17:9)
Verify	Run Jest tests	2026-10-07T15:29:49.3291257Z           at processTicksAndRejections (node:internal/process/task_queues:104:5)
Verify	Run Jest tests	2026-10-07T15:29:49.3291890Z 
Verify	Run Jest tests	2026-10-07T15:29:49.3293390Z     ^[[0m ^[[90m 34 |^[[39m     ^[[36mreturn^[[39m jsonValue ^[[33m!=^[[39m ^[[36mnull^[[39m ^[[33m?^[[39m (^[[33mJSON^[[39m^[[33m.^[[39mparse(jsonValue) ^[[36mas^[[39m ^[[33mT^[[39m) ^[[33m:^[[39m ^[[36mnull^[[39m^[[33m;^[[39m
Verify	Run Jest tests	2026-10-07T15:29:49.3294932Z      ^[[90m 35 |^[[39m   } ^[[36mcatch^[[39m (error) {
Verify	Run Jest tests	2026-10-07T15:29:49.3296504Z     ^[[31m^[[1m>^[[22m^[[39m^[[90m 36 |^[[39m     console^[[33m.^[[39merror(^[[32m`Error retrieving ${key}:`^[[39m^[[33m,^[[39m error)^[[33m;^[[39m
Verify	Run Jest tests	2026-10-07T15:29:49.3297713Z      ^[[90m    |^[[39m             ^[[31m^[[1m^^[[22m^[[39m
Verify	Run Jest tests	2026-10-07T15:29:49.3298535Z      ^[[90m 37 |^[[39m     ^[[36mreturn^[[39m ^[[36mnull^[[39m^[[33m;^[[39m
Verify	Run Jest tests	2026-10-07T15:29:49.3299213Z      ^[[90m 38 |^[[39m   }
Verify	Run Jest tests	2026-10-07T15:29:49.3299709Z      ^[[90m 39 |^[[39m }^[[0m
Verify	Run Jest tests	2026-10-07T15:29:49.3299971Z 
Verify	Run Jest tests	2026-10-07T15:29:49.3300226Z       at error (services/storage.ts:36:13)
Verify	Run Jest tests	2026-10-07T15:29:49.3301147Z       at asyncGeneratorStep (node_modules/@babel/runtime/helpers/asyncToGenerator.js:3:17)
Verify	Run Jest tests	2026-10-07T15:29:49.3302671Z       at _next (node_modules/@babel/runtime/helpers/asyncToGenerator.js:17:9)
Verify	Run Jest tests	2026-10-07T15:29:49.3305740Z 
Verify	Run Jest tests	2026-10-07T15:29:49.4297726Z PASS __tests__/components/LoadingScreen.test.tsx
Verify	Run Jest tests	2026-10-07T15:29:49.5253643Z PASS __tests__/utils/sum.test.ts
Verify	Run Jest tests	2026-10-07T15:29:49.5442346Z PASS __tests__/hooks/useFetch.test.tsx
Verify	Run Jest tests	2026-10-07T15:29:49.5646517Z PASS __tests__/integrations/screenTracking.test.tsx
Verify	Run Jest tests	2026-10-07T15:29:49.6826206Z 
Verify	Run Jest tests	2026-10-07T15:29:49.6829675Z Test Suites: 19 passed, 19 total
Verify	Run Jest tests	2026-10-07T15:29:49.6830306Z Tests:       134 passed, 134 total
Verify	Run Jest tests	2026-10-07T15:29:49.6830736Z Snapshots:   0 total
Verify	Run Jest tests	2026-10-07T15:29:49.6831084Z Time:        18.964 s
Verify	Run Jest tests	2026-10-07T15:29:49.6831419Z Ran all test suites.
Verify	Expo Doctor	﻿2026-10-07T15:29:49.7043268Z ##[group]Run npx expo-doctor
Verify	Expo Doctor	2026-10-07T15:29:49.7043605Z ^[[36;1mnpx expo-doctor^[[0m
Verify	Expo Doctor	2026-10-07T15:29:49.7106384Z shell: /usr/bin/bash -e {0}
Verify	Expo Doctor	2026-10-07T15:29:49.7106694Z ##[endgroup]
Verify	Expo Doctor	2026-10-07T15:29:51.2177503Z Running 21 checks on your project...
Verify	Expo Doctor	2026-10-07T15:29:55.1066182Z 21/21 checks passed. No issues detected!
Verify	Export web build	﻿2026-10-07T15:29:55.1447036Z ##[group]Run npx expo export --platform web --output-dir dist
Verify	Export web build	2026-10-07T15:29:55.1447966Z ^[[36;1mnpx expo export --platform web --output-dir dist^[[0m
Verify	Export web build	2026-10-07T15:29:55.1517767Z shell: /usr/bin/bash -e {0}
Verify	Export web build	2026-10-07T15:29:55.1518055Z ##[endgroup]
Verify	Export web build	2026-10-07T15:29:56.2767229Z Starting Metro Bundler
Verify	Export web build	2026-10-07T15:29:56.2767732Z 
Verify	Export web build	2026-10-07T15:30:15.1688833Z Web Bundled 18603ms index.ts (1168 modules)
Verify	Export web build	2026-10-07T15:30:15.5327229Z 
Verify	Export web build	2026-10-07T15:30:15.5333333Z › Assets (19):
Verify	Export web build	2026-10-07T15:30:15.5408454Z node_modules/@expo/vector-icons/build/vendor/react-native-vector-icons/Fonts/MaterialCommunityIcons.6e435534bd35da5fef04168860a9b8fa.ttf (1.3MB)
Verify	Export web build	2026-10-07T15:30:15.5411123Z node_modules/expo-router/assets/arrow_down.017bc6ba3fc25503e5eb5e53826d48a8.png (9.5KB)
Verify	Export web build	2026-10-07T15:30:15.5413184Z node_modules/expo-router/assets/error.d1ea1496f9057eb392d5bbf3732a61b7.png (469B)
Verify	Export web build	2026-10-07T15:30:15.5414974Z node_modules/expo-router/assets/file.19eeb73b9593a38f8e9f418337fc7d10.png (138B)
Verify	Export web build	2026-10-07T15:30:15.5417414Z node_modules/expo-router/assets/forward.d8b800c443b8972542883e0b9de2bdc6.png (188B)
Verify	Export web build	2026-10-07T15:30:15.5419348Z node_modules/expo-router/assets/pkg.ab19f4cbc543357183a20571f68380a3.png (364B)
Verify	Export web build	2026-10-07T15:30:15.5421659Z node_modules/expo-router/assets/react-navigation/elements/back-icon-mask.0a328cd9c1afd0afe8e3b1ec5165b1b4.png (653B)
Verify	Export web build	2026-10-07T15:30:15.5424279Z node_modules/expo-router/assets/react-navigation/elements/back-icon.35ba0eaec5a4f5ed12ca16fabeae451d.png (207B)
Verify	Export web build	2026-10-07T15:30:15.5425909Z node_modules/expo-router/assets/react-navigation/elements/clear-icon.c94f6478e7ae0cdd9f15de1fcb9e5e55.png (4 variations | 425B)
Verify	Export web build	2026-10-07T15:30:15.5427248Z node_modules/expo-router/assets/react-navigation/elements/close-icon.808e1b1b9b53114ec2838071a7e6daa7.png (4 variations | 235B)
Verify	Export web build	2026-10-07T15:30:15.5428325Z node_modules/expo-router/assets/react-navigation/elements/search-icon.286d67d3f74808a60a78d3ebf1a5fb57.png (928B)
Verify	Export web build	2026-10-07T15:30:15.5429190Z node_modules/expo-router/assets/sitemap.412dd9275b6b48ad28f5e3d81bb1f626.png (465B)
Verify	Export web build	2026-10-07T15:30:15.5429962Z node_modules/expo-router/assets/unmatched.20e71bdf79e3a97bf55fd9e164041578.png (4.8KB)
Verify	Export web build	2026-10-07T15:30:15.5430356Z 
Verify	Export web build	2026-10-07T15:30:15.5430635Z › web bundles (1):
Verify	Export web build	2026-10-07T15:30:15.5459290Z _expo/static/js/web/index-ae1bc08ec42cab65e9fcfbed4e181a81.js (2.3MB)
Verify	Export web build	2026-10-07T15:30:15.5459980Z 
Verify	Export web build	2026-10-07T15:30:15.5460299Z › Files (3):
Verify	Export web build	2026-10-07T15:30:15.5460740Z favicon.ico (15KB)
Verify	Export web build	2026-10-07T15:30:15.5461167Z index.html (1.2KB)
Verify	Export web build	2026-10-07T15:30:15.5461688Z metadata.json (49B)
Verify	Export web build	2026-10-07T15:30:15.5557015Z 
Verify	Export web build	2026-10-07T15:30:15.5560554Z Exported: dist
Verify	Post Set up Node.js	﻿2026-10-07T15:30:15.7127671Z Post job cleanup.
Verify	Post Set up Node.js	2026-10-07T15:30:15.8344772Z (node:2767) [DEP0040] DeprecationWarning: The `punycode` module is deprecated. Please use a userland alternative instead.
Verify	Post Set up Node.js	2026-10-07T15:30:15.8346460Z (Use `node --trace-deprecation ...` to show where the warning was created)
Verify	Post Set up Node.js	2026-10-07T15:30:15.8349128Z Cache hit occurred on the primary key node-cache-Linux-x64-npm-9a82033345870d620287ae0ca8b0f11fd380bcf572aa61d4d09e5388351df534, not saving cache.
Verify	Post Check out repository	﻿2026-10-07T15:30:15.8510953Z Post job cleanup.
Verify	Post Check out repository	2026-10-07T15:30:15.9367226Z [command]/usr/bin/git version
Verify	Post Check out repository	2026-10-07T15:30:15.9412113Z git version 2.55.0
Verify	Post Check out repository	2026-10-07T15:30:15.9451487Z Temporarily overriding HOME='/home/runner/work/_temp/c71dc59c-1423-4e42-9646-d9658065e9e6' before making global git config changes
Verify	Post Check out repository	2026-10-07T15:30:15.9453468Z Adding repository directory to the temporary git global config as a safe directory
Verify	Post Check out repository	2026-10-07T15:30:15.9457365Z [command]/usr/bin/git config --global --add safe.directory /home/runner/work/react-native-starter/react-native-starter
Verify	Post Check out repository	2026-10-07T15:30:15.9497497Z [command]/usr/bin/git config --local --name-only --get-regexp core\.sshCommand
Verify	Post Check out repository	2026-10-07T15:30:15.9533027Z [command]/usr/bin/git submodule foreach --recursive sh -c "git config --local --name-only --get-regexp 'core\.sshCommand' && git config --local --unset-all 'core.sshCommand' || :"
Verify	Post Check out repository	2026-10-07T15:30:15.9800453Z [command]/usr/bin/git config --local --name-only --get-regexp http\.https\:\/\/github\.com\/\.extraheader
Verify	Post Check out repository	2026-10-07T15:30:15.9823275Z http.https://github.com/.extraheader
Verify	Post Check out repository	2026-10-07T15:30:15.9837175Z [command]/usr/bin/git config --local --unset-all http.https://github.com/.extraheader
Verify	Post Check out repository	2026-10-07T15:30:15.9881567Z [command]/usr/bin/git submodule foreach --recursive sh -c "git config --local --name-only --get-regexp 'http\.https\:\/\/github\.com\/\.extraheader' && git config --local --unset-all 'http.https://github.com/.extraheader' || :"
Verify	Post Check out repository	2026-10-07T15:30:16.0194705Z [command]/usr/bin/git config --local --name-only --get-regexp ^includeIf\.gitdir:
Verify	Post Check out repository	2026-10-07T15:30:16.0250399Z [command]/usr/bin/git submodule foreach --recursive git config --local --show-origin --name-only --get-regexp remote.origin.url
