
> site-notes@1.0.0 test:e2e:android
> bash scripts/e2e/run.sh android

Bundling for android...

Requested 1 shards, but it cannot be higher than the number of flows (0). Will use 1 shards instead.

Maestro Android driver did not start up in time on emulator [ emulator-5554 ] (driver port 60679)

The stack trace was:
maestro.MaestroDriverStartupException$AndroidDriverTimeoutException: Maestro Android driver did not start up in time on emulator [ emulator-5554 ] (driver port 60679)
	at maestro.drivers.AndroidDriver.awaitLaunch(AndroidDriver.kt:167)
	at maestro.drivers.AndroidDriver.open(AndroidDriver.kt:117)
	at maestro.Maestro$Companion.android(Maestro.kt:809)
	at maestro.cli.session.MaestroSessionManager.createAndroid(MaestroSessionManager.kt:348)
	at maestro.cli.session.MaestroSessionManager.createMaestro(MaestroSessionManager.kt:211)
	at maestro.cli.session.MaestroSessionManager.newSession(MaestroSessionManager.kt:106)
	at maestro.cli.session.MaestroSessionManager.newSession$default(MaestroSessionManager.kt:64)
	at maestro.cli.command.TestCommand.runShardSuite(TestCommand.kt:477)
	at maestro.cli.command.TestCommand.access$runShardSuite(TestCommand.kt:81)
	at maestro.cli.command.TestCommand$handleSessions$1$results$1$1.invokeSuspend(TestCommand.kt:438)
	at kotlin.coroutines.jvm.internal.BaseContinuationImpl.resumeWith(ContinuationImpl.kt:34)
	at kotlinx.coroutines.DispatchedTask.run(DispatchedTask.kt:100)
	at kotlinx.coroutines.internal.LimitedDispatcher$Worker.run(LimitedDispatcher.kt:124)
	at kotlinx.coroutines.scheduling.TaskImpl.run(Tasks.kt:89)
	at kotlinx.coroutines.scheduling.CoroutineScheduler.runSafely(CoroutineScheduler.kt:586)
	at kotlinx.coroutines.scheduling.CoroutineScheduler$Worker.executeTask(CoroutineScheduler.kt:820)
	at kotlinx.coroutines.scheduling.CoroutineScheduler$Worker.runWorker(CoroutineScheduler.kt:717)
	at kotlinx.coroutines.scheduling.CoroutineScheduler$Worker.run(CoroutineScheduler.kt:704)

Running on Medium_Phone_API_37.0
 > Flow Dark mode screenshots

==== Debug output (logs & screenshots) ====

/Users/nguyenanhkiet/Playground/rns-adopter-trial-2/e2e-results/android/maestro-dark/2026-10-10_235917
exit 1
