
> react-native-starter@1.0.0 test:e2e:ios
> bash scripts/e2e/run.sh ios

Bundling for ios...

Waiting for flows to complete...
[Passed] Cold start opens Home (1m 31s)
[Passed] Tab navigation (37s)
[Passed] Sign-in session survives a relaunch; logout clears it (2m 46s)
[Passed] Explore error state and Retry (39s)
[Passed] Login keyboard return keys (1m 20s)

5/5 Flows Passed in 6m 54s

Running on iPhone 16 Plus - iOS 18.6 - E0ACAF33-2846-4E2E-B304-D2322BC2F008
 > Flow Dark mode screenshots
Run subflows/open-app.yaml...
  Run flow when ${CLEAR_STATE == 'true'} is true...
  Run flow when false is true... SKIPPED
  Launch app "${APP_ID}"... COMPLETED
  Open ${APP_URL}... COMPLETED
  Repeat while id: tab-home is not visible (up to 10 times)...
    Assert that (Optional) id: tab-home is visible... WARNED
    Run flow when Platform is IOS and "Open in .*" is visible...
    Run flow when Platform is IOS and "Open in .*" is visible... SKIPPED
    Run flow when "Development servers" is visible...
    Run flow when "Development servers" is visible... SKIPPED
    Tap on (Optional) "Wait"... WARNED
    Tap on (Optional) "Continue"... WARNED
    Run flow when Platform is ANDROID and "Go home" is visible...
    Run flow when Platform is ANDROID and "Go home" is visible... SKIPPED
    Run flow when Platform is IOS and "Go home" is visible...
    Run flow when Platform is IOS and "Go home" is visible... SKIPPED
    Wait for animation to end... COMPLETED
  Repeat while id: tab-home is not visible (up to 10 times)... COMPLETED
  Assert that "Session" is visible... COMPLETED
Run subflows/open-app.yaml... COMPLETED
Take screenshot dark-home... COMPLETED
Tap on id: tab-explore... COMPLETED
Assert that "API Example" is visible... COMPLETED
Take screenshot dark-explore... COMPLETED
Tap on id: tab-home... COMPLETED
