Verify	Set up job	﻿2026-10-06T18:10:19.4564380Z Current runner version: '2.337.0'
Verify	Set up job	2026-10-06T18:10:19.4590585Z ##[group]Runner Image Provisioner
Verify	Set up job	2026-10-06T18:10:19.4591594Z Hosted Compute Agent
Verify	Set up job	2026-10-06T18:10:19.4592250Z Version: 20260901.588
Verify	Set up job	2026-10-06T18:10:19.4592921Z Commit: f88ec8081b781fac6c440065ac7ff9e710ce3d0b
Verify	Set up job	2026-10-06T18:10:19.4593715Z Build Date: 2026-09-01T19:56:44Z
Verify	Set up job	2026-10-06T18:10:19.4594476Z Worker ID: {7d6fc7dd-58de-4127-81f2-35eb102b93b4}
Verify	Set up job	2026-10-06T18:10:19.4595548Z Azure Region: westus
Verify	Set up job	2026-10-06T18:10:19.4596265Z ##[endgroup]
Verify	Set up job	2026-10-06T18:10:19.4597998Z ##[group]Operating System
Verify	Set up job	2026-10-06T18:10:19.4598778Z Ubuntu
Verify	Set up job	2026-10-06T18:10:19.4599389Z 24.04.5
Verify	Set up job	2026-10-06T18:10:19.4599918Z LTS
Verify	Set up job	2026-10-06T18:10:19.4600547Z ##[endgroup]
Verify	Set up job	2026-10-06T18:10:19.4601110Z ##[group]Runner Image
Verify	Set up job	2026-10-06T18:10:19.4601933Z Image: ubuntu-24.04
Verify	Set up job	2026-10-06T18:10:19.4602564Z Version: 20260927.320.1
Verify	Set up job	2026-10-06T18:10:19.4603715Z Included Software: https://github.com/actions/runner-images/blob/ubuntu24/20260927.320/images/ubuntu/Ubuntu2404-Readme.md
Verify	Set up job	2026-10-06T18:10:19.4605750Z Image Release: https://github.com/actions/runner-images/releases/tag/ubuntu24%2F20260927.320
Verify	Set up job	2026-10-06T18:10:19.4607204Z ##[endgroup]
Verify	Set up job	2026-10-06T18:10:19.4608465Z ##[group]GITHUB_TOKEN Permissions
Verify	Set up job	2026-10-06T18:10:19.4610661Z Contents: read
Verify	Set up job	2026-10-06T18:10:19.4611342Z Metadata: read
Verify	Set up job	2026-10-06T18:10:19.4611957Z ##[endgroup]
Verify	Set up job	2026-10-06T18:10:19.4614137Z Secret source: Actions
Verify	Set up job	2026-10-06T18:10:19.4615548Z Cache mode: write
Verify	Set up job	2026-10-06T18:10:19.4616691Z Prepare workflow directory
Verify	Set up job	2026-10-06T18:10:19.4958233Z Prepare all required actions
Verify	Set up job	2026-10-06T18:10:19.5008663Z Getting action download info
Verify	Set up job	2026-10-06T18:10:19.8852408Z Download action repository 'actions/checkout@v4' (SHA:11d5960a326750d5838078e36cf38b85af677262)
Verify	Set up job	2026-10-06T18:10:20.0030145Z Download action repository 'actions/setup-node@v4' (SHA:49933ea5288caeca8642d1e84afbd3f7d6820020)
Verify	Set up job	2026-10-06T18:10:20.1969538Z Complete job name: Verify
Verify	Check out repository	﻿2026-10-06T18:10:20.2765552Z ##[group]Run actions/checkout@v4
Verify	Check out repository	2026-10-06T18:10:20.2766526Z with:
Verify	Check out repository	2026-10-06T18:10:20.2767058Z   repository: koniz-dev/react-native-starter
Verify	Check out repository	2026-10-06T18:10:20.2770895Z   token: ***
Verify	Check out repository	2026-10-06T18:10:20.2771355Z   ssh-strict: true
Verify	Check out repository	2026-10-06T18:10:20.2771810Z   ssh-user: git
Verify	Check out repository	2026-10-06T18:10:20.2772269Z   persist-credentials: true
Verify	Check out repository	2026-10-06T18:10:20.2772762Z   clean: true
Verify	Check out repository	2026-10-06T18:10:20.2773215Z   sparse-checkout-cone-mode: true
Verify	Check out repository	2026-10-06T18:10:20.2773743Z   fetch-depth: 1
Verify	Check out repository	2026-10-06T18:10:20.2774187Z   fetch-tags: false
Verify	Check out repository	2026-10-06T18:10:20.2774641Z   show-progress: true
Verify	Check out repository	2026-10-06T18:10:20.2775366Z   lfs: false
Verify	Check out repository	2026-10-06T18:10:20.2775822Z   submodules: false
Verify	Check out repository	2026-10-06T18:10:20.2776280Z   set-safe-directory: true
Verify	Check out repository	2026-10-06T18:10:20.2776813Z   allow-unsafe-pr-checkout: false
Verify	Check out repository	2026-10-06T18:10:20.2777637Z ##[endgroup]
Verify	Check out repository	2026-10-06T18:10:20.3837926Z Syncing repository: koniz-dev/react-native-starter
Verify	Check out repository	2026-10-06T18:10:20.3840087Z ##[group]Getting Git version info
Verify	Check out repository	2026-10-06T18:10:20.3841143Z Working directory is '/home/runner/work/react-native-starter/react-native-starter'
Verify	Check out repository	2026-10-06T18:10:20.3842478Z [command]/usr/bin/git version
Verify	Check out repository	2026-10-06T18:10:20.3902583Z git version 2.55.0
Verify	Check out repository	2026-10-06T18:10:20.3940823Z ##[endgroup]
Verify	Check out repository	2026-10-06T18:10:20.3967320Z Temporarily overriding HOME='/home/runner/work/_temp/00998360-6c22-4178-9d09-e2ea2bd904bd' before making global git config changes
Verify	Check out repository	2026-10-06T18:10:20.3969633Z Adding repository directory to the temporary git global config as a safe directory
Verify	Check out repository	2026-10-06T18:10:20.3972019Z [command]/usr/bin/git config --global --add safe.directory /home/runner/work/react-native-starter/react-native-starter
Verify	Check out repository	2026-10-06T18:10:20.4016045Z Deleting the contents of '/home/runner/work/react-native-starter/react-native-starter'
Verify	Check out repository	2026-10-06T18:10:20.4022209Z ##[group]Initializing the repository
Verify	Check out repository	2026-10-06T18:10:20.4027611Z [command]/usr/bin/git init /home/runner/work/react-native-starter/react-native-starter
Verify	Check out repository	2026-10-06T18:10:20.4145424Z hint: Using 'master' as the name for the initial branch. This default branch name
Verify	Check out repository	2026-10-06T18:10:20.4147356Z hint: will change to "main" in Git 3.0. To configure the initial branch name
Verify	Check out repository	2026-10-06T18:10:20.4149257Z hint: to use in all of your new repositories, which will suppress this warning,
Verify	Check out repository	2026-10-06T18:10:20.4150465Z hint: call:
Verify	Check out repository	2026-10-06T18:10:20.4151128Z hint:
Verify	Check out repository	2026-10-06T18:10:20.4151974Z hint: 	git config --global init.defaultBranch <name>
Verify	Check out repository	2026-10-06T18:10:20.4152993Z hint:
Verify	Check out repository	2026-10-06T18:10:20.4153907Z hint: Names commonly chosen instead of 'master' are 'main', 'trunk' and
Verify	Check out repository	2026-10-06T18:10:20.4155687Z hint: 'development'. The just-created branch can be renamed via this command:
Verify	Check out repository	2026-10-06T18:10:20.4156962Z hint:
Verify	Check out repository	2026-10-06T18:10:20.4158099Z hint: 	git branch -m <name>
Verify	Check out repository	2026-10-06T18:10:20.4158848Z hint:
Verify	Check out repository	2026-10-06T18:10:20.4159854Z hint: Disable this message with "git config set advice.defaultBranchName false"
Verify	Check out repository	2026-10-06T18:10:20.4162007Z Initialized empty Git repository in /home/runner/work/react-native-starter/react-native-starter/.git/
Verify	Check out repository	2026-10-06T18:10:20.4165543Z [command]/usr/bin/git remote add origin https://github.com/koniz-dev/react-native-starter
Verify	Check out repository	2026-10-06T18:10:20.4213841Z ##[endgroup]
Verify	Check out repository	2026-10-06T18:10:20.4215331Z ##[group]Disabling automatic garbage collection
Verify	Check out repository	2026-10-06T18:10:20.4218698Z [command]/usr/bin/git config --local gc.auto 0
Verify	Check out repository	2026-10-06T18:10:20.4268839Z ##[endgroup]
Verify	Check out repository	2026-10-06T18:10:20.4269976Z ##[group]Setting up auth
Verify	Check out repository	2026-10-06T18:10:20.4271230Z [command]/usr/bin/git config --local --name-only --get-regexp core\.sshCommand
Verify	Check out repository	2026-10-06T18:10:20.4314576Z [command]/usr/bin/git submodule foreach --recursive sh -c "git config --local --name-only --get-regexp 'core\.sshCommand' && git config --local --unset-all 'core.sshCommand' || :"
Verify	Check out repository	2026-10-06T18:10:20.4718537Z [command]/usr/bin/git config --local --name-only --get-regexp http\.https\:\/\/github\.com\/\.extraheader
Verify	Check out repository	2026-10-06T18:10:20.4764698Z [command]/usr/bin/git submodule foreach --recursive sh -c "git config --local --name-only --get-regexp 'http\.https\:\/\/github\.com\/\.extraheader' && git config --local --unset-all 'http.https://github.com/.extraheader' || :"
Verify	Check out repository	2026-10-06T18:10:20.4999186Z [command]/usr/bin/git config --local --name-only --get-regexp ^includeIf\.gitdir:
Verify	Check out repository	2026-10-06T18:10:20.5036648Z [command]/usr/bin/git submodule foreach --recursive git config --local --show-origin --name-only --get-regexp remote.origin.url
Verify	Check out repository	2026-10-06T18:10:20.5268222Z [command]/usr/bin/git config --local http.https://github.com/.extraheader AUTHORIZATION: basic ***
Verify	Check out repository	2026-10-06T18:10:20.5316491Z ##[endgroup]
Verify	Check out repository	2026-10-06T18:10:20.5317903Z ##[group]Fetching the repository
Verify	Check out repository	2026-10-06T18:10:20.5327569Z [command]/usr/bin/git -c protocol.version=2 fetch --no-tags --prune --no-recurse-submodules --depth=1 origin +d612ce591ddb4261e116d7223002d031c6ed95c0:refs/remotes/origin/main
Verify	Check out repository	2026-10-06T18:10:21.8059351Z From https://github.com/koniz-dev/react-native-starter
Verify	Check out repository	2026-10-06T18:10:21.8061349Z  * [new ref]         d612ce591ddb4261e116d7223002d031c6ed95c0 -> origin/main
Verify	Check out repository	2026-10-06T18:10:21.8065363Z ##[endgroup]
Verify	Check out repository	2026-10-06T18:10:21.8066879Z ##[group]Determining the checkout info
Verify	Check out repository	2026-10-06T18:10:21.8068885Z ##[endgroup]
Verify	Check out repository	2026-10-06T18:10:21.8073095Z [command]/usr/bin/git sparse-checkout disable
Verify	Check out repository	2026-10-06T18:10:21.8131257Z [command]/usr/bin/git config --local --unset-all extensions.worktreeConfig
Verify	Check out repository	2026-10-06T18:10:21.8166247Z ##[group]Checking out the ref
Verify	Check out repository	2026-10-06T18:10:21.8171205Z [command]/usr/bin/git checkout --progress --force -B main refs/remotes/origin/main
Verify	Check out repository	2026-10-06T18:10:21.8834882Z Switched to a new branch 'main'
Verify	Check out repository	2026-10-06T18:10:21.8839830Z branch 'main' set up to track 'origin/main'.
Verify	Check out repository	2026-10-06T18:10:21.8849440Z ##[endgroup]
Verify	Check out repository	2026-10-06T18:10:21.8898866Z [command]/usr/bin/git log -1 --format=%H
Verify	Check out repository	2026-10-06T18:10:21.8926510Z d612ce591ddb4261e116d7223002d031c6ed95c0
Verify	Set up Node.js	﻿2026-10-06T18:10:21.9275809Z ##[group]Run actions/setup-node@v4
Verify	Set up Node.js	2026-10-06T18:10:21.9276578Z with:
Verify	Set up Node.js	2026-10-06T18:10:21.9277017Z   node-version-file: .nvmrc
Verify	Set up Node.js	2026-10-06T18:10:21.9277589Z   cache: npm
Verify	Set up Node.js	2026-10-06T18:10:21.9278026Z   always-auth: false
Verify	Set up Node.js	2026-10-06T18:10:21.9278541Z   check-latest: false
Verify	Set up Node.js	2026-10-06T18:10:21.9286951Z   token: ***
Verify	Set up Node.js	2026-10-06T18:10:21.9287420Z ##[endgroup]
Verify	Set up Node.js	2026-10-06T18:10:22.0691380Z Resolved .nvmrc as 24
Verify	Set up Node.js	2026-10-06T18:10:22.0747303Z Found in cache @ /opt/hostedtoolcache/node/24.21.0/x64
Verify	Set up Node.js	2026-10-06T18:10:22.0751921Z (node:2374) [DEP0040] DeprecationWarning: The `punycode` module is deprecated. Please use a userland alternative instead.
Verify	Set up Node.js	2026-10-06T18:10:22.0754340Z (Use `node --trace-deprecation ...` to show where the warning was created)
Verify	Set up Node.js	2026-10-06T18:10:22.0756840Z ##[group]Environment details
Verify	Set up Node.js	2026-10-06T18:10:22.4778536Z node: v24.21.0
Verify	Set up Node.js	2026-10-06T18:10:22.4779272Z npm: 11.19.0
Verify	Set up Node.js	2026-10-06T18:10:22.4779754Z yarn: 1.22.22
Verify	Set up Node.js	2026-10-06T18:10:22.4780842Z ##[endgroup]
Verify	Set up Node.js	2026-10-06T18:10:22.4800237Z [command]/opt/hostedtoolcache/node/24.21.0/x64/bin/npm config get cache
Verify	Set up Node.js	2026-10-06T18:10:22.5979489Z /home/runner/.npm
Verify	Set up Node.js	2026-10-06T18:10:22.8711256Z npm cache is not found
Verify	Install dependencies	﻿2026-10-06T18:10:22.8863602Z ##[group]Run npm ci
Verify	Install dependencies	2026-10-06T18:10:22.8863993Z ^[[36;1mnpm ci^[[0m
Verify	Install dependencies	2026-10-06T18:10:22.9136955Z shell: /usr/bin/bash -e {0}
Verify	Install dependencies	2026-10-06T18:10:22.9137444Z ##[endgroup]
Verify	Install dependencies	2026-10-06T18:10:27.5083767Z npm warn deprecated inflight@1.0.6: This module is not supported, and leaks memory. Do not use it. Check out lru-cache if you want a good and tested way to coalesce async requests by a key value, which is much more comprehensive and powerful.
Verify	Install dependencies	2026-10-06T18:10:28.3716681Z npm warn deprecated domexception@4.0.0: Use your platform's native DOMException instead
Verify	Install dependencies	2026-10-06T18:10:28.6106822Z npm warn deprecated abab@2.0.6: Use your platform's native atob() and btoa() methods instead
Verify	Install dependencies	2026-10-06T18:10:29.9334832Z npm warn deprecated glob@7.2.3: Glob versions prior to v9 are no longer supported
Verify	Install dependencies	2026-10-06T18:10:30.1299622Z npm warn deprecated uuid@7.0.3: uuid@10 and below is no longer supported.  For ESM codebases, update to uuid@latest.  For CommonJS codebases, use uuid@11 (but be aware this version will likely be deprecated in 2028).
Verify	Install dependencies	2026-10-06T18:10:30.1411651Z npm warn deprecated glob@7.2.3: Glob versions prior to v9 are no longer supported
Verify	Install dependencies	2026-10-06T18:10:30.1708789Z npm warn deprecated glob@7.2.3: Glob versions prior to v9 are no longer supported
Verify	Install dependencies	2026-10-06T18:10:30.5269170Z npm warn deprecated glob@7.2.3: Glob versions prior to v9 are no longer supported
Verify	Install dependencies	2026-10-06T18:10:34.3213926Z npm warn deprecated react-native-vector-icons@10.3.0: react-native-vector-icons package has moved to a new model of per-icon-family packages. See the https://github.com/oblador/react-native-vector-icons/blob/master/MIGRATION.md on how to migrate
Verify	Install dependencies	2026-10-06T18:10:48.4515769Z 
Verify	Install dependencies	2026-10-06T18:10:48.4517099Z added 1071 packages, and audited 1072 packages in 25s
Verify	Install dependencies	2026-10-06T18:10:48.4517680Z 
Verify	Install dependencies	2026-10-06T18:10:48.4523633Z 180 packages are looking for funding
Verify	Install dependencies	2026-10-06T18:10:48.4524571Z   run `npm fund` for details
Verify	Install dependencies	2026-10-06T18:10:48.6392701Z 
Verify	Install dependencies	2026-10-06T18:10:48.6394168Z 70 vulnerabilities (1 low, 15 moderate, 54 high)
Verify	Install dependencies	2026-10-06T18:10:48.6394795Z 
Verify	Install dependencies	2026-10-06T18:10:48.6395750Z To address issues that do not require attention, run:
Verify	Install dependencies	2026-10-06T18:10:48.6396396Z   npm audit fix
Verify	Install dependencies	2026-10-06T18:10:48.6396664Z 
Verify	Install dependencies	2026-10-06T18:10:48.6397075Z To address all issues (including breaking changes), run:
Verify	Install dependencies	2026-10-06T18:10:48.6397706Z   npm audit fix --force
Verify	Install dependencies	2026-10-06T18:10:48.6397974Z 
Verify	Install dependencies	2026-10-06T18:10:48.6398222Z Run `npm audit` for details.
Verify	Lint	﻿2026-10-06T18:10:48.7241861Z ##[group]Run npm run lint
Verify	Lint	2026-10-06T18:10:48.7242192Z ^[[36;1mnpm run lint^[[0m
Verify	Lint	2026-10-06T18:10:48.7308466Z shell: /usr/bin/bash -e {0}
Verify	Lint	2026-10-06T18:10:48.7308820Z ##[endgroup]
Verify	Lint	2026-10-06T18:10:48.8321780Z 
Verify	Lint	2026-10-06T18:10:48.8322600Z > react-native-starter@1.0.0 lint
Verify	Lint	2026-10-06T18:10:48.8323288Z > eslint .
Verify	Lint	2026-10-06T18:10:48.8323526Z 
Verify	Lint	2026-10-06T18:10:54.3093528Z 
Verify	Lint	2026-10-06T18:10:54.3095542Z /home/runner/work/react-native-starter/react-native-starter/components/ThemedText.tsx
Verify	Lint	2026-10-06T18:10:54.3127633Z ##[warning]  24:3  warning  Unused style detected: styles.default          react-native/no-unused-styles
Verify	Lint	2026-10-06T18:10:54.3139374Z ##[warning]  25:3  warning  Unused style detected: styles.defaultSemiBold  react-native/no-unused-styles
Verify	Lint	2026-10-06T18:10:54.3141656Z ##[warning]  26:3  warning  Unused style detected: styles.title            react-native/no-unused-styles
Verify	Lint	2026-10-06T18:10:54.3143365Z ##[warning]  27:3  warning  Unused style detected: styles.subtitle         react-native/no-unused-styles
Verify	Lint	2026-10-06T18:10:54.3145849Z ##[warning]  28:3  warning  Unused style detected: styles.link             react-native/no-unused-styles
Verify	Lint	2026-10-06T18:10:54.3147941Z ##[warning]  28:9  warning  Color literal: { color: '#0a7ea4' }            react-native/no-color-literals
Verify	Lint	2026-10-06T18:10:54.3149419Z 
Verify	Lint	2026-10-06T18:10:54.3150032Z ✖ 6 problems (0 errors, 6 warnings)
Verify	Lint	2026-10-06T18:10:54.3150373Z 
Verify	Check formatting	﻿2026-10-06T18:10:54.5422695Z ##[group]Run npm run format:check
Verify	Check formatting	2026-10-06T18:10:54.5423053Z ^[[36;1mnpm run format:check^[[0m
Verify	Check formatting	2026-10-06T18:10:54.5487219Z shell: /usr/bin/bash -e {0}
Verify	Check formatting	2026-10-06T18:10:54.5487506Z ##[endgroup]
Verify	Check formatting	2026-10-06T18:10:54.6765560Z 
Verify	Check formatting	2026-10-06T18:10:54.6766557Z > react-native-starter@1.0.0 format:check
Verify	Check formatting	2026-10-06T18:10:54.6767205Z > prettier --check "**/*.{ts,tsx,js,jsx,json,md}"
Verify	Check formatting	2026-10-06T18:10:54.6767508Z 
Verify	Check formatting	2026-10-06T18:10:54.7759875Z Checking formatting...
Verify	Check formatting	2026-10-06T18:10:56.5020398Z All matched files use Prettier code style!
Verify	Type-check	﻿2026-10-06T18:10:56.5351048Z ##[group]Run npm run type-check
Verify	Type-check	2026-10-06T18:10:56.5351395Z ^[[36;1mnpm run type-check^[[0m
Verify	Type-check	2026-10-06T18:10:56.5416668Z shell: /usr/bin/bash -e {0}
Verify	Type-check	2026-10-06T18:10:56.5416970Z ##[endgroup]
Verify	Type-check	2026-10-06T18:10:56.6431977Z 
Verify	Type-check	2026-10-06T18:10:56.6432821Z > react-native-starter@1.0.0 type-check
Verify	Type-check	2026-10-06T18:10:56.6433423Z > tsc --noEmit
Verify	Type-check	2026-10-06T18:10:56.6433632Z 
Verify	Run Jest tests	﻿2026-10-06T18:10:59.2480472Z ##[group]Run npm run test:ci
Verify	Run Jest tests	2026-10-06T18:10:59.2480799Z ^[[36;1mnpm run test:ci^[[0m
Verify	Run Jest tests	2026-10-06T18:10:59.2543232Z shell: /usr/bin/bash -e {0}
Verify	Run Jest tests	2026-10-06T18:10:59.2543522Z ##[endgroup]
Verify	Run Jest tests	2026-10-06T18:10:59.3559666Z 
Verify	Run Jest tests	2026-10-06T18:10:59.3560439Z > react-native-starter@1.0.0 test:ci
Verify	Run Jest tests	2026-10-06T18:10:59.3561010Z > jest
Verify	Run Jest tests	2026-10-06T18:10:59.3561200Z 
Verify	Run Jest tests	2026-10-06T18:11:04.0426721Z PASS __tests__/utils/logger.test.ts
Verify	Run Jest tests	2026-10-06T18:11:04.2427684Z PASS __tests__/services/api.test.ts
Verify	Run Jest tests	2026-10-06T18:11:04.2730881Z   ● Console
Verify	Run Jest tests	2026-10-06T18:11:04.2733933Z 
Verify	Run Jest tests	2026-10-06T18:11:04.2753182Z     console.error
Verify	Run Jest tests	2026-10-06T18:11:04.2754105Z       API Error: { message: 'Unavailable', status: 503, data: { message: 'Try again' } }
Verify	Run Jest tests	2026-10-06T18:11:04.2754771Z 
Verify	Run Jest tests	2026-10-06T18:11:04.2755649Z     ^[[0m ^[[90m 93 |^[[39m
Verify	Run Jest tests	2026-10-06T18:11:04.2756329Z      ^[[90m 94 |^[[39m     ^[[90m// Log error for debugging^[[39m
Verify	Run Jest tests	2026-10-06T18:11:04.2757559Z     ^[[31m^[[1m>^[[22m^[[39m^[[90m 95 |^[[39m     console^[[33m.^[[39merror(^[[32m'API Error:'^[[39m^[[33m,^[[39m apiError)^[[33m;^[[39m
Verify	Run Jest tests	2026-10-06T18:11:04.2758719Z      ^[[90m    |^[[39m             ^[[31m^[[1m^^[[22m^[[39m
Verify	Run Jest tests	2026-10-06T18:11:04.2759317Z      ^[[90m 96 |^[[39m
Verify	Run Jest tests	2026-10-06T18:11:04.2760205Z      ^[[90m 97 |^[[39m     ^[[36mreturn^[[39m ^[[33mPromise^[[39m^[[33m.^[[39mreject(apiError)^[[33m;^[[39m
Verify	Run Jest tests	2026-10-06T18:11:04.2761030Z      ^[[90m 98 |^[[39m   }^[[0m
Verify	Run Jest tests	2026-10-06T18:11:04.2761299Z 
Verify	Run Jest tests	2026-10-06T18:11:04.2761568Z       at error (services/api.ts:95:13)
Verify	Run Jest tests	2026-10-06T18:11:04.2762320Z       at Axios.request (node_modules/axios/dist/browser/axios.cjs:5245:14)
Verify	Run Jest tests	2026-10-06T18:11:04.2762833Z 
Verify	Run Jest tests	2026-10-06T18:11:04.3918254Z PASS __tests__/config/env.test.ts
Verify	Run Jest tests	2026-10-06T18:11:04.5220703Z PASS __tests__/services/auth.test.ts
Verify	Run Jest tests	2026-10-06T18:11:04.6780730Z PASS __tests__/config/appConfig.test.ts
Verify	Run Jest tests	2026-10-06T18:11:13.8205297Z PASS __tests__/components/LoginScreen.test.tsx (12.911 s)
Verify	Run Jest tests	2026-10-06T18:11:14.0889831Z PASS __tests__/components/HomeScreen.test.tsx (9.687 s)
Verify	Run Jest tests	2026-10-06T18:11:17.4794210Z PASS __tests__/navigation/statusBar.test.tsx
Verify	Run Jest tests	2026-10-06T18:11:17.4796769Z PASS __tests__/navigation/tabBarTheme.test.tsx (12.792 s)
Verify	Run Jest tests	2026-10-06T18:11:17.7657123Z PASS __tests__/navigation/initialRoute.test.tsx
Verify	Run Jest tests	2026-10-06T18:11:17.8038262Z PASS __tests__/components/LoadingScreen.test.tsx
Verify	Run Jest tests	2026-10-06T18:11:17.9048371Z PASS __tests__/services/storage.test.ts
Verify	Run Jest tests	2026-10-06T18:11:17.9055741Z   ● Console
Verify	Run Jest tests	2026-10-06T18:11:17.9056219Z 
Verify	Run Jest tests	2026-10-06T18:11:17.9057029Z     console.error
Verify	Run Jest tests	2026-10-06T18:11:17.9058041Z       Error retrieving bad-json: SyntaxError: Expected property name or '}' in JSON at position 1 (line 1 column 2)
Verify	Run Jest tests	2026-10-06T18:11:17.9059036Z           at JSON.parse (<anonymous>)
Verify	Run Jest tests	2026-10-06T18:11:17.9060006Z           at parse (/home/runner/work/react-native-starter/react-native-starter/services/storage.ts:34:38)
Verify	Run Jest tests	2026-10-06T18:11:17.9060945Z           at Generator.next (<anonymous>)
Verify	Run Jest tests	2026-10-06T18:11:17.9086429Z           at asyncGeneratorStep (/home/runner/work/react-native-starter/react-native-starter/node_modules/@babel/runtime/helpers/asyncToGenerator.js:3:17)
Verify	Run Jest tests	2026-10-06T18:11:17.9088254Z           at _next (/home/runner/work/react-native-starter/react-native-starter/node_modules/@babel/runtime/helpers/asyncToGenerator.js:17:9)
Verify	Run Jest tests	2026-10-06T18:11:17.9089552Z           at processTicksAndRejections (node:internal/process/task_queues:104:5)
Verify	Run Jest tests	2026-10-06T18:11:17.9090057Z 
Verify	Run Jest tests	2026-10-06T18:11:17.9091428Z     ^[[0m ^[[90m 34 |^[[39m     ^[[36mreturn^[[39m jsonValue ^[[33m!=^[[39m ^[[36mnull^[[39m ^[[33m?^[[39m (^[[33mJSON^[[39m^[[33m.^[[39mparse(jsonValue) ^[[36mas^[[39m ^[[33mT^[[39m) ^[[33m:^[[39m ^[[36mnull^[[39m^[[33m;^[[39m
Verify	Run Jest tests	2026-10-06T18:11:17.9092845Z      ^[[90m 35 |^[[39m   } ^[[36mcatch^[[39m (error) {
Verify	Run Jest tests	2026-10-06T18:11:17.9093981Z     ^[[31m^[[1m>^[[22m^[[39m^[[90m 36 |^[[39m     console^[[33m.^[[39merror(^[[32m`Error retrieving ${key}:`^[[39m^[[33m,^[[39m error)^[[33m;^[[39m
Verify	Run Jest tests	2026-10-06T18:11:17.9095369Z      ^[[90m    |^[[39m             ^[[31m^[[1m^^[[22m^[[39m
Verify	Run Jest tests	2026-10-06T18:11:17.9096107Z      ^[[90m 37 |^[[39m     ^[[36mreturn^[[39m ^[[36mnull^[[39m^[[33m;^[[39m
Verify	Run Jest tests	2026-10-06T18:11:17.9096695Z      ^[[90m 38 |^[[39m   }
Verify	Run Jest tests	2026-10-06T18:11:17.9097683Z      ^[[90m 39 |^[[39m }^[[0m
Verify	Run Jest tests	2026-10-06T18:11:17.9097917Z 
Verify	Run Jest tests	2026-10-06T18:11:17.9098149Z       at error (services/storage.ts:36:13)
Verify	Run Jest tests	2026-10-06T18:11:17.9098951Z       at asyncGeneratorStep (node_modules/@babel/runtime/helpers/asyncToGenerator.js:3:17)
Verify	Run Jest tests	2026-10-06T18:11:17.9099940Z       at _next (node_modules/@babel/runtime/helpers/asyncToGenerator.js:17:9)
Verify	Run Jest tests	2026-10-06T18:11:17.9100424Z 
Verify	Run Jest tests	2026-10-06T18:11:18.0056477Z PASS __tests__/utils/sum.test.ts
Verify	Run Jest tests	2026-10-06T18:11:18.0115921Z PASS __tests__/hooks/useFetch.test.tsx
Verify	Run Jest tests	2026-10-06T18:11:18.0891030Z PASS __tests__/navigation/configError.test.tsx
Verify	Run Jest tests	2026-10-06T18:11:18.2118285Z 
Verify	Run Jest tests	2026-10-06T18:11:18.2122938Z Test Suites: 15 passed, 15 total
Verify	Run Jest tests	2026-10-06T18:11:18.2123415Z Tests:       99 passed, 99 total
Verify	Run Jest tests	2026-10-06T18:11:18.2123908Z Snapshots:   0 total
Verify	Run Jest tests	2026-10-06T18:11:18.2124340Z Time:        18.146 s
Verify	Run Jest tests	2026-10-06T18:11:18.2124754Z Ran all test suites.
Verify	Expo Doctor	﻿2026-10-06T18:11:18.2335954Z ##[group]Run npx expo-doctor
Verify	Expo Doctor	2026-10-06T18:11:18.2336331Z ^[[36;1mnpx expo-doctor^[[0m
Verify	Expo Doctor	2026-10-06T18:11:18.2401507Z shell: /usr/bin/bash -e {0}
Verify	Expo Doctor	2026-10-06T18:11:18.2401848Z ##[endgroup]
Verify	Expo Doctor	2026-10-06T18:11:19.1774571Z npm warn exec The following package was not found and will be installed: expo-doctor@1.20.4
Verify	Expo Doctor	2026-10-06T18:11:19.9900844Z Running 21 checks on your project...
Verify	Expo Doctor	2026-10-06T18:11:24.0480795Z 21/21 checks passed. No issues detected!
Verify	Export web build	﻿2026-10-06T18:11:24.0922953Z ##[group]Run npx expo export --platform web --output-dir dist
Verify	Export web build	2026-10-06T18:11:24.0923471Z ^[[36;1mnpx expo export --platform web --output-dir dist^[[0m
Verify	Export web build	2026-10-06T18:11:24.0986970Z shell: /usr/bin/bash -e {0}
Verify	Export web build	2026-10-06T18:11:24.0987272Z ##[endgroup]
Verify	Export web build	2026-10-06T18:11:25.2749128Z Starting Metro Bundler
Verify	Export web build	2026-10-06T18:11:25.2749427Z 
Verify	Export web build	2026-10-06T18:11:44.1211818Z Web Bundled 18545ms index.ts (1158 modules)
Verify	Export web build	2026-10-06T18:11:44.5065695Z 
Verify	Export web build	2026-10-06T18:11:44.5074111Z › Assets (19):
Verify	Export web build	2026-10-06T18:11:44.5148066Z node_modules/@expo/vector-icons/build/vendor/react-native-vector-icons/Fonts/MaterialCommunityIcons.6e435534bd35da5fef04168860a9b8fa.ttf (1.3MB)
Verify	Export web build	2026-10-06T18:11:44.5149608Z node_modules/expo-router/assets/arrow_down.017bc6ba3fc25503e5eb5e53826d48a8.png (9.5KB)
Verify	Export web build	2026-10-06T18:11:44.5150820Z node_modules/expo-router/assets/error.d1ea1496f9057eb392d5bbf3732a61b7.png (469B)
Verify	Export web build	2026-10-06T18:11:44.5152560Z node_modules/expo-router/assets/file.19eeb73b9593a38f8e9f418337fc7d10.png (138B)
Verify	Export web build	2026-10-06T18:11:44.5154476Z node_modules/expo-router/assets/forward.d8b800c443b8972542883e0b9de2bdc6.png (188B)
Verify	Export web build	2026-10-06T18:11:44.5156037Z node_modules/expo-router/assets/pkg.ab19f4cbc543357183a20571f68380a3.png (364B)
Verify	Export web build	2026-10-06T18:11:44.5157592Z node_modules/expo-router/assets/react-navigation/elements/back-icon-mask.0a328cd9c1afd0afe8e3b1ec5165b1b4.png (653B)
Verify	Export web build	2026-10-06T18:11:44.5159389Z node_modules/expo-router/assets/react-navigation/elements/back-icon.35ba0eaec5a4f5ed12ca16fabeae451d.png (207B)
Verify	Export web build	2026-10-06T18:11:44.5161247Z node_modules/expo-router/assets/react-navigation/elements/clear-icon.c94f6478e7ae0cdd9f15de1fcb9e5e55.png (4 variations | 425B)
Verify	Export web build	2026-10-06T18:11:44.5163131Z node_modules/expo-router/assets/react-navigation/elements/close-icon.808e1b1b9b53114ec2838071a7e6daa7.png (4 variations | 235B)
Verify	Export web build	2026-10-06T18:11:44.5164883Z node_modules/expo-router/assets/react-navigation/elements/search-icon.286d67d3f74808a60a78d3ebf1a5fb57.png (928B)
Verify	Export web build	2026-10-06T18:11:44.5166649Z node_modules/expo-router/assets/sitemap.412dd9275b6b48ad28f5e3d81bb1f626.png (465B)
Verify	Export web build	2026-10-06T18:11:44.5167902Z node_modules/expo-router/assets/unmatched.20e71bdf79e3a97bf55fd9e164041578.png (4.8KB)
Verify	Export web build	2026-10-06T18:11:44.5168537Z 
Verify	Export web build	2026-10-06T18:11:44.5168927Z › web bundles (1):
Verify	Export web build	2026-10-06T18:11:44.5206161Z _expo/static/js/web/index-9ec1ceb54907091db37c4c5f242a4952.js (2.3MB)
Verify	Export web build	2026-10-06T18:11:44.5206717Z 
Verify	Export web build	2026-10-06T18:11:44.5207590Z › Files (3):
Verify	Export web build	2026-10-06T18:11:44.5208360Z favicon.ico (15KB)
Verify	Export web build	2026-10-06T18:11:44.5208898Z index.html (1.2KB)
Verify	Export web build	2026-10-06T18:11:44.5209430Z metadata.json (49B)
Verify	Export web build	2026-10-06T18:11:44.5316556Z 
Verify	Export web build	2026-10-06T18:11:44.5320806Z Exported: dist
Verify	Post Set up Node.js	﻿2026-10-06T18:11:44.6970186Z Post job cleanup.
Verify	Post Set up Node.js	2026-10-06T18:11:44.8297455Z (node:2822) [DEP0040] DeprecationWarning: The `punycode` module is deprecated. Please use a userland alternative instead.
Verify	Post Set up Node.js	2026-10-06T18:11:44.8298595Z (Use `node --trace-deprecation ...` to show where the warning was created)
Verify	Post Set up Node.js	2026-10-06T18:11:44.8540880Z [command]/usr/bin/tar --posix -cf cache.tzst --exclude cache.tzst -P -C /home/runner/work/react-native-starter/react-native-starter --files-from manifest.txt --use-compress-program zstdmt
Verify	Post Set up Node.js	2026-10-06T18:11:45.6615424Z (node:2822) [DEP0169] DeprecationWarning: `url.parse()` behavior is not standardized and prone to errors that have security implications. Use the WHATWG URL API instead. CVEs are not issued for `url.parse()` vulnerabilities.
Verify	Post Set up Node.js	2026-10-06T18:11:46.6490165Z Sent 0 of 154629666 (0.0%), 0.0 MBs/sec
Verify	Post Set up Node.js	2026-10-06T18:11:47.6503197Z Sent 87520802 of 154629666 (56.6%), 41.7 MBs/sec
Verify	Post Set up Node.js	2026-10-06T18:11:47.7655843Z Sent 154629666 of 154629666 (100.0%), 69.6 MBs/sec
Verify	Post Set up Node.js	2026-10-06T18:11:48.0693201Z Cache saved with the key: node-cache-Linux-x64-npm-9a82033345870d620287ae0ca8b0f11fd380bcf572aa61d4d09e5388351df534
Verify	Post Check out repository	﻿2026-10-06T18:11:48.0850793Z Post job cleanup.
Verify	Post Check out repository	2026-10-06T18:11:48.1742841Z [command]/usr/bin/git version
Verify	Post Check out repository	2026-10-06T18:11:48.1786429Z git version 2.55.0
Verify	Post Check out repository	2026-10-06T18:11:48.1829028Z Temporarily overriding HOME='/home/runner/work/_temp/532dbcbe-4fd6-45b7-8966-21a03103437e' before making global git config changes
Verify	Post Check out repository	2026-10-06T18:11:48.1830556Z Adding repository directory to the temporary git global config as a safe directory
Verify	Post Check out repository	2026-10-06T18:11:48.1835792Z [command]/usr/bin/git config --global --add safe.directory /home/runner/work/react-native-starter/react-native-starter
Verify	Post Check out repository	2026-10-06T18:11:48.1883444Z [command]/usr/bin/git config --local --name-only --get-regexp core\.sshCommand
Verify	Post Check out repository	2026-10-06T18:11:48.1944457Z [command]/usr/bin/git submodule foreach --recursive sh -c "git config --local --name-only --get-regexp 'core\.sshCommand' && git config --local --unset-all 'core.sshCommand' || :"
Verify	Post Check out repository	2026-10-06T18:11:48.2201634Z [command]/usr/bin/git config --local --name-only --get-regexp http\.https\:\/\/github\.com\/\.extraheader
Verify	Post Check out repository	2026-10-06T18:11:48.2231626Z http.https://github.com/.extraheader
Verify	Post Check out repository	2026-10-06T18:11:48.2244658Z [command]/usr/bin/git config --local --unset-all http.https://github.com/.extraheader
Verify	Post Check out repository	2026-10-06T18:11:48.2284278Z [command]/usr/bin/git submodule foreach --recursive sh -c "git config --local --name-only --get-regexp 'http\.https\:\/\/github\.com\/\.extraheader' && git config --local --unset-all 'http.https://github.com/.extraheader' || :"
Verify	Post Check out repository	2026-10-06T18:11:48.2556256Z [command]/usr/bin/git config --local --name-only --get-regexp ^includeIf\.gitdir:
Verify	Post Check out repository	2026-10-06T18:11:48.2599282Z [command]/usr/bin/git submodule foreach --recursive git config --local --show-origin --name-only --get-regexp remote.origin.url
Verify	Complete job	﻿2026-10-06T18:11:48.2998213Z Cleaning up orphan processes
Verify	Complete job	2026-10-06T18:11:48.3318121Z ##[warning]Node.js 20 is deprecated. The following actions target Node.js 20 but are being forced to run on Node.js 24: actions/checkout@v4, actions/setup-node@v4. For more information see: https://github.blog/changelog/2025-09-19-deprecation-of-node-20-on-github-actions-runners/
