Verify	Set up job	﻿2026-10-08T17:07:07.9447343Z Current runner version: '2.337.0'
Verify	Set up job	2026-10-08T17:07:07.9472357Z ##[group]Runner Image Provisioner
Verify	Set up job	2026-10-08T17:07:07.9473284Z Hosted Compute Agent
Verify	Set up job	2026-10-08T17:07:07.9473978Z Version: 20261002.596
Verify	Set up job	2026-10-08T17:07:07.9474636Z Commit: c3d12f3313a95f25162a1503be624f3b0617f8c0
Verify	Set up job	2026-10-08T17:07:07.9475428Z Build Date: 2026-10-02T22:28:27Z
Verify	Set up job	2026-10-08T17:07:07.9476109Z Worker ID: {173f3178-d5f4-465a-ad51-d4881e33cf17}
Verify	Set up job	2026-10-08T17:07:07.9476825Z Region: eastus
Verify	Set up job	2026-10-08T17:07:07.9477470Z Cloud: Azure
Verify	Set up job	2026-10-08T17:07:07.9478202Z ##[endgroup]
Verify	Set up job	2026-10-08T17:07:07.9479776Z ##[group]Operating System
Verify	Set up job	2026-10-08T17:07:07.9480428Z Ubuntu
Verify	Set up job	2026-10-08T17:07:07.9480969Z 24.04.5
Verify	Set up job	2026-10-08T17:07:07.9481549Z LTS
Verify	Set up job	2026-10-08T17:07:07.9482057Z ##[endgroup]
Verify	Set up job	2026-10-08T17:07:07.9482636Z ##[group]Runner Image
Verify	Set up job	2026-10-08T17:07:07.9483243Z Image: ubuntu-24.04
Verify	Set up job	2026-10-08T17:07:07.9484265Z Version: 20261004.327.1
Verify	Set up job	2026-10-08T17:07:07.9485388Z Included Software: https://github.com/actions/runner-images/blob/ubuntu24/20261004.327/images/ubuntu/Ubuntu2404-Readme.md
Verify	Set up job	2026-10-08T17:07:07.9487139Z Image Release: https://github.com/actions/runner-images/releases/tag/ubuntu24%2F20261004.327
Verify	Set up job	2026-10-08T17:07:07.9488550Z ##[endgroup]
Verify	Set up job	2026-10-08T17:07:07.9489830Z ##[group]GITHUB_TOKEN Permissions
Verify	Set up job	2026-10-08T17:07:07.9491959Z Contents: read
Verify	Set up job	2026-10-08T17:07:07.9492643Z Metadata: read
Verify	Set up job	2026-10-08T17:07:07.9493231Z ##[endgroup]
Verify	Set up job	2026-10-08T17:07:07.9495241Z Secret source: Actions
Verify	Set up job	2026-10-08T17:07:07.9496275Z Cache mode: write
Verify	Set up job	2026-10-08T17:07:07.9497194Z Prepare workflow directory
Verify	Set up job	2026-10-08T17:07:07.9824826Z Prepare all required actions
Verify	Set up job	2026-10-08T17:07:07.9872860Z Getting action download info
Verify	Set up job	2026-10-08T17:07:08.2096802Z Download action repository 'actions/checkout@v4' (SHA:11d5960a326750d5838078e36cf38b85af677262)
Verify	Set up job	2026-10-08T17:07:08.2986403Z Download action repository 'actions/setup-node@v4' (SHA:49933ea5288caeca8642d1e84afbd3f7d6820020)
Verify	Set up job	2026-10-08T17:07:08.4903658Z Complete job name: Verify
Verify	Check out repository	﻿2026-10-08T17:07:08.5691892Z ##[group]Run actions/checkout@v4
Verify	Check out repository	2026-10-08T17:07:08.5692773Z with:
Verify	Check out repository	2026-10-08T17:07:08.5693248Z   repository: koniz-dev/react-native-starter
Verify	Check out repository	2026-10-08T17:07:08.5696924Z   token: ***
Verify	Check out repository	2026-10-08T17:07:08.5697346Z   ssh-strict: true
Verify	Check out repository	2026-10-08T17:07:08.5697776Z   ssh-user: git
Verify	Check out repository	2026-10-08T17:07:08.5698485Z   persist-credentials: true
Verify	Check out repository	2026-10-08T17:07:08.5698957Z   clean: true
Verify	Check out repository	2026-10-08T17:07:08.5699389Z   sparse-checkout-cone-mode: true
Verify	Check out repository	2026-10-08T17:07:08.5699891Z   fetch-depth: 1
Verify	Check out repository	2026-10-08T17:07:08.5700324Z   fetch-tags: false
Verify	Check out repository	2026-10-08T17:07:08.5700765Z   show-progress: true
Verify	Check out repository	2026-10-08T17:07:08.5701201Z   lfs: false
Verify	Check out repository	2026-10-08T17:07:08.5701606Z   submodules: false
Verify	Check out repository	2026-10-08T17:07:08.5702045Z   set-safe-directory: true
Verify	Check out repository	2026-10-08T17:07:08.5702544Z   allow-unsafe-pr-checkout: false
Verify	Check out repository	2026-10-08T17:07:08.5703481Z ##[endgroup]
Verify	Check out repository	2026-10-08T17:07:08.6725419Z Syncing repository: koniz-dev/react-native-starter
Verify	Check out repository	2026-10-08T17:07:08.6727270Z ##[group]Getting Git version info
Verify	Check out repository	2026-10-08T17:07:08.6728605Z Working directory is '/home/runner/work/react-native-starter/react-native-starter'
Verify	Check out repository	2026-10-08T17:07:08.6729900Z [command]/usr/bin/git version
Verify	Check out repository	2026-10-08T17:07:08.6801380Z git version 2.55.0
Verify	Check out repository	2026-10-08T17:07:08.6834099Z ##[endgroup]
Verify	Check out repository	2026-10-08T17:07:08.6849773Z Temporarily overriding HOME='/home/runner/work/_temp/5f15242f-5db2-47c2-8f9b-e0f3e27d96e4' before making global git config changes
Verify	Check out repository	2026-10-08T17:07:08.6852081Z Adding repository directory to the temporary git global config as a safe directory
Verify	Check out repository	2026-10-08T17:07:08.6857319Z [command]/usr/bin/git config --global --add safe.directory /home/runner/work/react-native-starter/react-native-starter
Verify	Check out repository	2026-10-08T17:07:08.6908718Z Deleting the contents of '/home/runner/work/react-native-starter/react-native-starter'
Verify	Check out repository	2026-10-08T17:07:08.6914558Z ##[group]Initializing the repository
Verify	Check out repository	2026-10-08T17:07:08.6918717Z [command]/usr/bin/git init /home/runner/work/react-native-starter/react-native-starter
Verify	Check out repository	2026-10-08T17:07:08.7039444Z hint: Using 'master' as the name for the initial branch. This default branch name
Verify	Check out repository	2026-10-08T17:07:08.7041671Z hint: will change to "main" in Git 3.0. To configure the initial branch name
Verify	Check out repository	2026-10-08T17:07:08.7043475Z hint: to use in all of your new repositories, which will suppress this warning,
Verify	Check out repository	2026-10-08T17:07:08.7044892Z hint: call:
Verify	Check out repository	2026-10-08T17:07:08.7045689Z hint:
Verify	Check out repository	2026-10-08T17:07:08.7046634Z hint: 	git config --global init.defaultBranch <name>
Verify	Check out repository	2026-10-08T17:07:08.7048110Z hint:
Verify	Check out repository	2026-10-08T17:07:08.7049446Z hint: Names commonly chosen instead of 'master' are 'main', 'trunk' and
Verify	Check out repository	2026-10-08T17:07:08.7051152Z hint: 'development'. The just-created branch can be renamed via this command:
Verify	Check out repository	2026-10-08T17:07:08.7052533Z hint:
Verify	Check out repository	2026-10-08T17:07:08.7053483Z hint: 	git branch -m <name>
Verify	Check out repository	2026-10-08T17:07:08.7054533Z hint:
Verify	Check out repository	2026-10-08T17:07:08.7055998Z hint: Disable this message with "git config set advice.defaultBranchName false"
Verify	Check out repository	2026-10-08T17:07:08.7058407Z Initialized empty Git repository in /home/runner/work/react-native-starter/react-native-starter/.git/
Verify	Check out repository	2026-10-08T17:07:08.7062421Z [command]/usr/bin/git remote add origin https://github.com/koniz-dev/react-native-starter
Verify	Check out repository	2026-10-08T17:07:08.7109290Z ##[endgroup]
Verify	Check out repository	2026-10-08T17:07:08.7110656Z ##[group]Disabling automatic garbage collection
Verify	Check out repository	2026-10-08T17:07:08.7113544Z [command]/usr/bin/git config --local gc.auto 0
Verify	Check out repository	2026-10-08T17:07:08.7146405Z ##[endgroup]
Verify	Check out repository	2026-10-08T17:07:08.7147538Z ##[group]Setting up auth
Verify	Check out repository	2026-10-08T17:07:08.7154085Z [command]/usr/bin/git config --local --name-only --get-regexp core\.sshCommand
Verify	Check out repository	2026-10-08T17:07:08.7190236Z [command]/usr/bin/git submodule foreach --recursive sh -c "git config --local --name-only --get-regexp 'core\.sshCommand' && git config --local --unset-all 'core.sshCommand' || :"
Verify	Check out repository	2026-10-08T17:07:08.7587420Z [command]/usr/bin/git config --local --name-only --get-regexp http\.https\:\/\/github\.com\/\.extraheader
Verify	Check out repository	2026-10-08T17:07:08.7624974Z [command]/usr/bin/git submodule foreach --recursive sh -c "git config --local --name-only --get-regexp 'http\.https\:\/\/github\.com\/\.extraheader' && git config --local --unset-all 'http.https://github.com/.extraheader' || :"
Verify	Check out repository	2026-10-08T17:07:08.7848469Z [command]/usr/bin/git config --local --name-only --get-regexp ^includeIf\.gitdir:
Verify	Check out repository	2026-10-08T17:07:08.7883641Z [command]/usr/bin/git submodule foreach --recursive git config --local --show-origin --name-only --get-regexp remote.origin.url
Verify	Check out repository	2026-10-08T17:07:08.8107143Z [command]/usr/bin/git config --local http.https://github.com/.extraheader AUTHORIZATION: basic ***
Verify	Check out repository	2026-10-08T17:07:08.8147422Z ##[endgroup]
Verify	Check out repository	2026-10-08T17:07:08.8148978Z ##[group]Fetching the repository
Verify	Check out repository	2026-10-08T17:07:08.8158315Z [command]/usr/bin/git -c protocol.version=2 fetch --no-tags --prune --no-recurse-submodules --depth=1 origin +feebd0f93538c14c907ba72793271136f39779ab:refs/remotes/origin/main
Verify	Check out repository	2026-10-08T17:07:11.1276566Z From https://github.com/koniz-dev/react-native-starter
Verify	Check out repository	2026-10-08T17:07:11.1279637Z  * [new ref]         feebd0f93538c14c907ba72793271136f39779ab -> origin/main
Verify	Check out repository	2026-10-08T17:07:11.1292073Z ##[endgroup]
Verify	Check out repository	2026-10-08T17:07:11.1300484Z ##[group]Determining the checkout info
Verify	Check out repository	2026-10-08T17:07:11.1302505Z ##[endgroup]
Verify	Check out repository	2026-10-08T17:07:11.1303334Z [command]/usr/bin/git sparse-checkout disable
Verify	Check out repository	2026-10-08T17:07:11.1349028Z [command]/usr/bin/git config --local --unset-all extensions.worktreeConfig
Verify	Check out repository	2026-10-08T17:07:11.1386790Z ##[group]Checking out the ref
Verify	Check out repository	2026-10-08T17:07:11.1388963Z [command]/usr/bin/git checkout --progress --force -B main refs/remotes/origin/main
Verify	Check out repository	2026-10-08T17:07:11.2180249Z Switched to a new branch 'main'
Verify	Check out repository	2026-10-08T17:07:11.2186979Z branch 'main' set up to track 'origin/main'.
Verify	Check out repository	2026-10-08T17:07:11.2196919Z ##[endgroup]
Verify	Check out repository	2026-10-08T17:07:11.2239617Z [command]/usr/bin/git log -1 --format=%H
Verify	Check out repository	2026-10-08T17:07:11.2266870Z feebd0f93538c14c907ba72793271136f39779ab
Verify	Set up Node.js	﻿2026-10-08T17:07:11.2665171Z ##[group]Run actions/setup-node@v4
Verify	Set up Node.js	2026-10-08T17:07:11.2666462Z with:
Verify	Set up Node.js	2026-10-08T17:07:11.2667375Z   node-version-file: .nvmrc
Verify	Set up Node.js	2026-10-08T17:07:11.2668659Z   cache: npm
Verify	Set up Node.js	2026-10-08T17:07:11.2669587Z   always-auth: false
Verify	Set up Node.js	2026-10-08T17:07:11.2670609Z   check-latest: false
Verify	Set up Node.js	2026-10-08T17:07:11.2680683Z   token: ***
Verify	Set up Node.js	2026-10-08T17:07:11.2681604Z ##[endgroup]
Verify	Set up Node.js	2026-10-08T17:07:11.4080481Z Resolved .nvmrc as 24
Verify	Set up Node.js	2026-10-08T17:07:11.4141718Z Found in cache @ /opt/hostedtoolcache/node/24.21.0/x64
Verify	Set up Node.js	2026-10-08T17:07:11.4146336Z (node:2287) [DEP0040] DeprecationWarning: The `punycode` module is deprecated. Please use a userland alternative instead.
Verify	Set up Node.js	2026-10-08T17:07:11.4151525Z (Use `node --trace-deprecation ...` to show where the warning was created)
Verify	Set up Node.js	2026-10-08T17:07:11.4155720Z ##[group]Environment details
Verify	Set up Node.js	2026-10-08T17:07:11.8092359Z node: v24.21.0
Verify	Set up Node.js	2026-10-08T17:07:11.8092960Z npm: 11.19.0
Verify	Set up Node.js	2026-10-08T17:07:11.8093440Z yarn: 1.22.22
Verify	Set up Node.js	2026-10-08T17:07:11.8094695Z ##[endgroup]
Verify	Set up Node.js	2026-10-08T17:07:11.8159113Z [command]/opt/hostedtoolcache/node/24.21.0/x64/bin/npm config get cache
Verify	Set up Node.js	2026-10-08T17:07:11.9776623Z /home/runner/.npm
Verify	Set up Node.js	2026-10-08T17:07:12.0692092Z Cache hit for: node-cache-Linux-x64-npm-9a82033345870d620287ae0ca8b0f11fd380bcf572aa61d4d09e5388351df534
Verify	Set up Node.js	2026-10-08T17:07:12.0807350Z (node:2287) [DEP0169] DeprecationWarning: `url.parse()` behavior is not standardized and prone to errors that have security implications. Use the WHATWG URL API instead. CVEs are not issued for `url.parse()` vulnerabilities.
Verify	Set up Node.js	2026-10-08T17:07:12.9226627Z Received 154629666 of 154629666 (100.0%), 180.5 MBs/sec
Verify	Set up Node.js	2026-10-08T17:07:12.9228150Z Cache Size: ~147 MB (154629666 B)
Verify	Set up Node.js	2026-10-08T17:07:12.9275469Z [command]/usr/bin/tar -xf /home/runner/work/_temp/d22e9431-d03a-4b02-9236-79d1d9d8947c/cache.tzst -P -C /home/runner/work/react-native-starter/react-native-starter --use-compress-program unzstd
Verify	Set up Node.js	2026-10-08T17:07:13.4399700Z Cache restored successfully
Verify	Set up Node.js	2026-10-08T17:07:13.4475248Z Cache restored from key: node-cache-Linux-x64-npm-9a82033345870d620287ae0ca8b0f11fd380bcf572aa61d4d09e5388351df534
Verify	Install dependencies	﻿2026-10-08T17:07:13.4706812Z ##[group]Run npm ci
Verify	Install dependencies	2026-10-08T17:07:13.4707152Z ^[[36;1mnpm ci^[[0m
Verify	Install dependencies	2026-10-08T17:07:13.5085456Z shell: /usr/bin/bash -e {0}
Verify	Install dependencies	2026-10-08T17:07:13.5085794Z ##[endgroup]
Verify	Install dependencies	2026-10-08T17:07:19.3013451Z npm warn deprecated inflight@1.0.6: This module is not supported, and leaks memory. Do not use it. Check out lru-cache if you want a good and tested way to coalesce async requests by a key value, which is much more comprehensive and powerful.
Verify	Install dependencies	2026-10-08T17:07:19.5594399Z npm warn deprecated abab@2.0.6: Use your platform's native atob() and btoa() methods instead
Verify	Install dependencies	2026-10-08T17:07:19.5965328Z npm warn deprecated glob@7.2.3: Glob versions prior to v9 are no longer supported
Verify	Install dependencies	2026-10-08T17:07:19.5979199Z npm warn deprecated glob@7.2.3: Glob versions prior to v9 are no longer supported
Verify	Install dependencies	2026-10-08T17:07:19.5983755Z npm warn deprecated glob@7.2.3: Glob versions prior to v9 are no longer supported
Verify	Install dependencies	2026-10-08T17:07:19.6003691Z npm warn deprecated glob@7.2.3: Glob versions prior to v9 are no longer supported
Verify	Install dependencies	2026-10-08T17:07:19.9612630Z npm warn deprecated domexception@4.0.0: Use your platform's native DOMException instead
Verify	Install dependencies	2026-10-08T17:07:21.4450395Z npm warn deprecated uuid@7.0.3: uuid@10 and below is no longer supported.  For ESM codebases, update to uuid@latest.  For CommonJS codebases, use uuid@11 (but be aware this version will likely be deprecated in 2028).
Verify	Install dependencies	2026-10-08T17:07:24.0161500Z npm warn deprecated react-native-vector-icons@10.3.0: react-native-vector-icons package has moved to a new model of per-icon-family packages. See the https://github.com/oblador/react-native-vector-icons/blob/master/MIGRATION.md on how to migrate
Verify	Install dependencies	2026-10-08T17:07:33.5944079Z 
Verify	Install dependencies	2026-10-08T17:07:33.5944850Z added 1071 packages, and audited 1072 packages in 20s
Verify	Install dependencies	2026-10-08T17:07:33.5945505Z 
Verify	Install dependencies	2026-10-08T17:07:33.5945963Z 180 packages are looking for funding
Verify	Install dependencies	2026-10-08T17:07:33.5946742Z   run `npm fund` for details
Verify	Install dependencies	2026-10-08T17:07:33.7719425Z 
Verify	Install dependencies	2026-10-08T17:07:33.7720168Z 70 vulnerabilities (1 low, 15 moderate, 54 high)
Verify	Install dependencies	2026-10-08T17:07:33.7720768Z 
Verify	Install dependencies	2026-10-08T17:07:33.7721344Z To address issues that do not require attention, run:
Verify	Install dependencies	2026-10-08T17:07:33.7722208Z   npm audit fix
Verify	Install dependencies	2026-10-08T17:07:33.7722510Z 
Verify	Install dependencies	2026-10-08T17:07:33.7723006Z To address all issues (including breaking changes), run:
Verify	Install dependencies	2026-10-08T17:07:33.7724301Z   npm audit fix --force
Verify	Install dependencies	2026-10-08T17:07:33.7724524Z 
Verify	Install dependencies	2026-10-08T17:07:33.7724718Z Run `npm audit` for details.
Verify	Lint	﻿2026-10-08T17:07:33.8743874Z ##[group]Run npm run lint
Verify	Lint	2026-10-08T17:07:33.8744200Z ^[[36;1mnpm run lint^[[0m
Verify	Lint	2026-10-08T17:07:33.8811988Z shell: /usr/bin/bash -e {0}
Verify	Lint	2026-10-08T17:07:33.8812277Z ##[endgroup]
Verify	Lint	2026-10-08T17:07:33.9891062Z 
Verify	Lint	2026-10-08T17:07:33.9891523Z > react-native-starter@1.0.0 lint
Verify	Lint	2026-10-08T17:07:33.9892048Z > eslint .
Verify	Lint	2026-10-08T17:07:33.9892229Z 
Verify	Lint	2026-10-08T17:07:40.0307838Z 
Verify	Lint	2026-10-08T17:07:40.0309174Z /home/runner/work/react-native-starter/react-native-starter/components/ThemedText.tsx
Verify	Lint	2026-10-08T17:07:40.0335802Z ##[warning]  24:3  warning  Unused style detected: styles.default          react-native/no-unused-styles
Verify	Lint	2026-10-08T17:07:40.0377277Z ##[warning]  25:3  warning  Unused style detected: styles.defaultSemiBold  react-native/no-unused-styles
Verify	Lint	2026-10-08T17:07:40.0381692Z ##[warning]  26:3  warning  Unused style detected: styles.title            react-native/no-unused-styles
Verify	Lint	2026-10-08T17:07:40.0383181Z ##[warning]  27:3  warning  Unused style detected: styles.subtitle         react-native/no-unused-styles
Verify	Lint	2026-10-08T17:07:40.0384576Z ##[warning]  28:3  warning  Unused style detected: styles.link             react-native/no-unused-styles
Verify	Lint	2026-10-08T17:07:40.0385926Z ##[warning]  28:9  warning  Color literal: { color: '#0a7ea4' }            react-native/no-color-literals
Verify	Lint	2026-10-08T17:07:40.0386740Z 
Verify	Lint	2026-10-08T17:07:40.0387141Z ✖ 6 problems (0 errors, 6 warnings)
Verify	Lint	2026-10-08T17:07:40.0387345Z 
Verify	Check formatting	﻿2026-10-08T17:07:40.2642562Z ##[group]Run npm run format:check
Verify	Check formatting	2026-10-08T17:07:40.2642903Z ^[[36;1mnpm run format:check^[[0m
Verify	Check formatting	2026-10-08T17:07:40.2705815Z shell: /usr/bin/bash -e {0}
Verify	Check formatting	2026-10-08T17:07:40.2706091Z ##[endgroup]
Verify	Check formatting	2026-10-08T17:07:40.3697329Z 
Verify	Check formatting	2026-10-08T17:07:40.3698539Z > react-native-starter@1.0.0 format:check
Verify	Check formatting	2026-10-08T17:07:40.3699218Z > prettier --check "**/*.{ts,tsx,js,jsx,json,md}"
Verify	Check formatting	2026-10-08T17:07:40.3699522Z 
Verify	Check formatting	2026-10-08T17:07:40.4548261Z Checking formatting...
Verify	Check formatting	2026-10-08T17:07:42.4339526Z All matched files use Prettier code style!
Verify	Type-check	﻿2026-10-08T17:07:42.4713751Z ##[group]Run npm run type-check
Verify	Type-check	2026-10-08T17:07:42.4714092Z ^[[36;1mnpm run type-check^[[0m
Verify	Type-check	2026-10-08T17:07:42.4777531Z shell: /usr/bin/bash -e {0}
Verify	Type-check	2026-10-08T17:07:42.4778023Z ##[endgroup]
Verify	Type-check	2026-10-08T17:07:42.5788525Z 
Verify	Type-check	2026-10-08T17:07:42.5790658Z > react-native-starter@1.0.0 type-check
Verify	Type-check	2026-10-08T17:07:42.5791066Z > tsc --noEmit
Verify	Type-check	2026-10-08T17:07:42.5791222Z 
Verify	Run Jest tests	﻿2026-10-08T17:07:45.3461284Z ##[group]Run npm run test:ci
Verify	Run Jest tests	2026-10-08T17:07:45.3461640Z ^[[36;1mnpm run test:ci^[[0m
Verify	Run Jest tests	2026-10-08T17:07:45.3524129Z shell: /usr/bin/bash -e {0}
Verify	Run Jest tests	2026-10-08T17:07:45.3524407Z ##[endgroup]
Verify	Run Jest tests	2026-10-08T17:07:45.4521641Z 
Verify	Run Jest tests	2026-10-08T17:07:45.4522322Z > react-native-starter@1.0.0 test:ci
Verify	Run Jest tests	2026-10-08T17:07:45.4522736Z > jest
Verify	Run Jest tests	2026-10-08T17:07:45.4522874Z 
Verify	Run Jest tests	2026-10-08T17:07:50.0220937Z PASS __tests__/config/env.test.ts
Verify	Run Jest tests	2026-10-08T17:07:50.0359384Z PASS __tests__/utils/logger.test.ts
Verify	Run Jest tests	2026-10-08T17:07:50.3209207Z PASS __tests__/services/httpClient.test.ts
Verify	Run Jest tests	2026-10-08T17:08:02.8814779Z PASS __tests__/components/ErrorBoundary.test.tsx (12.85 s)
Verify	Run Jest tests	2026-10-08T17:08:02.9232320Z   ● Console
Verify	Run Jest tests	2026-10-08T17:08:02.9246513Z 
Verify	Run Jest tests	2026-10-08T17:08:02.9259434Z     console.debug
Verify	Run Jest tests	2026-10-08T17:08:02.9260235Z       [analytics] screen /boom
Verify	Run Jest tests	2026-10-08T17:08:02.9260813Z 
Verify	Run Jest tests	2026-10-08T17:08:02.9261341Z       at debug (utils/logger.ts:133:18)
Verify	Run Jest tests	2026-10-08T17:08:02.9261908Z 
Verify	Run Jest tests	2026-10-08T17:08:02.9262293Z     console.debug
Verify	Run Jest tests	2026-10-08T17:08:02.9262920Z       [analytics] screen /
Verify	Run Jest tests	2026-10-08T17:08:02.9263931Z 
Verify	Run Jest tests	2026-10-08T17:08:02.9264389Z       at debug (utils/logger.ts:133:18)
Verify	Run Jest tests	2026-10-08T17:08:02.9264963Z 
Verify	Run Jest tests	2026-10-08T17:08:02.9265325Z     console.debug
Verify	Run Jest tests	2026-10-08T17:08:02.9265942Z       [analytics] screen /
Verify	Run Jest tests	2026-10-08T17:08:02.9266451Z 
Verify	Run Jest tests	2026-10-08T17:08:02.9266923Z       at debug (utils/logger.ts:133:18)
Verify	Run Jest tests	2026-10-08T17:08:02.9269046Z 
Verify	Run Jest tests	2026-10-08T17:08:02.9269439Z     console.debug
Verify	Run Jest tests	2026-10-08T17:08:02.9270035Z       [analytics] screen /boom
Verify	Run Jest tests	2026-10-08T17:08:02.9271018Z 
Verify	Run Jest tests	2026-10-08T17:08:02.9271430Z       at debug (utils/logger.ts:133:18)
Verify	Run Jest tests	2026-10-08T17:08:02.9271942Z 
Verify	Run Jest tests	2026-10-08T17:08:02.9272278Z     console.debug
Verify	Run Jest tests	2026-10-08T17:08:02.9272829Z       [analytics] screen /
Verify	Run Jest tests	2026-10-08T17:08:02.9273267Z 
Verify	Run Jest tests	2026-10-08T17:08:02.9273681Z       at debug (utils/logger.ts:133:18)
Verify	Run Jest tests	2026-10-08T17:08:02.9274190Z 
Verify	Run Jest tests	2026-10-08T17:08:02.9274539Z     console.debug
Verify	Run Jest tests	2026-10-08T17:08:02.9275092Z       [analytics] screen /
Verify	Run Jest tests	2026-10-08T17:08:02.9277299Z 
Verify	Run Jest tests	2026-10-08T17:08:02.9277802Z       at debug (utils/logger.ts:133:18)
Verify	Run Jest tests	2026-10-08T17:08:02.9278635Z 
Verify	Run Jest tests	2026-10-08T17:08:02.9279019Z     console.debug
Verify	Run Jest tests	2026-10-08T17:08:02.9279672Z       [analytics] screen /boom
Verify	Run Jest tests	2026-10-08T17:08:02.9280109Z 
Verify	Run Jest tests	2026-10-08T17:08:02.9280501Z       at debug (utils/logger.ts:133:18)
Verify	Run Jest tests	2026-10-08T17:08:02.9280999Z 
Verify	Run Jest tests	2026-10-08T17:08:02.9281319Z     console.debug
Verify	Run Jest tests	2026-10-08T17:08:02.9281866Z       [analytics] screen /
Verify	Run Jest tests	2026-10-08T17:08:02.9282281Z 
Verify	Run Jest tests	2026-10-08T17:08:02.9282676Z       at debug (utils/logger.ts:133:18)
Verify	Run Jest tests	2026-10-08T17:08:02.9283198Z 
Verify	Run Jest tests	2026-10-08T17:08:02.9283529Z     console.debug
Verify	Run Jest tests	2026-10-08T17:08:02.9284970Z       [analytics] screen /boom
Verify	Run Jest tests	2026-10-08T17:08:02.9285442Z 
Verify	Run Jest tests	2026-10-08T17:08:02.9285833Z       at debug (utils/logger.ts:133:18)
Verify	Run Jest tests	2026-10-08T17:08:02.9286427Z 
Verify	Run Jest tests	2026-10-08T17:08:02.9286799Z     console.debug
Verify	Run Jest tests	2026-10-08T17:08:02.9287331Z       [analytics] screen /
Verify	Run Jest tests	2026-10-08T17:08:02.9287772Z 
Verify	Run Jest tests	2026-10-08T17:08:02.9288463Z       at debug (utils/logger.ts:133:18)
Verify	Run Jest tests	2026-10-08T17:08:02.9289020Z 
Verify	Run Jest tests	2026-10-08T17:08:02.9289391Z     console.debug
Verify	Run Jest tests	2026-10-08T17:08:02.9290065Z       [analytics] screen /boom
Verify	Run Jest tests	2026-10-08T17:08:02.9290571Z 
Verify	Run Jest tests	2026-10-08T17:08:02.9291010Z       at debug (utils/logger.ts:133:18)
Verify	Run Jest tests	2026-10-08T17:08:02.9291566Z 
Verify	Run Jest tests	2026-10-08T17:08:03.2191382Z PASS __tests__/services/api.test.ts
Verify	Run Jest tests	2026-10-08T17:08:03.2324489Z   ● Console
Verify	Run Jest tests	2026-10-08T17:08:03.2348378Z 
Verify	Run Jest tests	2026-10-08T17:08:03.2358499Z     console.warn
Verify	Run Jest tests	2026-10-08T17:08:03.2388550Z       API request failed: server (503)
Verify	Run Jest tests	2026-10-08T17:08:03.2408414Z 
Verify	Run Jest tests	2026-10-08T17:08:03.2451216Z     ^[[0m ^[[90m 129 |^[[39m     ^[[36mconst^[[39m args ^[[33m=^[[39m [message^[[33m,^[[39m ^[[33m...^[[39mdetails^[[33m.^[[39mfilter(item ^[[33m=>^[[39m item ^[[33m!==^[[39m undefined)]^[[33m;^[[39m
Verify	Run Jest tests	2026-10-08T17:08:03.2469600Z      ^[[90m 130 |^[[39m     ^[[36mif^[[39m (level ^[[33m===^[[39m ^[[32m'error'^[[39m) console^[[33m.^[[39merror(^[[33m...^[[39margs)^[[33m;^[[39m
Verify	Run Jest tests	2026-10-08T17:08:03.2475179Z     ^[[31m^[[1m>^[[22m^[[39m^[[90m 131 |^[[39m     ^[[36melse^[[39m ^[[36mif^[[39m (level ^[[33m===^[[39m ^[[32m'warn'^[[39m) console^[[33m.^[[39mwarn(^[[33m...^[[39margs)^[[33m;^[[39m
Verify	Run Jest tests	2026-10-08T17:08:03.2477496Z      ^[[90m     |^[[39m                                        ^[[31m^[[1m^^[[22m^[[39m
Verify	Run Jest tests	2026-10-08T17:08:03.2479703Z      ^[[90m 132 |^[[39m     ^[[36melse^[[39m ^[[36mif^[[39m (level ^[[33m===^[[39m ^[[32m'info'^[[39m) console^[[33m.^[[39minfo(^[[33m...^[[39margs)^[[33m;^[[39m
Verify	Run Jest tests	2026-10-08T17:08:03.2481405Z      ^[[90m 133 |^[[39m     ^[[36melse^[[39m console^[[33m.^[[39mdebug(^[[33m...^[[39margs)^[[33m;^[[39m
Verify	Run Jest tests	2026-10-08T17:08:03.2482573Z      ^[[90m 134 |^[[39m   }^[[33m;^[[39m^[[0m
Verify	Run Jest tests	2026-10-08T17:08:03.2483132Z 
Verify	Run Jest tests	2026-10-08T17:08:03.2483559Z       at warn (utils/logger.ts:131:40)
Verify	Run Jest tests	2026-10-08T17:08:03.2484435Z       at Object.write [as warn] (utils/logger.ts:142:33)
Verify	Run Jest tests	2026-10-08T17:08:03.2485342Z       at warn (services/httpClient.ts:135:12)
Verify	Run Jest tests	2026-10-08T17:08:03.2486499Z       at asyncGeneratorStep (node_modules/@babel/runtime/helpers/asyncToGenerator.js:3:17)
Verify	Run Jest tests	2026-10-08T17:08:03.2488125Z       at _next (node_modules/@babel/runtime/helpers/asyncToGenerator.js:17:9)
Verify	Run Jest tests	2026-10-08T17:08:03.2489345Z       at node_modules/@babel/runtime/helpers/asyncToGenerator.js:22:7
Verify	Run Jest tests	2026-10-08T17:08:03.2490544Z       at node_modules/@babel/runtime/helpers/asyncToGenerator.js:14:12
Verify	Run Jest tests	2026-10-08T17:08:03.2491562Z       at apply (services/httpClient.ts:141:4)
Verify	Run Jest tests	2026-10-08T17:08:03.2492606Z       at Axios.request (node_modules/axios/dist/browser/axios.cjs:5245:14)
Verify	Run Jest tests	2026-10-08T17:08:03.2493379Z 
Verify	Run Jest tests	2026-10-08T17:08:03.5080018Z PASS __tests__/services/tokenStore.test.tsx (13.18 s)
Verify	Run Jest tests	2026-10-08T17:08:03.5223362Z   ● Console
Verify	Run Jest tests	2026-10-08T17:08:03.5223857Z 
Verify	Run Jest tests	2026-10-08T17:08:03.5224321Z     console.debug
Verify	Run Jest tests	2026-10-08T17:08:03.5225019Z       [analytics] screen /login
Verify	Run Jest tests	2026-10-08T17:08:03.5225586Z 
Verify	Run Jest tests	2026-10-08T17:08:03.5226025Z       at debug (utils/logger.ts:133:18)
Verify	Run Jest tests	2026-10-08T17:08:03.5226550Z 
Verify	Run Jest tests	2026-10-08T17:08:03.5226896Z     console.debug
Verify	Run Jest tests	2026-10-08T17:08:03.5227490Z       [analytics] screen /
Verify	Run Jest tests	2026-10-08T17:08:03.5228218Z 
Verify	Run Jest tests	2026-10-08T17:08:03.5228656Z       at debug (utils/logger.ts:133:18)
Verify	Run Jest tests	2026-10-08T17:08:03.5229187Z 
Verify	Run Jest tests	2026-10-08T17:08:03.5229541Z     console.debug
Verify	Run Jest tests	2026-10-08T17:08:03.5230156Z       [analytics] screen /login
Verify	Run Jest tests	2026-10-08T17:08:03.5230663Z 
Verify	Run Jest tests	2026-10-08T17:08:03.5231078Z       at debug (utils/logger.ts:133:18)
Verify	Run Jest tests	2026-10-08T17:08:03.5231614Z 
Verify	Run Jest tests	2026-10-08T17:08:03.5231972Z     console.debug
Verify	Run Jest tests	2026-10-08T17:08:03.5232580Z       [analytics] screen /
Verify	Run Jest tests	2026-10-08T17:08:03.5233041Z 
Verify	Run Jest tests	2026-10-08T17:08:03.5233451Z       at debug (utils/logger.ts:133:18)
Verify	Run Jest tests	2026-10-08T17:08:03.5233962Z 
Verify	Run Jest tests	2026-10-08T17:08:03.5234299Z     console.debug
Verify	Run Jest tests	2026-10-08T17:08:03.5234819Z       [analytics] screen /
Verify	Run Jest tests	2026-10-08T17:08:03.5235237Z 
Verify	Run Jest tests	2026-10-08T17:08:03.5235599Z       at debug (utils/logger.ts:133:18)
Verify	Run Jest tests	2026-10-08T17:08:03.5236070Z 
Verify	Run Jest tests	2026-10-08T17:08:03.8889182Z PASS __tests__/components/LoginScreen.test.tsx
Verify	Run Jest tests	2026-10-08T17:08:03.8981971Z   ● Console
Verify	Run Jest tests	2026-10-08T17:08:03.8982841Z 
Verify	Run Jest tests	2026-10-08T17:08:03.8983379Z     console.error
Verify	Run Jest tests	2026-10-08T17:08:03.8984358Z       An update to SessionProvider inside a test was not wrapped in act(...).
Verify	Run Jest tests	2026-10-08T17:08:03.8985347Z       
Verify	Run Jest tests	2026-10-08T17:08:03.8986367Z       When testing, code that causes React state updates should be wrapped into act(...):
Verify	Run Jest tests	2026-10-08T17:08:03.8987339Z       
Verify	Run Jest tests	2026-10-08T17:08:03.8988172Z       act(() => {
Verify	Run Jest tests	2026-10-08T17:08:03.8988926Z         /* fire events that update state */
Verify	Run Jest tests	2026-10-08T17:08:03.8989664Z       });
Verify	Run Jest tests	2026-10-08T17:08:03.8990259Z       /* assert on the output */
Verify	Run Jest tests	2026-10-08T17:08:03.8991184Z       
Verify	Run Jest tests	2026-10-08T17:08:03.8992527Z       This ensures that you're testing the behavior the user would see in the browser. Learn more at https://react.dev/link/wrap-tests-with-act
Verify	Run Jest tests	2026-10-08T17:08:03.8993771Z 
Verify	Run Jest tests	2026-10-08T17:08:03.8994629Z     ^[[0m ^[[90m 86 |^[[39m     readStoredSession()^[[33m.^[[39mthen(restored ^[[33m=>^[[39m {
Verify	Run Jest tests	2026-10-08T17:08:03.8996401Z      ^[[90m 87 |^[[39m       ^[[36mif^[[39m (^[[33m!^[[39mchangedRef^[[33m.^[[39mcurrent ^[[33m&&^[[39m isMountedRef^[[33m.^[[39mcurrent) {
Verify	Run Jest tests	2026-10-08T17:08:03.9003123Z     ^[[31m^[[1m>^[[22m^[[39m^[[90m 88 |^[[39m         setSession(restored)^[[33m;^[[39m
Verify	Run Jest tests	2026-10-08T17:08:03.9004540Z      ^[[90m    |^[[39m         ^[[31m^[[1m^^[[22m^[[39m
Verify	Run Jest tests	2026-10-08T17:08:03.9005959Z      ^[[90m 89 |^[[39m       }
Verify	Run Jest tests	2026-10-08T17:08:03.9006830Z      ^[[90m 90 |^[[39m     })^[[33m;^[[39m
Verify	Run Jest tests	2026-10-08T17:08:03.9008406Z      ^[[90m 91 |^[[39m     ^[[90m// The HTTP client has already cleared the stored session.^[[39m^[[0m
Verify	Run Jest tests	2026-10-08T17:08:03.9009300Z 
Verify	Run Jest tests	2026-10-08T17:08:03.9010051Z       at node_modules/react-test-renderer/cjs/react-test-renderer.development.js:14402:19
Verify	Run Jest tests	2026-10-08T17:08:03.9011451Z       at runWithFiberInDEV (node_modules/react-test-renderer/cjs/react-test-renderer.development.js:2315:13)
Verify	Run Jest tests	2026-10-08T17:08:03.9013349Z       at warnIfUpdatesNotWrappedWithActDEV (node_modules/react-test-renderer/cjs/react-test-renderer.development.js:14401:9)
Verify	Run Jest tests	2026-10-08T17:08:03.9015331Z       at scheduleUpdateOnFiber (node_modules/react-test-renderer/cjs/react-test-renderer.development.js:12086:9)
Verify	Run Jest tests	2026-10-08T17:08:03.9017210Z       at dispatchSetStateInternal (node_modules/react-test-renderer/cjs/react-test-renderer.development.js:6208:13)
Verify	Run Jest tests	2026-10-08T17:08:03.9019335Z       at dispatchSetState (node_modules/react-test-renderer/cjs/react-test-renderer.development.js:6165:7)
Verify	Run Jest tests	2026-10-08T17:08:03.9020716Z       at setSession (providers/SessionProvider.tsx:88:9)
Verify	Run Jest tests	2026-10-08T17:08:03.9021426Z 
Verify	Run Jest tests	2026-10-08T17:08:03.9021786Z     console.error
Verify	Run Jest tests	2026-10-08T17:08:03.9053369Z       An update to SessionProvider inside a test was not wrapped in act(...).
Verify	Run Jest tests	2026-10-08T17:08:03.9054699Z       
Verify	Run Jest tests	2026-10-08T17:08:03.9055990Z       When testing, code that causes React state updates should be wrapped into act(...):
Verify	Run Jest tests	2026-10-08T17:08:03.9056983Z       
Verify	Run Jest tests	2026-10-08T17:08:03.9057521Z       act(() => {
Verify	Run Jest tests	2026-10-08T17:08:03.9058574Z         /* fire events that update state */
Verify	Run Jest tests	2026-10-08T17:08:03.9065429Z       });
Verify	Run Jest tests	2026-10-08T17:08:03.9066418Z       /* assert on the output */
Verify	Run Jest tests	2026-10-08T17:08:03.9067111Z       
Verify	Run Jest tests	2026-10-08T17:08:03.9068750Z       This ensures that you're testing the behavior the user would see in the browser. Learn more at https://react.dev/link/wrap-tests-with-act
Verify	Run Jest tests	2026-10-08T17:08:03.9069989Z 
Verify	Run Jest tests	2026-10-08T17:08:03.9070865Z     ^[[0m ^[[90m 86 |^[[39m     readStoredSession()^[[33m.^[[39mthen(restored ^[[33m=>^[[39m {
Verify	Run Jest tests	2026-10-08T17:08:03.9072570Z      ^[[90m 87 |^[[39m       ^[[36mif^[[39m (^[[33m!^[[39mchangedRef^[[33m.^[[39mcurrent ^[[33m&&^[[39m isMountedRef^[[33m.^[[39mcurrent) {
Verify	Run Jest tests	2026-10-08T17:08:03.9074173Z     ^[[31m^[[1m>^[[22m^[[39m^[[90m 88 |^[[39m         setSession(restored)^[[33m;^[[39m
Verify	Run Jest tests	2026-10-08T17:08:03.9104045Z      ^[[90m    |^[[39m         ^[[31m^[[1m^^[[22m^[[39m
Verify	Run Jest tests	2026-10-08T17:08:03.9104943Z      ^[[90m 89 |^[[39m       }
Verify	Run Jest tests	2026-10-08T17:08:03.9105741Z      ^[[90m 90 |^[[39m     })^[[33m;^[[39m
Verify	Run Jest tests	2026-10-08T17:08:03.9106989Z      ^[[90m 91 |^[[39m     ^[[90m// The HTTP client has already cleared the stored session.^[[39m^[[0m
Verify	Run Jest tests	2026-10-08T17:08:03.9108197Z 
Verify	Run Jest tests	2026-10-08T17:08:03.9108990Z       at node_modules/react-test-renderer/cjs/react-test-renderer.development.js:14402:19
Verify	Run Jest tests	2026-10-08T17:08:03.9110646Z       at runWithFiberInDEV (node_modules/react-test-renderer/cjs/react-test-renderer.development.js:2315:13)
Verify	Run Jest tests	2026-10-08T17:08:03.9135710Z       at warnIfUpdatesNotWrappedWithActDEV (node_modules/react-test-renderer/cjs/react-test-renderer.development.js:14401:9)
Verify	Run Jest tests	2026-10-08T17:08:03.9137732Z       at scheduleUpdateOnFiber (node_modules/react-test-renderer/cjs/react-test-renderer.development.js:12086:9)
Verify	Run Jest tests	2026-10-08T17:08:03.9151085Z       at dispatchSetStateInternal (node_modules/react-test-renderer/cjs/react-test-renderer.development.js:6208:13)
Verify	Run Jest tests	2026-10-08T17:08:03.9155283Z       at dispatchSetState (node_modules/react-test-renderer/cjs/react-test-renderer.development.js:6165:7)
Verify	Run Jest tests	2026-10-08T17:08:03.9156799Z       at setSession (providers/SessionProvider.tsx:88:9)
Verify	Run Jest tests	2026-10-08T17:08:03.9157501Z 
Verify	Run Jest tests	2026-10-08T17:08:04.0766212Z PASS __tests__/services/auth.test.ts
Verify	Run Jest tests	2026-10-08T17:08:04.2358413Z PASS __tests__/integrations/seams.test.ts
Verify	Run Jest tests	2026-10-08T17:08:04.3725769Z PASS __tests__/config/appConfig.test.ts
Verify	Run Jest tests	2026-10-08T17:08:04.5581815Z PASS __tests__/navigation/sessionRoutes.test.tsx (14.51 s)
Verify	Run Jest tests	2026-10-08T17:08:04.5967266Z   ● Console
Verify	Run Jest tests	2026-10-08T17:08:04.5968142Z 
Verify	Run Jest tests	2026-10-08T17:08:04.5968776Z     console.debug
Verify	Run Jest tests	2026-10-08T17:08:04.5969911Z       [analytics] screen /profile
Verify	Run Jest tests	2026-10-08T17:08:04.5980282Z 
Verify	Run Jest tests	2026-10-08T17:08:04.5980805Z       at debug (utils/logger.ts:133:18)
Verify	Run Jest tests	2026-10-08T17:08:04.5981459Z 
Verify	Run Jest tests	2026-10-08T17:08:04.5981869Z     console.debug
Verify	Run Jest tests	2026-10-08T17:08:04.5982622Z       [analytics] screen /profile
Verify	Run Jest tests	2026-10-08T17:08:04.5983207Z 
Verify	Run Jest tests	2026-10-08T17:08:04.5983658Z       at debug (utils/logger.ts:133:18)
Verify	Run Jest tests	2026-10-08T17:08:04.5984299Z 
Verify	Run Jest tests	2026-10-08T17:08:04.5984710Z     console.debug
Verify	Run Jest tests	2026-10-08T17:08:04.5985333Z       [analytics] screen /
Verify	Run Jest tests	2026-10-08T17:08:04.5985866Z 
Verify	Run Jest tests	2026-10-08T17:08:04.5986357Z       at debug (utils/logger.ts:133:18)
Verify	Run Jest tests	2026-10-08T17:08:04.5986956Z 
Verify	Run Jest tests	2026-10-08T17:08:04.5987358Z     console.debug
Verify	Run Jest tests	2026-10-08T17:08:04.5988313Z       [analytics] screen /login
Verify	Run Jest tests	2026-10-08T17:08:04.5988891Z 
Verify	Run Jest tests	2026-10-08T17:08:04.5989377Z       at debug (utils/logger.ts:133:18)
Verify	Run Jest tests	2026-10-08T17:08:04.5989990Z 
Verify	Run Jest tests	2026-10-08T17:08:04.5990383Z     console.debug
Verify	Run Jest tests	2026-10-08T17:08:04.5991121Z       [analytics] screen /
Verify	Run Jest tests	2026-10-08T17:08:04.5991661Z 
Verify	Run Jest tests	2026-10-08T17:08:04.5992153Z       at debug (utils/logger.ts:133:18)
Verify	Run Jest tests	2026-10-08T17:08:04.5992763Z 
Verify	Run Jest tests	2026-10-08T17:08:04.5993169Z     console.debug
Verify	Run Jest tests	2026-10-08T17:08:04.5993872Z       [analytics] screen /login
Verify	Run Jest tests	2026-10-08T17:08:04.5994440Z 
Verify	Run Jest tests	2026-10-08T17:08:04.5994915Z       at debug (utils/logger.ts:133:18)
Verify	Run Jest tests	2026-10-08T17:08:04.5995527Z 
Verify	Run Jest tests	2026-10-08T17:08:04.5996451Z     console.debug
Verify	Run Jest tests	2026-10-08T17:08:04.5997140Z       [analytics] screen /
Verify	Run Jest tests	2026-10-08T17:08:04.5997681Z 
Verify	Run Jest tests	2026-10-08T17:08:04.5998468Z       at debug (utils/logger.ts:133:18)
Verify	Run Jest tests	2026-10-08T17:08:04.5999078Z 
Verify	Run Jest tests	2026-10-08T17:08:04.5999480Z     console.debug
Verify	Run Jest tests	2026-10-08T17:08:04.6000218Z       [analytics] screen /profile
Verify	Run Jest tests	2026-10-08T17:08:04.6000825Z 
Verify	Run Jest tests	2026-10-08T17:08:04.6001317Z       at debug (utils/logger.ts:133:18)
Verify	Run Jest tests	2026-10-08T17:08:04.6001939Z 
Verify	Run Jest tests	2026-10-08T17:08:04.6002359Z     console.debug
Verify	Run Jest tests	2026-10-08T17:08:04.6003025Z       [analytics] screen /
Verify	Run Jest tests	2026-10-08T17:08:04.6003575Z 
Verify	Run Jest tests	2026-10-08T17:08:04.6004064Z       at debug (utils/logger.ts:133:18)
Verify	Run Jest tests	2026-10-08T17:08:04.6004674Z 
Verify	Run Jest tests	2026-10-08T17:08:04.6005045Z     console.debug
Verify	Run Jest tests	2026-10-08T17:08:04.6005734Z       [analytics] screen /profile
Verify	Run Jest tests	2026-10-08T17:08:04.6006290Z 
Verify	Run Jest tests	2026-10-08T17:08:04.6006756Z       at debug (utils/logger.ts:133:18)
Verify	Run Jest tests	2026-10-08T17:08:04.6007364Z 
Verify	Run Jest tests	2026-10-08T17:08:04.6007751Z     console.debug
Verify	Run Jest tests	2026-10-08T17:08:04.6008648Z       [analytics] screen /
Verify	Run Jest tests	2026-10-08T17:08:04.6009162Z 
Verify	Run Jest tests	2026-10-08T17:08:04.6009605Z       at debug (utils/logger.ts:133:18)
Verify	Run Jest tests	2026-10-08T17:08:04.6010226Z 
Verify	Run Jest tests	2026-10-08T17:08:04.6010627Z     console.debug
Verify	Run Jest tests	2026-10-08T17:08:04.6011372Z       [analytics] screen /profile
Verify	Run Jest tests	2026-10-08T17:08:04.6011953Z 
Verify	Run Jest tests	2026-10-08T17:08:04.6012425Z       at debug (utils/logger.ts:133:18)
Verify	Run Jest tests	2026-10-08T17:08:04.6013005Z 
Verify	Run Jest tests	2026-10-08T17:08:04.6013386Z     console.debug
Verify	Run Jest tests	2026-10-08T17:08:04.6014029Z       [analytics] screen /
Verify	Run Jest tests	2026-10-08T17:08:04.6014550Z 
Verify	Run Jest tests	2026-10-08T17:08:04.6015011Z       at debug (utils/logger.ts:133:18)
Verify	Run Jest tests	2026-10-08T17:08:04.6018264Z 
Verify	Run Jest tests	2026-10-08T17:08:04.6018847Z     console.debug
Verify	Run Jest tests	2026-10-08T17:08:04.6019763Z       [analytics] screen /profile
Verify	Run Jest tests	2026-10-08T17:08:04.6020422Z 
Verify	Run Jest tests	2026-10-08T17:08:04.6020875Z       at debug (utils/logger.ts:133:18)
Verify	Run Jest tests	2026-10-08T17:08:04.6021463Z 
Verify	Run Jest tests	2026-10-08T17:08:04.6021834Z     console.debug
Verify	Run Jest tests	2026-10-08T17:08:04.6022520Z       [analytics] screen /
Verify	Run Jest tests	2026-10-08T17:08:04.6023043Z 
Verify	Run Jest tests	2026-10-08T17:08:04.6023518Z       at debug (utils/logger.ts:133:18)
Verify	Run Jest tests	2026-10-08T17:08:04.6024123Z 
Verify	Run Jest tests	2026-10-08T17:08:04.6024528Z     console.debug
Verify	Run Jest tests	2026-10-08T17:08:04.6025182Z       [analytics] screen /
Verify	Run Jest tests	2026-10-08T17:08:04.6025731Z 
Verify	Run Jest tests	2026-10-08T17:08:04.6026189Z       at debug (utils/logger.ts:133:18)
Verify	Run Jest tests	2026-10-08T17:08:04.6026802Z 
Verify	Run Jest tests	2026-10-08T17:08:04.6027209Z     console.debug
Verify	Run Jest tests	2026-10-08T17:08:04.6028193Z       [analytics] screen /profile
Verify	Run Jest tests	2026-10-08T17:08:04.6028810Z 
Verify	Run Jest tests	2026-10-08T17:08:04.6029301Z       at debug (utils/logger.ts:133:18)
Verify	Run Jest tests	2026-10-08T17:08:04.6029928Z 
Verify	Run Jest tests	2026-10-08T17:08:04.6030328Z     console.debug
Verify	Run Jest tests	2026-10-08T17:08:04.6031275Z       [analytics] screen /
Verify	Run Jest tests	2026-10-08T17:08:04.6031820Z 
Verify	Run Jest tests	2026-10-08T17:08:04.6032298Z       at debug (utils/logger.ts:133:18)
Verify	Run Jest tests	2026-10-08T17:08:04.6032904Z 
Verify	Run Jest tests	2026-10-08T17:08:04.6033290Z     console.debug
Verify	Run Jest tests	2026-10-08T17:08:04.6034013Z       [analytics] screen /profile
Verify	Run Jest tests	2026-10-08T17:08:04.6034610Z 
Verify	Run Jest tests	2026-10-08T17:08:04.6035097Z       at debug (utils/logger.ts:133:18)
Verify	Run Jest tests	2026-10-08T17:08:04.6035722Z 
Verify	Run Jest tests	2026-10-08T17:08:04.6974263Z PASS __tests__/components/HomeScreen.test.tsx
Verify	Run Jest tests	2026-10-08T17:08:05.0839257Z PASS __tests__/navigation/tabBarTheme.test.tsx
Verify	Run Jest tests	2026-10-08T17:08:05.0887661Z   ● Console
Verify	Run Jest tests	2026-10-08T17:08:05.0888349Z 
Verify	Run Jest tests	2026-10-08T17:08:05.0898925Z     console.debug
Verify	Run Jest tests	2026-10-08T17:08:05.0899558Z       [analytics] screen /
Verify	Run Jest tests	2026-10-08T17:08:05.0899993Z 
Verify	Run Jest tests	2026-10-08T17:08:05.0900357Z       at debug (utils/logger.ts:133:18)
Verify	Run Jest tests	2026-10-08T17:08:05.0900881Z 
Verify	Run Jest tests	2026-10-08T17:08:05.0901179Z     console.debug
Verify	Run Jest tests	2026-10-08T17:08:05.0901771Z       [analytics] screen /
Verify	Run Jest tests	2026-10-08T17:08:05.0902198Z 
Verify	Run Jest tests	2026-10-08T17:08:05.0902612Z       at debug (utils/logger.ts:133:18)
Verify	Run Jest tests	2026-10-08T17:08:05.0903111Z 
Verify	Run Jest tests	2026-10-08T17:08:05.5952205Z PASS __tests__/integrations/i18n.test.tsx
Verify	Run Jest tests	2026-10-08T17:08:05.6007793Z   ● Console
Verify	Run Jest tests	2026-10-08T17:08:05.6008703Z 
Verify	Run Jest tests	2026-10-08T17:08:05.6008882Z     console.debug
Verify	Run Jest tests	2026-10-08T17:08:05.6009250Z       [analytics] screen /
Verify	Run Jest tests	2026-10-08T17:08:05.6009510Z 
Verify	Run Jest tests	2026-10-08T17:08:05.6009743Z       at debug (utils/logger.ts:133:18)
Verify	Run Jest tests	2026-10-08T17:08:05.6010084Z 
Verify	Run Jest tests	2026-10-08T17:08:05.6010758Z     console.debug
Verify	Run Jest tests	2026-10-08T17:08:05.6011216Z       [analytics] screen /login
Verify	Run Jest tests	2026-10-08T17:08:05.6011521Z 
Verify	Run Jest tests	2026-10-08T17:08:05.6011758Z       at debug (utils/logger.ts:133:18)
Verify	Run Jest tests	2026-10-08T17:08:05.6012101Z 
Verify	Run Jest tests	2026-10-08T17:08:05.7429691Z PASS __tests__/navigation/initialRoute.test.tsx
Verify	Run Jest tests	2026-10-08T17:08:05.7637763Z   ● Console
Verify	Run Jest tests	2026-10-08T17:08:05.7658871Z 
Verify	Run Jest tests	2026-10-08T17:08:05.7699792Z     console.debug
Verify	Run Jest tests	2026-10-08T17:08:05.7758655Z       [analytics] screen /
Verify	Run Jest tests	2026-10-08T17:08:05.7759507Z 
Verify	Run Jest tests	2026-10-08T17:08:05.7765358Z       at debug (utils/logger.ts:133:18)
Verify	Run Jest tests	2026-10-08T17:08:05.7765780Z 
Verify	Run Jest tests	2026-10-08T17:08:05.7766002Z     console.debug
Verify	Run Jest tests	2026-10-08T17:08:05.7766388Z       [analytics] screen /login
Verify	Run Jest tests	2026-10-08T17:08:05.7766686Z 
Verify	Run Jest tests	2026-10-08T17:08:05.7766934Z       at debug (utils/logger.ts:133:18)
Verify	Run Jest tests	2026-10-08T17:08:05.7767250Z 
Verify	Run Jest tests	2026-10-08T17:08:05.7767457Z     console.debug
Verify	Run Jest tests	2026-10-08T17:08:05.7767817Z       [analytics] screen /login
Verify	Run Jest tests	2026-10-08T17:08:05.7768537Z 
Verify	Run Jest tests	2026-10-08T17:08:05.7768805Z       at debug (utils/logger.ts:133:18)
Verify	Run Jest tests	2026-10-08T17:08:05.7769164Z 
Verify	Run Jest tests	2026-10-08T17:08:05.7769312Z     console.debug
Verify	Run Jest tests	2026-10-08T17:08:05.7769689Z       [analytics] screen /
Verify	Run Jest tests	2026-10-08T17:08:05.7769900Z 
Verify	Run Jest tests	2026-10-08T17:08:05.7770039Z       at debug (utils/logger.ts:133:18)
Verify	Run Jest tests	2026-10-08T17:08:05.7770230Z 
Verify	Run Jest tests	2026-10-08T17:08:05.8539318Z PASS __tests__/navigation/statusBar.test.tsx
Verify	Run Jest tests	2026-10-08T17:08:05.8568392Z   ● Console
Verify	Run Jest tests	2026-10-08T17:08:05.8568894Z 
Verify	Run Jest tests	2026-10-08T17:08:05.8579381Z     console.debug
Verify	Run Jest tests	2026-10-08T17:08:05.8580273Z       [analytics] screen /
Verify	Run Jest tests	2026-10-08T17:08:05.8580747Z 
Verify	Run Jest tests	2026-10-08T17:08:05.8581105Z       at debug (utils/logger.ts:133:18)
Verify	Run Jest tests	2026-10-08T17:08:05.8581567Z 
Verify	Run Jest tests	2026-10-08T17:08:05.8581841Z     console.debug
Verify	Run Jest tests	2026-10-08T17:08:05.8582354Z       [analytics] screen /
Verify	Run Jest tests	2026-10-08T17:08:05.8582739Z 
Verify	Run Jest tests	2026-10-08T17:08:05.8583068Z       at debug (utils/logger.ts:133:18)
Verify	Run Jest tests	2026-10-08T17:08:05.8583527Z 
Verify	Run Jest tests	2026-10-08T17:08:06.1489364Z PASS __tests__/components/LoadingScreen.test.tsx
Verify	Run Jest tests	2026-10-08T17:08:06.2539219Z PASS __tests__/navigation/configError.test.tsx
Verify	Run Jest tests	2026-10-08T17:08:06.2551897Z   ● Console
Verify	Run Jest tests	2026-10-08T17:08:06.2608372Z 
Verify	Run Jest tests	2026-10-08T17:08:06.2608984Z     console.debug
Verify	Run Jest tests	2026-10-08T17:08:06.2638597Z       [analytics] screen /
Verify	Run Jest tests	2026-10-08T17:08:06.2668548Z 
Verify	Run Jest tests	2026-10-08T17:08:06.2698632Z       at debug (utils/logger.ts:133:18)
Verify	Run Jest tests	2026-10-08T17:08:06.2699260Z 
Verify	Run Jest tests	2026-10-08T17:08:06.3433649Z PASS __tests__/services/storage.test.ts
Verify	Run Jest tests	2026-10-08T17:08:06.3459263Z   ● Console
Verify	Run Jest tests	2026-10-08T17:08:06.3488407Z 
Verify	Run Jest tests	2026-10-08T17:08:06.3502533Z     console.error
Verify	Run Jest tests	2026-10-08T17:08:06.3503671Z       Error retrieving bad-json SyntaxError: Expected property name or '}' in JSON at position 1 (line 1 column 2)
Verify	Run Jest tests	2026-10-08T17:08:06.3505246Z           at JSON.parse (<anonymous>)
Verify	Run Jest tests	2026-10-08T17:08:06.3506330Z           at parse (/home/runner/work/react-native-starter/react-native-starter/services/storage.ts:35:38)
Verify	Run Jest tests	2026-10-08T17:08:06.3507366Z           at Generator.next (<anonymous>)
Verify	Run Jest tests	2026-10-08T17:08:06.3509253Z           at asyncGeneratorStep (/home/runner/work/react-native-starter/react-native-starter/node_modules/@babel/runtime/helpers/asyncToGenerator.js:3:17)
Verify	Run Jest tests	2026-10-08T17:08:06.3511537Z           at _next (/home/runner/work/react-native-starter/react-native-starter/node_modules/@babel/runtime/helpers/asyncToGenerator.js:17:9)
Verify	Run Jest tests	2026-10-08T17:08:06.3516116Z           at processTicksAndRejections (node:internal/process/task_queues:104:5)
Verify	Run Jest tests	2026-10-08T17:08:06.3556088Z 
Verify	Run Jest tests	2026-10-08T17:08:06.3577806Z     ^[[0m ^[[90m 128 |^[[39m     ^[[36mif^[[39m (^[[33mLEVEL_ORDER^[[39m[level] ^[[33m<^[[39m ^[[33mLEVEL_ORDER^[[39m[minLevel]) ^[[36mreturn^[[39m^[[33m;^[[39m
Verify	Run Jest tests	2026-10-08T17:08:06.3585895Z      ^[[90m 129 |^[[39m     ^[[36mconst^[[39m args ^[[33m=^[[39m [message^[[33m,^[[39m ^[[33m...^[[39mdetails^[[33m.^[[39mfilter(item ^[[33m=>^[[39m item ^[[33m!==^[[39m undefined)]^[[33m;^[[39m
Verify	Run Jest tests	2026-10-08T17:08:06.3588308Z     ^[[31m^[[1m>^[[22m^[[39m^[[90m 130 |^[[39m     ^[[36mif^[[39m (level ^[[33m===^[[39m ^[[32m'error'^[[39m) console^[[33m.^[[39merror(^[[33m...^[[39margs)^[[33m;^[[39m
Verify	Run Jest tests	2026-10-08T17:08:06.3589660Z      ^[[90m     |^[[39m                                    ^[[31m^[[1m^^[[22m^[[39m
Verify	Run Jest tests	2026-10-08T17:08:06.3591510Z      ^[[90m 131 |^[[39m     ^[[36melse^[[39m ^[[36mif^[[39m (level ^[[33m===^[[39m ^[[32m'warn'^[[39m) console^[[33m.^[[39mwarn(^[[33m...^[[39margs)^[[33m;^[[39m
Verify	Run Jest tests	2026-10-08T17:08:06.3608998Z      ^[[90m 132 |^[[39m     ^[[36melse^[[39m ^[[36mif^[[39m (level ^[[33m===^[[39m ^[[32m'info'^[[39m) console^[[33m.^[[39minfo(^[[33m...^[[39margs)^[[33m;^[[39m
Verify	Run Jest tests	2026-10-08T17:08:06.3649697Z      ^[[90m 133 |^[[39m     ^[[36melse^[[39m console^[[33m.^[[39mdebug(^[[33m...^[[39margs)^[[33m;^[[39m^[[0m
Verify	Run Jest tests	2026-10-08T17:08:06.3658719Z 
Verify	Run Jest tests	2026-10-08T17:08:06.3659191Z       at error (utils/logger.ts:130:36)
Verify	Run Jest tests	2026-10-08T17:08:06.3660016Z       at Object.write (utils/logger.ts:154:7)
Verify	Run Jest tests	2026-10-08T17:08:06.3660900Z       at error (services/storage.ts:37:12)
Verify	Run Jest tests	2026-10-08T17:08:06.3662061Z       at asyncGeneratorStep (node_modules/@babel/runtime/helpers/asyncToGenerator.js:3:17)
Verify	Run Jest tests	2026-10-08T17:08:06.3663490Z       at _next (node_modules/@babel/runtime/helpers/asyncToGenerator.js:17:9)
Verify	Run Jest tests	2026-10-08T17:08:06.3664300Z 
Verify	Run Jest tests	2026-10-08T17:08:06.3664659Z     console.info
Verify	Run Jest tests	2026-10-08T17:08:06.3666081Z       [error-reporter] exception: SyntaxError: Expected property name or '}' in JSON at position 1 (line 1 column 2) (Error retrieving bad-json)
Verify	Run Jest tests	2026-10-08T17:08:06.3667333Z 
Verify	Run Jest tests	2026-10-08T17:08:06.3668304Z       at Object.info [as captureException] (integrations/errorReporter.ts:51:13)
Verify	Run Jest tests	2026-10-08T17:08:06.3669148Z 
Verify	Run Jest tests	2026-10-08T17:08:06.4535843Z PASS __tests__/utils/sum.test.ts
Verify	Run Jest tests	2026-10-08T17:08:06.5038866Z PASS __tests__/hooks/useFetch.test.tsx
Verify	Run Jest tests	2026-10-08T17:08:06.5369170Z PASS __tests__/integrations/screenTracking.test.tsx
Verify	Run Jest tests	2026-10-08T17:08:06.6619922Z 
Verify	Run Jest tests	2026-10-08T17:08:06.6623741Z Test Suites: 22 passed, 22 total
Verify	Run Jest tests	2026-10-08T17:08:06.6624181Z Tests:       159 passed, 159 total
Verify	Run Jest tests	2026-10-08T17:08:06.6624483Z Snapshots:   0 total
Verify	Run Jest tests	2026-10-08T17:08:06.6624735Z Time:        20.501 s
Verify	Run Jest tests	2026-10-08T17:08:06.6624969Z Ran all test suites.
Verify	Expo Doctor	﻿2026-10-08T17:08:06.6812644Z ##[group]Run npx expo-doctor
Verify	Expo Doctor	2026-10-08T17:08:06.6812980Z ^[[36;1mnpx expo-doctor^[[0m
Verify	Expo Doctor	2026-10-08T17:08:06.6874758Z shell: /usr/bin/bash -e {0}
Verify	Expo Doctor	2026-10-08T17:08:06.6875028Z ##[endgroup]
Verify	Expo Doctor	2026-10-08T17:08:08.2089918Z Running 21 checks on your project...
Verify	Expo Doctor	2026-10-08T17:08:11.9888413Z 21/21 checks passed. No issues detected!
Verify	Export web build	﻿2026-10-08T17:08:12.0300278Z ##[group]Run npx expo export --platform web --output-dir dist
Verify	Export web build	2026-10-08T17:08:12.0301069Z ^[[36;1mnpx expo export --platform web --output-dir dist^[[0m
Verify	Export web build	2026-10-08T17:08:12.0380531Z shell: /usr/bin/bash -e {0}
Verify	Export web build	2026-10-08T17:08:12.0380817Z ##[endgroup]
Verify	Export web build	2026-10-08T17:08:13.1742520Z Starting Metro Bundler
Verify	Export web build	2026-10-08T17:08:13.1742811Z 
Verify	Export web build	2026-10-08T17:08:31.1937666Z Web Bundled 17737ms index.ts (1174 modules)
Verify	Export web build	2026-10-08T17:08:31.5605690Z 
Verify	Export web build	2026-10-08T17:08:31.5612151Z › Assets (19):
Verify	Export web build	2026-10-08T17:08:31.5687341Z node_modules/@expo/vector-icons/build/vendor/react-native-vector-icons/Fonts/MaterialCommunityIcons.6e435534bd35da5fef04168860a9b8fa.ttf (1.3MB)
Verify	Export web build	2026-10-08T17:08:31.5689497Z node_modules/expo-router/assets/arrow_down.017bc6ba3fc25503e5eb5e53826d48a8.png (9.5KB)
Verify	Export web build	2026-10-08T17:08:31.5690925Z node_modules/expo-router/assets/error.d1ea1496f9057eb392d5bbf3732a61b7.png (469B)
Verify	Export web build	2026-10-08T17:08:31.5692218Z node_modules/expo-router/assets/file.19eeb73b9593a38f8e9f418337fc7d10.png (138B)
Verify	Export web build	2026-10-08T17:08:31.5693537Z node_modules/expo-router/assets/forward.d8b800c443b8972542883e0b9de2bdc6.png (188B)
Verify	Export web build	2026-10-08T17:08:31.5694869Z node_modules/expo-router/assets/pkg.ab19f4cbc543357183a20571f68380a3.png (364B)
Verify	Export web build	2026-10-08T17:08:31.5696505Z node_modules/expo-router/assets/react-navigation/elements/back-icon-mask.0a328cd9c1afd0afe8e3b1ec5165b1b4.png (653B)
Verify	Export web build	2026-10-08T17:08:31.5698533Z node_modules/expo-router/assets/react-navigation/elements/back-icon.35ba0eaec5a4f5ed12ca16fabeae451d.png (207B)
Verify	Export web build	2026-10-08T17:08:31.5700348Z node_modules/expo-router/assets/react-navigation/elements/clear-icon.c94f6478e7ae0cdd9f15de1fcb9e5e55.png (4 variations | 425B)
Verify	Export web build	2026-10-08T17:08:31.5702269Z node_modules/expo-router/assets/react-navigation/elements/close-icon.808e1b1b9b53114ec2838071a7e6daa7.png (4 variations | 235B)
Verify	Export web build	2026-10-08T17:08:31.5704377Z node_modules/expo-router/assets/react-navigation/elements/search-icon.286d67d3f74808a60a78d3ebf1a5fb57.png (928B)
Verify	Export web build	2026-10-08T17:08:31.5705806Z node_modules/expo-router/assets/sitemap.412dd9275b6b48ad28f5e3d81bb1f626.png (465B)
Verify	Export web build	2026-10-08T17:08:31.5707045Z node_modules/expo-router/assets/unmatched.20e71bdf79e3a97bf55fd9e164041578.png (4.8KB)
Verify	Export web build	2026-10-08T17:08:31.5707710Z 
Verify	Export web build	2026-10-08T17:08:31.5708239Z › web bundles (1):
Verify	Export web build	2026-10-08T17:08:31.5742391Z _expo/static/js/web/index-f5e036be7b939a7fbf64b256488da69c.js (2.3MB)
Verify	Export web build	2026-10-08T17:08:31.5742942Z 
Verify	Export web build	2026-10-08T17:08:31.5743157Z › Files (3):
Verify	Export web build	2026-10-08T17:08:31.5744008Z favicon.ico (15KB)
Verify	Export web build	2026-10-08T17:08:31.5744518Z index.html (1.2KB)
Verify	Export web build	2026-10-08T17:08:31.5744981Z metadata.json (49B)
Verify	Export web build	2026-10-08T17:08:31.5845564Z 
Verify	Export web build	2026-10-08T17:08:31.5848577Z Exported: dist
Verify	Post Set up Node.js	﻿2026-10-08T17:08:31.7414140Z Post job cleanup.
Verify	Post Set up Node.js	2026-10-08T17:08:31.8640192Z (node:2744) [DEP0040] DeprecationWarning: The `punycode` module is deprecated. Please use a userland alternative instead.
Verify	Post Set up Node.js	2026-10-08T17:08:31.8641254Z (Use `node --trace-deprecation ...` to show where the warning was created)
Verify	Post Set up Node.js	2026-10-08T17:08:31.8644653Z Cache hit occurred on the primary key node-cache-Linux-x64-npm-9a82033345870d620287ae0ca8b0f11fd380bcf572aa61d4d09e5388351df534, not saving cache.
Verify	Post Check out repository	﻿2026-10-08T17:08:31.8796820Z Post job cleanup.
Verify	Post Check out repository	2026-10-08T17:08:31.9711260Z [command]/usr/bin/git version
Verify	Post Check out repository	2026-10-08T17:08:31.9756422Z git version 2.55.0
Verify	Post Check out repository	2026-10-08T17:08:31.9800330Z Temporarily overriding HOME='/home/runner/work/_temp/a5d7e0a9-29d2-4306-a533-e5a02ae44fe8' before making global git config changes
Verify	Post Check out repository	2026-10-08T17:08:31.9801937Z Adding repository directory to the temporary git global config as a safe directory
Verify	Post Check out repository	2026-10-08T17:08:31.9806089Z [command]/usr/bin/git config --global --add safe.directory /home/runner/work/react-native-starter/react-native-starter
Verify	Post Check out repository	2026-10-08T17:08:31.9844395Z [command]/usr/bin/git config --local --name-only --get-regexp core\.sshCommand
Verify	Post Check out repository	2026-10-08T17:08:31.9880071Z [command]/usr/bin/git submodule foreach --recursive sh -c "git config --local --name-only --get-regexp 'core\.sshCommand' && git config --local --unset-all 'core.sshCommand' || :"
Verify	Post Check out repository	2026-10-08T17:08:32.0125698Z [command]/usr/bin/git config --local --name-only --get-regexp http\.https\:\/\/github\.com\/\.extraheader
Verify	Post Check out repository	2026-10-08T17:08:32.0152781Z http.https://github.com/.extraheader
Verify	Post Check out repository	2026-10-08T17:08:32.0164253Z [command]/usr/bin/git config --local --unset-all http.https://github.com/.extraheader
Verify	Post Check out repository	2026-10-08T17:08:32.0205805Z [command]/usr/bin/git submodule foreach --recursive sh -c "git config --local --name-only --get-regexp 'http\.https\:\/\/github\.com\/\.extraheader' && git config --local --unset-all 'http.https://github.com/.extraheader' || :"
Verify	Post Check out repository	2026-10-08T17:08:32.0453884Z [command]/usr/bin/git config --local --name-only --get-regexp ^includeIf\.gitdir:
Verify	Post Check out repository	2026-10-08T17:08:32.0504947Z [command]/usr/bin/git submodule foreach --recursive git config --local --show-origin --name-only --get-regexp remote.origin.url
Verify	Complete job	﻿2026-10-08T17:08:32.0958621Z Cleaning up orphan processes
Verify	Complete job	2026-10-08T17:08:32.1291704Z ##[warning]Node.js 20 is deprecated. The following actions target Node.js 20 but are being forced to run on Node.js 24: actions/checkout@v4, actions/setup-node@v4. For more information see: https://github.blog/changelog/2025-09-19-deprecation-of-node-20-on-github-actions-runners/
