Verify	Set up job	﻿2026-10-10T16:27:44.4256765Z Current runner version: '2.337.0'
Verify	Set up job	2026-10-10T16:27:44.4283331Z ##[group]Runner Image Provisioner
Verify	Set up job	2026-10-10T16:27:44.4284749Z Hosted Compute Agent
Verify	Set up job	2026-10-10T16:27:44.4285456Z Version: 20261002.596
Verify	Set up job	2026-10-10T16:27:44.4286097Z Commit: c3d12f3313a95f25162a1503be624f3b0617f8c0
Verify	Set up job	2026-10-10T16:27:44.4286897Z Build Date: 2026-10-02T22:28:27Z
Verify	Set up job	2026-10-10T16:27:44.4287625Z Worker ID: {a86a6173-e68e-4aa4-9947-e599746bb0b4}
Verify	Set up job	2026-10-10T16:27:44.4288337Z Region: northcentralus
Verify	Set up job	2026-10-10T16:27:44.4289017Z Cloud: Azure
Verify	Set up job	2026-10-10T16:27:44.4289558Z ##[endgroup]
Verify	Set up job	2026-10-10T16:27:44.4291173Z ##[group]Operating System
Verify	Set up job	2026-10-10T16:27:44.4291902Z Ubuntu
Verify	Set up job	2026-10-10T16:27:44.4292465Z 24.04.5
Verify	Set up job	2026-10-10T16:27:44.4293088Z LTS
Verify	Set up job	2026-10-10T16:27:44.4293608Z ##[endgroup]
Verify	Set up job	2026-10-10T16:27:44.4294439Z ##[group]Runner Image
Verify	Set up job	2026-10-10T16:27:44.4295099Z Image: ubuntu-24.04
Verify	Set up job	2026-10-10T16:27:44.4295667Z Version: 20261004.327.1
Verify	Set up job	2026-10-10T16:27:44.4297236Z Included Software: https://github.com/actions/runner-images/blob/ubuntu24/20261004.327/images/ubuntu/Ubuntu2404-Readme.md
Verify	Set up job	2026-10-10T16:27:44.4299053Z Image Release: https://github.com/actions/runner-images/releases/tag/ubuntu24%2F20261004.327
Verify	Set up job	2026-10-10T16:27:44.4300048Z ##[endgroup]
Verify	Set up job	2026-10-10T16:27:44.4301240Z ##[group]GITHUB_TOKEN Permissions
Verify	Set up job	2026-10-10T16:27:44.4303407Z Contents: read
Verify	Set up job	2026-10-10T16:27:44.4304052Z Metadata: read
Verify	Set up job	2026-10-10T16:27:44.4304927Z ##[endgroup]
Verify	Set up job	2026-10-10T16:27:44.4308376Z Secret source: Actions
Verify	Set up job	2026-10-10T16:27:44.4310210Z Cache mode: write
Verify	Set up job	2026-10-10T16:27:44.4311966Z Prepare workflow directory
Verify	Set up job	2026-10-10T16:27:44.4785933Z Prepare all required actions
Verify	Set up job	2026-10-10T16:27:44.4857431Z Getting action download info
Verify	Set up job	2026-10-10T16:27:44.7066288Z Download action repository 'actions/checkout@v4' (SHA:11d5960a326750d5838078e36cf38b85af677262)
Verify	Set up job	2026-10-10T16:27:44.7946379Z Download action repository 'actions/setup-node@v4' (SHA:49933ea5288caeca8642d1e84afbd3f7d6820020)
Verify	Set up job	2026-10-10T16:27:44.9859929Z Complete job name: Verify
Verify	Check out repository	﻿2026-10-10T16:27:45.0664880Z ##[group]Run actions/checkout@v4
Verify	Check out repository	2026-10-10T16:27:45.0665837Z with:
Verify	Check out repository	2026-10-10T16:27:45.0666323Z   repository: koniz-dev/react-native-starter
Verify	Check out repository	2026-10-10T16:27:45.0670088Z   token: ***
Verify	Check out repository	2026-10-10T16:27:45.0670533Z   ssh-strict: true
Verify	Check out repository	2026-10-10T16:27:45.0670979Z   ssh-user: git
Verify	Check out repository	2026-10-10T16:27:45.0671424Z   persist-credentials: true
Verify	Check out repository	2026-10-10T16:27:45.0671904Z   clean: true
Verify	Check out repository	2026-10-10T16:27:45.0672338Z   sparse-checkout-cone-mode: true
Verify	Check out repository	2026-10-10T16:27:45.0672852Z   fetch-depth: 1
Verify	Check out repository	2026-10-10T16:27:45.0673271Z   fetch-tags: false
Verify	Check out repository	2026-10-10T16:27:45.0673698Z   show-progress: true
Verify	Check out repository	2026-10-10T16:27:45.0674316Z   lfs: false
Verify	Check out repository	2026-10-10T16:27:45.0674740Z   submodules: false
Verify	Check out repository	2026-10-10T16:27:45.0675180Z   set-safe-directory: true
Verify	Check out repository	2026-10-10T16:27:45.0675720Z   allow-unsafe-pr-checkout: false
Verify	Check out repository	2026-10-10T16:27:45.0676510Z ##[endgroup]
Verify	Check out repository	2026-10-10T16:27:45.1718623Z Syncing repository: koniz-dev/react-native-starter
Verify	Check out repository	2026-10-10T16:27:45.1720616Z ##[group]Getting Git version info
Verify	Check out repository	2026-10-10T16:27:45.1721536Z Working directory is '/home/runner/work/react-native-starter/react-native-starter'
Verify	Check out repository	2026-10-10T16:27:45.1722830Z [command]/usr/bin/git version
Verify	Check out repository	2026-10-10T16:27:45.1804681Z git version 2.55.0
Verify	Check out repository	2026-10-10T16:27:45.1828725Z ##[endgroup]
Verify	Check out repository	2026-10-10T16:27:45.1846997Z Temporarily overriding HOME='/home/runner/work/_temp/d5c56704-eba0-4c55-9bf7-d224614111f2' before making global git config changes
Verify	Check out repository	2026-10-10T16:27:45.1849458Z Adding repository directory to the temporary git global config as a safe directory
Verify	Check out repository	2026-10-10T16:27:45.1853194Z [command]/usr/bin/git config --global --add safe.directory /home/runner/work/react-native-starter/react-native-starter
Verify	Check out repository	2026-10-10T16:27:45.1905436Z Deleting the contents of '/home/runner/work/react-native-starter/react-native-starter'
Verify	Check out repository	2026-10-10T16:27:45.1911070Z ##[group]Initializing the repository
Verify	Check out repository	2026-10-10T16:27:45.1916998Z [command]/usr/bin/git init /home/runner/work/react-native-starter/react-native-starter
Verify	Check out repository	2026-10-10T16:27:45.2026789Z hint: Using 'master' as the name for the initial branch. This default branch name
Verify	Check out repository	2026-10-10T16:27:45.2028661Z hint: will change to "main" in Git 3.0. To configure the initial branch name
Verify	Check out repository	2026-10-10T16:27:45.2029620Z hint: to use in all of your new repositories, which will suppress this warning,
Verify	Check out repository	2026-10-10T16:27:45.2030484Z hint: call:
Verify	Check out repository	2026-10-10T16:27:45.2030944Z hint:
Verify	Check out repository	2026-10-10T16:27:45.2031448Z hint: 	git config --global init.defaultBranch <name>
Verify	Check out repository	2026-10-10T16:27:45.2032054Z hint:
Verify	Check out repository	2026-10-10T16:27:45.2032633Z hint: Names commonly chosen instead of 'master' are 'main', 'trunk' and
Verify	Check out repository	2026-10-10T16:27:45.2033545Z hint: 'development'. The just-created branch can be renamed via this command:
Verify	Check out repository	2026-10-10T16:27:45.2034584Z hint:
Verify	Check out repository	2026-10-10T16:27:45.2035027Z hint: 	git branch -m <name>
Verify	Check out repository	2026-10-10T16:27:45.2035509Z hint:
Verify	Check out repository	2026-10-10T16:27:45.2036135Z hint: Disable this message with "git config set advice.defaultBranchName false"
Verify	Check out repository	2026-10-10T16:27:45.2042160Z Initialized empty Git repository in /home/runner/work/react-native-starter/react-native-starter/.git/
Verify	Check out repository	2026-10-10T16:27:45.2054497Z [command]/usr/bin/git remote add origin https://github.com/koniz-dev/react-native-starter
Verify	Check out repository	2026-10-10T16:27:45.2105412Z ##[endgroup]
Verify	Check out repository	2026-10-10T16:27:45.2106750Z ##[group]Disabling automatic garbage collection
Verify	Check out repository	2026-10-10T16:27:45.2110758Z [command]/usr/bin/git config --local gc.auto 0
Verify	Check out repository	2026-10-10T16:27:45.2150153Z ##[endgroup]
Verify	Check out repository	2026-10-10T16:27:45.2151283Z ##[group]Setting up auth
Verify	Check out repository	2026-10-10T16:27:45.2158076Z [command]/usr/bin/git config --local --name-only --get-regexp core\.sshCommand
Verify	Check out repository	2026-10-10T16:27:45.2196135Z [command]/usr/bin/git submodule foreach --recursive sh -c "git config --local --name-only --get-regexp 'core\.sshCommand' && git config --local --unset-all 'core.sshCommand' || :"
Verify	Check out repository	2026-10-10T16:27:45.2587506Z [command]/usr/bin/git config --local --name-only --get-regexp http\.https\:\/\/github\.com\/\.extraheader
Verify	Check out repository	2026-10-10T16:27:45.2626085Z [command]/usr/bin/git submodule foreach --recursive sh -c "git config --local --name-only --get-regexp 'http\.https\:\/\/github\.com\/\.extraheader' && git config --local --unset-all 'http.https://github.com/.extraheader' || :"
Verify	Check out repository	2026-10-10T16:27:45.2849306Z [command]/usr/bin/git config --local --name-only --get-regexp ^includeIf\.gitdir:
Verify	Check out repository	2026-10-10T16:27:45.2884800Z [command]/usr/bin/git submodule foreach --recursive git config --local --show-origin --name-only --get-regexp remote.origin.url
Verify	Check out repository	2026-10-10T16:27:45.3108254Z [command]/usr/bin/git config --local http.https://github.com/.extraheader AUTHORIZATION: basic ***
Verify	Check out repository	2026-10-10T16:27:45.3150249Z ##[endgroup]
Verify	Check out repository	2026-10-10T16:27:45.3151105Z ##[group]Fetching the repository
Verify	Check out repository	2026-10-10T16:27:45.3160968Z [command]/usr/bin/git -c protocol.version=2 fetch --no-tags --prune --no-recurse-submodules --depth=1 origin +1bca845cc677da47a01bd70dce1fb5b67ec10961:refs/remotes/origin/main
Verify	Check out repository	2026-10-10T16:27:45.6799053Z From https://github.com/koniz-dev/react-native-starter
Verify	Check out repository	2026-10-10T16:27:45.6800365Z  * [new ref]         1bca845cc677da47a01bd70dce1fb5b67ec10961 -> origin/main
Verify	Check out repository	2026-10-10T16:27:45.6806081Z ##[endgroup]
Verify	Check out repository	2026-10-10T16:27:45.6807209Z ##[group]Determining the checkout info
Verify	Check out repository	2026-10-10T16:27:45.6813516Z ##[endgroup]
Verify	Check out repository	2026-10-10T16:27:45.6821376Z [command]/usr/bin/git sparse-checkout disable
Verify	Check out repository	2026-10-10T16:27:45.6865615Z [command]/usr/bin/git config --local --unset-all extensions.worktreeConfig
Verify	Check out repository	2026-10-10T16:27:45.6899605Z ##[group]Checking out the ref
Verify	Check out repository	2026-10-10T16:27:45.6904645Z [command]/usr/bin/git checkout --progress --force -B main refs/remotes/origin/main
Verify	Check out repository	2026-10-10T16:27:45.7075186Z Switched to a new branch 'main'
Verify	Check out repository	2026-10-10T16:27:45.7080487Z branch 'main' set up to track 'origin/main'.
Verify	Check out repository	2026-10-10T16:27:45.7087223Z ##[endgroup]
Verify	Check out repository	2026-10-10T16:27:45.7131197Z [command]/usr/bin/git log -1 --format=%H
Verify	Check out repository	2026-10-10T16:27:45.7158578Z 1bca845cc677da47a01bd70dce1fb5b67ec10961
Verify	Set up Node.js	﻿2026-10-10T16:27:45.7459756Z ##[group]Run actions/setup-node@v4
Verify	Set up Node.js	2026-10-10T16:27:45.7460445Z with:
Verify	Set up Node.js	2026-10-10T16:27:45.7460911Z   node-version-file: .nvmrc
Verify	Set up Node.js	2026-10-10T16:27:45.7461439Z   cache: npm
Verify	Set up Node.js	2026-10-10T16:27:45.7461891Z   always-auth: false
Verify	Set up Node.js	2026-10-10T16:27:45.7462380Z   check-latest: false
Verify	Set up Node.js	2026-10-10T16:27:45.7466670Z   token: ***
Verify	Set up Node.js	2026-10-10T16:27:45.7467164Z ##[endgroup]
Verify	Set up Node.js	2026-10-10T16:27:45.8861857Z Resolved .nvmrc as 24
Verify	Set up Node.js	2026-10-10T16:27:45.8926136Z (node:2298) [DEP0040] DeprecationWarning: The `punycode` module is deprecated. Please use a userland alternative instead.
Verify	Set up Node.js	2026-10-10T16:27:45.8935774Z (Use `node --trace-deprecation ...` to show where the warning was created)
Verify	Set up Node.js	2026-10-10T16:27:45.8978045Z Found in cache @ /opt/hostedtoolcache/node/24.21.0/x64
Verify	Set up Node.js	2026-10-10T16:27:45.9005557Z ##[group]Environment details
Verify	Set up Node.js	2026-10-10T16:27:46.3206483Z node: v24.21.0
Verify	Set up Node.js	2026-10-10T16:27:46.3208627Z npm: 11.19.0
Verify	Set up Node.js	2026-10-10T16:27:46.3210395Z yarn: 1.22.22
Verify	Set up Node.js	2026-10-10T16:27:46.3213318Z ##[endgroup]
Verify	Set up Node.js	2026-10-10T16:27:46.3232880Z [command]/opt/hostedtoolcache/node/24.21.0/x64/bin/npm config get cache
Verify	Set up Node.js	2026-10-10T16:27:46.4373881Z /home/runner/.npm
Verify	Set up Node.js	2026-10-10T16:27:46.5615996Z Cache hit for: node-cache-Linux-x64-npm-10f9dc59c99c82563481e37a50745bae137261a45ffc8c4ba105eb544b91396b
Verify	Set up Node.js	2026-10-10T16:27:46.5738813Z (node:2298) [DEP0169] DeprecationWarning: `url.parse()` behavior is not standardized and prone to errors that have security implications. Use the WHATWG URL API instead. CVEs are not issued for `url.parse()` vulnerabilities.
Verify	Set up Node.js	2026-10-10T16:27:47.6561862Z Received 134217728 of 156509062 (85.8%), 128.1 MBs/sec
Verify	Set up Node.js	2026-10-10T16:27:47.7411883Z Received 156509062 of 156509062 (100.0%), 137.7 MBs/sec
Verify	Set up Node.js	2026-10-10T16:27:47.7412889Z Cache Size: ~149 MB (156509062 B)
Verify	Set up Node.js	2026-10-10T16:27:47.7521748Z [command]/usr/bin/tar -xf /home/runner/work/_temp/cdbe6b6b-cf63-4b90-965c-28d028967fd6/cache.tzst -P -C /home/runner/work/react-native-starter/react-native-starter --use-compress-program unzstd
Verify	Set up Node.js	2026-10-10T16:27:48.2453682Z Cache restored successfully
Verify	Set up Node.js	2026-10-10T16:27:48.2530296Z Cache restored from key: node-cache-Linux-x64-npm-10f9dc59c99c82563481e37a50745bae137261a45ffc8c4ba105eb544b91396b
Verify	Install dependencies	﻿2026-10-10T16:27:48.2750773Z ##[group]Run npm ci
Verify	Install dependencies	2026-10-10T16:27:48.2751160Z ^[[36;1mnpm ci^[[0m
Verify	Install dependencies	2026-10-10T16:27:48.3017252Z shell: /usr/bin/bash -e {0}
Verify	Install dependencies	2026-10-10T16:27:48.3017698Z ##[endgroup]
Verify	Install dependencies	2026-10-10T16:27:52.9603776Z npm warn deprecated inflight@1.0.6: This module is not supported, and leaks memory. Do not use it. Check out lru-cache if you want a good and tested way to coalesce async requests by a key value, which is much more comprehensive and powerful.
Verify	Install dependencies	2026-10-10T16:27:53.2346069Z npm warn deprecated abab@2.0.6: Use your platform's native atob() and btoa() methods instead
Verify	Install dependencies	2026-10-10T16:27:53.2760613Z npm warn deprecated glob@7.2.3: Glob versions prior to v9 are no longer supported
Verify	Install dependencies	2026-10-10T16:27:53.2776727Z npm warn deprecated glob@7.2.3: Glob versions prior to v9 are no longer supported
Verify	Install dependencies	2026-10-10T16:27:53.2779811Z npm warn deprecated glob@7.2.3: Glob versions prior to v9 are no longer supported
Verify	Install dependencies	2026-10-10T16:27:53.2798889Z npm warn deprecated glob@7.2.3: Glob versions prior to v9 are no longer supported
Verify	Install dependencies	2026-10-10T16:27:53.6181529Z npm warn deprecated domexception@4.0.0: Use your platform's native DOMException instead
Verify	Install dependencies	2026-10-10T16:27:54.7572023Z npm warn deprecated uuid@7.0.3: uuid@10 and below is no longer supported.  For ESM codebases, update to uuid@latest.  For CommonJS codebases, use uuid@11 (but be aware this version will likely be deprecated in 2028).
Verify	Install dependencies	2026-10-10T16:28:08.6057183Z 
Verify	Install dependencies	2026-10-10T16:28:08.6058046Z added 1067 packages, and audited 1068 packages in 20s
Verify	Install dependencies	2026-10-10T16:28:08.6058437Z 
Verify	Install dependencies	2026-10-10T16:28:08.6059600Z 180 packages are looking for funding
Verify	Install dependencies	2026-10-10T16:28:08.6060428Z   run `npm fund` for details
Verify	Install dependencies	2026-10-10T16:28:08.7835157Z 
Verify	Install dependencies	2026-10-10T16:28:08.7836539Z 65 vulnerabilities (16 moderate, 49 high)
Verify	Install dependencies	2026-10-10T16:28:08.7837046Z 
Verify	Install dependencies	2026-10-10T16:28:08.7837531Z To address all issues (including breaking changes), run:
Verify	Install dependencies	2026-10-10T16:28:08.7838278Z   npm audit fix --force
Verify	Install dependencies	2026-10-10T16:28:08.7838569Z 
Verify	Install dependencies	2026-10-10T16:28:08.7838899Z Run `npm audit` for details.
Verify	Lint	﻿2026-10-10T16:28:08.8857124Z ##[group]Run npm run lint
Verify	Lint	2026-10-10T16:28:08.8857615Z ^[[36;1mnpm run lint^[[0m
Verify	Lint	2026-10-10T16:28:08.8924014Z shell: /usr/bin/bash -e {0}
Verify	Lint	2026-10-10T16:28:08.8924658Z ##[endgroup]
Verify	Lint	2026-10-10T16:28:08.9951989Z 
Verify	Lint	2026-10-10T16:28:16.3099753Z > react-native-starter@1.0.0 lint
Verify	Lint	2026-10-10T16:28:16.3100267Z > eslint . --max-warnings 0
Verify	Lint	2026-10-10T16:28:16.3100478Z 
Verify	Check formatting	﻿2026-10-10T16:28:16.3132484Z ##[group]Run npm run format:check
Verify	Check formatting	2026-10-10T16:28:16.3132820Z ^[[36;1mnpm run format:check^[[0m
Verify	Check formatting	2026-10-10T16:28:16.3197071Z shell: /usr/bin/bash -e {0}
Verify	Check formatting	2026-10-10T16:28:16.3197346Z ##[endgroup]
Verify	Check formatting	2026-10-10T16:28:16.4198285Z 
Verify	Check formatting	2026-10-10T16:28:16.4198961Z > react-native-starter@1.0.0 format:check
Verify	Check formatting	2026-10-10T16:28:16.4199907Z > prettier --check "**/*.{ts,tsx,js,jsx,json,md}"
Verify	Check formatting	2026-10-10T16:28:16.4200363Z 
Verify	Check formatting	2026-10-10T16:28:16.5074366Z Checking formatting...
Verify	Check formatting	2026-10-10T16:28:18.2856647Z All matched files use Prettier code style!
Verify	Type-check	﻿2026-10-10T16:28:18.3288836Z ##[group]Run npm run type-check
Verify	Type-check	2026-10-10T16:28:18.3289170Z ^[[36;1mnpm run type-check^[[0m
Verify	Type-check	2026-10-10T16:28:18.3352780Z shell: /usr/bin/bash -e {0}
Verify	Type-check	2026-10-10T16:28:18.3353065Z ##[endgroup]
Verify	Type-check	2026-10-10T16:28:18.4368356Z 
Verify	Type-check	2026-10-10T16:28:18.4369137Z > react-native-starter@1.0.0 type-check
Verify	Type-check	2026-10-10T16:28:18.4369772Z > tsc --noEmit
Verify	Type-check	2026-10-10T16:28:18.4370024Z 
Verify	Run Jest tests	﻿2026-10-10T16:28:21.4726201Z ##[group]Run npm run test:ci
Verify	Run Jest tests	2026-10-10T16:28:21.4726527Z ^[[36;1mnpm run test:ci^[[0m
Verify	Run Jest tests	2026-10-10T16:28:21.4789651Z shell: /usr/bin/bash -e {0}
Verify	Run Jest tests	2026-10-10T16:28:21.4789940Z ##[endgroup]
Verify	Run Jest tests	2026-10-10T16:28:21.5797065Z 
Verify	Run Jest tests	2026-10-10T16:28:21.5797803Z > react-native-starter@1.0.0 test:ci
Verify	Run Jest tests	2026-10-10T16:28:21.5798434Z > jest --coverage
Verify	Run Jest tests	2026-10-10T16:28:21.5798659Z 
Verify	Run Jest tests	2026-10-10T16:28:26.3655662Z PASS __tests__/shared/lib/logger.test.ts
Verify	Run Jest tests	2026-10-10T16:28:34.5575988Z PASS __tests__/scripts/initProject.test.ts (11.971 s)
Verify	Run Jest tests	2026-10-10T16:28:35.1045805Z PASS __tests__/shared/session/authService.test.ts
Verify	Run Jest tests	2026-10-10T16:28:43.1491194Z PASS __tests__/shared/session/realBackendAdapter.test.ts (16.751 s)
Verify	Run Jest tests	2026-10-10T16:28:43.1937325Z   ● Console
Verify	Run Jest tests	2026-10-10T16:28:43.1938110Z 
Verify	Run Jest tests	2026-10-10T16:28:43.1938831Z     console.warn
Verify	Run Jest tests	2026-10-10T16:28:43.1939775Z       API POST /sessions failed: client (422)
Verify	Run Jest tests	2026-10-10T16:28:43.1940540Z 
Verify	Run Jest tests	2026-10-10T16:28:43.1942397Z     ^[[0m ^[[90m 129 |^[[39m     ^[[36mconst^[[39m args ^[[33m=^[[39m [message^[[33m,^[[39m ^[[33m...^[[39mdetails^[[33m.^[[39mfilter(item ^[[33m=>^[[39m item ^[[33m!==^[[39m undefined)]^[[33m;^[[39m
Verify	Run Jest tests	2026-10-10T16:28:43.1945505Z      ^[[90m 130 |^[[39m     ^[[36mif^[[39m (level ^[[33m===^[[39m ^[[32m'error'^[[39m) console^[[33m.^[[39merror(^[[33m...^[[39margs)^[[33m;^[[39m
Verify	Run Jest tests	2026-10-10T16:28:43.1947697Z     ^[[31m^[[1m>^[[22m^[[39m^[[90m 131 |^[[39m     ^[[36melse^[[39m ^[[36mif^[[39m (level ^[[33m===^[[39m ^[[32m'warn'^[[39m) console^[[33m.^[[39mwarn(^[[33m...^[[39margs)^[[33m;^[[39m
Verify	Run Jest tests	2026-10-10T16:28:43.1949574Z      ^[[90m     |^[[39m                                        ^[[31m^[[1m^^[[22m^[[39m
Verify	Run Jest tests	2026-10-10T16:28:43.1950913Z      ^[[90m 132 |^[[39m     ^[[36melse^[[39m ^[[36mif^[[39m (level ^[[33m===^[[39m ^[[32m'info'^[[39m) console^[[33m.^[[39minfo(^[[33m...^[[39margs)^[[33m;^[[39m
Verify	Run Jest tests	2026-10-10T16:28:43.1951876Z      ^[[90m 133 |^[[39m     ^[[36melse^[[39m console^[[33m.^[[39mdebug(^[[33m...^[[39margs)^[[33m;^[[39m
Verify	Run Jest tests	2026-10-10T16:28:43.1952512Z      ^[[90m 134 |^[[39m   }^[[33m;^[[39m^[[0m
Verify	Run Jest tests	2026-10-10T16:28:43.1952833Z 
Verify	Run Jest tests	2026-10-10T16:28:43.1953102Z       at warn (shared/lib/logger.ts:131:40)
Verify	Run Jest tests	2026-10-10T16:28:43.1953896Z       at Object.write [as warn] (shared/lib/logger.ts:142:33)
Verify	Run Jest tests	2026-10-10T16:28:43.1955122Z       at warn (shared/http/httpClient.ts:137:12)
Verify	Run Jest tests	2026-10-10T16:28:43.1956328Z       at asyncGeneratorStep (node_modules/@babel/runtime/helpers/asyncToGenerator.js:3:17)
Verify	Run Jest tests	2026-10-10T16:28:43.1957680Z       at _next (node_modules/@babel/runtime/helpers/asyncToGenerator.js:17:9)
Verify	Run Jest tests	2026-10-10T16:28:43.1958864Z       at node_modules/@babel/runtime/helpers/asyncToGenerator.js:22:7
Verify	Run Jest tests	2026-10-10T16:28:43.1959572Z       at node_modules/@babel/runtime/helpers/asyncToGenerator.js:14:12
Verify	Run Jest tests	2026-10-10T16:28:43.1960161Z       at apply (shared/http/httpClient.ts:143:4)
Verify	Run Jest tests	2026-10-10T16:28:43.1960741Z       at Axios.request (node_modules/axios/dist/browser/axios.cjs:5245:14)
Verify	Run Jest tests	2026-10-10T16:28:43.1961165Z 
Verify	Run Jest tests	2026-10-10T16:28:43.1961374Z     console.warn
Verify	Run Jest tests	2026-10-10T16:28:43.1962540Z       API POST /sessions/refresh failed: unauthorized (401)
Verify	Run Jest tests	2026-10-10T16:28:43.1963179Z 
Verify	Run Jest tests	2026-10-10T16:28:43.1964903Z     ^[[0m ^[[90m 129 |^[[39m     ^[[36mconst^[[39m args ^[[33m=^[[39m [message^[[33m,^[[39m ^[[33m...^[[39mdetails^[[33m.^[[39mfilter(item ^[[33m=>^[[39m item ^[[33m!==^[[39m undefined)]^[[33m;^[[39m
Verify	Run Jest tests	2026-10-10T16:28:43.1967187Z      ^[[90m 130 |^[[39m     ^[[36mif^[[39m (level ^[[33m===^[[39m ^[[32m'error'^[[39m) console^[[33m.^[[39merror(^[[33m...^[[39margs)^[[33m;^[[39m
Verify	Run Jest tests	2026-10-10T16:28:43.1969417Z     ^[[31m^[[1m>^[[22m^[[39m^[[90m 131 |^[[39m     ^[[36melse^[[39m ^[[36mif^[[39m (level ^[[33m===^[[39m ^[[32m'warn'^[[39m) console^[[33m.^[[39mwarn(^[[33m...^[[39margs)^[[33m;^[[39m
Verify	Run Jest tests	2026-10-10T16:28:43.1970846Z      ^[[90m     |^[[39m                                        ^[[31m^[[1m^^[[22m^[[39m
Verify	Run Jest tests	2026-10-10T16:28:43.1995869Z      ^[[90m 132 |^[[39m     ^[[36melse^[[39m ^[[36mif^[[39m (level ^[[33m===^[[39m ^[[32m'info'^[[39m) console^[[33m.^[[39minfo(^[[33m...^[[39margs)^[[33m;^[[39m
Verify	Run Jest tests	2026-10-10T16:28:43.1997413Z      ^[[90m 133 |^[[39m     ^[[36melse^[[39m console^[[33m.^[[39mdebug(^[[33m...^[[39margs)^[[33m;^[[39m
Verify	Run Jest tests	2026-10-10T16:28:43.1998441Z      ^[[90m 134 |^[[39m   }^[[33m;^[[39m^[[0m
Verify	Run Jest tests	2026-10-10T16:28:43.1999165Z 
Verify	Run Jest tests	2026-10-10T16:28:43.1999435Z       at warn (shared/lib/logger.ts:131:40)
Verify	Run Jest tests	2026-10-10T16:28:43.2000129Z       at Object.write [as warn] (shared/lib/logger.ts:142:33)
Verify	Run Jest tests	2026-10-10T16:28:43.2000832Z       at warn (shared/http/httpClient.ts:137:12)
Verify	Run Jest tests	2026-10-10T16:28:43.2001772Z       at asyncGeneratorStep (node_modules/@babel/runtime/helpers/asyncToGenerator.js:3:17)
Verify	Run Jest tests	2026-10-10T16:28:43.2002864Z       at _next (node_modules/@babel/runtime/helpers/asyncToGenerator.js:17:9)
Verify	Run Jest tests	2026-10-10T16:28:43.2003792Z       at node_modules/@babel/runtime/helpers/asyncToGenerator.js:22:7
Verify	Run Jest tests	2026-10-10T16:28:43.2004982Z       at node_modules/@babel/runtime/helpers/asyncToGenerator.js:14:12
Verify	Run Jest tests	2026-10-10T16:28:43.2005796Z       at apply (shared/http/httpClient.ts:143:4)
Verify	Run Jest tests	2026-10-10T16:28:43.2006600Z       at Axios.request (node_modules/axios/dist/browser/axios.cjs:5245:14)
Verify	Run Jest tests	2026-10-10T16:28:43.2007143Z 
Verify	Run Jest tests	2026-10-10T16:28:43.2007312Z     console.warn
Verify	Run Jest tests	2026-10-10T16:28:43.2007784Z       API GET /me failed: unauthorized (401)
Verify	Run Jest tests	2026-10-10T16:28:43.2008157Z 
Verify	Run Jest tests	2026-10-10T16:28:43.2009434Z     ^[[0m ^[[90m 129 |^[[39m     ^[[36mconst^[[39m args ^[[33m=^[[39m [message^[[33m,^[[39m ^[[33m...^[[39mdetails^[[33m.^[[39mfilter(item ^[[33m=>^[[39m item ^[[33m!==^[[39m undefined)]^[[33m;^[[39m
Verify	Run Jest tests	2026-10-10T16:28:43.2011296Z      ^[[90m 130 |^[[39m     ^[[36mif^[[39m (level ^[[33m===^[[39m ^[[32m'error'^[[39m) console^[[33m.^[[39merror(^[[33m...^[[39margs)^[[33m;^[[39m
Verify	Run Jest tests	2026-10-10T16:28:43.2013113Z     ^[[31m^[[1m>^[[22m^[[39m^[[90m 131 |^[[39m     ^[[36melse^[[39m ^[[36mif^[[39m (level ^[[33m===^[[39m ^[[32m'warn'^[[39m) console^[[33m.^[[39mwarn(^[[33m...^[[39margs)^[[33m;^[[39m
Verify	Run Jest tests	2026-10-10T16:28:43.2014704Z      ^[[90m     |^[[39m                                        ^[[31m^[[1m^^[[22m^[[39m
Verify	Run Jest tests	2026-10-10T16:28:43.2016242Z      ^[[90m 132 |^[[39m     ^[[36melse^[[39m ^[[36mif^[[39m (level ^[[33m===^[[39m ^[[32m'info'^[[39m) console^[[33m.^[[39minfo(^[[33m...^[[39margs)^[[33m;^[[39m
Verify	Run Jest tests	2026-10-10T16:28:43.2017829Z      ^[[90m 133 |^[[39m     ^[[36melse^[[39m console^[[33m.^[[39mdebug(^[[33m...^[[39margs)^[[33m;^[[39m
Verify	Run Jest tests	2026-10-10T16:28:43.2018823Z      ^[[90m 134 |^[[39m   }^[[33m;^[[39m^[[0m
Verify	Run Jest tests	2026-10-10T16:28:43.2019202Z 
Verify	Run Jest tests	2026-10-10T16:28:43.2019463Z       at warn (shared/lib/logger.ts:131:40)
Verify	Run Jest tests	2026-10-10T16:28:43.2020215Z       at Object.write [as warn] (shared/lib/logger.ts:142:33)
Verify	Run Jest tests	2026-10-10T16:28:43.2020938Z       at warn (shared/http/httpClient.ts:137:12)
Verify	Run Jest tests	2026-10-10T16:28:43.2021889Z       at asyncGeneratorStep (node_modules/@babel/runtime/helpers/asyncToGenerator.js:3:17)
Verify	Run Jest tests	2026-10-10T16:28:43.2023000Z       at _next (node_modules/@babel/runtime/helpers/asyncToGenerator.js:17:9)
Verify	Run Jest tests	2026-10-10T16:28:43.2023557Z 
Verify	Run Jest tests	2026-10-10T16:28:43.2023723Z     console.warn
Verify	Run Jest tests	2026-10-10T16:28:43.2028783Z       API DELETE /sessions failed: network
Verify	Run Jest tests	2026-10-10T16:28:43.2029208Z 
Verify	Run Jest tests	2026-10-10T16:28:43.2030504Z     ^[[0m ^[[90m 129 |^[[39m     ^[[36mconst^[[39m args ^[[33m=^[[39m [message^[[33m,^[[39m ^[[33m...^[[39mdetails^[[33m.^[[39mfilter(item ^[[33m=>^[[39m item ^[[33m!==^[[39m undefined)]^[[33m;^[[39m
Verify	Run Jest tests	2026-10-10T16:28:43.2032656Z      ^[[90m 130 |^[[39m     ^[[36mif^[[39m (level ^[[33m===^[[39m ^[[32m'error'^[[39m) console^[[33m.^[[39merror(^[[33m...^[[39margs)^[[33m;^[[39m
Verify	Run Jest tests	2026-10-10T16:28:43.2034737Z     ^[[31m^[[1m>^[[22m^[[39m^[[90m 131 |^[[39m     ^[[36melse^[[39m ^[[36mif^[[39m (level ^[[33m===^[[39m ^[[32m'warn'^[[39m) console^[[33m.^[[39mwarn(^[[33m...^[[39margs)^[[33m;^[[39m
Verify	Run Jest tests	2026-10-10T16:28:43.2036098Z      ^[[90m     |^[[39m                                        ^[[31m^[[1m^^[[22m^[[39m
Verify	Run Jest tests	2026-10-10T16:28:43.2037455Z      ^[[90m 132 |^[[39m     ^[[36melse^[[39m ^[[36mif^[[39m (level ^[[33m===^[[39m ^[[32m'info'^[[39m) console^[[33m.^[[39minfo(^[[33m...^[[39margs)^[[33m;^[[39m
Verify	Run Jest tests	2026-10-10T16:28:43.2038880Z      ^[[90m 133 |^[[39m     ^[[36melse^[[39m console^[[33m.^[[39mdebug(^[[33m...^[[39margs)^[[33m;^[[39m
Verify	Run Jest tests	2026-10-10T16:28:43.2039754Z      ^[[90m 134 |^[[39m   }^[[33m;^[[39m^[[0m
Verify	Run Jest tests	2026-10-10T16:28:43.2040099Z 
Verify	Run Jest tests	2026-10-10T16:28:43.2040356Z       at warn (shared/lib/logger.ts:131:40)
Verify	Run Jest tests	2026-10-10T16:28:43.2041051Z       at Object.write [as warn] (shared/lib/logger.ts:142:33)
Verify	Run Jest tests	2026-10-10T16:28:43.2041695Z       at warn (shared/http/httpClient.ts:137:12)
Verify	Run Jest tests	2026-10-10T16:28:43.2042848Z       at asyncGeneratorStep (node_modules/@babel/runtime/helpers/asyncToGenerator.js:3:17)
Verify	Run Jest tests	2026-10-10T16:28:43.2043921Z       at _next (node_modules/@babel/runtime/helpers/asyncToGenerator.js:17:9)
Verify	Run Jest tests	2026-10-10T16:28:43.2045216Z       at node_modules/@babel/runtime/helpers/asyncToGenerator.js:22:7
Verify	Run Jest tests	2026-10-10T16:28:43.2046108Z       at node_modules/@babel/runtime/helpers/asyncToGenerator.js:14:12
Verify	Run Jest tests	2026-10-10T16:28:43.2046879Z       at apply (shared/http/httpClient.ts:143:4)
Verify	Run Jest tests	2026-10-10T16:28:43.2047689Z       at Axios.request (node_modules/axios/dist/browser/axios.cjs:5245:14)
Verify	Run Jest tests	2026-10-10T16:28:43.2048211Z 
Verify	Run Jest tests	2026-10-10T16:28:43.2048387Z     console.warn
Verify	Run Jest tests	2026-10-10T16:28:43.2049169Z       Signing out on the auth backend failed { error: 'Network error: check your connection' }
Verify	Run Jest tests	2026-10-10T16:28:43.2049811Z 
Verify	Run Jest tests	2026-10-10T16:28:43.2051105Z     ^[[0m ^[[90m 129 |^[[39m     ^[[36mconst^[[39m args ^[[33m=^[[39m [message^[[33m,^[[39m ^[[33m...^[[39mdetails^[[33m.^[[39mfilter(item ^[[33m=>^[[39m item ^[[33m!==^[[39m undefined)]^[[33m;^[[39m
Verify	Run Jest tests	2026-10-10T16:28:43.2052759Z      ^[[90m 130 |^[[39m     ^[[36mif^[[39m (level ^[[33m===^[[39m ^[[32m'error'^[[39m) console^[[33m.^[[39merror(^[[33m...^[[39margs)^[[33m;^[[39m
Verify	Run Jest tests	2026-10-10T16:28:43.2054476Z     ^[[31m^[[1m>^[[22m^[[39m^[[90m 131 |^[[39m     ^[[36melse^[[39m ^[[36mif^[[39m (level ^[[33m===^[[39m ^[[32m'warn'^[[39m) console^[[33m.^[[39mwarn(^[[33m...^[[39margs)^[[33m;^[[39m
Verify	Run Jest tests	2026-10-10T16:28:43.2055676Z      ^[[90m     |^[[39m                                        ^[[31m^[[1m^^[[22m^[[39m
Verify	Run Jest tests	2026-10-10T16:28:43.2056965Z      ^[[90m 132 |^[[39m     ^[[36melse^[[39m ^[[36mif^[[39m (level ^[[33m===^[[39m ^[[32m'info'^[[39m) console^[[33m.^[[39minfo(^[[33m...^[[39margs)^[[33m;^[[39m
Verify	Run Jest tests	2026-10-10T16:28:43.2058173Z      ^[[90m 133 |^[[39m     ^[[36melse^[[39m console^[[33m.^[[39mdebug(^[[33m...^[[39margs)^[[33m;^[[39m
Verify	Run Jest tests	2026-10-10T16:28:43.2058700Z      ^[[90m 134 |^[[39m   }^[[33m;^[[39m^[[0m
Verify	Run Jest tests	2026-10-10T16:28:43.2058914Z 
Verify	Run Jest tests	2026-10-10T16:28:43.2059054Z       at warn (shared/lib/logger.ts:131:40)
Verify	Run Jest tests	2026-10-10T16:28:43.2059478Z       at Object.write [as warn] (shared/lib/logger.ts:142:33)
Verify	Run Jest tests	2026-10-10T16:28:43.2059917Z       at Object.warn (shared/session/authService.ts:148:14)
Verify	Run Jest tests	2026-10-10T16:28:43.2060279Z           at Generator.throw (<anonymous>)
Verify	Run Jest tests	2026-10-10T16:28:43.2060789Z       at asyncGeneratorStep (node_modules/@babel/runtime/helpers/asyncToGenerator.js:3:17)
Verify	Run Jest tests	2026-10-10T16:28:43.2061406Z       at _throw (node_modules/@babel/runtime/helpers/asyncToGenerator.js:20:9)
Verify	Run Jest tests	2026-10-10T16:28:43.2061757Z 
Verify	Run Jest tests	2026-10-10T16:28:43.2062000Z PASS __tests__/shared/http/httpClient.test.ts (20.094 s)
Verify	Run Jest tests	2026-10-10T16:28:43.5245539Z PASS __tests__/shared/config/env.test.ts
Verify	Run Jest tests	2026-10-10T16:28:43.9737516Z PASS __tests__/shared/lib/useFetch.test.tsx
Verify	Run Jest tests	2026-10-10T16:28:46.4095906Z PASS __tests__/shared/ui/ErrorBoundary.test.tsx
Verify	Run Jest tests	2026-10-10T16:28:46.4528617Z   ● Console
Verify	Run Jest tests	2026-10-10T16:28:46.4550540Z 
Verify	Run Jest tests	2026-10-10T16:28:46.4550939Z     console.debug
Verify	Run Jest tests	2026-10-10T16:28:46.4565236Z       [analytics] screen /boom
Verify	Run Jest tests	2026-10-10T16:28:46.4565849Z 
Verify	Run Jest tests	2026-10-10T16:28:46.4566301Z       at debug (shared/lib/logger.ts:133:18)
Verify	Run Jest tests	2026-10-10T16:28:46.4566989Z 
Verify	Run Jest tests	2026-10-10T16:28:46.4567529Z     console.debug
Verify	Run Jest tests	2026-10-10T16:28:46.4568159Z       [analytics] screen /
Verify	Run Jest tests	2026-10-10T16:28:46.4568651Z 
Verify	Run Jest tests	2026-10-10T16:28:46.4569109Z       at debug (shared/lib/logger.ts:133:18)
Verify	Run Jest tests	2026-10-10T16:28:46.4569662Z 
Verify	Run Jest tests	2026-10-10T16:28:46.4570018Z     console.debug
Verify	Run Jest tests	2026-10-10T16:28:46.4571361Z       [analytics] screen /
Verify	Run Jest tests	2026-10-10T16:28:46.4571862Z 
Verify	Run Jest tests	2026-10-10T16:28:46.4572311Z       at debug (shared/lib/logger.ts:133:18)
Verify	Run Jest tests	2026-10-10T16:28:46.4572887Z 
Verify	Run Jest tests	2026-10-10T16:28:46.4573223Z     console.debug
Verify	Run Jest tests	2026-10-10T16:28:46.4573902Z       [analytics] screen /boom
Verify	Run Jest tests	2026-10-10T16:28:46.4574670Z 
Verify	Run Jest tests	2026-10-10T16:28:46.4575141Z       at debug (shared/lib/logger.ts:133:18)
Verify	Run Jest tests	2026-10-10T16:28:46.4603001Z 
Verify	Run Jest tests	2026-10-10T16:28:46.4607057Z     console.debug
Verify	Run Jest tests	2026-10-10T16:28:46.4625110Z       [analytics] screen /
Verify	Run Jest tests	2026-10-10T16:28:46.4625707Z 
Verify	Run Jest tests	2026-10-10T16:28:46.4626173Z       at debug (shared/lib/logger.ts:133:18)
Verify	Run Jest tests	2026-10-10T16:28:46.4629306Z 
Verify	Run Jest tests	2026-10-10T16:28:46.4629843Z     console.debug
Verify	Run Jest tests	2026-10-10T16:28:46.4630548Z       [analytics] screen /
Verify	Run Jest tests	2026-10-10T16:28:46.4630844Z 
Verify	Run Jest tests	2026-10-10T16:28:46.4631138Z       at debug (shared/lib/logger.ts:133:18)
Verify	Run Jest tests	2026-10-10T16:28:46.4631476Z 
Verify	Run Jest tests	2026-10-10T16:28:46.4631682Z     console.debug
Verify	Run Jest tests	2026-10-10T16:28:46.4632059Z       [analytics] screen /boom
Verify	Run Jest tests	2026-10-10T16:28:46.4632411Z 
Verify	Run Jest tests	2026-10-10T16:28:46.4632667Z       at debug (shared/lib/logger.ts:133:18)
Verify	Run Jest tests	2026-10-10T16:28:46.4632985Z 
Verify	Run Jest tests	2026-10-10T16:28:46.4633190Z     console.debug
Verify	Run Jest tests	2026-10-10T16:28:46.4633534Z       [analytics] screen /
Verify	Run Jest tests	2026-10-10T16:28:46.4633805Z 
Verify	Run Jest tests	2026-10-10T16:28:46.4634060Z       at debug (shared/lib/logger.ts:133:18)
Verify	Run Jest tests	2026-10-10T16:28:46.4634734Z 
Verify	Run Jest tests	2026-10-10T16:28:46.4634960Z     console.debug
Verify	Run Jest tests	2026-10-10T16:28:46.4635349Z       [analytics] screen /boom
Verify	Run Jest tests	2026-10-10T16:28:46.4635635Z 
Verify	Run Jest tests	2026-10-10T16:28:46.4635887Z       at debug (shared/lib/logger.ts:133:18)
Verify	Run Jest tests	2026-10-10T16:28:46.4636225Z 
Verify	Run Jest tests	2026-10-10T16:28:46.4636434Z     console.debug
Verify	Run Jest tests	2026-10-10T16:28:46.4636772Z       [analytics] screen /
Verify	Run Jest tests	2026-10-10T16:28:46.4637049Z 
Verify	Run Jest tests	2026-10-10T16:28:46.4637299Z       at debug (shared/lib/logger.ts:133:18)
Verify	Run Jest tests	2026-10-10T16:28:46.4637608Z 
Verify	Run Jest tests	2026-10-10T16:28:46.4637811Z     console.debug
Verify	Run Jest tests	2026-10-10T16:28:46.4638159Z       [analytics] screen /boom
Verify	Run Jest tests	2026-10-10T16:28:46.4638438Z 
Verify	Run Jest tests	2026-10-10T16:28:46.4638684Z       at debug (shared/lib/logger.ts:133:18)
Verify	Run Jest tests	2026-10-10T16:28:46.4638982Z 
Verify	Run Jest tests	2026-10-10T16:28:46.7259893Z PASS __tests__/shared/http/api.test.ts
Verify	Run Jest tests	2026-10-10T16:28:46.7301513Z   ● Console
Verify	Run Jest tests	2026-10-10T16:28:46.7309863Z 
Verify	Run Jest tests	2026-10-10T16:28:46.7317656Z     console.warn
Verify	Run Jest tests	2026-10-10T16:28:46.7318571Z       API request failed: server (503)
Verify	Run Jest tests	2026-10-10T16:28:46.7319237Z 
Verify	Run Jest tests	2026-10-10T16:28:46.7321097Z     ^[[0m ^[[90m 129 |^[[39m     ^[[36mconst^[[39m args ^[[33m=^[[39m [message^[[33m,^[[39m ^[[33m...^[[39mdetails^[[33m.^[[39mfilter(item ^[[33m=>^[[39m item ^[[33m!==^[[39m undefined)]^[[33m;^[[39m
Verify	Run Jest tests	2026-10-10T16:28:46.7323337Z      ^[[90m 130 |^[[39m     ^[[36mif^[[39m (level ^[[33m===^[[39m ^[[32m'error'^[[39m) console^[[33m.^[[39merror(^[[33m...^[[39margs)^[[33m;^[[39m
Verify	Run Jest tests	2026-10-10T16:28:46.7325804Z     ^[[31m^[[1m>^[[22m^[[39m^[[90m 131 |^[[39m     ^[[36melse^[[39m ^[[36mif^[[39m (level ^[[33m===^[[39m ^[[32m'warn'^[[39m) console^[[33m.^[[39mwarn(^[[33m...^[[39margs)^[[33m;^[[39m
Verify	Run Jest tests	2026-10-10T16:28:46.7327480Z      ^[[90m     |^[[39m                                        ^[[31m^[[1m^^[[22m^[[39m
Verify	Run Jest tests	2026-10-10T16:28:46.7329122Z      ^[[90m 132 |^[[39m     ^[[36melse^[[39m ^[[36mif^[[39m (level ^[[33m===^[[39m ^[[32m'info'^[[39m) console^[[33m.^[[39minfo(^[[33m...^[[39margs)^[[33m;^[[39m
Verify	Run Jest tests	2026-10-10T16:28:46.7331722Z      ^[[90m 133 |^[[39m     ^[[36melse^[[39m console^[[33m.^[[39mdebug(^[[33m...^[[39margs)^[[33m;^[[39m
Verify	Run Jest tests	2026-10-10T16:28:46.7332856Z      ^[[90m 134 |^[[39m   }^[[33m;^[[39m^[[0m
Verify	Run Jest tests	2026-10-10T16:28:46.7333454Z 
Verify	Run Jest tests	2026-10-10T16:28:46.7333926Z       at warn (shared/lib/logger.ts:131:40)
Verify	Run Jest tests	2026-10-10T16:28:46.7335232Z       at Object.write [as warn] (shared/lib/logger.ts:142:33)
Verify	Run Jest tests	2026-10-10T16:28:46.7336674Z       at warn (shared/http/httpClient.ts:137:12)
Verify	Run Jest tests	2026-10-10T16:28:46.7337869Z       at asyncGeneratorStep (node_modules/@babel/runtime/helpers/asyncToGenerator.js:3:17)
Verify	Run Jest tests	2026-10-10T16:28:46.7339151Z       at _next (node_modules/@babel/runtime/helpers/asyncToGenerator.js:17:9)
Verify	Run Jest tests	2026-10-10T16:28:46.7340276Z       at node_modules/@babel/runtime/helpers/asyncToGenerator.js:22:7
Verify	Run Jest tests	2026-10-10T16:28:46.7341335Z       at node_modules/@babel/runtime/helpers/asyncToGenerator.js:14:12
Verify	Run Jest tests	2026-10-10T16:28:46.7342275Z       at apply (shared/http/httpClient.ts:143:4)
Verify	Run Jest tests	2026-10-10T16:28:46.7343254Z       at Axios.request (node_modules/axios/dist/browser/axios.cjs:5245:14)
Verify	Run Jest tests	2026-10-10T16:28:46.7344011Z 
Verify	Run Jest tests	2026-10-10T16:28:46.9593066Z PASS __tests__/shared/session/tokenStore.test.tsx
Verify	Run Jest tests	2026-10-10T16:28:46.9763668Z   ● Console
Verify	Run Jest tests	2026-10-10T16:28:46.9764501Z 
Verify	Run Jest tests	2026-10-10T16:28:46.9765003Z     console.debug
Verify	Run Jest tests	2026-10-10T16:28:46.9765686Z       [analytics] screen /login
Verify	Run Jest tests	2026-10-10T16:28:46.9766366Z 
Verify	Run Jest tests	2026-10-10T16:28:46.9766880Z       at debug (shared/lib/logger.ts:133:18)
Verify	Run Jest tests	2026-10-10T16:28:46.9767424Z 
Verify	Run Jest tests	2026-10-10T16:28:46.9767756Z     console.debug
Verify	Run Jest tests	2026-10-10T16:28:46.9768460Z       [analytics] screen /
Verify	Run Jest tests	2026-10-10T16:28:46.9769294Z 
Verify	Run Jest tests	2026-10-10T16:28:46.9769740Z       at debug (shared/lib/logger.ts:133:18)
Verify	Run Jest tests	2026-10-10T16:28:46.9770263Z 
Verify	Run Jest tests	2026-10-10T16:28:46.9770705Z     console.debug
Verify	Run Jest tests	2026-10-10T16:28:46.9771362Z       [analytics] screen /login
Verify	Run Jest tests	2026-10-10T16:28:46.9771857Z 
Verify	Run Jest tests	2026-10-10T16:28:46.9772285Z       at debug (shared/lib/logger.ts:133:18)
Verify	Run Jest tests	2026-10-10T16:28:46.9772822Z 
Verify	Run Jest tests	2026-10-10T16:28:46.9773254Z     console.debug
Verify	Run Jest tests	2026-10-10T16:28:46.9773865Z       [analytics] screen /
Verify	Run Jest tests	2026-10-10T16:28:46.9774583Z 
Verify	Run Jest tests	2026-10-10T16:28:46.9775024Z       at debug (shared/lib/logger.ts:133:18)
Verify	Run Jest tests	2026-10-10T16:28:46.9775646Z 
Verify	Run Jest tests	2026-10-10T16:28:46.9775992Z     console.debug
Verify	Run Jest tests	2026-10-10T16:28:46.9776597Z       [analytics] screen /
Verify	Run Jest tests	2026-10-10T16:28:46.9777066Z 
Verify	Run Jest tests	2026-10-10T16:28:46.9777499Z       at debug (shared/lib/logger.ts:133:18)
Verify	Run Jest tests	2026-10-10T16:28:46.9778049Z 
Verify	Run Jest tests	2026-10-10T16:28:47.7126361Z PASS __tests__/features/auth/LoginScreen.test.tsx
Verify	Run Jest tests	2026-10-10T16:28:47.7201351Z   ● Console
Verify	Run Jest tests	2026-10-10T16:28:47.7201989Z 
Verify	Run Jest tests	2026-10-10T16:28:47.7202379Z     console.error
Verify	Run Jest tests	2026-10-10T16:28:47.7203296Z       An update to SessionProvider inside a test was not wrapped in act(...).
Verify	Run Jest tests	2026-10-10T16:28:47.7204876Z       
Verify	Run Jest tests	2026-10-10T16:28:47.7215056Z       When testing, code that causes React state updates should be wrapped into act(...):
Verify	Run Jest tests	2026-10-10T16:28:47.7216059Z       
Verify	Run Jest tests	2026-10-10T16:28:47.7216600Z       act(() => {
Verify	Run Jest tests	2026-10-10T16:28:47.7217269Z         /* fire events that update state */
Verify	Run Jest tests	2026-10-10T16:28:47.7217960Z       });
Verify	Run Jest tests	2026-10-10T16:28:47.7218548Z       /* assert on the output */
Verify	Run Jest tests	2026-10-10T16:28:47.7219184Z       
Verify	Run Jest tests	2026-10-10T16:28:47.7220488Z       This ensures that you're testing the behavior the user would see in the browser. Learn more at https://react.dev/link/wrap-tests-with-act
Verify	Run Jest tests	2026-10-10T16:28:47.7221619Z 
Verify	Run Jest tests	2026-10-10T16:28:47.7222455Z     ^[[0m ^[[90m 91 |^[[39m     readStoredSession()^[[33m.^[[39mthen(restored ^[[33m=>^[[39m {
Verify	Run Jest tests	2026-10-10T16:28:47.7224447Z      ^[[90m 92 |^[[39m       ^[[36mif^[[39m (^[[33m!^[[39mchangedRef^[[33m.^[[39mcurrent ^[[33m&&^[[39m isMountedRef^[[33m.^[[39mcurrent) {
Verify	Run Jest tests	2026-10-10T16:28:47.7226142Z     ^[[31m^[[1m>^[[22m^[[39m^[[90m 93 |^[[39m         setSession(restored)^[[33m;^[[39m
Verify	Run Jest tests	2026-10-10T16:28:47.7227217Z      ^[[90m    |^[[39m         ^[[31m^[[1m^^[[22m^[[39m
Verify	Run Jest tests	2026-10-10T16:28:47.7228248Z      ^[[90m 94 |^[[39m       }
Verify	Run Jest tests	2026-10-10T16:28:47.7229051Z      ^[[90m 95 |^[[39m     })^[[33m;^[[39m
Verify	Run Jest tests	2026-10-10T16:28:47.7230243Z      ^[[90m 96 |^[[39m     ^[[90m// The HTTP client has already cleared the stored session.^[[39m^[[0m
Verify	Run Jest tests	2026-10-10T16:28:47.7231050Z 
Verify	Run Jest tests	2026-10-10T16:28:47.7231795Z       at node_modules/react-test-renderer/cjs/react-test-renderer.development.js:14402:19
Verify	Run Jest tests	2026-10-10T16:28:47.7233389Z       at runWithFiberInDEV (node_modules/react-test-renderer/cjs/react-test-renderer.development.js:2315:13)
Verify	Run Jest tests	2026-10-10T16:28:47.7235717Z       at warnIfUpdatesNotWrappedWithActDEV (node_modules/react-test-renderer/cjs/react-test-renderer.development.js:14401:9)
Verify	Run Jest tests	2026-10-10T16:28:47.7238119Z       at scheduleUpdateOnFiber (node_modules/react-test-renderer/cjs/react-test-renderer.development.js:12086:9)
Verify	Run Jest tests	2026-10-10T16:28:47.7239967Z       at dispatchSetStateInternal (node_modules/react-test-renderer/cjs/react-test-renderer.development.js:6208:13)
Verify	Run Jest tests	2026-10-10T16:28:47.7241744Z       at dispatchSetState (node_modules/react-test-renderer/cjs/react-test-renderer.development.js:6165:7)
Verify	Run Jest tests	2026-10-10T16:28:47.7243122Z       at setSession (shared/session/SessionProvider.tsx:93:9)
Verify	Run Jest tests	2026-10-10T16:28:47.7243780Z 
Verify	Run Jest tests	2026-10-10T16:28:47.7244389Z     console.error
Verify	Run Jest tests	2026-10-10T16:28:47.7245330Z       An update to SessionProvider inside a test was not wrapped in act(...).
Verify	Run Jest tests	2026-10-10T16:28:47.7246245Z       
Verify	Run Jest tests	2026-10-10T16:28:47.7247163Z       When testing, code that causes React state updates should be wrapped into act(...):
Verify	Run Jest tests	2026-10-10T16:28:47.7248149Z       
Verify	Run Jest tests	2026-10-10T16:28:47.7248676Z       act(() => {
Verify	Run Jest tests	2026-10-10T16:28:47.7249361Z         /* fire events that update state */
Verify	Run Jest tests	2026-10-10T16:28:47.7250041Z       });
Verify	Run Jest tests	2026-10-10T16:28:47.7250630Z       /* assert on the output */
Verify	Run Jest tests	2026-10-10T16:28:47.7251599Z       
Verify	Run Jest tests	2026-10-10T16:28:47.7252906Z       This ensures that you're testing the behavior the user would see in the browser. Learn more at https://react.dev/link/wrap-tests-with-act
Verify	Run Jest tests	2026-10-10T16:28:47.7254107Z 
Verify	Run Jest tests	2026-10-10T16:28:47.7255323Z     ^[[0m ^[[90m 91 |^[[39m     readStoredSession()^[[33m.^[[39mthen(restored ^[[33m=>^[[39m {
Verify	Run Jest tests	2026-10-10T16:28:47.7256983Z      ^[[90m 92 |^[[39m       ^[[36mif^[[39m (^[[33m!^[[39mchangedRef^[[33m.^[[39mcurrent ^[[33m&&^[[39m isMountedRef^[[33m.^[[39mcurrent) {
Verify	Run Jest tests	2026-10-10T16:28:47.7258512Z     ^[[31m^[[1m>^[[22m^[[39m^[[90m 93 |^[[39m         setSession(restored)^[[33m;^[[39m
Verify	Run Jest tests	2026-10-10T16:28:47.7259578Z      ^[[90m    |^[[39m         ^[[31m^[[1m^^[[22m^[[39m
Verify	Run Jest tests	2026-10-10T16:28:47.7260380Z      ^[[90m 94 |^[[39m       }
Verify	Run Jest tests	2026-10-10T16:28:47.7261198Z      ^[[90m 95 |^[[39m     })^[[33m;^[[39m
Verify	Run Jest tests	2026-10-10T16:28:47.7262433Z      ^[[90m 96 |^[[39m     ^[[90m// The HTTP client has already cleared the stored session.^[[39m^[[0m
Verify	Run Jest tests	2026-10-10T16:28:47.7263255Z 
Verify	Run Jest tests	2026-10-10T16:28:47.7264018Z       at node_modules/react-test-renderer/cjs/react-test-renderer.development.js:14402:19
Verify	Run Jest tests	2026-10-10T16:28:47.7265940Z       at runWithFiberInDEV (node_modules/react-test-renderer/cjs/react-test-renderer.development.js:2315:13)
Verify	Run Jest tests	2026-10-10T16:28:47.7267951Z       at warnIfUpdatesNotWrappedWithActDEV (node_modules/react-test-renderer/cjs/react-test-renderer.development.js:14401:9)
Verify	Run Jest tests	2026-10-10T16:28:47.7269855Z       at scheduleUpdateOnFiber (node_modules/react-test-renderer/cjs/react-test-renderer.development.js:12086:9)
Verify	Run Jest tests	2026-10-10T16:28:47.7271700Z       at dispatchSetStateInternal (node_modules/react-test-renderer/cjs/react-test-renderer.development.js:6208:13)
Verify	Run Jest tests	2026-10-10T16:28:47.7273480Z       at dispatchSetState (node_modules/react-test-renderer/cjs/react-test-renderer.development.js:6165:7)
Verify	Run Jest tests	2026-10-10T16:28:47.7275161Z       at setSession (shared/session/SessionProvider.tsx:93:9)
Verify	Run Jest tests	2026-10-10T16:28:47.7275846Z 
Verify	Run Jest tests	2026-10-10T16:28:48.0449294Z PASS __tests__/app/sessionRoutes.test.tsx (12.892 s)
Verify	Run Jest tests	2026-10-10T16:28:48.1055710Z   ● Console
Verify	Run Jest tests	2026-10-10T16:28:48.1056397Z 
Verify	Run Jest tests	2026-10-10T16:28:48.1056797Z     console.debug
Verify	Run Jest tests	2026-10-10T16:28:48.1057483Z       [analytics] screen /profile
Verify	Run Jest tests	2026-10-10T16:28:48.1058000Z 
Verify	Run Jest tests	2026-10-10T16:28:48.1058423Z       at debug (shared/lib/logger.ts:133:18)
Verify	Run Jest tests	2026-10-10T16:28:48.1058949Z 
Verify	Run Jest tests	2026-10-10T16:28:48.1059267Z     console.debug
Verify	Run Jest tests	2026-10-10T16:28:48.1059870Z       [analytics] screen /profile
Verify	Run Jest tests	2026-10-10T16:28:48.1060351Z 
Verify	Run Jest tests	2026-10-10T16:28:48.1060773Z       at debug (shared/lib/logger.ts:133:18)
Verify	Run Jest tests	2026-10-10T16:28:48.1061285Z 
Verify	Run Jest tests	2026-10-10T16:28:48.1061615Z     console.debug
Verify	Run Jest tests	2026-10-10T16:28:48.1062185Z       [analytics] screen /
Verify	Run Jest tests	2026-10-10T16:28:48.1062618Z 
Verify	Run Jest tests	2026-10-10T16:28:48.1063027Z       at debug (shared/lib/logger.ts:133:18)
Verify	Run Jest tests	2026-10-10T16:28:48.1063561Z 
Verify	Run Jest tests	2026-10-10T16:28:48.1063886Z     console.debug
Verify	Run Jest tests	2026-10-10T16:28:48.1065224Z       [analytics] screen /login
Verify	Run Jest tests	2026-10-10T16:28:48.1065699Z 
Verify	Run Jest tests	2026-10-10T16:28:48.1066116Z       at debug (shared/lib/logger.ts:133:18)
Verify	Run Jest tests	2026-10-10T16:28:48.1066641Z 
Verify	Run Jest tests	2026-10-10T16:28:48.1066990Z     console.debug
Verify	Run Jest tests	2026-10-10T16:28:48.1067537Z       [analytics] screen /
Verify	Run Jest tests	2026-10-10T16:28:48.1067983Z 
Verify	Run Jest tests	2026-10-10T16:28:48.1068403Z       at debug (shared/lib/logger.ts:133:18)
Verify	Run Jest tests	2026-10-10T16:28:48.1068927Z 
Verify	Run Jest tests	2026-10-10T16:28:48.1069238Z     console.debug
Verify	Run Jest tests	2026-10-10T16:28:48.1069836Z       [analytics] screen /login
Verify	Run Jest tests	2026-10-10T16:28:48.1070298Z 
Verify	Run Jest tests	2026-10-10T16:28:48.1073774Z       at debug (shared/lib/logger.ts:133:18)
Verify	Run Jest tests	2026-10-10T16:28:48.1074684Z 
Verify	Run Jest tests	2026-10-10T16:28:48.1075023Z     console.debug
Verify	Run Jest tests	2026-10-10T16:28:48.1075575Z       [analytics] screen /
Verify	Run Jest tests	2026-10-10T16:28:48.1076956Z 
Verify	Run Jest tests	2026-10-10T16:28:48.1077405Z       at debug (shared/lib/logger.ts:133:18)
Verify	Run Jest tests	2026-10-10T16:28:48.1077965Z 
Verify	Run Jest tests	2026-10-10T16:28:48.1078274Z     console.debug
Verify	Run Jest tests	2026-10-10T16:28:48.1078855Z       [analytics] screen /profile
Verify	Run Jest tests	2026-10-10T16:28:48.1079282Z 
Verify	Run Jest tests	2026-10-10T16:28:48.1079667Z       at debug (shared/lib/logger.ts:133:18)
Verify	Run Jest tests	2026-10-10T16:28:48.1080135Z 
Verify	Run Jest tests	2026-10-10T16:28:48.1084103Z     console.debug
Verify	Run Jest tests	2026-10-10T16:28:48.1085273Z       [analytics] screen /
Verify	Run Jest tests	2026-10-10T16:28:48.1085691Z 
Verify	Run Jest tests	2026-10-10T16:28:48.1086081Z       at debug (shared/lib/logger.ts:133:18)
Verify	Run Jest tests	2026-10-10T16:28:48.1086575Z 
Verify	Run Jest tests	2026-10-10T16:28:48.1086878Z     console.debug
Verify	Run Jest tests	2026-10-10T16:28:48.1087433Z       [analytics] screen /profile
Verify	Run Jest tests	2026-10-10T16:28:48.1087865Z 
Verify	Run Jest tests	2026-10-10T16:28:48.1088220Z       at debug (shared/lib/logger.ts:133:18)
Verify	Run Jest tests	2026-10-10T16:28:48.1088715Z 
Verify	Run Jest tests	2026-10-10T16:28:48.1089005Z     console.debug
Verify	Run Jest tests	2026-10-10T16:28:48.1089507Z       [analytics] screen /
Verify	Run Jest tests	2026-10-10T16:28:48.1089908Z 
Verify	Run Jest tests	2026-10-10T16:28:48.1090262Z       at debug (shared/lib/logger.ts:133:18)
Verify	Run Jest tests	2026-10-10T16:28:48.1090735Z 
Verify	Run Jest tests	2026-10-10T16:28:48.1114924Z     console.debug
Verify	Run Jest tests	2026-10-10T16:28:48.1134959Z       [analytics] screen /profile
Verify	Run Jest tests	2026-10-10T16:28:48.1135307Z 
Verify	Run Jest tests	2026-10-10T16:28:48.1135564Z       at debug (shared/lib/logger.ts:133:18)
Verify	Run Jest tests	2026-10-10T16:28:48.1135955Z 
Verify	Run Jest tests	2026-10-10T16:28:48.1136112Z     console.debug
Verify	Run Jest tests	2026-10-10T16:28:48.1136494Z       [analytics] screen /
Verify	Run Jest tests	2026-10-10T16:28:48.1136764Z 
Verify	Run Jest tests	2026-10-10T16:28:48.1137022Z       at debug (shared/lib/logger.ts:133:18)
Verify	Run Jest tests	2026-10-10T16:28:48.1137375Z 
Verify	Run Jest tests	2026-10-10T16:28:48.1137529Z     console.debug
Verify	Run Jest tests	2026-10-10T16:28:48.1137939Z       [analytics] screen /profile
Verify	Run Jest tests	2026-10-10T16:28:48.1138238Z 
Verify	Run Jest tests	2026-10-10T16:28:48.1138460Z       at debug (shared/lib/logger.ts:133:18)
Verify	Run Jest tests	2026-10-10T16:28:48.1138799Z 
Verify	Run Jest tests	2026-10-10T16:28:48.1138949Z     console.debug
Verify	Run Jest tests	2026-10-10T16:28:48.1139312Z       [analytics] screen /
Verify	Run Jest tests	2026-10-10T16:28:48.1139566Z 
Verify	Run Jest tests	2026-10-10T16:28:48.1139788Z       at debug (shared/lib/logger.ts:133:18)
Verify	Run Jest tests	2026-10-10T16:28:48.1140126Z 
Verify	Run Jest tests	2026-10-10T16:28:48.1140278Z     console.debug
Verify	Run Jest tests	2026-10-10T16:28:48.1140640Z       [analytics] screen /
Verify	Run Jest tests	2026-10-10T16:28:48.1140901Z 
Verify	Run Jest tests	2026-10-10T16:28:48.1141129Z       at debug (shared/lib/logger.ts:133:18)
Verify	Run Jest tests	2026-10-10T16:28:48.1141470Z 
Verify	Run Jest tests	2026-10-10T16:28:48.1141631Z     console.debug
Verify	Run Jest tests	2026-10-10T16:28:48.1142054Z       [analytics] screen /profile
Verify	Run Jest tests	2026-10-10T16:28:48.1142365Z 
Verify	Run Jest tests	2026-10-10T16:28:48.1142605Z       at debug (shared/lib/logger.ts:133:18)
Verify	Run Jest tests	2026-10-10T16:28:48.1142965Z 
Verify	Run Jest tests	2026-10-10T16:28:48.1143124Z     console.debug
Verify	Run Jest tests	2026-10-10T16:28:48.1143486Z       [analytics] screen /
Verify	Run Jest tests	2026-10-10T16:28:48.1143753Z 
Verify	Run Jest tests	2026-10-10T16:28:48.1143992Z       at debug (shared/lib/logger.ts:133:18)
Verify	Run Jest tests	2026-10-10T16:28:48.1144552Z 
Verify	Run Jest tests	2026-10-10T16:28:48.1144715Z     console.debug
Verify	Run Jest tests	2026-10-10T16:28:48.1145144Z       [analytics] screen /profile
Verify	Run Jest tests	2026-10-10T16:28:48.1145450Z 
Verify	Run Jest tests	2026-10-10T16:28:48.1145684Z       at debug (shared/lib/logger.ts:133:18)
Verify	Run Jest tests	2026-10-10T16:28:48.1146035Z 
Verify	Run Jest tests	2026-10-10T16:28:48.1146190Z     console.debug
Verify	Run Jest tests	2026-10-10T16:28:48.1146574Z       [analytics] screen /
Verify	Run Jest tests	2026-10-10T16:28:48.1146839Z 
Verify	Run Jest tests	2026-10-10T16:28:48.1147071Z       at debug (shared/lib/logger.ts:133:18)
Verify	Run Jest tests	2026-10-10T16:28:48.1147397Z 
Verify	Run Jest tests	2026-10-10T16:28:48.1147550Z     console.debug
Verify	Run Jest tests	2026-10-10T16:28:48.1147921Z       [analytics] screen /
Verify	Run Jest tests	2026-10-10T16:28:48.1148474Z 
Verify	Run Jest tests	2026-10-10T16:28:48.1148721Z       at debug (shared/lib/logger.ts:133:18)
Verify	Run Jest tests	2026-10-10T16:28:48.1149064Z 
Verify	Run Jest tests	2026-10-10T16:28:48.1149215Z     console.debug
Verify	Run Jest tests	2026-10-10T16:28:48.1149586Z       [analytics] screen /
Verify	Run Jest tests	2026-10-10T16:28:48.1149853Z 
Verify	Run Jest tests	2026-10-10T16:28:48.1150085Z       at debug (shared/lib/logger.ts:133:18)
Verify	Run Jest tests	2026-10-10T16:28:48.1150426Z 
Verify	Run Jest tests	2026-10-10T16:28:48.1150586Z     console.debug
Verify	Run Jest tests	2026-10-10T16:28:48.1150954Z       [analytics] screen /
Verify	Run Jest tests	2026-10-10T16:28:48.1151221Z 
Verify	Run Jest tests	2026-10-10T16:28:48.1151455Z       at debug (shared/lib/logger.ts:133:18)
Verify	Run Jest tests	2026-10-10T16:28:48.1151799Z 
Verify	Run Jest tests	2026-10-10T16:28:48.3453215Z PASS __tests__/shared/integrations/seams.test.ts
Verify	Run Jest tests	2026-10-10T16:28:48.8175448Z PASS __tests__/features/home/HomeScreen.test.tsx
Verify	Run Jest tests	2026-10-10T16:28:48.9659545Z PASS __tests__/app/appConfig.test.ts
Verify	Run Jest tests	2026-10-10T16:28:49.1410839Z PASS __tests__/shared/storage/storage.test.ts
Verify	Run Jest tests	2026-10-10T16:28:49.5085555Z PASS __tests__/features/demo-todos/TodosScreen.test.tsx
Verify	Run Jest tests	2026-10-10T16:28:49.5135159Z   ● Console
Verify	Run Jest tests	2026-10-10T16:28:49.5169756Z 
Verify	Run Jest tests	2026-10-10T16:28:49.5175517Z     console.warn
Verify	Run Jest tests	2026-10-10T16:28:49.5176079Z       API GET /todos failed: server (503)
Verify	Run Jest tests	2026-10-10T16:28:49.5176974Z 
Verify	Run Jest tests	2026-10-10T16:28:49.5178295Z     ^[[0m ^[[90m 129 |^[[39m     ^[[36mconst^[[39m args ^[[33m=^[[39m [message^[[33m,^[[39m ^[[33m...^[[39mdetails^[[33m.^[[39mfilter(item ^[[33m=>^[[39m item ^[[33m!==^[[39m undefined)]^[[33m;^[[39m
Verify	Run Jest tests	2026-10-10T16:28:49.5180081Z      ^[[90m 130 |^[[39m     ^[[36mif^[[39m (level ^[[33m===^[[39m ^[[32m'error'^[[39m) console^[[33m.^[[39merror(^[[33m...^[[39margs)^[[33m;^[[39m
Verify	Run Jest tests	2026-10-10T16:28:49.5181829Z     ^[[31m^[[1m>^[[22m^[[39m^[[90m 131 |^[[39m     ^[[36melse^[[39m ^[[36mif^[[39m (level ^[[33m===^[[39m ^[[32m'warn'^[[39m) console^[[33m.^[[39mwarn(^[[33m...^[[39margs)^[[33m;^[[39m
Verify	Run Jest tests	2026-10-10T16:28:49.5183151Z      ^[[90m     |^[[39m                                        ^[[31m^[[1m^^[[22m^[[39m
Verify	Run Jest tests	2026-10-10T16:28:49.5184879Z      ^[[90m 132 |^[[39m     ^[[36melse^[[39m ^[[36mif^[[39m (level ^[[33m===^[[39m ^[[32m'info'^[[39m) console^[[33m.^[[39minfo(^[[33m...^[[39margs)^[[33m;^[[39m
Verify	Run Jest tests	2026-10-10T16:28:49.5186366Z      ^[[90m 133 |^[[39m     ^[[36melse^[[39m console^[[33m.^[[39mdebug(^[[33m...^[[39margs)^[[33m;^[[39m
Verify	Run Jest tests	2026-10-10T16:28:49.5187241Z      ^[[90m 134 |^[[39m   }^[[33m;^[[39m^[[0m
Verify	Run Jest tests	2026-10-10T16:28:49.5187566Z 
Verify	Run Jest tests	2026-10-10T16:28:49.5187815Z       at warn (shared/lib/logger.ts:131:40)
Verify	Run Jest tests	2026-10-10T16:28:49.5188492Z       at Object.write [as warn] (shared/lib/logger.ts:142:33)
Verify	Run Jest tests	2026-10-10T16:28:49.5189187Z       at warn (shared/http/httpClient.ts:137:12)
Verify	Run Jest tests	2026-10-10T16:28:49.5190123Z       at asyncGeneratorStep (node_modules/@babel/runtime/helpers/asyncToGenerator.js:3:17)
Verify	Run Jest tests	2026-10-10T16:28:49.5191188Z       at _next (node_modules/@babel/runtime/helpers/asyncToGenerator.js:17:9)
Verify	Run Jest tests	2026-10-10T16:28:49.5192081Z       at node_modules/@babel/runtime/helpers/asyncToGenerator.js:22:7
Verify	Run Jest tests	2026-10-10T16:28:49.5192979Z       at node_modules/@babel/runtime/helpers/asyncToGenerator.js:14:12
Verify	Run Jest tests	2026-10-10T16:28:49.5193744Z       at apply (shared/http/httpClient.ts:143:4)
Verify	Run Jest tests	2026-10-10T16:28:49.5194861Z       at Axios.request (node_modules/axios/dist/browser/axios.cjs:5245:14)
Verify	Run Jest tests	2026-10-10T16:28:49.5195380Z 
Verify	Run Jest tests	2026-10-10T16:28:49.6545836Z PASS __tests__/features/demo-auth/dummyJsonAdapter.test.ts
Verify	Run Jest tests	2026-10-10T16:28:50.2077399Z PASS __tests__/shared/integrations/i18n.test.tsx
Verify	Run Jest tests	2026-10-10T16:28:50.2143526Z   ● Console
Verify	Run Jest tests	2026-10-10T16:28:50.2164636Z 
Verify	Run Jest tests	2026-10-10T16:28:50.2199692Z     console.debug
Verify	Run Jest tests	2026-10-10T16:28:50.2208819Z       [analytics] screen /
Verify	Run Jest tests	2026-10-10T16:28:50.2209338Z 
Verify	Run Jest tests	2026-10-10T16:28:50.2209753Z       at debug (shared/lib/logger.ts:133:18)
Verify	Run Jest tests	2026-10-10T16:28:50.2210293Z 
Verify	Run Jest tests	2026-10-10T16:28:50.2210624Z     console.debug
Verify	Run Jest tests	2026-10-10T16:28:50.2211248Z       [analytics] screen /login
Verify	Run Jest tests	2026-10-10T16:28:50.2211722Z 
Verify	Run Jest tests	2026-10-10T16:28:50.2212171Z       at debug (shared/lib/logger.ts:133:18)
Verify	Run Jest tests	2026-10-10T16:28:50.2212740Z 
Verify	Run Jest tests	2026-10-10T16:28:50.2395521Z PASS __tests__/shared/ui/theme.test.ts
Verify	Run Jest tests	2026-10-10T16:28:51.1921920Z PASS __tests__/app/tabBarTheme.test.tsx
Verify	Run Jest tests	2026-10-10T16:28:51.2025106Z   ● Console
Verify	Run Jest tests	2026-10-10T16:28:51.2044768Z 
Verify	Run Jest tests	2026-10-10T16:28:51.2048185Z     console.debug
Verify	Run Jest tests	2026-10-10T16:28:51.2048812Z       [analytics] screen /
Verify	Run Jest tests	2026-10-10T16:28:51.2049256Z 
Verify	Run Jest tests	2026-10-10T16:28:51.2049673Z       at debug (shared/lib/logger.ts:133:18)
Verify	Run Jest tests	2026-10-10T16:28:51.2050226Z 
Verify	Run Jest tests	2026-10-10T16:28:51.2050535Z     console.debug
Verify	Run Jest tests	2026-10-10T16:28:51.2051056Z       [analytics] screen /
Verify	Run Jest tests	2026-10-10T16:28:51.2051463Z 
Verify	Run Jest tests	2026-10-10T16:28:51.2051902Z       at debug (shared/lib/logger.ts:133:18)
Verify	Run Jest tests	2026-10-10T16:28:51.2052403Z 
Verify	Run Jest tests	2026-10-10T16:28:51.3015634Z PASS __tests__/app/initialRoute.test.tsx
Verify	Run Jest tests	2026-10-10T16:28:51.3100720Z   ● Console
Verify	Run Jest tests	2026-10-10T16:28:51.3128726Z 
Verify	Run Jest tests	2026-10-10T16:28:51.3129468Z     console.debug
Verify	Run Jest tests	2026-10-10T16:28:51.3130086Z       [analytics] screen /
Verify	Run Jest tests	2026-10-10T16:28:51.3130619Z 
Verify	Run Jest tests	2026-10-10T16:28:51.3131018Z       at debug (shared/lib/logger.ts:133:18)
Verify	Run Jest tests	2026-10-10T16:28:51.3131575Z 
Verify	Run Jest tests	2026-10-10T16:28:51.3131920Z     console.debug
Verify	Run Jest tests	2026-10-10T16:28:51.3132525Z       [analytics] screen /login
Verify	Run Jest tests	2026-10-10T16:28:51.3133136Z 
Verify	Run Jest tests	2026-10-10T16:28:51.3133587Z       at debug (shared/lib/logger.ts:133:18)
Verify	Run Jest tests	2026-10-10T16:28:51.3134393Z 
Verify	Run Jest tests	2026-10-10T16:28:51.3134767Z     console.debug
Verify	Run Jest tests	2026-10-10T16:28:51.3135364Z       [analytics] screen /login
Verify	Run Jest tests	2026-10-10T16:28:51.3136616Z 
Verify	Run Jest tests	2026-10-10T16:28:51.3137029Z       at debug (shared/lib/logger.ts:133:18)
Verify	Run Jest tests	2026-10-10T16:28:51.3137574Z 
Verify	Run Jest tests	2026-10-10T16:28:51.3137887Z     console.debug
Verify	Run Jest tests	2026-10-10T16:28:51.3138468Z       [analytics] screen /
Verify	Run Jest tests	2026-10-10T16:28:51.3138959Z 
Verify	Run Jest tests	2026-10-10T16:28:51.3139416Z       at debug (shared/lib/logger.ts:133:18)
Verify	Run Jest tests	2026-10-10T16:28:51.3139954Z 
Verify	Run Jest tests	2026-10-10T16:28:51.8971872Z PASS __tests__/shared/ui/LoadingScreen.test.tsx
Verify	Run Jest tests	2026-10-10T16:28:52.1479683Z PASS __tests__/shared/integrations/screenTracking.test.tsx
Verify	Run Jest tests	2026-10-10T16:28:52.5195731Z PASS __tests__/features/demo-auth/DemoCredentialsHint.test.tsx
Verify	Run Jest tests	2026-10-10T16:28:53.0115537Z PASS __tests__/app/statusBar.test.tsx
Verify	Run Jest tests	2026-10-10T16:28:53.0205314Z   ● Console
Verify	Run Jest tests	2026-10-10T16:28:53.0234775Z 
Verify	Run Jest tests	2026-10-10T16:28:53.0238575Z     console.debug
Verify	Run Jest tests	2026-10-10T16:28:53.0259586Z       [analytics] screen /
Verify	Run Jest tests	2026-10-10T16:28:53.0260137Z 
Verify	Run Jest tests	2026-10-10T16:28:53.0260667Z       at debug (shared/lib/logger.ts:133:18)
Verify	Run Jest tests	2026-10-10T16:28:53.0261313Z 
Verify	Run Jest tests	2026-10-10T16:28:53.0261739Z     console.debug
Verify	Run Jest tests	2026-10-10T16:28:53.0262408Z       [analytics] screen /
Verify	Run Jest tests	2026-10-10T16:28:53.0262923Z 
Verify	Run Jest tests	2026-10-10T16:28:53.0263408Z       at debug (shared/lib/logger.ts:133:18)
Verify	Run Jest tests	2026-10-10T16:28:53.0263990Z 
Verify	Run Jest tests	2026-10-10T16:28:53.2016172Z PASS __tests__/app/configError.test.tsx
Verify	Run Jest tests	2026-10-10T16:28:53.2043551Z   ● Console
Verify	Run Jest tests	2026-10-10T16:28:53.2044044Z 
Verify	Run Jest tests	2026-10-10T16:28:53.2044764Z     console.debug
Verify	Run Jest tests	2026-10-10T16:28:53.2045431Z       [analytics] screen /
Verify	Run Jest tests	2026-10-10T16:28:53.2045934Z 
Verify	Run Jest tests	2026-10-10T16:28:53.2046409Z       at debug (shared/lib/logger.ts:133:18)
Verify	Run Jest tests	2026-10-10T16:28:53.2046978Z 
Verify	Run Jest tests	2026-10-10T16:28:53.7042735Z PASS __tests__/features/demo-showcase/ShowcaseScreen.test.tsx
Verify	Run Jest tests	2026-10-10T16:28:56.2006897Z PASS __tests__/scripts/removeDemo.test.ts (9.433 s)
Verify	Run Jest tests	2026-10-10T16:28:57.2652816Z -----------------------------------|---------|----------|---------|---------|-------------------
Verify	Run Jest tests	2026-10-10T16:28:57.2654603Z File                               | % Stmts | % Branch | % Funcs | % Lines | Uncovered Line #s 
Verify	Run Jest tests	2026-10-10T16:28:57.2655560Z -----------------------------------|---------|----------|---------|---------|-------------------
Verify	Run Jest tests	2026-10-10T16:28:57.2662158Z All files                          |   97.54 |    91.55 |   95.07 |   97.71 |                   
Verify	Run Jest tests	2026-10-10T16:28:57.2663194Z  app                               |     100 |      100 |   57.14 |     100 |                   
Verify	Run Jest tests	2026-10-10T16:28:57.2664412Z   _layout.tsx                      |     100 |      100 |   57.14 |     100 |                   
Verify	Run Jest tests	2026-10-10T16:28:57.2665439Z   showcase.tsx                     |       0 |        0 |       0 |       0 |                   
Verify	Run Jest tests	2026-10-10T16:28:57.2666418Z  app/(app)                         |    87.5 |       75 |     100 |     100 |                   
Verify	Run Jest tests	2026-10-10T16:28:57.2667387Z   _layout.tsx                      |    87.5 |       75 |     100 |     100 | 24                
Verify	Run Jest tests	2026-10-10T16:28:57.2668730Z   profile.tsx                      |       0 |        0 |       0 |       0 |                   
Verify	Run Jest tests	2026-10-10T16:28:57.2669727Z  app/(auth)                        |     100 |      100 |     100 |     100 |                   
Verify	Run Jest tests	2026-10-10T16:28:57.2670680Z   _layout.tsx                      |     100 |      100 |     100 |     100 |                   
Verify	Run Jest tests	2026-10-10T16:28:57.2671622Z   login.tsx                        |       0 |        0 |       0 |       0 |                   
Verify	Run Jest tests	2026-10-10T16:28:57.2672567Z  app/(tabs)                        |     100 |      100 |     100 |     100 |                   
Verify	Run Jest tests	2026-10-10T16:28:57.2673494Z   _layout.tsx                      |     100 |      100 |     100 |     100 |                   
Verify	Run Jest tests	2026-10-10T16:28:57.2674685Z   explore.tsx                      |       0 |        0 |       0 |       0 |                   
Verify	Run Jest tests	2026-10-10T16:28:57.2675622Z   index.tsx                        |       0 |        0 |       0 |       0 |                   
Verify	Run Jest tests	2026-10-10T16:28:57.2676655Z  features/auth/screens             |   95.55 |    79.16 |   83.33 |   95.45 |                   
Verify	Run Jest tests	2026-10-10T16:28:57.2677708Z   LoginScreen.tsx                  |    92.3 |       80 |      60 |    92.3 | 132-136           
Verify	Run Jest tests	2026-10-10T16:28:57.2679063Z   ProfileScreen.tsx                |     100 |    78.57 |     100 |     100 | 38,67-72          
Verify	Run Jest tests	2026-10-10T16:28:57.2680167Z  features/demo-auth                |     100 |    91.66 |     100 |     100 |                   
Verify	Run Jest tests	2026-10-10T16:28:57.2681258Z   DemoCredentialsHint.tsx          |     100 |      100 |     100 |     100 |                   
Verify	Run Jest tests	2026-10-10T16:28:57.2682376Z   dummyJsonAdapter.ts              |     100 |       90 |     100 |     100 | 31                
Verify	Run Jest tests	2026-10-10T16:28:57.2683499Z  features/demo-showcase/components |     100 |      100 |     100 |     100 |                   
Verify	Run Jest tests	2026-10-10T16:28:57.2685030Z   ExampleLinks.tsx                 |     100 |      100 |     100 |     100 |                   
Verify	Run Jest tests	2026-10-10T16:28:57.2686179Z  features/demo-showcase/screens    |   77.77 |      100 |      60 |   71.42 |                   
Verify	Run Jest tests	2026-10-10T16:28:57.2687335Z   ShowcaseScreen.tsx               |   77.77 |      100 |      60 |   71.42 | 133-137           
Verify	Run Jest tests	2026-10-10T16:28:57.2688419Z  features/demo-todos               |       0 |        0 |       0 |       0 |                   
Verify	Run Jest tests	2026-10-10T16:28:57.2689383Z   types.ts                         |       0 |        0 |       0 |       0 |                   
Verify	Run Jest tests	2026-10-10T16:28:57.2690392Z  features/demo-todos/api           |     100 |      100 |     100 |     100 |                   
Verify	Run Jest tests	2026-10-10T16:28:57.2691428Z   todosApi.ts                      |     100 |      100 |     100 |     100 |                   
Verify	Run Jest tests	2026-10-10T16:28:57.2692506Z  features/demo-todos/screens       |     100 |    95.83 |     100 |     100 |                   
Verify	Run Jest tests	2026-10-10T16:28:57.2693578Z   TodosScreen.tsx                  |     100 |    95.83 |     100 |     100 | 65                
Verify	Run Jest tests	2026-10-10T16:28:57.2694925Z  features/home/screens             |     100 |     87.5 |     100 |     100 |                   
Verify	Run Jest tests	2026-10-10T16:28:57.2695958Z   HomeScreen.tsx                   |     100 |     87.5 |     100 |     100 | 38                
Verify	Run Jest tests	2026-10-10T16:28:57.2696961Z  shared/config                     |     100 |    97.95 |     100 |     100 |                   
Verify	Run Jest tests	2026-10-10T16:28:57.2697861Z   env.ts                           |     100 |    97.95 |     100 |     100 | 128               
Verify	Run Jest tests	2026-10-10T16:28:57.2698798Z   featureFlags.ts                  |     100 |      100 |     100 |     100 |                   
Verify	Run Jest tests	2026-10-10T16:28:57.2699792Z  shared/http                       |   98.78 |    95.18 |     100 |   98.66 |                   
Verify	Run Jest tests	2026-10-10T16:28:57.2700727Z   api.ts                           |     100 |      100 |     100 |     100 |                   
Verify	Run Jest tests	2026-10-10T16:28:57.2701655Z   apiError.ts                      |   97.29 |    95.55 |     100 |   96.77 | 66                
Verify	Run Jest tests	2026-10-10T16:28:57.2702650Z   httpClient.ts                    |     100 |    94.73 |     100 |     100 | 87                
Verify	Run Jest tests	2026-10-10T16:28:57.2703980Z  shared/i18n                       |     100 |    83.33 |     100 |     100 |                   
Verify	Run Jest tests	2026-10-10T16:28:57.2705229Z   en.ts                            |     100 |      100 |     100 |     100 |                   
Verify	Run Jest tests	2026-10-10T16:28:57.2706144Z   index.ts                         |     100 |    83.33 |     100 |     100 | 38                
Verify	Run Jest tests	2026-10-10T16:28:57.2707117Z  shared/integrations               |   95.91 |       75 |   96.55 |   95.34 |                   
Verify	Run Jest tests	2026-10-10T16:28:57.2708234Z   analytics.ts                     |     100 |     87.5 |     100 |     100 | 25                
Verify	Run Jest tests	2026-10-10T16:28:57.2709262Z   errorReporter.ts                 |   81.81 |       40 |   83.33 |   77.77 | 41,57             
Verify	Run Jest tests	2026-10-10T16:28:57.2710274Z   featureFlags.ts                  |     100 |      100 |     100 |     100 |                   
Verify	Run Jest tests	2026-10-10T16:28:57.2711325Z   pushNotifications.ts             |     100 |      100 |     100 |     100 |                   
Verify	Run Jest tests	2026-10-10T16:28:57.2712378Z   seam.ts                          |     100 |      100 |     100 |     100 |                   
Verify	Run Jest tests	2026-10-10T16:28:57.2713568Z   setup.ts                         |     100 |      100 |     100 |     100 |                   
Verify	Run Jest tests	2026-10-10T16:28:57.2714687Z   updates.ts                       |     100 |      100 |     100 |     100 |                   
Verify	Run Jest tests	2026-10-10T16:28:57.2715706Z   useScreenTracking.ts             |     100 |      100 |     100 |     100 |                   
Verify	Run Jest tests	2026-10-10T16:28:57.2716789Z  shared/lib                        |   98.01 |    95.38 |   95.23 |   98.86 |                   
Verify	Run Jest tests	2026-10-10T16:28:57.2717747Z   logger.ts                        |   96.87 |    96.15 |   91.66 |   98.18 | 84                
Verify	Run Jest tests	2026-10-10T16:28:57.2718726Z   useFetch.ts                      |     100 |     92.3 |     100 |     100 | 83                
Verify	Run Jest tests	2026-10-10T16:28:57.2719701Z  shared/session                    |   98.42 |    89.58 |   97.95 |   98.36 |                   
Verify	Run Jest tests	2026-10-10T16:28:57.2720775Z   SessionProvider.tsx              |   97.95 |    81.81 |     100 |   97.87 | 151               
Verify	Run Jest tests	2026-10-10T16:28:57.2721813Z   authService.ts                   |   97.22 |    91.66 |   91.66 |   97.14 | 77                
Verify	Run Jest tests	2026-10-10T16:28:57.2722806Z   session.ts                       |     100 |      100 |     100 |     100 |                   
Verify	Run Jest tests	2026-10-10T16:28:57.2723788Z   tokenStore.ts                    |     100 |      100 |     100 |     100 |                   
Verify	Run Jest tests	2026-10-10T16:28:57.2725154Z  shared/storage                    |      92 |       80 |     100 |      92 |                   
Verify	Run Jest tests	2026-10-10T16:28:57.2726193Z   secureStorage.ts                 |      80 |       75 |     100 |      80 | 18,26             
Verify	Run Jest tests	2026-10-10T16:28:57.2727214Z   storage.ts                       |     100 |      100 |     100 |     100 |                   
Verify	Run Jest tests	2026-10-10T16:28:57.2728167Z  shared/ui                         |    97.5 |    83.33 |     100 |   97.36 |                   
Verify	Run Jest tests	2026-10-10T16:28:57.2729236Z   ConfigErrorScreen.tsx            |     100 |      100 |     100 |     100 |                   
Verify	Run Jest tests	2026-10-10T16:28:57.2730350Z   ErrorBoundary.tsx                |   96.15 |       75 |     100 |   95.83 | 26                
Verify	Run Jest tests	2026-10-10T16:28:57.2731406Z   LoadingScreen.tsx                |     100 |      100 |     100 |     100 |                   
Verify	Run Jest tests	2026-10-10T16:28:57.2732412Z   theme.ts                         |     100 |      100 |     100 |     100 |                   
Verify	Run Jest tests	2026-10-10T16:28:57.2733517Z -----------------------------------|---------|----------|---------|---------|-------------------
Verify	Run Jest tests	2026-10-10T16:28:57.3182299Z 
Verify	Run Jest tests	2026-10-10T16:28:57.3185945Z Test Suites: 29 passed, 29 total
Verify	Run Jest tests	2026-10-10T16:28:57.3186581Z Tests:       254 passed, 254 total
Verify	Run Jest tests	2026-10-10T16:28:57.3186933Z Snapshots:   0 total
Verify	Run Jest tests	2026-10-10T16:28:57.3187224Z Time:        35.033 s
Verify	Run Jest tests	2026-10-10T16:28:57.3187503Z Ran all test suites.
Verify	Expo Doctor	﻿2026-10-10T16:28:57.3400654Z ##[group]Run npx expo-doctor
Verify	Expo Doctor	2026-10-10T16:28:57.3401176Z ^[[36;1mnpx expo-doctor^[[0m
Verify	Expo Doctor	2026-10-10T16:28:57.3463838Z shell: /usr/bin/bash -e {0}
Verify	Expo Doctor	2026-10-10T16:28:57.3464411Z ##[endgroup]
Verify	Expo Doctor	2026-10-10T16:28:58.7949615Z Running 21 checks on your project...
Verify	Expo Doctor	2026-10-10T16:29:02.7464585Z 21/21 checks passed. No issues detected!
Verify	Audit production dependencies (reviewed allowlist)	﻿2026-10-10T16:29:02.7850778Z ##[group]Run npm run audit:check
Verify	Audit production dependencies (reviewed allowlist)	2026-10-10T16:29:02.7851131Z ^[[36;1mnpm run audit:check^[[0m
Verify	Audit production dependencies (reviewed allowlist)	2026-10-10T16:29:02.7914480Z shell: /usr/bin/bash -e {0}
Verify	Audit production dependencies (reviewed allowlist)	2026-10-10T16:29:02.7914764Z ##[endgroup]
Verify	Audit production dependencies (reviewed allowlist)	2026-10-10T16:29:02.8968330Z 
Verify	Audit production dependencies (reviewed allowlist)	2026-10-10T16:29:02.8969055Z > react-native-starter@1.0.0 audit:check
Verify	Audit production dependencies (reviewed allowlist)	2026-10-10T16:29:02.8969519Z > node scripts/check-audit.js
Verify	Audit production dependencies (reviewed allowlist)	2026-10-10T16:29:02.8969740Z 
Verify	Audit production dependencies (reviewed allowlist)	2026-10-10T16:29:07.1035030Z high     braces GHSA-vfj7-8cjw-p6xm: allowlisted until 2027-01-09 (https://github.com/advisories/GHSA-vfj7-8cjw-p6xm)
Verify	Audit production dependencies (reviewed allowlist)	2026-10-10T16:29:07.1036940Z high     node-forge GHSA-86w9-cpqp-85rv: allowlisted until 2027-01-09 (https://github.com/advisories/GHSA-86w9-cpqp-85rv)
Verify	Audit production dependencies (reviewed allowlist)	2026-10-10T16:29:07.1038289Z moderate decode-uri-component GHSA-vcc3-ghjq-m6fr: reported (not gated)
Verify	Audit production dependencies (reviewed allowlist)	2026-10-10T16:29:07.1039260Z moderate sprintf-js GHSA-hp3w-g68c-fv3c: reported (not gated)
Verify	Audit production dependencies (reviewed allowlist)	2026-10-10T16:29:07.1040170Z moderate uuid GHSA-w5hq-g745-h8pq: reported (not gated)
Verify	Audit production dependencies (reviewed allowlist)	2026-10-10T16:29:07.1041214Z npm audit --omit=dev: 5 advisories (records: 0 critical, 45 high, 16 moderate, 0 low).
Verify	Audit production dependencies (reviewed allowlist)	2026-10-10T16:29:07.1042305Z No unreviewed high or critical advisories.
Verify	Export web build	﻿2026-10-10T16:29:07.1169325Z ##[group]Run npx expo export --platform web --output-dir dist
Verify	Export web build	2026-10-10T16:29:07.1169824Z ^[[36;1mnpx expo export --platform web --output-dir dist^[[0m
Verify	Export web build	2026-10-10T16:29:07.1232779Z shell: /usr/bin/bash -e {0}
Verify	Export web build	2026-10-10T16:29:07.1233045Z ##[endgroup]
Verify	Export web build	2026-10-10T16:29:08.2791116Z Starting Metro Bundler
Verify	Export web build	2026-10-10T16:29:08.2791495Z 
Verify	Export web build	2026-10-10T16:29:26.9495936Z Web Bundled 18377ms index.ts (1183 modules)
Verify	Export web build	2026-10-10T16:29:27.3260414Z 
Verify	Export web build	2026-10-10T16:29:27.3267270Z › Assets (19):
Verify	Export web build	2026-10-10T16:29:27.3335535Z node_modules/@expo/vector-icons/build/vendor/react-native-vector-icons/Fonts/MaterialCommunityIcons.6e435534bd35da5fef04168860a9b8fa.ttf (1.3MB)
Verify	Export web build	2026-10-10T16:29:27.3337372Z node_modules/expo-router/assets/arrow_down.017bc6ba3fc25503e5eb5e53826d48a8.png (9.5KB)
Verify	Export web build	2026-10-10T16:29:27.3338311Z node_modules/expo-router/assets/error.d1ea1496f9057eb392d5bbf3732a61b7.png (469B)
Verify	Export web build	2026-10-10T16:29:27.3341306Z node_modules/expo-router/assets/file.19eeb73b9593a38f8e9f418337fc7d10.png (138B)
Verify	Export web build	2026-10-10T16:29:27.3342494Z node_modules/expo-router/assets/forward.d8b800c443b8972542883e0b9de2bdc6.png (188B)
Verify	Export web build	2026-10-10T16:29:27.3343834Z node_modules/expo-router/assets/pkg.ab19f4cbc543357183a20571f68380a3.png (364B)
Verify	Export web build	2026-10-10T16:29:27.3345661Z node_modules/expo-router/assets/react-navigation/elements/back-icon-mask.0a328cd9c1afd0afe8e3b1ec5165b1b4.png (653B)
Verify	Export web build	2026-10-10T16:29:27.3347488Z node_modules/expo-router/assets/react-navigation/elements/back-icon.35ba0eaec5a4f5ed12ca16fabeae451d.png (207B)
Verify	Export web build	2026-10-10T16:29:27.3349152Z node_modules/expo-router/assets/react-navigation/elements/clear-icon.c94f6478e7ae0cdd9f15de1fcb9e5e55.png (4 variations | 425B)
Verify	Export web build	2026-10-10T16:29:27.3350319Z node_modules/expo-router/assets/react-navigation/elements/close-icon.808e1b1b9b53114ec2838071a7e6daa7.png (4 variations | 235B)
Verify	Export web build	2026-10-10T16:29:27.3351338Z node_modules/expo-router/assets/react-navigation/elements/search-icon.286d67d3f74808a60a78d3ebf1a5fb57.png (928B)
Verify	Export web build	2026-10-10T16:29:27.3352133Z node_modules/expo-router/assets/sitemap.412dd9275b6b48ad28f5e3d81bb1f626.png (465B)
Verify	Export web build	2026-10-10T16:29:27.3352849Z node_modules/expo-router/assets/unmatched.20e71bdf79e3a97bf55fd9e164041578.png (4.8KB)
Verify	Export web build	2026-10-10T16:29:27.3353216Z 
Verify	Export web build	2026-10-10T16:29:27.3353487Z › web bundles (1):
Verify	Export web build	2026-10-10T16:29:27.3391501Z _expo/static/js/web/index-667289575193fad1eef8bd5508208f2b.js (2.3MB)
Verify	Export web build	2026-10-10T16:29:27.3391843Z 
Verify	Export web build	2026-10-10T16:29:27.3398078Z › Files (3):
Verify	Export web build	2026-10-10T16:29:27.3398513Z favicon.ico (15KB)
Verify	Export web build	2026-10-10T16:29:27.3398917Z index.html (1.2KB)
Verify	Export web build	2026-10-10T16:29:27.3399316Z metadata.json (49B)
Verify	Export web build	2026-10-10T16:29:27.3634771Z 
Verify	Export web build	2026-10-10T16:29:27.3635355Z Exported: dist
Verify	Check docs (snippets compile, paths and scripts exist)	﻿2026-10-10T16:29:27.5192607Z ##[group]Run npm install --no-save zustand@5 @reduxjs/toolkit@2 react-redux@9 jotai@3 @tanstack/react-query@5
Verify	Check docs (snippets compile, paths and scripts exist)	2026-10-10T16:29:27.5193443Z ^[[36;1mnpm install --no-save zustand@5 @reduxjs/toolkit@2 react-redux@9 jotai@3 @tanstack/react-query@5^[[0m
Verify	Check docs (snippets compile, paths and scripts exist)	2026-10-10T16:29:27.5193969Z ^[[36;1mnpm run docs:check^[[0m
Verify	Check docs (snippets compile, paths and scripts exist)	2026-10-10T16:29:27.5257986Z shell: /usr/bin/bash -e {0}
Verify	Check docs (snippets compile, paths and scripts exist)	2026-10-10T16:29:27.5258281Z ##[endgroup]
Verify	Check docs (snippets compile, paths and scripts exist)	2026-10-10T16:29:31.2606925Z 
Verify	Check docs (snippets compile, paths and scripts exist)	2026-10-10T16:29:31.2607922Z added 14 packages, and audited 1082 packages in 4s
Verify	Check docs (snippets compile, paths and scripts exist)	2026-10-10T16:29:31.2608466Z 
Verify	Check docs (snippets compile, paths and scripts exist)	2026-10-10T16:29:31.2608832Z 183 packages are looking for funding
Verify	Check docs (snippets compile, paths and scripts exist)	2026-10-10T16:29:31.2609816Z   run `npm fund` for details
Verify	Check docs (snippets compile, paths and scripts exist)	2026-10-10T16:29:31.4378015Z 
Verify	Check docs (snippets compile, paths and scripts exist)	2026-10-10T16:29:31.4378899Z 65 vulnerabilities (16 moderate, 49 high)
Verify	Check docs (snippets compile, paths and scripts exist)	2026-10-10T16:29:31.4379352Z 
Verify	Check docs (snippets compile, paths and scripts exist)	2026-10-10T16:29:31.4379785Z To address all issues (including breaking changes), run:
Verify	Check docs (snippets compile, paths and scripts exist)	2026-10-10T16:29:31.4380435Z   npm audit fix --force
Verify	Check docs (snippets compile, paths and scripts exist)	2026-10-10T16:29:31.4380746Z 
Verify	Check docs (snippets compile, paths and scripts exist)	2026-10-10T16:29:31.4380970Z Run `npm audit` for details.
Verify	Check docs (snippets compile, paths and scripts exist)	2026-10-10T16:29:31.5610918Z 
Verify	Check docs (snippets compile, paths and scripts exist)	2026-10-10T16:29:31.5611659Z > react-native-starter@1.0.0 docs:check
Verify	Check docs (snippets compile, paths and scripts exist)	2026-10-10T16:29:31.5612283Z > node scripts/check-docs.js
Verify	Check docs (snippets compile, paths and scripts exist)	2026-10-10T16:29:31.5612516Z 
Verify	Check docs (snippets compile, paths and scripts exist)	2026-10-10T16:29:33.9766156Z Checked 22 files: 42 TypeScript snippets compiled with tsc.
Verify	Check docs (snippets compile, paths and scripts exist)	2026-10-10T16:29:33.9767275Z No problems.
Verify	Post Set up Node.js	﻿2026-10-10T16:29:33.9968089Z Post job cleanup.
Verify	Post Set up Node.js	2026-10-10T16:29:34.1184438Z (node:3231) [DEP0040] DeprecationWarning: The `punycode` module is deprecated. Please use a userland alternative instead.
Verify	Post Set up Node.js	2026-10-10T16:29:34.1186244Z (Use `node --trace-deprecation ...` to show where the warning was created)
Verify	Post Set up Node.js	2026-10-10T16:29:34.1188290Z Cache hit occurred on the primary key node-cache-Linux-x64-npm-10f9dc59c99c82563481e37a50745bae137261a45ffc8c4ba105eb544b91396b, not saving cache.
Verify	Post Check out repository	﻿2026-10-10T16:29:34.1336433Z Post job cleanup.
Verify	Post Check out repository	2026-10-10T16:29:34.2210804Z [command]/usr/bin/git version
Verify	Post Check out repository	2026-10-10T16:29:34.2257649Z git version 2.55.0
Verify	Post Check out repository	2026-10-10T16:29:34.2303326Z Temporarily overriding HOME='/home/runner/work/_temp/8e1be67a-4c49-46f5-aae1-c5462ebf2590' before making global git config changes
Verify	Post Check out repository	2026-10-10T16:29:34.2305243Z Adding repository directory to the temporary git global config as a safe directory
Verify	Post Check out repository	2026-10-10T16:29:34.2309343Z [command]/usr/bin/git config --global --add safe.directory /home/runner/work/react-native-starter/react-native-starter
Verify	Post Check out repository	2026-10-10T16:29:34.2349965Z [command]/usr/bin/git config --local --name-only --get-regexp core\.sshCommand
Verify	Post Check out repository	2026-10-10T16:29:34.2386537Z [command]/usr/bin/git submodule foreach --recursive sh -c "git config --local --name-only --get-regexp 'core\.sshCommand' && git config --local --unset-all 'core.sshCommand' || :"
Verify	Post Check out repository	2026-10-10T16:29:34.2645067Z [command]/usr/bin/git config --local --name-only --get-regexp http\.https\:\/\/github\.com\/\.extraheader
Verify	Post Check out repository	2026-10-10T16:29:34.2675901Z http.https://github.com/.extraheader
Verify	Post Check out repository	2026-10-10T16:29:34.2688259Z [command]/usr/bin/git config --local --unset-all http.https://github.com/.extraheader
Verify	Post Check out repository	2026-10-10T16:29:34.2725609Z [command]/usr/bin/git submodule foreach --recursive sh -c "git config --local --name-only --get-regexp 'http\.https\:\/\/github\.com\/\.extraheader' && git config --local --unset-all 'http.https://github.com/.extraheader' || :"
Verify	Post Check out repository	2026-10-10T16:29:34.2983005Z [command]/usr/bin/git config --local --name-only --get-regexp ^includeIf\.gitdir:
Verify	Post Check out repository	2026-10-10T16:29:34.3042068Z [command]/usr/bin/git submodule foreach --recursive git config --local --show-origin --name-only --get-regexp remote.origin.url
Verify	Complete job	﻿2026-10-10T16:29:34.3437990Z Cleaning up orphan processes
Verify	Complete job	2026-10-10T16:29:34.3756227Z ##[warning]Node.js 20 is deprecated. The following actions target Node.js 20 but are being forced to run on Node.js 24: actions/checkout@v4, actions/setup-node@v4. For more information see: https://github.blog/changelog/2025-09-19-deprecation-of-node-20-on-github-actions-runners/
