npm error code EUSAGE
npm error
npm error `npm ci` can only install packages when your package.json and package-lock.json or npm-shrinkwrap.json are in sync. Please update your lock file with `npm install` before continuing.
npm error
npm error Invalid: lock file's ws@7.5.13 does not satisfy ws@8.22.0
npm error Missing: ws@7.5.13 from lock file
npm error Missing: ws@7.5.13 from lock file
npm error Missing: ws@7.5.13 from lock file
npm error Missing: ws@7.5.13 from lock file
npm error Missing: react-native-gesture-handler@3.3.0 from lock file
npm error Missing: react-native-reanimated@4.7.1 from lock file
npm error Missing: react-native-worklets@0.13.0 from lock file
npm error Missing: @react-native/metro-config@0.87.1 from lock file
npm error Missing: @react-native/js-polyfills@0.87.1 from lock file
npm error Missing: @react-native/metro-babel-transformer@0.87.1 from lock file
npm error Missing: metro-config@0.87.1 from lock file
npm error Missing: metro-runtime@0.87.1 from lock file
npm error Missing: @react-native/babel-preset@0.87.1 from lock file
npm error Missing: hermes-parser@0.36.1 from lock file
npm error Missing: @babel/plugin-transform-react-jsx-self@7.29.7 from lock file
npm error Missing: @babel/plugin-transform-react-jsx-source@7.29.7 from lock file
npm error Missing: @babel/plugin-transform-regenerator@7.29.8 from lock file
npm error Missing: @react-native/babel-plugin-codegen@0.87.1 from lock file
npm error Missing: babel-plugin-syntax-hermes-parser@0.36.1 from lock file
npm error Missing: @types/react-test-renderer@19.3.0 from lock file
npm error Missing: react-native-is-edge-to-edge@1.3.1 from lock file
npm error Missing: @babel/plugin-transform-arrow-functions@7.29.7 from lock file
npm error Missing: @babel/plugin-transform-shorthand-properties@7.29.7 from lock file
npm error Missing: @babel/plugin-transform-template-literals@7.29.7 from lock file
npm error Missing: ws@7.5.13 from lock file
npm error Missing: @react-native/codegen@0.87.1 from lock file
npm error Missing: hermes-parser@0.36.1 from lock file
npm error Missing: hermes-estree@0.36.1 from lock file
npm error Missing: hermes-estree@0.36.1 from lock file
npm error Missing: metro@0.87.1 from lock file
npm error Missing: metro-cache@0.87.1 from lock file
npm error Missing: metro-core@0.87.1 from lock file
npm error Missing: flow-parser@0.331.0 from lock file
npm error Missing: metro-babel-transformer@0.87.1 from lock file
npm error Missing: metro-cache-key@0.87.1 from lock file
npm error Missing: metro-file-map@0.87.1 from lock file
npm error Missing: metro-resolver@0.87.1 from lock file
npm error Missing: metro-source-map@0.87.1 from lock file
npm error Missing: metro-symbolicate@0.87.1 from lock file
npm error Missing: metro-transform-plugins@0.87.1 from lock file
npm error Missing: metro-transform-worker@0.87.1 from lock file
npm error Missing: mime-types@3.0.2 from lock file
npm error Missing: ws@7.5.13 from lock file
npm error Missing: flow-estree@0.331.0 from lock file
npm error Missing: ob1@0.87.1 from lock file
npm error Missing: metro-minify-terser@0.87.1 from lock file
npm error Missing: mime-db@1.54.0 from lock file
npm error
npm error Clean install a project
npm error
npm error Usage:
npm error npm ci
npm error
npm error Options:
npm error [--install-strategy <hoisted|nested|shallow|linked>] [--legacy-bundling]
npm error [--global-style] [--omit <dev|optional|peer> [--omit <dev|optional|peer> ...]]
npm error [--include <prod|dev|optional|peer> [--include <prod|dev|optional|peer> ...]]
npm error [--strict-peer-deps] [--foreground-scripts] [--ignore-scripts]
npm error [--allow-directory <all|none|root>] [--allow-file <all|none|root>]
npm error [--allow-git <all|none|root>] [--allow-remote <all|none|root>]
npm error [--allow-scripts <package-list> [--allow-scripts <package-list> ...]]
npm error [--strict-allow-scripts] [--dangerously-allow-all-scripts] [--no-audit]
npm error [--no-bin-links] [--no-fund] [--dry-run]
npm error [-w|--workspace <workspace-name> [-w|--workspace <workspace-name> ...]]
npm error [--workspaces] [--include-workspace-root] [--install-links]
npm error
npm error   --install-strategy
npm error     Sets the strategy for installing packages in node_modules.
npm error
npm error   --legacy-bundling
npm error     Instead of hoisting package installs in `node_modules`, install packages
npm error
npm error   --global-style
npm error     Only install direct dependencies in the top level `node_modules`,
npm error
npm error   --omit
npm error     Dependency types to omit from the installation tree on disk.
npm error
npm error   --include
npm error     Option that allows for defining which types of dependencies to install.
npm error
npm error   --strict-peer-deps
npm error     If set to `true`, and `--legacy-peer-deps` is not set, then _any_
npm error
npm error   --foreground-scripts
npm error     Run all build scripts (ie, `preinstall`, `install`, and
npm error
npm error   --ignore-scripts
npm error     If true, npm does not run scripts specified in package.json files.
npm error
npm error   --allow-directory
npm error     Limits the ability for npm to install dependencies from directories.
npm error
npm error   --allow-file
npm error     Limits the ability for npm to install dependencies from tarball files.
npm error
npm error   --allow-git
npm error     Limits the ability for npm to fetch dependencies from git references.
npm error
npm error   --allow-remote
npm error     Limits the ability for npm to fetch dependencies from urls.
npm error
npm error   --allow-scripts
npm error     Comma-separated list of packages whose install-time lifecycle scripts
npm error
npm error   --strict-allow-scripts
npm error     If `true`, turn the install-script policy from a warning into a hard
npm error
npm error   --dangerously-allow-all-scripts
npm error     If `true`, bypass the `allowScripts` policy entirely and run every
npm error
npm error   --audit
npm error     When "true" submit audit reports alongside the current npm command to the
npm error
npm error   --bin-links
npm error     Tells npm to create symlinks (or `.cmd` shims on Windows) for package
npm error
npm error   --fund
npm error     When "true" displays the message at the end of each `npm install`
npm error
npm error   --dry-run
npm error     Indicates that you don't want npm to make any changes and that it should
npm error
npm error   -w|--workspace
npm error     Enable running a command in the context of the configured workspaces of the
npm error
npm error   --workspaces
npm error     Set to true to run the command in the context of **all** configured
npm error
npm error   --include-workspace-root
npm error     Include the workspace root when workspaces are enabled for a command.
npm error
npm error   --install-links
npm error     When set file: protocol dependencies will be packed and installed as
npm error
npm error
npm error aliases: clean-install, ic, install-clean, isntall-clean
npm error
npm error Run "npm help ci" for more info
npm error A complete log of this run can be found in: /Users/nguyenanhkiet/.npm/_logs/2026-10-06T15_26_43_245Z-debug-0.log
