# The TypeScript snippets extracted from the docs (one module each) and a direct tsc run over them
docs_api-and-storage_md_L119.ts
docs_api-and-storage_md_L163.ts
docs_api-and-storage_md_L189.ts
docs_api-and-storage_md_L29.ts
docs_api-and-storage_md_L56.ts
docs_connect-your-backend_md_L108.tsx
docs_connect-your-backend_md_L133.ts
docs_connect-your-backend_md_L151.tsx
docs_connect-your-backend_md_L33.ts
docs_connect-your-backend_md_L92.ts
docs_conventions_md_L71.tsx
docs_conventions_md_L97.tsx
docs_environment-variables_md_L43.ts
docs_error-reporting_md_L123.ts
docs_error-reporting_md_L163.ts
docs_error-reporting_md_L18.ts
docs_error-reporting_md_L185.ts
docs_error-reporting_md_L69.ts
docs_plug-in-a-provider_md_L104.ts
docs_plug-in-a-provider_md_L154.ts
docs_plug-in-a-provider_md_L200.ts
docs_plug-in-a-provider_md_L33.ts
docs_plug-in-a-provider_md_L65.ts
docs_remove-demo_md_L61.tsx
docs_testing_md_L103.ts
docs_testing_md_L49.ts
docs_testing_md_L73.tsx
docs_testing_md_L85.tsx
docs_ui-and-theming_md_L30.tsx
docs_ui-and-theming_md_L72.tsx
docs_ui-and-theming_md_L96.tsx

$ npx tsc -p .docs-check/tsconfig.json
tsc exit status: 0

$ npx tsc -p .docs-check/tsconfig.json --listFilesOnly | grep -c .docs-check
31
