# External links in README, docs/, app/README.md, scripts/README.md (curl -L, HTTP status)
200 https://callstack.github.io/react-native-paper/
200 https://callstack.github.io/react-native-paper/docs/components/ActivityIndicator
200 https://callstack.github.io/react-native-testing-library/
200 https://docs.expo.dev/build/introduction/
200 https://docs.expo.dev/develop/user-interface/animation/
200 https://docs.expo.dev/develop/user-interface/assets/
200 https://docs.expo.dev/develop/user-interface/color-themes/
200 https://docs.expo.dev/develop/user-interface/fonts/
200 https://docs.expo.dev/develop/user-interface/safe-areas/
200 https://docs.expo.dev/develop/user-interface/splash-screen-and-app-icon/
200 https://docs.expo.dev/develop/user-interface/store-data/
200 https://docs.expo.dev/develop/user-interface/system-bars/
200 https://docs.expo.dev/eas-update/introduction/
200 https://docs.expo.dev/eas/environment-variables/
200 https://docs.expo.dev/guides/environment-variables/
200 https://docs.expo.dev/guides/localization/
200 https://docs.expo.dev/push-notifications/overview/
200 https://docs.expo.dev/router/introduction/
200 https://docs.expo.dev/router/reference/testing/
200 https://docs.expo.dev/troubleshooting/overview/
200 https://expo.dev/go
200 https://jestjs.io/docs/getting-started
200 https://material-foundation.github.io/material-theme-builder/
